ok  	github.com/TimLai666/coimnet	8.740s
ok  	github.com/TimLai666/coimnet/backend	1.317s
ok  	github.com/TimLai666/coimnet/backend/webgpu	1.454s
ok  	github.com/TimLai666/coimnet/checkpoint	12.014s
?   	github.com/TimLai666/coimnet/cmd/coimnet	[no test files]
ok  	github.com/TimLai666/coimnet/config	1.488s
ok  	github.com/TimLai666/coimnet/connectome	2.677s
ok  	github.com/TimLai666/coimnet/connectome/flywire	1.392s
ok  	github.com/TimLai666/coimnet/distill	1.459s
ok  	github.com/TimLai666/coimnet/download	1.824s
ok  	github.com/TimLai666/coimnet/dynamics	1.874s
ok  	github.com/TimLai666/coimnet/examples/lifthreshold	1.636s
ok  	github.com/TimLai666/coimnet/examples/multichannel	1.414s
ok  	github.com/TimLai666/coimnet/examples/realasr	1.392s
ok  	github.com/TimLai666/coimnet/examples/realmedia	4.985s
ok  	github.com/TimLai666/coimnet/examples/realnav	2.899s
ok  	github.com/TimLai666/coimnet/examples/realnavmemory	2.507s
ok  	github.com/TimLai666/coimnet/examples/realocr	1.412s
ok  	github.com/TimLai666/coimnet/examples/realsubgraph	1.867s
ok  	github.com/TimLai666/coimnet/examples/realtext	124.309s
ok  	github.com/TimLai666/coimnet/experiment	1154.353s
ok  	github.com/TimLai666/coimnet/experiment/fullgraph	3.109s
ok  	github.com/TimLai666/coimnet/experiment/gridnav	1.248s
ok  	github.com/TimLai666/coimnet/experiment/multimodaleval	1023.053s
ok  	github.com/TimLai666/coimnet/experiment/nav2d	1.270s
ok  	github.com/TimLai666/coimnet/experiment/studenteval	2.662s
ok  	github.com/TimLai666/coimnet/feather	1.371s
ok  	github.com/TimLai666/coimnet/internal/cli	630.255s
ok  	github.com/TimLai666/coimnet/internal/delayedfixture	1.397s
ok  	github.com/TimLai666/coimnet/internal/extsort	1.983s
ok  	github.com/TimLai666/coimnet/internal/fileio	1.261s
ok  	github.com/TimLai666/coimnet/internal/jsonkey	1.258s
ok  	github.com/TimLai666/coimnet/internal/redact	1.267s
ok  	github.com/TimLai666/coimnet/internal/sparse	1.252s
ok  	github.com/TimLai666/coimnet/internal/strictjson	1.264s
ok  	github.com/TimLai666/coimnet/learning	3.965s
ok  	github.com/TimLai666/coimnet/learning/rl	1.692s
ok  	github.com/TimLai666/coimnet/modulation	1.472s
ok  	github.com/TimLai666/coimnet/multimodal	1.271s
ok  	github.com/TimLai666/coimnet/multimodal/synthetic	1.255s
ok  	github.com/TimLai666/coimnet/params	2.193s
ok  	github.com/TimLai666/coimnet/plasticity	1.255s
ok  	github.com/TimLai666/coimnet/replay	1.258s
ok  	github.com/TimLai666/coimnet/resources	1.257s
ok  	github.com/TimLai666/coimnet/signal	1.640s
ok  	github.com/TimLai666/coimnet/simulate	3.342s
ok  	github.com/TimLai666/coimnet/tasks/asr	67.337s
ok  	github.com/TimLai666/coimnet/tasks/asr/audio	1.504s
ok  	github.com/TimLai666/coimnet/tasks/media	809.023s
ok  	github.com/TimLai666/coimnet/tasks/media/realdata	2.395s
ok  	github.com/TimLai666/coimnet/tasks/nav2d/trajectory	1.315s
ok  	github.com/TimLai666/coimnet/tasks/ocr	11.736s
ok  	github.com/TimLai666/coimnet/tasks/ocr/ctc	1.252s
ok  	github.com/TimLai666/coimnet/tasks/ocr/glyphs	1.269s
ok  	github.com/TimLai666/coimnet/tasks/textgen	1244.989s
ok  	github.com/TimLai666/coimnet/tasks/textgen/tokenizer	1.255s
ok  	github.com/TimLai666/coimnet/teacher	1.680s
ok  	github.com/TimLai666/coimnet/teacher/tool	1.250s
