=== RUN   TestDistributionNumericalUniformExtremeScores
--- PASS: TestDistributionNumericalUniformExtremeScores (0.00s)
=== RUN   TestDistributionNumericalEqualExtremeMixedCE
=== RUN   TestDistributionNumericalEqualExtremeMixedCE/half
=== RUN   TestDistributionNumericalEqualExtremeMixedCE/double
--- PASS: TestDistributionNumericalEqualExtremeMixedCE (0.00s)
    --- PASS: TestDistributionNumericalEqualExtremeMixedCE/half (0.00s)
    --- PASS: TestDistributionNumericalEqualExtremeMixedCE/double (0.00s)
=== RUN   TestDistributionNumericalMixedTemperatureAndScale
=== RUN   TestDistributionNumericalMixedTemperatureAndScale/half
=== RUN   TestDistributionNumericalMixedTemperatureAndScale/double
=== RUN   TestDistributionNumericalMixedTemperatureAndScale/closed_kl
=== RUN   TestDistributionNumericalMixedTemperatureAndScale/mixed_base
=== RUN   TestDistributionNumericalMixedTemperatureAndScale/mixed_shifted
--- PASS: TestDistributionNumericalMixedTemperatureAndScale (0.00s)
    --- PASS: TestDistributionNumericalMixedTemperatureAndScale/half (0.00s)
    --- PASS: TestDistributionNumericalMixedTemperatureAndScale/double (0.00s)
    --- PASS: TestDistributionNumericalMixedTemperatureAndScale/closed_kl (0.00s)
    --- PASS: TestDistributionNumericalMixedTemperatureAndScale/mixed_base (0.00s)
    --- PASS: TestDistributionNumericalMixedTemperatureAndScale/mixed_shifted (0.00s)
=== RUN   TestDistributionNumericalShiftPartialAndDeclaredMap
--- PASS: TestDistributionNumericalShiftPartialAndDeclaredMap (0.00s)
=== RUN   TestDistributionNumericalRejectsNonFiniteAndOverflow
=== RUN   TestDistributionNumericalRejectsNonFiniteAndOverflow/nan
=== RUN   TestDistributionNumericalRejectsNonFiniteAndOverflow/plus_inf
=== RUN   TestDistributionNumericalRejectsNonFiniteAndOverflow/minus_inf
=== RUN   TestDistributionNumericalRejectsNonFiniteAndOverflow/normalization_overflow
=== RUN   TestDistributionNumericalRejectsNonFiniteAndOverflow/scaled_result_overflow
--- PASS: TestDistributionNumericalRejectsNonFiniteAndOverflow (0.00s)
    --- PASS: TestDistributionNumericalRejectsNonFiniteAndOverflow/nan (0.00s)
    --- PASS: TestDistributionNumericalRejectsNonFiniteAndOverflow/plus_inf (0.00s)
    --- PASS: TestDistributionNumericalRejectsNonFiniteAndOverflow/minus_inf (0.00s)
    --- PASS: TestDistributionNumericalRejectsNonFiniteAndOverflow/normalization_overflow (0.00s)
    --- PASS: TestDistributionNumericalRejectsNonFiniteAndOverflow/scaled_result_overflow (0.00s)
PASS
ok  	github.com/TimLai666/coimnet/distill	0.235s
=== RUN   TestCTCNumericalSingleFrameHandValue
=== RUN   TestCTCNumericalSingleFrameHandValue/zero
=== RUN   TestCTCNumericalSingleFrameHandValue/plus_1e16
=== RUN   TestCTCNumericalSingleFrameHandValue/minus_1e16
=== RUN   TestCTCNumericalSingleFrameHandValue/plus_1e308
=== RUN   TestCTCNumericalSingleFrameHandValue/minus_1e308
--- PASS: TestCTCNumericalSingleFrameHandValue (0.00s)
    --- PASS: TestCTCNumericalSingleFrameHandValue/zero (0.00s)
    --- PASS: TestCTCNumericalSingleFrameHandValue/plus_1e16 (0.00s)
    --- PASS: TestCTCNumericalSingleFrameHandValue/minus_1e16 (0.00s)
    --- PASS: TestCTCNumericalSingleFrameHandValue/plus_1e308 (0.00s)
    --- PASS: TestCTCNumericalSingleFrameHandValue/minus_1e308 (0.00s)
=== RUN   TestCTCNumericalShiftMatchesEnumeratedPaths
=== RUN   TestCTCNumericalShiftMatchesEnumeratedPaths/empty
=== RUN   TestCTCNumericalShiftMatchesEnumeratedPaths/repeated
=== RUN   TestCTCNumericalShiftMatchesEnumeratedPaths/distinct
--- PASS: TestCTCNumericalShiftMatchesEnumeratedPaths (0.00s)
    --- PASS: TestCTCNumericalShiftMatchesEnumeratedPaths/empty (0.00s)
    --- PASS: TestCTCNumericalShiftMatchesEnumeratedPaths/repeated (0.00s)
    --- PASS: TestCTCNumericalShiftMatchesEnumeratedPaths/distinct (0.00s)
=== RUN   TestCTCNumericalImpossiblePolicies
--- PASS: TestCTCNumericalImpossiblePolicies (0.00s)
=== RUN   TestCTCNumericalRejectsNonFiniteAndOverflow
=== RUN   TestCTCNumericalRejectsNonFiniteAndOverflow/nan
=== RUN   TestCTCNumericalRejectsNonFiniteAndOverflow/plus_inf
=== RUN   TestCTCNumericalRejectsNonFiniteAndOverflow/minus_inf
=== RUN   TestCTCNumericalRejectsNonFiniteAndOverflow/normalization_overflow
=== RUN   TestCTCNumericalRejectsNonFiniteAndOverflow/result_overflow
--- PASS: TestCTCNumericalRejectsNonFiniteAndOverflow (0.00s)
    --- PASS: TestCTCNumericalRejectsNonFiniteAndOverflow/nan (0.00s)
    --- PASS: TestCTCNumericalRejectsNonFiniteAndOverflow/plus_inf (0.00s)
    --- PASS: TestCTCNumericalRejectsNonFiniteAndOverflow/minus_inf (0.00s)
    --- PASS: TestCTCNumericalRejectsNonFiniteAndOverflow/normalization_overflow (0.00s)
    --- PASS: TestCTCNumericalRejectsNonFiniteAndOverflow/result_overflow (0.00s)
=== RUN   TestCTCNumericalRejectsLostPosteriorMass
--- PASS: TestCTCNumericalRejectsLostPosteriorMass (0.00s)
PASS
ok  	github.com/TimLai666/coimnet/tasks/ocr/ctc	0.115s
