[main 8fb25c2] fix(numerics): stabilize distillation and CTC log probabilities
 77 files changed, 6201 insertions(+), 77 deletions(-)
 create mode 100644 distill/distribution_numerical_test.go
 create mode 100644 docs/tickets/42-distribution-ctc-numerical-correctness.md
 create mode 100644 evidence/TCH-04/distribution-ctc-numerics-20261006/adversarial-review.md
 create mode 100644 evidence/TCH-04/distribution-ctc-numerics-20261006/analysis.md
 create mode 100644 evidence/TCH-04/distribution-ctc-numerics-20261006/asr-verification.json
 create mode 100644 evidence/TCH-04/distribution-ctc-numerics-20261006/baseline.json
 create mode 100644 evidence/TCH-04/distribution-ctc-numerics-20261006/build.json
 create mode 100644 evidence/TCH-04/distribution-ctc-numerics-20261006/build.log
 create mode 100644 evidence/TCH-04/distribution-ctc-numerics-20261006/changed-files.md
 create mode 100644 evidence/TCH-04/distribution-ctc-numerics-20261006/delegation.txt
 create mode 100644 evidence/TCH-04/distribution-ctc-numerics-20261006/diff-check.json
 create mode 100644 evidence/TCH-04/distribution-ctc-numerics-20261006/diff-check.log
 create mode 100644 evidence/TCH-04/distribution-ctc-numerics-20261006/environment.json
 create mode 100644 evidence/TCH-04/distribution-ctc-numerics-20261006/existing-tests.json
 create mode 100644 evidence/TCH-04/distribution-ctc-numerics-20261006/existing-tests.log
 create mode 100644 evidence/TCH-04/distribution-ctc-numerics-20261006/final-diff-check.json
 create mode 100644 evidence/TCH-04/distribution-ctc-numerics-20261006/final-diff-check.log
 create mode 100644 evidence/TCH-04/distribution-ctc-numerics-20261006/final-source-integrity.json
 create mode 100644 evidence/TCH-04/distribution-ctc-numerics-20261006/final-source-integrity.log
 create mode 100644 evidence/TCH-04/distribution-ctc-numerics-20261006/formatting.json
 create mode 100644 evidence/TCH-04/distribution-ctc-numerics-20261006/formatting.log
 create mode 100644 evidence/TCH-04/distribution-ctc-numerics-20261006/frozen-tests.json
 create mode 100644 evidence/TCH-04/distribution-ctc-numerics-20261006/full-race.json
 create mode 100644 evidence/TCH-04/distribution-ctc-numerics-20261006/full-race.log
 create mode 100644 evidence/TCH-04/distribution-ctc-numerics-20261006/full-test.json
 create mode 100644 evidence/TCH-04/distribution-ctc-numerics-20261006/full-test.log
 create mode 100644 evidence/TCH-04/distribution-ctc-numerics-20261006/gap-probe-green.json
 create mode 100644 evidence/TCH-04/distribution-ctc-numerics-20261006/gap-probe-green.log
 create mode 100644 evidence/TCH-04/distribution-ctc-numerics-20261006/gap-probe-red.json
 create mode 100644 evidence/TCH-04/distribution-ctc-numerics-20261006/gap-probe-red.log
 create mode 100644 evidence/TCH-04/distribution-ctc-numerics-20261006/gap-probe.go.txt
 create mode 100644 evidence/TCH-04/distribution-ctc-numerics-20261006/governance.json
 create mode 100644 evidence/TCH-04/distribution-ctc-numerics-20261006/governance.log
 create mode 100644 evidence/TCH-04/distribution-ctc-numerics-20261006/green.json
 create mode 100644 evidence/TCH-04/distribution-ctc-numerics-20261006/green.log
 create mode 100644 evidence/TCH-04/distribution-ctc-numerics-20261006/handoff-integrity.json
 create mode 100644 evidence/TCH-04/distribution-ctc-numerics-20261006/handoff-integrity.log
 create mode 100644 evidence/TCH-04/distribution-ctc-numerics-20261006/impossible-precedence-probe.go.txt
 create mode 100644 evidence/TCH-04/distribution-ctc-numerics-20261006/impossible-precedence-probe.json
 create mode 100644 evidence/TCH-04/distribution-ctc-numerics-20261006/impossible-precedence-probe.log
 create mode 100644 evidence/TCH-04/distribution-ctc-numerics-20261006/impossible-precedence-review.json
 create mode 100644 evidence/TCH-04/distribution-ctc-numerics-20261006/metadata-review.json
 create mode 100644 evidence/TCH-04/distribution-ctc-numerics-20261006/mod-tidy.json
 create mode 100644 evidence/TCH-04/distribution-ctc-numerics-20261006/mod-tidy.log
 create mode 100644 evidence/TCH-04/distribution-ctc-numerics-20261006/mod-verify.json
 create mode 100644 evidence/TCH-04/distribution-ctc-numerics-20261006/mod-verify.log
 create mode 100644 evidence/TCH-04/distribution-ctc-numerics-20261006/ocr-verification.json
 create mode 100644 evidence/TCH-04/distribution-ctc-numerics-20261006/posterior-red.json
 create mode 100644 evidence/TCH-04/distribution-ctc-numerics-20261006/posterior-red.log
 create mode 100644 evidence/TCH-04/distribution-ctc-numerics-20261006/public-probe-green.json
 create mode 100644 evidence/TCH-04/distribution-ctc-numerics-20261006/public-probe-green.log
 create mode 100644 evidence/TCH-04/distribution-ctc-numerics-20261006/public-probe.go.txt
 create mode 100644 evidence/TCH-04/distribution-ctc-numerics-20261006/red-complete.json
 create mode 100644 evidence/TCH-04/distribution-ctc-numerics-20261006/red-complete.log
 create mode 100644 evidence/TCH-04/distribution-ctc-numerics-20261006/red.json
 create mode 100644 evidence/TCH-04/distribution-ctc-numerics-20261006/red.log
 create mode 100644 evidence/TCH-04/distribution-ctc-numerics-20261006/related-tests.json
 create mode 100644 evidence/TCH-04/distribution-ctc-numerics-20261006/related-tests.log
 create mode 100644 evidence/TCH-04/distribution-ctc-numerics-20261006/remote-before-delivery.json
 create mode 100644 evidence/TCH-04/distribution-ctc-numerics-20261006/remote-before-delivery.log
 create mode 100644 evidence/TCH-04/distribution-ctc-numerics-20261006/root-review.md
 create mode 100644 evidence/TCH-04/distribution-ctc-numerics-20261006/root-test-review.md
 create mode 100644 evidence/TCH-04/distribution-ctc-numerics-20261006/source-integrity.json
 create mode 100644 evidence/TCH-04/distribution-ctc-numerics-20261006/source-integrity.log
 create mode 100644 evidence/TCH-04/distribution-ctc-numerics-20261006/source-integrity.py
 create mode 100644 evidence/TCH-04/distribution-ctc-numerics-20261006/source-manifest.json
 create mode 100644 evidence/TCH-04/distribution-ctc-numerics-20261006/verification.json
 create mode 100644 evidence/TCH-04/distribution-ctc-numerics-20261006/vet.json
 create mode 100644 evidence/TCH-04/distribution-ctc-numerics-20261006/vet.log
 create mode 100644 tasks/ocr/ctc/numerical_test.go
 create mode 100644 tasks/ocr/ctc/posterior_numerical_test.go
