=== RUN   TestDistributionNumericalUniformExtremeScores
    distribution_numerical_test.go:115: loss = -0.69314718055994529, want 0 (diff 0.693 > 2e-12)
--- FAIL: TestDistributionNumericalUniformExtremeScores (0.00s)
=== RUN   TestDistributionNumericalEqualExtremeMixedCE
=== RUN   TestDistributionNumericalEqualExtremeMixedCE/half
    distribution_numerical_test.go:143: loss = NaN, want finite value near 0.45054566736396445
=== RUN   TestDistributionNumericalEqualExtremeMixedCE/double
    distribution_numerical_test.go:143: loss = -1.6982105923718658, want 0.45054566736396445 (diff 2.15 > 2e-12)
--- FAIL: TestDistributionNumericalEqualExtremeMixedCE (0.00s)
    --- FAIL: TestDistributionNumericalEqualExtremeMixedCE/half (0.00s)
    --- FAIL: TestDistributionNumericalEqualExtremeMixedCE/double (0.00s)
=== RUN   TestDistributionNumericalMixedTemperatureAndScale
=== RUN   TestDistributionNumericalMixedTemperatureAndScale/half
=== RUN   TestDistributionNumericalMixedTemperatureAndScale/double
=== RUN   TestDistributionNumericalMixedTemperatureAndScale/closed_kl
    distribution_numerical_test.go:182: loss = NaN, want finite value near 0
=== RUN   TestDistributionNumericalMixedTemperatureAndScale/mixed_base
=== RUN   TestDistributionNumericalMixedTemperatureAndScale/mixed_shifted
    distribution_numerical_test.go:196: loss = 0.34547511554179477, want 0.28389028695546142 (diff 0.0616 > 2e-12)
--- FAIL: TestDistributionNumericalMixedTemperatureAndScale (0.00s)
    --- PASS: TestDistributionNumericalMixedTemperatureAndScale/half (0.00s)
    --- PASS: TestDistributionNumericalMixedTemperatureAndScale/double (0.00s)
    --- FAIL: TestDistributionNumericalMixedTemperatureAndScale/closed_kl (0.00s)
    --- PASS: TestDistributionNumericalMixedTemperatureAndScale/mixed_base (0.00s)
    --- FAIL: TestDistributionNumericalMixedTemperatureAndScale/mixed_shifted (0.00s)
=== RUN   TestDistributionNumericalShiftPartialAndDeclaredMap
    distribution_numerical_test.go:211: loss = 0.7549289015479852, want 0.54567065265864789 (diff 0.209 > 2e-12)
--- FAIL: TestDistributionNumericalShiftPartialAndDeclaredMap (0.00s)
=== RUN   TestDistributionNumericalRejectsNonFiniteAndOverflow
=== RUN   TestDistributionNumericalRejectsNonFiniteAndOverflow/nan
    distribution_numerical_test.go:264: Loss = nil, want error for nan
=== RUN   TestDistributionNumericalRejectsNonFiniteAndOverflow/plus_inf
    distribution_numerical_test.go:264: Loss = nil, want error for plus inf
=== RUN   TestDistributionNumericalRejectsNonFiniteAndOverflow/minus_inf
    distribution_numerical_test.go:264: Loss = nil, want error for minus inf
=== RUN   TestDistributionNumericalRejectsNonFiniteAndOverflow/normalization_overflow
    distribution_numerical_test.go:278: Loss with an overflowing normalization difference = nil, want error
=== RUN   TestDistributionNumericalRejectsNonFiniteAndOverflow/scaled_result_overflow
    distribution_numerical_test.go:293: Loss with an overflowing scaled result = nil, want error
--- FAIL: TestDistributionNumericalRejectsNonFiniteAndOverflow (0.00s)
    --- FAIL: TestDistributionNumericalRejectsNonFiniteAndOverflow/nan (0.00s)
    --- FAIL: TestDistributionNumericalRejectsNonFiniteAndOverflow/plus_inf (0.00s)
    --- FAIL: TestDistributionNumericalRejectsNonFiniteAndOverflow/minus_inf (0.00s)
    --- FAIL: TestDistributionNumericalRejectsNonFiniteAndOverflow/normalization_overflow (0.00s)
    --- FAIL: TestDistributionNumericalRejectsNonFiniteAndOverflow/scaled_result_overflow (0.00s)
FAIL
FAIL	github.com/TimLai666/coimnet/distill	0.235s
=== RUN   TestCTCNumericalSingleFrameHandValue
=== RUN   TestCTCNumericalSingleFrameHandValue/zero
=== RUN   TestCTCNumericalSingleFrameHandValue/plus_1e16
    numerical_test.go:159: single-frame loss = -0, want 0.69314718055994529 (diff 0.693)
=== RUN   TestCTCNumericalSingleFrameHandValue/minus_1e16
    numerical_test.go:159: single-frame loss = -0, want 0.69314718055994529 (diff 0.693)
=== RUN   TestCTCNumericalSingleFrameHandValue/plus_1e308
    numerical_test.go:159: single-frame loss = -0, want 0.69314718055994529 (diff 0.693)
=== RUN   TestCTCNumericalSingleFrameHandValue/minus_1e308
    numerical_test.go:159: single-frame loss = -0, want 0.69314718055994529 (diff 0.693)
--- FAIL: TestCTCNumericalSingleFrameHandValue (0.00s)
    --- PASS: TestCTCNumericalSingleFrameHandValue/zero (0.00s)
    --- FAIL: TestCTCNumericalSingleFrameHandValue/plus_1e16 (0.00s)
    --- FAIL: TestCTCNumericalSingleFrameHandValue/minus_1e16 (0.00s)
    --- FAIL: TestCTCNumericalSingleFrameHandValue/plus_1e308 (0.00s)
    --- FAIL: TestCTCNumericalSingleFrameHandValue/minus_1e308 (0.00s)
=== RUN   TestCTCNumericalShiftMatchesEnumeratedPaths
=== RUN   TestCTCNumericalShiftMatchesEnumeratedPaths/empty
    numerical_test.go:193: loss = 10, want 10.571726513999598 (diff 0.572)
=== RUN   TestCTCNumericalShiftMatchesEnumeratedPaths/repeated
    numerical_test.go:193: loss = 3.7582429349459319, want 4.3299694489455298 (diff 0.572)
=== RUN   TestCTCNumericalShiftMatchesEnumeratedPaths/distinct
    numerical_test.go:193: loss = 3.1514507966216758, want 3.7231773106212742 (diff 0.572)
--- FAIL: TestCTCNumericalShiftMatchesEnumeratedPaths (0.00s)
    --- FAIL: TestCTCNumericalShiftMatchesEnumeratedPaths/empty (0.00s)
    --- FAIL: TestCTCNumericalShiftMatchesEnumeratedPaths/repeated (0.00s)
    --- FAIL: TestCTCNumericalShiftMatchesEnumeratedPaths/distinct (0.00s)
=== RUN   TestCTCNumericalImpossiblePolicies
--- PASS: TestCTCNumericalImpossiblePolicies (0.00s)
=== RUN   TestCTCNumericalRejectsNonFiniteAndOverflow
=== RUN   TestCTCNumericalRejectsNonFiniteAndOverflow/nan
=== RUN   TestCTCNumericalRejectsNonFiniteAndOverflow/plus_inf
=== RUN   TestCTCNumericalRejectsNonFiniteAndOverflow/minus_inf
=== RUN   TestCTCNumericalRejectsNonFiniteAndOverflow/normalization_overflow
    numerical_test.go:280: Loss with an overflowing normalization difference = nil, want error
=== RUN   TestCTCNumericalRejectsNonFiniteAndOverflow/result_overflow
    numerical_test.go:293: LossWith with an overflowing three-frame result = nil, want error
--- FAIL: TestCTCNumericalRejectsNonFiniteAndOverflow (0.00s)
    --- PASS: TestCTCNumericalRejectsNonFiniteAndOverflow/nan (0.00s)
    --- PASS: TestCTCNumericalRejectsNonFiniteAndOverflow/plus_inf (0.00s)
    --- PASS: TestCTCNumericalRejectsNonFiniteAndOverflow/minus_inf (0.00s)
    --- FAIL: TestCTCNumericalRejectsNonFiniteAndOverflow/normalization_overflow (0.00s)
    --- FAIL: TestCTCNumericalRejectsNonFiniteAndOverflow/result_overflow (0.00s)
FAIL
FAIL	github.com/TimLai666/coimnet/tasks/ocr/ctc	0.122s
FAIL
