2026/09/14 00:29:56 [insyra - Info] Welcome to Insyra Huashan(v0.3.2)!!
Official website: https://insyra.hazelnut-paradise.com

        0.58 real         0.00 user         0.00 sys
            21626880  maximum resident set size
                   0  average shared memory size
                   0  average unshared data size
                   0  average unshared stack size
                1610  page reclaims
                   0  page faults
                   0  swaps
                   0  block input operations
                   0  block output operations
                   0  messages sent
                   0  messages received
                  14  signals received
                   1  voluntary context switches
                 255  involuntary context switches
           130844655  instructions retired
            58205223  cycles elapsed
            12911240  peak memory footprint
