2026/09/24 02:36:04 [insyra - Info] Welcome to Insyra Huashan(v0.3.2)!!
Official website: https://insyra.hazelnut-paradise.com

=== RUN   TestImportedDatasetPipeline
--- PASS: TestImportedDatasetPipeline (0.08s)
=== RUN   TestReadDatasetValidStereoDifferentRatesAndReports
--- PASS: TestReadDatasetValidStereoDifferentRatesAndReports (0.00s)
=== RUN   TestReadDatasetHashAndSamplesUseOneWAVByteSlice
--- PASS: TestReadDatasetHashAndSamplesUseOneWAVByteSlice (0.00s)
=== RUN   TestReadDatasetEnforcesRawAndProcessedCapacity
=== RUN   TestReadDatasetEnforcesRawAndProcessedCapacity/raw_per_file
=== RUN   TestReadDatasetEnforcesRawAndProcessedCapacity/single_file_processed_allocation
=== RUN   TestReadDatasetEnforcesRawAndProcessedCapacity/aggregate_processed_allocation
=== RUN   TestReadDatasetEnforcesRawAndProcessedCapacity/extreme_resample_output
--- PASS: TestReadDatasetEnforcesRawAndProcessedCapacity (0.00s)
    --- PASS: TestReadDatasetEnforcesRawAndProcessedCapacity/raw_per_file (0.00s)
    --- PASS: TestReadDatasetEnforcesRawAndProcessedCapacity/single_file_processed_allocation (0.00s)
    --- PASS: TestReadDatasetEnforcesRawAndProcessedCapacity/aggregate_processed_allocation (0.00s)
    --- PASS: TestReadDatasetEnforcesRawAndProcessedCapacity/extreme_resample_output (0.00s)
=== RUN   TestReadDatasetRejectsDuplicateKeysAndAliases
=== RUN   TestReadDatasetRejectsDuplicateKeysAndAliases/exact_schema_duplicate
=== RUN   TestReadDatasetRejectsDuplicateKeysAndAliases/case_alias
=== RUN   TestReadDatasetRejectsDuplicateKeysAndAliases/escaped_alias
--- PASS: TestReadDatasetRejectsDuplicateKeysAndAliases (0.00s)
    --- PASS: TestReadDatasetRejectsDuplicateKeysAndAliases/exact_schema_duplicate (0.00s)
    --- PASS: TestReadDatasetRejectsDuplicateKeysAndAliases/case_alias (0.00s)
    --- PASS: TestReadDatasetRejectsDuplicateKeysAndAliases/escaped_alias (0.00s)
=== RUN   TestReadDatasetRejectsNullScalarFields
=== RUN   TestReadDatasetRejectsNullScalarFields/path
=== RUN   TestReadDatasetRejectsNullScalarFields/text
=== RUN   TestReadDatasetRejectsNullScalarFields/speaker
=== RUN   TestReadDatasetRejectsNullScalarFields/session
=== RUN   TestReadDatasetRejectsNullScalarFields/sample_rate
=== RUN   TestReadDatasetRejectsNullScalarFields/channels
--- PASS: TestReadDatasetRejectsNullScalarFields (0.00s)
    --- PASS: TestReadDatasetRejectsNullScalarFields/path (0.00s)
    --- PASS: TestReadDatasetRejectsNullScalarFields/text (0.00s)
    --- PASS: TestReadDatasetRejectsNullScalarFields/speaker (0.00s)
    --- PASS: TestReadDatasetRejectsNullScalarFields/session (0.00s)
    --- PASS: TestReadDatasetRejectsNullScalarFields/sample_rate (0.00s)
    --- PASS: TestReadDatasetRejectsNullScalarFields/channels (0.00s)
=== RUN   TestReadDatasetRejectsOversizedManifest
--- PASS: TestReadDatasetRejectsOversizedManifest (0.04s)
=== RUN   TestReadDatasetRejectsInvalidArguments
=== RUN   TestReadDatasetRejectsInvalidArguments/zero_target_rate
=== RUN   TestReadDatasetRejectsInvalidArguments/negative_target_rate
=== RUN   TestReadDatasetRejectsInvalidArguments/zero_peak
=== RUN   TestReadDatasetRejectsInvalidArguments/peak_above_one
=== RUN   TestReadDatasetRejectsInvalidArguments/nan_peak
--- PASS: TestReadDatasetRejectsInvalidArguments (0.00s)
    --- PASS: TestReadDatasetRejectsInvalidArguments/zero_target_rate (0.00s)
    --- PASS: TestReadDatasetRejectsInvalidArguments/negative_target_rate (0.00s)
    --- PASS: TestReadDatasetRejectsInvalidArguments/zero_peak (0.00s)
    --- PASS: TestReadDatasetRejectsInvalidArguments/peak_above_one (0.00s)
    --- PASS: TestReadDatasetRejectsInvalidArguments/nan_peak (0.00s)
=== RUN   TestReadDatasetRejectsZeroResampledSamples
--- PASS: TestReadDatasetRejectsZeroResampledSamples (0.00s)
=== RUN   TestReadDatasetRejectsLicenseMetadataAndRecordShape
=== RUN   TestReadDatasetRejectsLicenseMetadataAndRecordShape/missing_holder
=== RUN   TestReadDatasetRejectsLicenseMetadataAndRecordShape/missing_terms
=== RUN   TestReadDatasetRejectsLicenseMetadataAndRecordShape/missing_source
=== RUN   TestReadDatasetRejectsLicenseMetadataAndRecordShape/empty_speaker
=== RUN   TestReadDatasetRejectsLicenseMetadataAndRecordShape/empty_session
=== RUN   TestReadDatasetRejectsLicenseMetadataAndRecordShape/no_recordings
=== RUN   TestReadDatasetRejectsLicenseMetadataAndRecordShape/wrong_schema
=== RUN   TestReadDatasetRejectsLicenseMetadataAndRecordShape/declared_rate_differs
=== RUN   TestReadDatasetRejectsLicenseMetadataAndRecordShape/declared_channels_differ
--- PASS: TestReadDatasetRejectsLicenseMetadataAndRecordShape (0.01s)
    --- PASS: TestReadDatasetRejectsLicenseMetadataAndRecordShape/missing_holder (0.00s)
    --- PASS: TestReadDatasetRejectsLicenseMetadataAndRecordShape/missing_terms (0.00s)
    --- PASS: TestReadDatasetRejectsLicenseMetadataAndRecordShape/missing_source (0.00s)
    --- PASS: TestReadDatasetRejectsLicenseMetadataAndRecordShape/empty_speaker (0.00s)
    --- PASS: TestReadDatasetRejectsLicenseMetadataAndRecordShape/empty_session (0.00s)
    --- PASS: TestReadDatasetRejectsLicenseMetadataAndRecordShape/no_recordings (0.00s)
    --- PASS: TestReadDatasetRejectsLicenseMetadataAndRecordShape/wrong_schema (0.00s)
    --- PASS: TestReadDatasetRejectsLicenseMetadataAndRecordShape/declared_rate_differs (0.00s)
    --- PASS: TestReadDatasetRejectsLicenseMetadataAndRecordShape/declared_channels_differ (0.00s)
=== RUN   TestReadDatasetRejectsPathTraversalAbsoluteDuplicateAndCorruptWAV
=== RUN   TestReadDatasetRejectsPathTraversalAbsoluteDuplicateAndCorruptWAV/traversal
=== RUN   TestReadDatasetRejectsPathTraversalAbsoluteDuplicateAndCorruptWAV/absolute
=== RUN   TestReadDatasetRejectsPathTraversalAbsoluteDuplicateAndCorruptWAV/duplicate
=== RUN   TestReadDatasetRejectsPathTraversalAbsoluteDuplicateAndCorruptWAV/corrupt_wav
--- PASS: TestReadDatasetRejectsPathTraversalAbsoluteDuplicateAndCorruptWAV (0.01s)
    --- PASS: TestReadDatasetRejectsPathTraversalAbsoluteDuplicateAndCorruptWAV/traversal (0.01s)
    --- PASS: TestReadDatasetRejectsPathTraversalAbsoluteDuplicateAndCorruptWAV/absolute (0.00s)
    --- PASS: TestReadDatasetRejectsPathTraversalAbsoluteDuplicateAndCorruptWAV/duplicate (0.00s)
    --- PASS: TestReadDatasetRejectsPathTraversalAbsoluteDuplicateAndCorruptWAV/corrupt_wav (0.00s)
=== RUN   TestReadDatasetRejectsRecordingSymlinkOutsideRoot
--- PASS: TestReadDatasetRejectsRecordingSymlinkOutsideRoot (0.00s)
=== RUN   TestReadDatasetRejectsRecordingSymlinkAlias
--- PASS: TestReadDatasetRejectsRecordingSymlinkAlias (0.00s)
=== RUN   TestReadDatasetRejectsInvalidUTF8Manifest
--- PASS: TestReadDatasetRejectsInvalidUTF8Manifest (0.00s)
=== RUN   TestEvaluateStreaming
    evaluate_stream_test.go:96: stream fixture: audio_seconds=0.400000 inference_ns=184957000 max_feed_ns=31606542 CER=0.666667 WER=1.000000
--- PASS: TestEvaluateStreaming (0.19s)
=== RUN   TestEvaluateStreamingEmpty
--- PASS: TestEvaluateStreamingEmpty (0.00s)
=== RUN   TestEvaluateStreamingErrors
--- PASS: TestEvaluateStreamingErrors (0.11s)
=== RUN   TestEvaluateStreamingReproducible
--- PASS: TestEvaluateStreamingReproducible (0.30s)
=== RUN   TestMeasureStreaming
=== RUN   TestMeasureStreaming/short_tail
=== RUN   TestMeasureStreaming/single_chunk
=== RUN   TestMeasureStreaming/multiple_chunks
--- PASS: TestMeasureStreaming (0.12s)
    --- PASS: TestMeasureStreaming/short_tail (0.05s)
    --- PASS: TestMeasureStreaming/single_chunk (0.04s)
    --- PASS: TestMeasureStreaming/multiple_chunks (0.04s)
=== RUN   TestMeasureStreamingErrors
=== RUN   TestMeasureStreamingErrors/nil_recognizer
=== RUN   TestMeasureStreamingErrors/empty_samples
=== RUN   TestMeasureStreamingErrors/zero_chunk
=== RUN   TestMeasureStreamingErrors/negative_chunk
--- PASS: TestMeasureStreamingErrors (0.01s)
    --- PASS: TestMeasureStreamingErrors/nil_recognizer (0.00s)
    --- PASS: TestMeasureStreamingErrors/empty_samples (0.00s)
    --- PASS: TestMeasureStreamingErrors/zero_chunk (0.00s)
    --- PASS: TestMeasureStreamingErrors/negative_chunk (0.00s)
=== RUN   TestSynthesizeIsDeterministicAndBounded
--- PASS: TestSynthesizeIsDeterministicAndBounded (0.01s)
=== RUN   TestFeaturesShape
--- PASS: TestFeaturesShape (0.01s)
=== RUN   TestRecognizerTrainingLowersCER
    recognizer_test.go:141: held-out CER 0.7778 -> 0.0000 (WER 0.8667 -> 0.0000, exact 0.1333 -> 1.0000 over 15 utterances)
--- PASS: TestRecognizerTrainingLowersCER (7.73s)
=== RUN   TestRecognizerIsReproducible
--- PASS: TestRecognizerIsReproducible (15.61s)
=== RUN   TestRecognizerRejects
--- PASS: TestRecognizerRejects (0.01s)
=== RUN   TestSplitBySpeakerSessionTransitiveGroup
--- PASS: TestSplitBySpeakerSessionTransitiveGroup (0.00s)
=== RUN   TestSplitBySpeakerSessionFindsCloserGroupCombination
--- PASS: TestSplitBySpeakerSessionFindsCloserGroupCombination (0.00s)
=== RUN   TestSplitBySpeakerSessionFindsCloserImbalancedCombination
--- PASS: TestSplitBySpeakerSessionFindsCloserImbalancedCombination (0.00s)
=== RUN   TestSplitBySpeakerSessionFindsExactCombinationAfterLargeGroup
--- PASS: TestSplitBySpeakerSessionFindsExactCombinationAfterLargeGroup (0.10s)
=== RUN   TestSplitBySpeakerSessionMatchesSmallSubsetOptimum
=== RUN   TestSplitBySpeakerSessionMatchesSmallSubsetOptimum/exact_pair
=== RUN   TestSplitBySpeakerSessionMatchesSmallSubsetOptimum/exact_middle
=== RUN   TestSplitBySpeakerSessionMatchesSmallSubsetOptimum/high_target
=== RUN   TestSplitBySpeakerSessionMatchesSmallSubsetOptimum/unreachable_tie
--- PASS: TestSplitBySpeakerSessionMatchesSmallSubsetOptimum (0.00s)
    --- PASS: TestSplitBySpeakerSessionMatchesSmallSubsetOptimum/exact_pair (0.00s)
    --- PASS: TestSplitBySpeakerSessionMatchesSmallSubsetOptimum/exact_middle (0.00s)
    --- PASS: TestSplitBySpeakerSessionMatchesSmallSubsetOptimum/high_target (0.00s)
    --- PASS: TestSplitBySpeakerSessionMatchesSmallSubsetOptimum/unreachable_tie (0.00s)
=== RUN   TestSplitBySpeakerSessionUsesSeededTieBreak
--- PASS: TestSplitBySpeakerSessionUsesSeededTieBreak (0.00s)
=== RUN   TestSplitBySpeakerSessionHandlesManySingletonGroups
    split_test.go:173: split 20000 singleton groups in 16.257041ms
--- PASS: TestSplitBySpeakerSessionHandlesManySingletonGroups (0.22s)
=== RUN   TestSplitBySpeakerSessionHandlesManyNearlySingletonGroups
    split_test.go:193: split 2000 nearly singleton groups in 1.918791ms
--- PASS: TestSplitBySpeakerSessionHandlesManyNearlySingletonGroups (0.01s)
=== RUN   TestSplitBySpeakerSessionFailsSafelyBeyondExactSearchBudget
--- PASS: TestSplitBySpeakerSessionFailsSafelyBeyondExactSearchBudget (0.54s)
=== RUN   TestSplitBySpeakerSessionRejectsOneConnectedGroup
--- PASS: TestSplitBySpeakerSessionRejectsOneConnectedGroup (0.00s)
=== RUN   TestSplitBySpeakerSessionIsReproducibleForSeed
--- PASS: TestSplitBySpeakerSessionIsReproducibleForSeed (0.00s)
=== RUN   TestSplitBySpeakerSessionHasNoSpeakerOrSessionLeakage
--- PASS: TestSplitBySpeakerSessionHasNoSpeakerOrSessionLeakage (0.00s)
=== RUN   TestSplitBySpeakerSessionPreservesInputOrderAndOwnsOutputSlice
--- PASS: TestSplitBySpeakerSessionPreservesInputOrderAndOwnsOutputSlice (0.00s)
=== RUN   TestSplitBySpeakerSessionRejectsInvalidInput
=== RUN   TestSplitBySpeakerSessionRejectsInvalidInput/zero_fraction
=== RUN   TestSplitBySpeakerSessionRejectsInvalidInput/one_fraction
=== RUN   TestSplitBySpeakerSessionRejectsInvalidInput/negative_fraction
=== RUN   TestSplitBySpeakerSessionRejectsInvalidInput/infinite_fraction
=== RUN   TestSplitBySpeakerSessionRejectsInvalidInput/nan_fraction
=== RUN   TestSplitBySpeakerSessionRejectsInvalidInput/empty_input
=== RUN   TestSplitBySpeakerSessionRejectsInvalidInput/one_utterance
=== RUN   TestSplitBySpeakerSessionRejectsInvalidInput/empty_speaker
=== RUN   TestSplitBySpeakerSessionRejectsInvalidInput/empty_session
--- PASS: TestSplitBySpeakerSessionRejectsInvalidInput (0.00s)
    --- PASS: TestSplitBySpeakerSessionRejectsInvalidInput/zero_fraction (0.00s)
    --- PASS: TestSplitBySpeakerSessionRejectsInvalidInput/one_fraction (0.00s)
    --- PASS: TestSplitBySpeakerSessionRejectsInvalidInput/negative_fraction (0.00s)
    --- PASS: TestSplitBySpeakerSessionRejectsInvalidInput/infinite_fraction (0.00s)
    --- PASS: TestSplitBySpeakerSessionRejectsInvalidInput/nan_fraction (0.00s)
    --- PASS: TestSplitBySpeakerSessionRejectsInvalidInput/empty_input (0.00s)
    --- PASS: TestSplitBySpeakerSessionRejectsInvalidInput/one_utterance (0.00s)
    --- PASS: TestSplitBySpeakerSessionRejectsInvalidInput/empty_speaker (0.00s)
    --- PASS: TestSplitBySpeakerSessionRejectsInvalidInput/empty_session (0.00s)
=== RUN   TestStreamFileResumesExactlyAndDoesNotOverwrite
--- PASS: TestStreamFileResumesExactlyAndDoesNotOverwrite (0.64s)
=== RUN   TestStreamFileRejectsTamperingEvenWithFreshChecksum
=== RUN   TestStreamFileRejectsTamperingEvenWithFreshChecksum/missing_sample_rate
=== RUN   TestStreamFileRejectsTamperingEvenWithFreshChecksum/null_sample_rate
=== RUN   TestStreamFileRejectsTamperingEvenWithFreshChecksum/null_pending_element
=== RUN   TestStreamFileRejectsTamperingEvenWithFreshChecksum/missing_flushed_flag
=== RUN   TestStreamFileRejectsTamperingEvenWithFreshChecksum/null_alphabet_element
=== RUN   TestStreamFileRejectsTamperingEvenWithFreshChecksum/unknown_field
=== RUN   TestStreamFileRejectsTamperingEvenWithFreshChecksum/pending_count_checked_before_decode
=== RUN   TestStreamFileRejectsTamperingEvenWithFreshChecksum/missing_front_end_field
=== RUN   TestStreamFileRejectsTamperingEvenWithFreshChecksum/null_front_end_field
--- PASS: TestStreamFileRejectsTamperingEvenWithFreshChecksum (0.60s)
    --- PASS: TestStreamFileRejectsTamperingEvenWithFreshChecksum/missing_sample_rate (0.05s)
    --- PASS: TestStreamFileRejectsTamperingEvenWithFreshChecksum/null_sample_rate (0.06s)
    --- PASS: TestStreamFileRejectsTamperingEvenWithFreshChecksum/null_pending_element (0.05s)
    --- PASS: TestStreamFileRejectsTamperingEvenWithFreshChecksum/missing_flushed_flag (0.06s)
    --- PASS: TestStreamFileRejectsTamperingEvenWithFreshChecksum/null_alphabet_element (0.06s)
    --- PASS: TestStreamFileRejectsTamperingEvenWithFreshChecksum/unknown_field (0.08s)
    --- PASS: TestStreamFileRejectsTamperingEvenWithFreshChecksum/pending_count_checked_before_decode (0.05s)
    --- PASS: TestStreamFileRejectsTamperingEvenWithFreshChecksum/missing_front_end_field (0.05s)
    --- PASS: TestStreamFileRejectsTamperingEvenWithFreshChecksum/null_front_end_field (0.05s)
=== RUN   TestStreamFileRejectsCanceledAndOversizeRead
--- PASS: TestStreamFileRejectsCanceledAndOversizeRead (0.00s)
=== RUN   TestStreamFileRejectsWrongSchemaAndChecksum
=== RUN   TestStreamFileRejectsWrongSchemaAndChecksum/schema_version
=== RUN   TestStreamFileRejectsWrongSchemaAndChecksum/checksum
--- PASS: TestStreamFileRejectsWrongSchemaAndChecksum (0.14s)
    --- PASS: TestStreamFileRejectsWrongSchemaAndChecksum/schema_version (0.03s)
    --- PASS: TestStreamFileRejectsWrongSchemaAndChecksum/checksum (0.03s)
=== RUN   TestStreamFileAcrossProcess
--- PASS: TestStreamFileAcrossProcess (1.57s)
=== RUN   TestStreamFileChild
--- PASS: TestStreamFileChild (0.00s)
=== RUN   TestStreamMatchesWholeFile
    stream_test.go:177: 15 held-out utterances agree in 700-sample chunks; 7040 samples decode to "aaa" whole, in 1-sample chunks and in one chunk, with "a" after the first 3520 samples
--- PASS: TestStreamMatchesWholeFile (10.17s)
=== RUN   TestStreamUsesOnlyArrivedAudio
--- PASS: TestStreamUsesOnlyArrivedAudio (0.14s)
=== RUN   TestStreamResumesFromSnapshot
--- PASS: TestStreamResumesFromSnapshot (0.36s)
=== RUN   TestStreamTailAndFlush
--- PASS: TestStreamTailAndFlush (0.01s)
=== RUN   TestStreamRejectsNonFinite
--- PASS: TestStreamRejectsNonFinite (0.02s)
=== RUN   TestStreamFlushesAnInitialShortTail
--- PASS: TestStreamFlushesAnInitialShortTail (0.01s)
=== RUN   TestStreamCanceledFeedDoesNotConsumeAnInsufficientFrame
--- PASS: TestStreamCanceledFeedDoesNotConsumeAnInsufficientFrame (0.00s)
=== RUN   TestStreamCanceledFlushPreservesItsTail
--- PASS: TestStreamCanceledFlushPreservesItsTail (0.01s)
=== RUN   TestStreamRollsBackAChunkWhenAWindowFails
--- PASS: TestStreamRollsBackAChunkWhenAWindowFails (0.02s)
=== RUN   TestStreamRollsBackWhenCanceledMidChunk
--- PASS: TestStreamRollsBackWhenCanceledMidChunk (0.15s)
=== RUN   TestRestoreStreamRequiresRecognizerSemantics
=== RUN   TestRestoreStreamRequiresRecognizerSemantics/sample_rate
=== RUN   TestRestoreStreamRequiresRecognizerSemantics/front_end
=== RUN   TestRestoreStreamRequiresRecognizerSemantics/alphabet
--- PASS: TestRestoreStreamRequiresRecognizerSemantics (0.02s)
    --- PASS: TestRestoreStreamRequiresRecognizerSemantics/sample_rate (0.00s)
    --- PASS: TestRestoreStreamRequiresRecognizerSemantics/front_end (0.00s)
    --- PASS: TestRestoreStreamRequiresRecognizerSemantics/alphabet (0.00s)
=== RUN   TestStreamSnapshotOwnsItsAlphabet
--- PASS: TestStreamSnapshotOwnsItsAlphabet (0.00s)
=== RUN   TestRestoreStreamRejectsInvalidStateEncoding
--- PASS: TestRestoreStreamRejectsInvalidStateEncoding (0.05s)
=== RUN   TestRestoreStreamValidatesCTCFrameMinimum
--- PASS: TestRestoreStreamValidatesCTCFrameMinimum (0.04s)
=== RUN   TestNewStreamRejectsInvalidAlphabetRune
--- PASS: TestNewStreamRejectsInvalidAlphabetRune (0.00s)
=== RUN   TestStreamSnapshotUsesCurrentFrontEndVersion
--- PASS: TestStreamSnapshotUsesCurrentFrontEndVersion (0.00s)
=== RUN   TestRestoreStreamRejectsImpossibleTextWithoutRuneArrayExpansion
--- PASS: TestRestoreStreamRejectsImpossibleTextWithoutRuneArrayExpansion (0.01s)
=== RUN   TestTranscribeStreamingAcceptsLargestChunk
--- PASS: TestTranscribeStreamingAcceptsLargestChunk (0.01s)
PASS
ok  	github.com/TimLai666/coimnet/tasks/asr	41.025s
=== RUN   TestWAVRoundTripIsExact
--- PASS: TestWAVRoundTripIsExact (0.00s)
=== RUN   TestReadWAVRejects
=== RUN   TestReadWAVRejects/not_riff
=== RUN   TestReadWAVRejects/fmt_chunk_missing
=== RUN   TestReadWAVRejects/float_format_tag
=== RUN   TestReadWAVRejects/eight_bit_depth
=== RUN   TestReadWAVRejects/zero_sample_rate
=== RUN   TestReadWAVRejects/data_chunk_missing
=== RUN   TestReadWAVRejects/data_longer_than_the_file
--- PASS: TestReadWAVRejects (0.01s)
    --- PASS: TestReadWAVRejects/not_riff (0.00s)
    --- PASS: TestReadWAVRejects/fmt_chunk_missing (0.00s)
    --- PASS: TestReadWAVRejects/float_format_tag (0.00s)
    --- PASS: TestReadWAVRejects/eight_bit_depth (0.00s)
    --- PASS: TestReadWAVRejects/zero_sample_rate (0.00s)
    --- PASS: TestReadWAVRejects/data_chunk_missing (0.00s)
    --- PASS: TestReadWAVRejects/data_longer_than_the_file (0.00s)
=== RUN   TestReadWAVSkipsExtraChunks
--- PASS: TestReadWAVSkipsExtraChunks (0.00s)
=== RUN   TestDecodeWAVMatchesReadWAV
--- PASS: TestDecodeWAVMatchesReadWAV (0.01s)
=== RUN   TestMixdown
--- PASS: TestMixdown (0.00s)
=== RUN   TestResampleLengthsAndConstant
=== RUN   TestResampleLengthsAndConstant/halved_rate
=== RUN   TestResampleLengthsAndConstant/fractional_ratio
=== RUN   TestResampleLengthsAndConstant/zero_source_rate
=== RUN   TestResampleLengthsAndConstant/zero_target_rate
=== RUN   TestResampleLengthsAndConstant/negative_source_rate
=== RUN   TestResampleLengthsAndConstant/empty_input
--- PASS: TestResampleLengthsAndConstant (0.00s)
    --- PASS: TestResampleLengthsAndConstant/halved_rate (0.00s)
    --- PASS: TestResampleLengthsAndConstant/fractional_ratio (0.00s)
    --- PASS: TestResampleLengthsAndConstant/zero_source_rate (0.00s)
    --- PASS: TestResampleLengthsAndConstant/zero_target_rate (0.00s)
    --- PASS: TestResampleLengthsAndConstant/negative_source_rate (0.00s)
    --- PASS: TestResampleLengthsAndConstant/empty_input (0.00s)
=== RUN   TestResampleRejectsInvalidOutputLength
=== RUN   TestResampleRejectsInvalidOutputLength/rounds_to_zero
=== RUN   TestResampleRejectsInvalidOutputLength/overflows_int
--- PASS: TestResampleRejectsInvalidOutputLength (0.00s)
    --- PASS: TestResampleRejectsInvalidOutputLength/rounds_to_zero (0.00s)
    --- PASS: TestResampleRejectsInvalidOutputLength/overflows_int (0.00s)
=== RUN   TestResampleRejectsNonFiniteInput
=== RUN   TestResampleRejectsNonFiniteInput/NaN
=== RUN   TestResampleRejectsNonFiniteInput/positive_infinity
=== RUN   TestResampleRejectsNonFiniteInput/negative_infinity
--- PASS: TestResampleRejectsNonFiniteInput (0.00s)
    --- PASS: TestResampleRejectsNonFiniteInput/NaN (0.00s)
    --- PASS: TestResampleRejectsNonFiniteInput/positive_infinity (0.00s)
    --- PASS: TestResampleRejectsNonFiniteInput/negative_infinity (0.00s)
=== RUN   TestNormalize
=== RUN   TestNormalize/scales_to_the_target_peak
=== RUN   TestNormalize/all-zero_input_is_unchanged
=== RUN   TestNormalize/rejects_peak
=== RUN   TestNormalize/rejects_peak#01
=== RUN   TestNormalize/rejects_peak#02
--- PASS: TestNormalize (0.00s)
    --- PASS: TestNormalize/scales_to_the_target_peak (0.00s)
    --- PASS: TestNormalize/all-zero_input_is_unchanged (0.00s)
    --- PASS: TestNormalize/rejects_peak (0.00s)
    --- PASS: TestNormalize/rejects_peak#01 (0.00s)
    --- PASS: TestNormalize/rejects_peak#02 (0.00s)
=== RUN   TestNormalizeRejectsNonFiniteInputAndOutput
=== RUN   TestNormalizeRejectsNonFiniteInputAndOutput/NaN
=== RUN   TestNormalizeRejectsNonFiniteInputAndOutput/positive_infinity
=== RUN   TestNormalizeRejectsNonFiniteInputAndOutput/negative_infinity
=== RUN   TestNormalizeRejectsNonFiniteInputAndOutput/finite_input_would_overflow_gain
--- PASS: TestNormalizeRejectsNonFiniteInputAndOutput (0.00s)
    --- PASS: TestNormalizeRejectsNonFiniteInputAndOutput/NaN (0.00s)
    --- PASS: TestNormalizeRejectsNonFiniteInputAndOutput/positive_infinity (0.00s)
    --- PASS: TestNormalizeRejectsNonFiniteInputAndOutput/negative_infinity (0.00s)
    --- PASS: TestNormalizeRejectsNonFiniteInputAndOutput/finite_input_would_overflow_gain (0.00s)
=== RUN   TestSTFTPeaksAtTheSineFrequency
    frontend_test.go:76: peak bin = 14 (437.50 Hz) in all 122 frames; frame 0 power: bin 13 = 3178.89, bin 14 = 16249.4, bin 15 = 5141.31
--- PASS: TestSTFTPeaksAtTheSineFrequency (0.04s)
=== RUN   TestSTFTFrameCount
    frontend_test.go:103: frames = 122, bins = 257
--- PASS: TestSTFTFrameCount (0.03s)
=== RUN   TestHannWindowEndpoints
    frontend_test.go:137: sum w = 256, bin 0 power = 65536, (sum w)^2 = 65536, difference = 0
--- PASS: TestHannWindowEndpoints (0.00s)
=== RUN   TestMelFilterbankRowsArePositiveAndCover
--- PASS: TestMelFilterbankRowsArePositiveAndCover (0.00s)
=== RUN   TestLogMelShapeAndDeterminism
    frontend_test.go:228: shape = [122][20], report = {Version:coimnet-logmel/v1 SampleRate:16000 Config:{Window:512 Hop:128 Mels:20 FMin:0 FMax:8000 Floor:1e-10} Frames:122}, frame 0 band 0 = -3.82078
--- PASS: TestLogMelShapeAndDeterminism (0.08s)
=== RUN   TestFrontEndConfigValidate
=== RUN   TestFrontEndConfigValidate/window_not_a_power_of_two
=== RUN   TestFrontEndConfigValidate/hop_zero
=== RUN   TestFrontEndConfigValidate/no_mel_filters
=== RUN   TestFrontEndConfigValidate/fmax_above_nyquist
=== RUN   TestFrontEndConfigValidate/floor_zero
--- PASS: TestFrontEndConfigValidate (0.00s)
    --- PASS: TestFrontEndConfigValidate/window_not_a_power_of_two (0.00s)
    --- PASS: TestFrontEndConfigValidate/hop_zero (0.00s)
    --- PASS: TestFrontEndConfigValidate/no_mel_filters (0.00s)
    --- PASS: TestFrontEndConfigValidate/fmax_above_nyquist (0.00s)
    --- PASS: TestFrontEndConfigValidate/floor_zero (0.00s)
PASS
ok  	github.com/TimLai666/coimnet/tasks/asr/audio	1.589s
exit=0
