=== RUN   TestPPOCollectRecordsReplayAndTimeoutBootstrap
--- PASS: TestPPOCollectRecordsReplayAndTimeoutBootstrap (0.00s)
=== RUN   TestPPOCollectDistinguishesTrueTerminationFromTimeout
--- PASS: TestPPOCollectDistinguishesTrueTerminationFromTimeout (0.00s)
=== RUN   TestPPOCollectSamplesPolicyAndRNGChangesAction
--- PASS: TestPPOCollectSamplesPolicyAndRNGChangesAction (0.01s)
=== RUN   TestPPOCollectRejectsInvalidInputAndUnsupportedMechanism
=== RUN   TestPPOCollectRejectsInvalidInputAndUnsupportedMechanism/nil_context
=== RUN   TestPPOCollectRejectsInvalidInputAndUnsupportedMechanism/nil_individual
=== RUN   TestPPOCollectRejectsInvalidInputAndUnsupportedMechanism/nil_rng
=== RUN   TestPPOCollectRejectsInvalidInputAndUnsupportedMechanism/nonfinite_step_penalty
=== RUN   TestPPOCollectRejectsInvalidInputAndUnsupportedMechanism/nonfinite_goal_reward
--- PASS: TestPPOCollectRejectsInvalidInputAndUnsupportedMechanism (0.00s)
    --- PASS: TestPPOCollectRejectsInvalidInputAndUnsupportedMechanism/nil_context (0.00s)
    --- PASS: TestPPOCollectRejectsInvalidInputAndUnsupportedMechanism/nil_individual (0.00s)
    --- PASS: TestPPOCollectRejectsInvalidInputAndUnsupportedMechanism/nil_rng (0.00s)
    --- PASS: TestPPOCollectRejectsInvalidInputAndUnsupportedMechanism/nonfinite_step_penalty (0.00s)
    --- PASS: TestPPOCollectRejectsInvalidInputAndUnsupportedMechanism/nonfinite_goal_reward (0.00s)
=== RUN   TestPPOCollectResetsOnlyTheEpisodeCopy
--- PASS: TestPPOCollectResetsOnlyTheEpisodeCopy (0.00s)
=== RUN   TestPPOTrainingFeedbackEvidence
    ppo_training_feedback_evidence_test.go:77: COIMNET_PPO_TRAINING_FEEDBACK_EVIDENCE is not set
--- SKIP: TestPPOTrainingFeedbackEvidence (0.00s)
=== RUN   TestPPOTrainingFeedbackReplay
--- PASS: TestPPOTrainingFeedbackReplay (0.00s)
PASS
ok  	github.com/TimLai666/coimnet/experiment	1.637s
