ok  	github.com/TimLai666/coimnet	6.502s
ok  	github.com/TimLai666/coimnet/backend	1.263s
ok  	github.com/TimLai666/coimnet/backend/webgpu	1.404s
ok  	github.com/TimLai666/coimnet/checkpoint	11.092s
?   	github.com/TimLai666/coimnet/cmd/coimnet	[no test files]
ok  	github.com/TimLai666/coimnet/config	1.457s
ok  	github.com/TimLai666/coimnet/connectome	2.320s
ok  	github.com/TimLai666/coimnet/connectome/flywire	1.370s
ok  	github.com/TimLai666/coimnet/distill	1.456s
ok  	github.com/TimLai666/coimnet/download	1.738s
ok  	github.com/TimLai666/coimnet/dynamics	2.245s
ok  	github.com/TimLai666/coimnet/examples/lifthreshold	1.779s
ok  	github.com/TimLai666/coimnet/examples/multichannel	1.413s
ok  	github.com/TimLai666/coimnet/examples/realasr	1.427s
ok  	github.com/TimLai666/coimnet/examples/realmedia	4.108s
ok  	github.com/TimLai666/coimnet/examples/realnav	2.917s
ok  	github.com/TimLai666/coimnet/examples/realnavmemory	2.193s
ok  	github.com/TimLai666/coimnet/examples/realocr	1.428s
ok  	github.com/TimLai666/coimnet/examples/realsubgraph	1.689s
ok  	github.com/TimLai666/coimnet/examples/realtext	115.553s
ok  	github.com/TimLai666/coimnet/experiment	1025.051s
ok  	github.com/TimLai666/coimnet/experiment/fullgraph	3.456s
ok  	github.com/TimLai666/coimnet/experiment/gridnav	1.277s
ok  	github.com/TimLai666/coimnet/experiment/multimodaleval	959.624s
ok  	github.com/TimLai666/coimnet/experiment/nav2d	1.300s
ok  	github.com/TimLai666/coimnet/experiment/studenteval	2.518s
ok  	github.com/TimLai666/coimnet/feather	1.382s
ok  	github.com/TimLai666/coimnet/internal/cli	744.000s
ok  	github.com/TimLai666/coimnet/internal/delayedfixture	1.549s
ok  	github.com/TimLai666/coimnet/internal/extsort	1.573s
ok  	github.com/TimLai666/coimnet/internal/fileio	1.275s
ok  	github.com/TimLai666/coimnet/internal/jsonkey	1.262s
ok  	github.com/TimLai666/coimnet/internal/redact	1.281s
ok  	github.com/TimLai666/coimnet/internal/sparse	1.265s
ok  	github.com/TimLai666/coimnet/internal/strictjson	1.266s
ok  	github.com/TimLai666/coimnet/learning	4.581s
ok  	github.com/TimLai666/coimnet/learning/rl	1.997s
ok  	github.com/TimLai666/coimnet/modulation	1.578s
ok  	github.com/TimLai666/coimnet/multimodal	1.263s
ok  	github.com/TimLai666/coimnet/multimodal/synthetic	1.268s
ok  	github.com/TimLai666/coimnet/params	2.306s
ok  	github.com/TimLai666/coimnet/plasticity	1.261s
ok  	github.com/TimLai666/coimnet/replay	1.264s
ok  	github.com/TimLai666/coimnet/resources	1.269s
ok  	github.com/TimLai666/coimnet/signal	1.565s
ok  	github.com/TimLai666/coimnet/simulate	3.830s
ok  	github.com/TimLai666/coimnet/tasks/asr	212.523s
ok  	github.com/TimLai666/coimnet/tasks/asr/audio	2.102s
ok  	github.com/TimLai666/coimnet/tasks/media	701.168s
ok  	github.com/TimLai666/coimnet/tasks/media/realdata	2.154s
ok  	github.com/TimLai666/coimnet/tasks/nav2d/trajectory	1.293s
ok  	github.com/TimLai666/coimnet/tasks/ocr	7.490s
ok  	github.com/TimLai666/coimnet/tasks/ocr/ctc	1.256s
ok  	github.com/TimLai666/coimnet/tasks/ocr/glyphs	1.259s
ok  	github.com/TimLai666/coimnet/tasks/textgen	1200.064s
ok  	github.com/TimLai666/coimnet/tasks/textgen/tokenizer	1.360s
ok  	github.com/TimLai666/coimnet/teacher	1.898s
ok  	github.com/TimLai666/coimnet/teacher/tool	1.295s
