{
  "schema_version": "coimnet-nav2d/v1",
  "task": "avoid_obstacles",
  "config": {
    "env": {
      "width": 9,
      "height": 9,
      "wall_density": 0.2,
      "view_depth": 3,
      "time_limit": 60,
      "step_penalty": 0.01,
      "collision_penalty": 0.05,
      "goal_reward": 1,
      "task": "avoid_obstacles"
    },
    "seeds": [
      7
    ],
    "episodes": 1,
    "hidden": 4,
    "recurrent": 1,
    "learning_rate": 0.05,
    "eval_episodes": 1,
    "policies": [
      "recurrent",
      "random"
    ]
  },
  "config_hash": "d5f2ba5cab76da4a3cbfe9c1c592af818e3eb7f5efe7efbc4ab44508f5dd921a",
  "runs": [
    {
      "policy": "recurrent",
      "seed": 7,
      "parameters": 2068,
      "edges": 340,
      "updates": 1,
      "before": {
        "episodes": 1,
        "success_rate": 0,
        "timeout_rate": 1,
        "mean_steps": 60,
        "mean_collisions": 56,
        "mean_return": -3.4000000000000026,
        "expert_agreement": 0.05
      },
      "seen": {
        "episodes": 1,
        "success_rate": 0,
        "timeout_rate": 1,
        "mean_steps": 60,
        "mean_collisions": 56,
        "mean_return": -3.4000000000000026,
        "expert_agreement": 0.05
      },
      "unseen": {
        "episodes": 1,
        "success_rate": 0,
        "timeout_rate": 1,
        "mean_steps": 60,
        "mean_collisions": 60,
        "mean_return": -3.6000000000000028,
        "expert_agreement": 0
      },
      "failed": false
    },
    {
      "policy": "random",
      "seed": 7,
      "parameters": 0,
      "edges": 0,
      "updates": 0,
      "before": {
        "episodes": 1,
        "success_rate": 0,
        "timeout_rate": 1,
        "mean_steps": 60,
        "mean_collisions": 11,
        "mean_return": -1.1500000000000006,
        "expert_agreement": 0.26666666666666666
      },
      "seen": {
        "episodes": 1,
        "success_rate": 0,
        "timeout_rate": 1,
        "mean_steps": 60,
        "mean_collisions": 1,
        "mean_return": -0.6500000000000004,
        "expert_agreement": 0.4
      },
      "unseen": {
        "episodes": 1,
        "success_rate": 0,
        "timeout_rate": 1,
        "mean_steps": 60,
        "mean_collisions": 7,
        "mean_return": -0.9500000000000006,
        "expert_agreement": 0.25
      },
      "failed": false
    }
  ],
  "assumptions": [
    "Imitation targets come from a BFS expert that sees the whole map; the policy sees only the view cone, heading, collision flag, elapsed time, token, rule-change flag and cue. After a warm start on demonstrations, half of the training episodes are the policy's own rollouts labelled by the expert (DAgger); at evaluation the expert only scores.",
    "Seen maps are training map seeds; unseen maps are even seeds that training never draws.",
    "The rewired control keeps parameter count, update budget and every node's recurrent in/out degree; it tests whether this particular wiring matters, not the fly connectome."
  ]
}
