ok  	github.com/TimLai666/coimnet	50.424s
ok  	github.com/TimLai666/coimnet/backend	1.293s
ok  	github.com/TimLai666/coimnet/backend/webgpu	1.868s
ok  	github.com/TimLai666/coimnet/checkpoint	19.668s
?   	github.com/TimLai666/coimnet/cmd/coimnet	[no test files]
ok  	github.com/TimLai666/coimnet/config	1.590s
ok  	github.com/TimLai666/coimnet/connectome	4.417s
ok  	github.com/TimLai666/coimnet/connectome/flywire	1.425s
ok  	github.com/TimLai666/coimnet/distill	1.697s
ok  	github.com/TimLai666/coimnet/download	1.990s
ok  	github.com/TimLai666/coimnet/dynamics	8.019s
ok  	github.com/TimLai666/coimnet/examples/lifthreshold	2.361s
ok  	github.com/TimLai666/coimnet/examples/multichannel	1.516s
ok  	github.com/TimLai666/coimnet/examples/realasr	1.622s
ok  	github.com/TimLai666/coimnet/examples/realmedia	11.816s
ok  	github.com/TimLai666/coimnet/examples/realnav	4.962s
ok  	github.com/TimLai666/coimnet/examples/realnavmemory	5.477s
ok  	github.com/TimLai666/coimnet/examples/realocr	1.543s
ok  	github.com/TimLai666/coimnet/examples/realsubgraph	2.856s
ok  	github.com/TimLai666/coimnet/examples/realtext	299.892s
ok  	github.com/TimLai666/coimnet/experiment	1702.327s
ok  	github.com/TimLai666/coimnet/experiment/fullgraph	3.441s
ok  	github.com/TimLai666/coimnet/experiment/gridnav	1.305s
ok  	github.com/TimLai666/coimnet/experiment/multimodaleval	1496.240s
ok  	github.com/TimLai666/coimnet/experiment/nav2d	1.275s
ok  	github.com/TimLai666/coimnet/experiment/studenteval	3.360s
ok  	github.com/TimLai666/coimnet/feather	1.408s
ok  	github.com/TimLai666/coimnet/internal/cli	1049.319s
ok  	github.com/TimLai666/coimnet/internal/delayedfixture	1.494s
ok  	github.com/TimLai666/coimnet/internal/extsort	1.561s
ok  	github.com/TimLai666/coimnet/internal/fileio	1.278s
ok  	github.com/TimLai666/coimnet/internal/jsonkey	1.259s
ok  	github.com/TimLai666/coimnet/internal/redact	1.279s
ok  	github.com/TimLai666/coimnet/internal/sparse	1.274s
ok  	github.com/TimLai666/coimnet/internal/strictjson	1.298s
ok  	github.com/TimLai666/coimnet/learning	12.022s
ok  	github.com/TimLai666/coimnet/learning/rl	6.470s
ok  	github.com/TimLai666/coimnet/modulation	2.217s
ok  	github.com/TimLai666/coimnet/multimodal	1.264s
ok  	github.com/TimLai666/coimnet/multimodal/synthetic	1.286s
ok  	github.com/TimLai666/coimnet/params	4.341s
ok  	github.com/TimLai666/coimnet/plasticity	1.268s
ok  	github.com/TimLai666/coimnet/replay	1.276s
ok  	github.com/TimLai666/coimnet/resources	1.273s
ok  	github.com/TimLai666/coimnet/signal	3.081s
ok  	github.com/TimLai666/coimnet/simulate	5.342s
ok  	github.com/TimLai666/coimnet/tasks/asr	196.880s
ok  	github.com/TimLai666/coimnet/tasks/asr/audio	2.188s
ok  	github.com/TimLai666/coimnet/tasks/media	1242.817s
ok  	github.com/TimLai666/coimnet/tasks/media/realdata	3.284s
ok  	github.com/TimLai666/coimnet/tasks/nav2d/trajectory	1.322s
ok  	github.com/TimLai666/coimnet/tasks/ocr	41.829s
ok  	github.com/TimLai666/coimnet/tasks/ocr/ctc	1.270s
ok  	github.com/TimLai666/coimnet/tasks/ocr/glyphs	1.257s
ok  	github.com/TimLai666/coimnet/tasks/textgen	1673.387s
ok  	github.com/TimLai666/coimnet/tasks/textgen/tokenizer	1.339s
ok  	github.com/TimLai666/coimnet/teacher	1.756s
ok  	github.com/TimLai666/coimnet/teacher/tool	1.278s
