=== RUN   TestNav2DEffectiveConfigReport
    nav2d_effective_config_test.go:56: reported env/task = {Width:0 Height:0 WallDensity:0 ViewDepth:0 TimeLimit:0 StepPenalty:0 CollisionPenalty:0 GoalReward:0 Task:}/avoid_obstacles, want {Width:9 Height:9 WallDensity:0.2 ViewDepth:3 TimeLimit:60 StepPenalty:0.01 CollisionPenalty:0.05 GoalReward:1 Task:avoid_obstacles}
    nav2d_effective_config_test.go:68: implicit and explicit defaults produced different reports
=== RUN   TestNav2DEffectiveConfigReport/errors
--- FAIL: TestNav2DEffectiveConfigReport (0.12s)
    --- PASS: TestNav2DEffectiveConfigReport/errors (0.00s)
=== RUN   TestNav2DSuiteEffectiveConfigReport
    nav2d_effective_config_test.go:129: task 0 env = {Width:0 Height:0 WallDensity:0 ViewDepth:0 TimeLimit:0 StepPenalty:0 CollisionPenalty:0 GoalReward:0 Task:remember_goal}
    nav2d_effective_config_test.go:129: task 1 env = {Width:0 Height:0 WallDensity:0 ViewDepth:0 TimeLimit:0 StepPenalty:0 CollisionPenalty:0 GoalReward:0 Task:avoid_obstacles}
    nav2d_effective_config_test.go:129: task 2 env = {Width:0 Height:0 WallDensity:0 ViewDepth:0 TimeLimit:0 StepPenalty:0 CollisionPenalty:0 GoalReward:0 Task:adapt_after_change}
    nav2d_effective_config_test.go:129: task 3 env = {Width:0 Height:0 WallDensity:0 ViewDepth:0 TimeLimit:0 StepPenalty:0 CollisionPenalty:0 GoalReward:0 Task:language_goal}
    nav2d_effective_config_test.go:144: suite defaults differ from explicit values
--- FAIL: TestNav2DSuiteEffectiveConfigReport (0.00s)
=== RUN   TestAttributionEffectiveConfigReport
    nav2d_effective_config_test.go:156: env = {Width:0 Height:0 WallDensity:0 ViewDepth:0 TimeLimit:0 StepPenalty:0 CollisionPenalty:0 GoalReward:0 Task:avoid_obstacles}, want {Width:9 Height:9 WallDensity:0.2 ViewDepth:3 TimeLimit:60 StepPenalty:0.01 CollisionPenalty:0.05 GoalReward:1 Task:avoid_obstacles}
    nav2d_effective_config_test.go:168: attribution default reports differ
=== RUN   TestAttributionEffectiveConfigReport/errors
--- FAIL: TestAttributionEffectiveConfigReport (0.73s)
    --- PASS: TestAttributionEffectiveConfigReport/errors (0.00s)
FAIL
FAIL	github.com/TimLai666/coimnet/experiment	1.275s
FAIL
