=== RUN   TestEnvironmentEffectiveConfig
=== RUN   TestEnvironmentEffectiveConfig/defaults
=== RUN   TestEnvironmentEffectiveConfig/partial
=== RUN   TestEnvironmentEffectiveConfig/explicit
--- PASS: TestEnvironmentEffectiveConfig (0.00s)
    --- PASS: TestEnvironmentEffectiveConfig/defaults (0.00s)
    --- PASS: TestEnvironmentEffectiveConfig/partial (0.00s)
    --- PASS: TestEnvironmentEffectiveConfig/explicit (0.00s)
=== RUN   TestEnvironmentEffectiveConfigRejects
--- PASS: TestEnvironmentEffectiveConfigRejects (0.00s)
PASS
ok  	github.com/TimLai666/coimnet/experiment/nav2d	0.411s
=== RUN   TestNav2DEffectiveConfigReport
=== RUN   TestNav2DEffectiveConfigReport/errors
--- PASS: TestNav2DEffectiveConfigReport (0.12s)
    --- PASS: TestNav2DEffectiveConfigReport/errors (0.00s)
=== RUN   TestNav2DSuiteEffectiveConfigReport
--- PASS: TestNav2DSuiteEffectiveConfigReport (0.00s)
=== RUN   TestAttributionEffectiveConfigReport
=== RUN   TestAttributionEffectiveConfigReport/errors
--- PASS: TestAttributionEffectiveConfigReport (0.72s)
    --- PASS: TestAttributionEffectiveConfigReport/errors (0.00s)
PASS
ok  	github.com/TimLai666/coimnet/experiment	1.220s
=== RUN   TestExamplesEffectiveConfigReports
=== RUN   TestExamplesEffectiveConfigReports/single
=== RUN   TestExamplesEffectiveConfigReports/suite
=== RUN   TestExamplesEffectiveConfigReports/attribution
--- PASS: TestExamplesEffectiveConfigReports (0.21s)
    --- PASS: TestExamplesEffectiveConfigReports/single (0.00s)
    --- PASS: TestExamplesEffectiveConfigReports/suite (0.01s)
    --- PASS: TestExamplesEffectiveConfigReports/attribution (0.19s)
PASS
ok  	github.com/TimLai666/coimnet/internal/cli	0.591s
