2026/09/25 00:31:16 [insyra - Info] Welcome to Insyra Huashan(v0.3.2)!!
Official website: https://insyra.hazelnut-paradise.com

realmedia report: /Users/timlai/Developer/coimnet-runs/TSK-11/real-media-20260925-root-4/report.json
report SHA-256: ea498c2fee005c1794ead942a595449b5481dc275b741f568764d75ed90b76c0
        2.15 real         2.00 user         0.33 sys
           117506048  maximum resident set size
                   0  average shared memory size
                   0  average unshared data size
                   0  average unshared stack size
               34436  page reclaims
                1017  page faults
                   0  swaps
                   0  block input operations
                   0  block output operations
                   0  messages sent
                   0  messages received
                1443  signals received
                 699  voluntary context switches
               25551  involuntary context switches
         12127916023  instructions retired
          3278052460  cycles elapsed
            32817800  peak memory footprint
