2026/09/25 00:14:28 [insyra - Info] Welcome to Insyra Huashan(v0.3.2)!!
Official website: https://insyra.hazelnut-paradise.com

realmedia report: /Users/timlai/Developer/coimnet-runs/TSK-11/real-media-20260925-root-1/report.json
report SHA-256: 864ae96a3289cad67604f18175fc4e188278fe4c6527f621beddc2ebf7ca2a77
        1.95 real         2.52 user         0.38 sys
           118718464  maximum resident set size
                   0  average shared memory size
                   0  average unshared data size
                   0  average unshared stack size
               33955  page reclaims
                1862  page faults
                   0  swaps
                   0  block input operations
                   0  block output operations
                   0  messages sent
                   0  messages received
                1098  signals received
                 458  voluntary context switches
               26310  involuntary context switches
         12058746885  instructions retired
          3812904743  cycles elapsed
            34112160  peak memory footprint
