=== RUN   TestNoTelemetry
--- PASS: TestNoTelemetry (18.93s)
=== RUN   TestNoTelemetryProjectTempBoundary
=== RUN   TestNoTelemetryProjectTempBoundary/project-temp
=== RUN   TestNoTelemetryProjectTempBoundary/production-source
=== RUN   TestNoTelemetryProjectTempBoundary/nested-temp-name
=== RUN   TestNoTelemetryProjectTempBoundary/run-outside-temp
=== RUN   TestNoTelemetryProjectTempBoundary/temp-name-file
=== RUN   TestNoTelemetryProjectTempBoundary/test-source
=== RUN   TestNoTelemetryProjectTempBoundary/git-internals
--- PASS: TestNoTelemetryProjectTempBoundary (6.10s)
    --- PASS: TestNoTelemetryProjectTempBoundary/project-temp (0.84s)
    --- PASS: TestNoTelemetryProjectTempBoundary/production-source (0.76s)
    --- PASS: TestNoTelemetryProjectTempBoundary/nested-temp-name (1.16s)
    --- PASS: TestNoTelemetryProjectTempBoundary/run-outside-temp (0.71s)
    --- PASS: TestNoTelemetryProjectTempBoundary/temp-name-file (0.90s)
    --- PASS: TestNoTelemetryProjectTempBoundary/test-source (0.86s)
    --- PASS: TestNoTelemetryProjectTempBoundary/git-internals (0.88s)
=== RUN   TestNoTelemetrySourceErrorsRemainVisible
--- PASS: TestNoTelemetrySourceErrorsRemainVisible (0.43s)
PASS
ok  	github.com/TimLai666/coimnet	34.228s
