=== RUN   TestNoTelemetry
--- PASS: TestNoTelemetry (26.14s)
=== RUN   TestNoTelemetryProjectTempBoundary
=== RUN   TestNoTelemetryProjectTempBoundary/project-temp
=== RUN   TestNoTelemetryProjectTempBoundary/production-source
=== RUN   TestNoTelemetryProjectTempBoundary/nested-temp-name
=== RUN   TestNoTelemetryProjectTempBoundary/run-outside-temp
=== RUN   TestNoTelemetryProjectTempBoundary/test-source
=== RUN   TestNoTelemetryProjectTempBoundary/git-internals
--- PASS: TestNoTelemetryProjectTempBoundary (5.10s)
    --- PASS: TestNoTelemetryProjectTempBoundary/project-temp (1.38s)
    --- PASS: TestNoTelemetryProjectTempBoundary/production-source (1.15s)
    --- PASS: TestNoTelemetryProjectTempBoundary/nested-temp-name (1.17s)
    --- PASS: TestNoTelemetryProjectTempBoundary/run-outside-temp (0.51s)
    --- PASS: TestNoTelemetryProjectTempBoundary/test-source (0.49s)
    --- PASS: TestNoTelemetryProjectTempBoundary/git-internals (0.40s)
=== RUN   TestNoTelemetrySourceErrorsRemainVisible
--- PASS: TestNoTelemetrySourceErrorsRemainVisible (0.28s)
PASS
ok  	github.com/TimLai666/coimnet	39.704s
