TestBioInspiredValidateFiniteNPFFields
TestBioInspiredRunFiniteNPFFieldsReturnZeroReport
TestBioInspiredValidateFiniteEcdysoneFieldsRemainStrict
TestBioInspiredRunFiniteEcdysoneFieldsReturnZeroReport
TestBioInspiredValidateFiniteBoundaries
TestBioInspiredRunFiniteLegalReportJSON
TestBioInspiredFiniteErrorPrecedence
TestBioInspiredRunFiniteContextBehavior
TestNPFSuppressionLowersScoreAndRecovers
TestNPFIsDeterministic
TestNPFHonoursCancellation
TestNPFReportRoundTrips
TestBioInspiredOwnershipCallerMutationIsolation
TestBioInspiredOwnershipReportMutationIsolation
TestBioInspiredOwnershipConfigHashAndNilEmptyPreservation
TestBioInspiredOwnershipControls
TestEcdysoneInspiredCurveHasOnePointPerPulseStep
TestEcdysoneInspiredIsDeterministic
TestEcdysoneInspiredRejectsPulseOutsideEpisode
TestEcdysoneInspiredHonoursCancellation
TestBioInspiredValidateAcceptsBothProtocols
TestBioInspiredValidateRejects
TestRunBioInspiredRunsBothProtocols
TestBioInspiredReportJSONShape
ok  	github.com/TimLai666/coimnet/experiment	7.406s
