=== RUN   TestBioInspiredValidateFiniteNPFFields
=== RUN   TestBioInspiredValidateFiniteNPFFields/suppressed/nan
=== RUN   TestBioInspiredValidateFiniteNPFFields/suppressed/negative_infinity
=== RUN   TestBioInspiredValidateFiniteNPFFields/suppressed/positive_infinity
=== RUN   TestBioInspiredValidateFiniteNPFFields/suppressed/negative_finite
=== RUN   TestBioInspiredValidateFiniteNPFFields/suppressed/zero
=== RUN   TestBioInspiredValidateFiniteNPFFields/suppressed/one
=== RUN   TestBioInspiredValidateFiniteNPFFields/suppressed/above_one
=== RUN   TestBioInspiredValidateFiniteNPFFields/tolerance/nan
=== RUN   TestBioInspiredValidateFiniteNPFFields/tolerance/negative_infinity
=== RUN   TestBioInspiredValidateFiniteNPFFields/tolerance/positive_infinity
=== RUN   TestBioInspiredValidateFiniteNPFFields/tolerance/negative_finite
=== RUN   TestBioInspiredValidateFiniteNPFFields/tolerance/zero
--- PASS: TestBioInspiredValidateFiniteNPFFields (0.00s)
    --- PASS: TestBioInspiredValidateFiniteNPFFields/suppressed/nan (0.00s)
    --- PASS: TestBioInspiredValidateFiniteNPFFields/suppressed/negative_infinity (0.00s)
    --- PASS: TestBioInspiredValidateFiniteNPFFields/suppressed/positive_infinity (0.00s)
    --- PASS: TestBioInspiredValidateFiniteNPFFields/suppressed/negative_finite (0.00s)
    --- PASS: TestBioInspiredValidateFiniteNPFFields/suppressed/zero (0.00s)
    --- PASS: TestBioInspiredValidateFiniteNPFFields/suppressed/one (0.00s)
    --- PASS: TestBioInspiredValidateFiniteNPFFields/suppressed/above_one (0.00s)
    --- PASS: TestBioInspiredValidateFiniteNPFFields/tolerance/nan (0.00s)
    --- PASS: TestBioInspiredValidateFiniteNPFFields/tolerance/negative_infinity (0.00s)
    --- PASS: TestBioInspiredValidateFiniteNPFFields/tolerance/positive_infinity (0.00s)
    --- PASS: TestBioInspiredValidateFiniteNPFFields/tolerance/negative_finite (0.00s)
    --- PASS: TestBioInspiredValidateFiniteNPFFields/tolerance/zero (0.00s)
=== RUN   TestBioInspiredRunFiniteNPFFieldsReturnZeroReport
=== RUN   TestBioInspiredRunFiniteNPFFieldsReturnZeroReport/suppressed/nan
=== RUN   TestBioInspiredRunFiniteNPFFieldsReturnZeroReport/suppressed/negative_infinity
=== RUN   TestBioInspiredRunFiniteNPFFieldsReturnZeroReport/suppressed/positive_infinity
=== RUN   TestBioInspiredRunFiniteNPFFieldsReturnZeroReport/suppressed/negative_finite
=== RUN   TestBioInspiredRunFiniteNPFFieldsReturnZeroReport/suppressed/zero
=== RUN   TestBioInspiredRunFiniteNPFFieldsReturnZeroReport/suppressed/one
=== RUN   TestBioInspiredRunFiniteNPFFieldsReturnZeroReport/suppressed/above_one
=== RUN   TestBioInspiredRunFiniteNPFFieldsReturnZeroReport/tolerance/nan
=== RUN   TestBioInspiredRunFiniteNPFFieldsReturnZeroReport/tolerance/negative_infinity
=== RUN   TestBioInspiredRunFiniteNPFFieldsReturnZeroReport/tolerance/positive_infinity
=== RUN   TestBioInspiredRunFiniteNPFFieldsReturnZeroReport/tolerance/negative_finite
=== RUN   TestBioInspiredRunFiniteNPFFieldsReturnZeroReport/tolerance/zero
--- PASS: TestBioInspiredRunFiniteNPFFieldsReturnZeroReport (0.00s)
    --- PASS: TestBioInspiredRunFiniteNPFFieldsReturnZeroReport/suppressed/nan (0.00s)
    --- PASS: TestBioInspiredRunFiniteNPFFieldsReturnZeroReport/suppressed/negative_infinity (0.00s)
    --- PASS: TestBioInspiredRunFiniteNPFFieldsReturnZeroReport/suppressed/positive_infinity (0.00s)
    --- PASS: TestBioInspiredRunFiniteNPFFieldsReturnZeroReport/suppressed/negative_finite (0.00s)
    --- PASS: TestBioInspiredRunFiniteNPFFieldsReturnZeroReport/suppressed/zero (0.00s)
    --- PASS: TestBioInspiredRunFiniteNPFFieldsReturnZeroReport/suppressed/one (0.00s)
    --- PASS: TestBioInspiredRunFiniteNPFFieldsReturnZeroReport/suppressed/above_one (0.00s)
    --- PASS: TestBioInspiredRunFiniteNPFFieldsReturnZeroReport/tolerance/nan (0.00s)
    --- PASS: TestBioInspiredRunFiniteNPFFieldsReturnZeroReport/tolerance/negative_infinity (0.00s)
    --- PASS: TestBioInspiredRunFiniteNPFFieldsReturnZeroReport/tolerance/positive_infinity (0.00s)
    --- PASS: TestBioInspiredRunFiniteNPFFieldsReturnZeroReport/tolerance/negative_finite (0.00s)
    --- PASS: TestBioInspiredRunFiniteNPFFieldsReturnZeroReport/tolerance/zero (0.00s)
=== RUN   TestBioInspiredValidateFiniteEcdysoneFieldsRemainStrict
=== RUN   TestBioInspiredValidateFiniteEcdysoneFieldsRemainStrict/suppressed/nan
=== RUN   TestBioInspiredValidateFiniteEcdysoneFieldsRemainStrict/tolerance/nan
=== RUN   TestBioInspiredValidateFiniteEcdysoneFieldsRemainStrict/suppressed/negative_infinity
=== RUN   TestBioInspiredValidateFiniteEcdysoneFieldsRemainStrict/tolerance/negative_infinity
=== RUN   TestBioInspiredValidateFiniteEcdysoneFieldsRemainStrict/suppressed/positive_infinity
=== RUN   TestBioInspiredValidateFiniteEcdysoneFieldsRemainStrict/tolerance/positive_infinity
=== RUN   TestBioInspiredValidateFiniteEcdysoneFieldsRemainStrict/suppressed/negative_finite
=== RUN   TestBioInspiredValidateFiniteEcdysoneFieldsRemainStrict/tolerance/negative_finite
=== RUN   TestBioInspiredValidateFiniteEcdysoneFieldsRemainStrict/suppressed/smallest_positive
=== RUN   TestBioInspiredValidateFiniteEcdysoneFieldsRemainStrict/tolerance/smallest_positive
=== RUN   TestBioInspiredValidateFiniteEcdysoneFieldsRemainStrict/suppressed/positive_finite
=== RUN   TestBioInspiredValidateFiniteEcdysoneFieldsRemainStrict/tolerance/positive_finite
=== RUN   TestBioInspiredValidateFiniteEcdysoneFieldsRemainStrict/suppressed/largest_finite
=== RUN   TestBioInspiredValidateFiniteEcdysoneFieldsRemainStrict/tolerance/largest_finite
--- PASS: TestBioInspiredValidateFiniteEcdysoneFieldsRemainStrict (0.00s)
    --- PASS: TestBioInspiredValidateFiniteEcdysoneFieldsRemainStrict/suppressed/nan (0.00s)
    --- PASS: TestBioInspiredValidateFiniteEcdysoneFieldsRemainStrict/tolerance/nan (0.00s)
    --- PASS: TestBioInspiredValidateFiniteEcdysoneFieldsRemainStrict/suppressed/negative_infinity (0.00s)
    --- PASS: TestBioInspiredValidateFiniteEcdysoneFieldsRemainStrict/tolerance/negative_infinity (0.00s)
    --- PASS: TestBioInspiredValidateFiniteEcdysoneFieldsRemainStrict/suppressed/positive_infinity (0.00s)
    --- PASS: TestBioInspiredValidateFiniteEcdysoneFieldsRemainStrict/tolerance/positive_infinity (0.00s)
    --- PASS: TestBioInspiredValidateFiniteEcdysoneFieldsRemainStrict/suppressed/negative_finite (0.00s)
    --- PASS: TestBioInspiredValidateFiniteEcdysoneFieldsRemainStrict/tolerance/negative_finite (0.00s)
    --- PASS: TestBioInspiredValidateFiniteEcdysoneFieldsRemainStrict/suppressed/smallest_positive (0.00s)
    --- PASS: TestBioInspiredValidateFiniteEcdysoneFieldsRemainStrict/tolerance/smallest_positive (0.00s)
    --- PASS: TestBioInspiredValidateFiniteEcdysoneFieldsRemainStrict/suppressed/positive_finite (0.00s)
    --- PASS: TestBioInspiredValidateFiniteEcdysoneFieldsRemainStrict/tolerance/positive_finite (0.00s)
    --- PASS: TestBioInspiredValidateFiniteEcdysoneFieldsRemainStrict/suppressed/largest_finite (0.00s)
    --- PASS: TestBioInspiredValidateFiniteEcdysoneFieldsRemainStrict/tolerance/largest_finite (0.00s)
=== RUN   TestBioInspiredRunFiniteEcdysoneFieldsReturnZeroReport
=== RUN   TestBioInspiredRunFiniteEcdysoneFieldsReturnZeroReport/suppressed/nan
=== RUN   TestBioInspiredRunFiniteEcdysoneFieldsReturnZeroReport/tolerance/nan
=== RUN   TestBioInspiredRunFiniteEcdysoneFieldsReturnZeroReport/suppressed/negative_infinity
=== RUN   TestBioInspiredRunFiniteEcdysoneFieldsReturnZeroReport/tolerance/negative_infinity
=== RUN   TestBioInspiredRunFiniteEcdysoneFieldsReturnZeroReport/suppressed/positive_infinity
=== RUN   TestBioInspiredRunFiniteEcdysoneFieldsReturnZeroReport/tolerance/positive_infinity
=== RUN   TestBioInspiredRunFiniteEcdysoneFieldsReturnZeroReport/suppressed/negative_finite
=== RUN   TestBioInspiredRunFiniteEcdysoneFieldsReturnZeroReport/tolerance/negative_finite
=== RUN   TestBioInspiredRunFiniteEcdysoneFieldsReturnZeroReport/suppressed/smallest_positive
=== RUN   TestBioInspiredRunFiniteEcdysoneFieldsReturnZeroReport/tolerance/smallest_positive
=== RUN   TestBioInspiredRunFiniteEcdysoneFieldsReturnZeroReport/suppressed/positive_finite
=== RUN   TestBioInspiredRunFiniteEcdysoneFieldsReturnZeroReport/tolerance/positive_finite
=== RUN   TestBioInspiredRunFiniteEcdysoneFieldsReturnZeroReport/suppressed/largest_finite
=== RUN   TestBioInspiredRunFiniteEcdysoneFieldsReturnZeroReport/tolerance/largest_finite
--- PASS: TestBioInspiredRunFiniteEcdysoneFieldsReturnZeroReport (0.00s)
    --- PASS: TestBioInspiredRunFiniteEcdysoneFieldsReturnZeroReport/suppressed/nan (0.00s)
    --- PASS: TestBioInspiredRunFiniteEcdysoneFieldsReturnZeroReport/tolerance/nan (0.00s)
    --- PASS: TestBioInspiredRunFiniteEcdysoneFieldsReturnZeroReport/suppressed/negative_infinity (0.00s)
    --- PASS: TestBioInspiredRunFiniteEcdysoneFieldsReturnZeroReport/tolerance/negative_infinity (0.00s)
    --- PASS: TestBioInspiredRunFiniteEcdysoneFieldsReturnZeroReport/suppressed/positive_infinity (0.00s)
    --- PASS: TestBioInspiredRunFiniteEcdysoneFieldsReturnZeroReport/tolerance/positive_infinity (0.00s)
    --- PASS: TestBioInspiredRunFiniteEcdysoneFieldsReturnZeroReport/suppressed/negative_finite (0.00s)
    --- PASS: TestBioInspiredRunFiniteEcdysoneFieldsReturnZeroReport/tolerance/negative_finite (0.00s)
    --- PASS: TestBioInspiredRunFiniteEcdysoneFieldsReturnZeroReport/suppressed/smallest_positive (0.00s)
    --- PASS: TestBioInspiredRunFiniteEcdysoneFieldsReturnZeroReport/tolerance/smallest_positive (0.00s)
    --- PASS: TestBioInspiredRunFiniteEcdysoneFieldsReturnZeroReport/suppressed/positive_finite (0.00s)
    --- PASS: TestBioInspiredRunFiniteEcdysoneFieldsReturnZeroReport/tolerance/positive_finite (0.00s)
    --- PASS: TestBioInspiredRunFiniteEcdysoneFieldsReturnZeroReport/suppressed/largest_finite (0.00s)
    --- PASS: TestBioInspiredRunFiniteEcdysoneFieldsReturnZeroReport/tolerance/largest_finite (0.00s)
=== RUN   TestBioInspiredValidateFiniteBoundaries
=== RUN   TestBioInspiredValidateFiniteBoundaries/smallest_positive_suppressed
=== RUN   TestBioInspiredValidateFiniteBoundaries/largest_value_below_one_suppressed
=== RUN   TestBioInspiredValidateFiniteBoundaries/smallest_positive_tolerance
=== RUN   TestBioInspiredValidateFiniteBoundaries/largest_finite_tolerance
--- PASS: TestBioInspiredValidateFiniteBoundaries (0.00s)
    --- PASS: TestBioInspiredValidateFiniteBoundaries/smallest_positive_suppressed (0.00s)
    --- PASS: TestBioInspiredValidateFiniteBoundaries/largest_value_below_one_suppressed (0.00s)
    --- PASS: TestBioInspiredValidateFiniteBoundaries/smallest_positive_tolerance (0.00s)
    --- PASS: TestBioInspiredValidateFiniteBoundaries/largest_finite_tolerance (0.00s)
=== RUN   TestBioInspiredRunFiniteLegalReportJSON
--- PASS: TestBioInspiredRunFiniteLegalReportJSON (0.01s)
=== RUN   TestBioInspiredFiniteErrorPrecedence
=== RUN   TestBioInspiredFiniteErrorPrecedence/protocol_before_all_fields
=== RUN   TestBioInspiredFiniteErrorPrecedence/seeds_before_episodes_and_NPF_fields
=== RUN   TestBioInspiredFiniteErrorPrecedence/episodes_before_NPF_fields
=== RUN   TestBioInspiredFiniteErrorPrecedence/NPF_pulse_before_fields
=== RUN   TestBioInspiredFiniteErrorPrecedence/ecdysone_pulse_before_fields
=== RUN   TestBioInspiredFiniteErrorPrecedence/suppressed_before_tolerance
=== RUN   TestBioInspiredFiniteErrorPrecedence/tolerance_before_registry
=== RUN   TestBioInspiredFiniteErrorPrecedence/registry_after_both_fields
--- PASS: TestBioInspiredFiniteErrorPrecedence (0.00s)
    --- PASS: TestBioInspiredFiniteErrorPrecedence/protocol_before_all_fields (0.00s)
    --- PASS: TestBioInspiredFiniteErrorPrecedence/seeds_before_episodes_and_NPF_fields (0.00s)
    --- PASS: TestBioInspiredFiniteErrorPrecedence/episodes_before_NPF_fields (0.00s)
    --- PASS: TestBioInspiredFiniteErrorPrecedence/NPF_pulse_before_fields (0.00s)
    --- PASS: TestBioInspiredFiniteErrorPrecedence/ecdysone_pulse_before_fields (0.00s)
    --- PASS: TestBioInspiredFiniteErrorPrecedence/suppressed_before_tolerance (0.00s)
    --- PASS: TestBioInspiredFiniteErrorPrecedence/tolerance_before_registry (0.00s)
    --- PASS: TestBioInspiredFiniteErrorPrecedence/registry_after_both_fields (0.00s)
=== RUN   TestBioInspiredRunFiniteContextBehavior
=== RUN   TestBioInspiredRunFiniteContextBehavior/NPF_nil_context
=== RUN   TestBioInspiredRunFiniteContextBehavior/NPF_canceled_context
=== RUN   TestBioInspiredRunFiniteContextBehavior/ecdysone_nil_context
=== RUN   TestBioInspiredRunFiniteContextBehavior/ecdysone_canceled_context
--- PASS: TestBioInspiredRunFiniteContextBehavior (0.00s)
    --- PASS: TestBioInspiredRunFiniteContextBehavior/NPF_nil_context (0.00s)
    --- PASS: TestBioInspiredRunFiniteContextBehavior/NPF_canceled_context (0.00s)
    --- PASS: TestBioInspiredRunFiniteContextBehavior/ecdysone_nil_context (0.00s)
    --- PASS: TestBioInspiredRunFiniteContextBehavior/ecdysone_canceled_context (0.00s)
=== RUN   TestNPFSuppressionLowersScoreAndRecovers
    bioinspired_npf_test.go:51: seed 1: before=-0.062355363585436537 suppressed=-0.06565613733775605 after=-0.062355363585436537 recovered=true
    bioinspired_npf_test.go:51: seed 2: before=-0.08630233458884023 suppressed=-0.09029425705668197 after=-0.08630233458884023 recovered=true
    bioinspired_npf_test.go:51: seed 3: before=-0.057882453427303186 suppressed=-0.060853987034420166 after=-0.057882453427303186 recovered=true
--- PASS: TestNPFSuppressionLowersScoreAndRecovers (0.00s)
=== RUN   TestNPFIsDeterministic
--- PASS: TestNPFIsDeterministic (0.01s)
=== RUN   TestNPFHonoursCancellation
--- PASS: TestNPFHonoursCancellation (0.00s)
=== RUN   TestNPFReportRoundTrips
--- PASS: TestNPFReportRoundTrips (0.00s)
=== RUN   TestBioInspiredOwnershipCallerMutationIsolation
=== RUN   TestBioInspiredOwnershipCallerMutationIsolation/ecdysone_inspired
    bioinspired_ownership_test.go:261: serialized report changed after caller mutation:
         got {"schema_version":"coimnet-bio-inspired/v1","protocol":"ecdysone_inspired","config":{"protocol":"ecdysone_inspired","seeds":[7001,202,303],"episodes":1,"pulse_steps":[7004,1,3],"suppressed":0,"tolerance":0,"quantitative":{"method":"mutated-method","data":"mutated-data","fit":"mutated-fit","held_out_intervention":"mutated-held-out-intervention"},"registry":["mutated-visible-registry"]},"config_hash":"6189640a288e0c0341df622507701be9fc6c4cd00ab6fac565aa9412d106d270","registry":["S14"],"assumptions":["Engineering numbers under an allowed hypothesis name; this is not a quantitative biological reproduction.","The timing curve reports differences between pulse timings only; it is not a dose-response claim."],"seeds":[{"seed":101,"failed":false,"curve":[{"pulse_step":0,"slow_magnitude":0.00011969799890860559,"retest_score":-0.09322698178098732},{"pulse_step":1,"slow_magnitude":0.00016387883987879526,"retest_score":-0.09322694353746125},{"pulse_step":3,"slow_magnitude":0.00016104311485724265,"retest_score":-0.09322694596946549}]},{"seed":202,"failed":false,"curve":[{"pulse_step":0,"slow_magnitude":0.00017706495449451944,"retest_score":-0.0604858944403263},{"pulse_step":1,"slow_magnitude":0.00024241659090385966,"retest_score":-0.06048584548816964},{"pulse_step":3,"slow_magnitude":0.0002380852272069818,"retest_score":-0.0604858487814586}]},{"seed":303,"failed":false,"curve":[{"pulse_step":0,"slow_magnitude":0.0006361524325817758,"retest_score":-0.08796497899695781},{"pulse_step":1,"slow_magnitude":0.0008713083750579227,"retest_score":-0.08796472258403631},{"pulse_step":3,"slow_magnitude":0.0008599768633901364,"retest_score":-0.08796473489214912}]}]}
        want {"schema_version":"coimnet-bio-inspired/v1","protocol":"ecdysone_inspired","config":{"protocol":"ecdysone_inspired","seeds":[101,202,303],"episodes":1,"pulse_steps":[0,1,3],"suppressed":0,"tolerance":0,"quantitative":{"method":"release-dose crossover","data":"S14/S15 paired cohort","fit":"per-step consolidation window","held_out_intervention":"post-training pulse"},"registry":["S14"]},"config_hash":"6189640a288e0c0341df622507701be9fc6c4cd00ab6fac565aa9412d106d270","registry":["S14"],"assumptions":["Engineering numbers under an allowed hypothesis name; this is not a quantitative biological reproduction.","The timing curve reports differences between pulse timings only; it is not a dose-response claim."],"seeds":[{"seed":101,"failed":false,"curve":[{"pulse_step":0,"slow_magnitude":0.00011969799890860559,"retest_score":-0.09322698178098732},{"pulse_step":1,"slow_magnitude":0.00016387883987879526,"retest_score":-0.09322694353746125},{"pulse_step":3,"slow_magnitude":0.00016104311485724265,"retest_score":-0.09322694596946549}]},{"seed":202,"failed":false,"curve":[{"pulse_step":0,"slow_magnitude":0.00017706495449451944,"retest_score":-0.0604858944403263},{"pulse_step":1,"slow_magnitude":0.00024241659090385966,"retest_score":-0.06048584548816964},{"pulse_step":3,"slow_magnitude":0.0002380852272069818,"retest_score":-0.0604858487814586}]},{"seed":303,"failed":false,"curve":[{"pulse_step":0,"slow_magnitude":0.0006361524325817758,"retest_score":-0.08796497899695781},{"pulse_step":1,"slow_magnitude":0.0008713083750579227,"retest_score":-0.08796472258403631},{"pulse_step":3,"slow_magnitude":0.0008599768633901364,"retest_score":-0.08796473489214912}]}]}
    bioinspired_ownership_test.go:264: report.Config changed after caller mutation:
         got {Protocol:ecdysone_inspired Seeds:[7001 202 303] Episodes:1 PulseSteps:[7004 1 3] Suppressed:0 Tolerance:0 Quantitative:0x6c575c096000 Registry:[mutated-visible-registry]}
        want {Protocol:ecdysone_inspired Seeds:[101 202 303] Episodes:1 PulseSteps:[0 1 3] Suppressed:0 Tolerance:0 Quantitative:0x6c575c096080 Registry:[S14]}
    bioinspired_ownership_test.go:278: report.Config seeds backing changed: got [7001 202 303 7002 902 903] want [101 202 303 901 902 903]
    bioinspired_ownership_test.go:278: report.Config pulse_steps backing changed: got [7004 1 3 7003 902 903] want [0 1 3 901 902 903]
    bioinspired_ownership_test.go:278: report.Config registry backing changed: got [mutated-visible-registry mutated-registry reserved-registry-2 reserved-registry-3] want [S14 reserved-registry-1 reserved-registry-2 reserved-registry-3]
=== RUN   TestBioInspiredOwnershipCallerMutationIsolation/npf_memory_expression_hypothesis
    bioinspired_ownership_test.go:249: RunBioInspired(npf_memory_expression_hypothesis): suppressed: must be strictly between 0 and 1, got 0
--- FAIL: TestBioInspiredOwnershipCallerMutationIsolation (0.00s)
    --- FAIL: TestBioInspiredOwnershipCallerMutationIsolation/ecdysone_inspired (0.00s)
    --- FAIL: TestBioInspiredOwnershipCallerMutationIsolation/npf_memory_expression_hypothesis (0.00s)
=== RUN   TestBioInspiredOwnershipReportMutationIsolation
=== RUN   TestBioInspiredOwnershipReportMutationIsolation/ecdysone_inspired
    bioinspired_ownership_test.go:299: caller config changed after report.Config mutation:
         got {Protocol:ecdysone_inspired Seeds:[7001 202 303] Episodes:1 PulseSteps:[7004 1 3] Suppressed:0 Tolerance:0 Quantitative:0x6c575bee2000 Registry:[mutated-visible-registry]}
        want {Protocol:ecdysone_inspired Seeds:[101 202 303] Episodes:1 PulseSteps:[0 1 3] Suppressed:0 Tolerance:0 Quantitative:0x6c575bee2080 Registry:[S14]}
    bioinspired_ownership_test.go:302: serialized caller config changed after report.Config mutation: got {"protocol":"ecdysone_inspired","seeds":[7001,202,303],"episodes":1,"pulse_steps":[7004,1,3],"suppressed":0,"tolerance":0,"quantitative":{"method":"mutated-method","data":"mutated-data","fit":"mutated-fit","held_out_intervention":"mutated-held-out-intervention"},"registry":["mutated-visible-registry"]} want {"protocol":"ecdysone_inspired","seeds":[101,202,303],"episodes":1,"pulse_steps":[0,1,3],"suppressed":0,"tolerance":0,"quantitative":{"method":"release-dose crossover","data":"S14/S15 paired cohort","fit":"per-step consolidation window","held_out_intervention":"post-training pulse"},"registry":["S14"]}
    bioinspired_ownership_test.go:305: second report changed after first report.Config mutation:
         got {"schema_version":"coimnet-bio-inspired/v1","protocol":"ecdysone_inspired","config":{"protocol":"ecdysone_inspired","seeds":[7001,202,303],"episodes":1,"pulse_steps":[7004,1,3],"suppressed":0,"tolerance":0,"quantitative":{"method":"mutated-method","data":"mutated-data","fit":"mutated-fit","held_out_intervention":"mutated-held-out-intervention"},"registry":["mutated-visible-registry"]},"config_hash":"6189640a288e0c0341df622507701be9fc6c4cd00ab6fac565aa9412d106d270","registry":["S14"],"assumptions":["Engineering numbers under an allowed hypothesis name; this is not a quantitative biological reproduction.","The timing curve reports differences between pulse timings only; it is not a dose-response claim."],"seeds":[{"seed":101,"failed":false,"curve":[{"pulse_step":0,"slow_magnitude":0.00011969799890860559,"retest_score":-0.09322698178098732},{"pulse_step":1,"slow_magnitude":0.00016387883987879526,"retest_score":-0.09322694353746125},{"pulse_step":3,"slow_magnitude":0.00016104311485724265,"retest_score":-0.09322694596946549}]},{"seed":202,"failed":false,"curve":[{"pulse_step":0,"slow_magnitude":0.00017706495449451944,"retest_score":-0.0604858944403263},{"pulse_step":1,"slow_magnitude":0.00024241659090385966,"retest_score":-0.06048584548816964},{"pulse_step":3,"slow_magnitude":0.0002380852272069818,"retest_score":-0.0604858487814586}]},{"seed":303,"failed":false,"curve":[{"pulse_step":0,"slow_magnitude":0.0006361524325817758,"retest_score":-0.08796497899695781},{"pulse_step":1,"slow_magnitude":0.0008713083750579227,"retest_score":-0.08796472258403631},{"pulse_step":3,"slow_magnitude":0.0008599768633901364,"retest_score":-0.08796473489214912}]}]}
        want {"schema_version":"coimnet-bio-inspired/v1","protocol":"ecdysone_inspired","config":{"protocol":"ecdysone_inspired","seeds":[101,202,303],"episodes":1,"pulse_steps":[0,1,3],"suppressed":0,"tolerance":0,"quantitative":{"method":"release-dose crossover","data":"S14/S15 paired cohort","fit":"per-step consolidation window","held_out_intervention":"post-training pulse"},"registry":["S14"]},"config_hash":"6189640a288e0c0341df622507701be9fc6c4cd00ab6fac565aa9412d106d270","registry":["S14"],"assumptions":["Engineering numbers under an allowed hypothesis name; this is not a quantitative biological reproduction.","The timing curve reports differences between pulse timings only; it is not a dose-response claim."],"seeds":[{"seed":101,"failed":false,"curve":[{"pulse_step":0,"slow_magnitude":0.00011969799890860559,"retest_score":-0.09322698178098732},{"pulse_step":1,"slow_magnitude":0.00016387883987879526,"retest_score":-0.09322694353746125},{"pulse_step":3,"slow_magnitude":0.00016104311485724265,"retest_score":-0.09322694596946549}]},{"seed":202,"failed":false,"curve":[{"pulse_step":0,"slow_magnitude":0.00017706495449451944,"retest_score":-0.0604858944403263},{"pulse_step":1,"slow_magnitude":0.00024241659090385966,"retest_score":-0.06048584548816964},{"pulse_step":3,"slow_magnitude":0.0002380852272069818,"retest_score":-0.0604858487814586}]},{"seed":303,"failed":false,"curve":[{"pulse_step":0,"slow_magnitude":0.0006361524325817758,"retest_score":-0.08796497899695781},{"pulse_step":1,"slow_magnitude":0.0008713083750579227,"retest_score":-0.08796472258403631},{"pulse_step":3,"slow_magnitude":0.0008599768633901364,"retest_score":-0.08796473489214912}]}]}
    bioinspired_ownership_test.go:308: second report.Config changed after first report.Config mutation:
         got {Protocol:ecdysone_inspired Seeds:[7001 202 303] Episodes:1 PulseSteps:[7004 1 3] Suppressed:0 Tolerance:0 Quantitative:0x6c575bee2000 Registry:[mutated-visible-registry]}
        want {Protocol:ecdysone_inspired Seeds:[101 202 303] Episodes:1 PulseSteps:[0 1 3] Suppressed:0 Tolerance:0 Quantitative:0x6c575bee2080 Registry:[S14]}
    bioinspired_ownership_test.go:313: caller seeds backing changed: got [7001 202 303 7002 902 903] want [101 202 303 901 902 903]
    bioinspired_ownership_test.go:313: caller pulse_steps backing changed: got [7004 1 3 7003 902 903] want [0 1 3 901 902 903]
    bioinspired_ownership_test.go:313: caller registry backing changed: got [mutated-visible-registry mutated-registry reserved-registry-2 reserved-registry-3] want [S14 reserved-registry-1 reserved-registry-2 reserved-registry-3]
=== RUN   TestBioInspiredOwnershipReportMutationIsolation/npf_memory_expression_hypothesis
    bioinspired_ownership_test.go:291: RunBioInspired(npf_memory_expression_hypothesis): suppressed: must be strictly between 0 and 1, got 0
--- FAIL: TestBioInspiredOwnershipReportMutationIsolation (0.01s)
    --- FAIL: TestBioInspiredOwnershipReportMutationIsolation/ecdysone_inspired (0.01s)
    --- FAIL: TestBioInspiredOwnershipReportMutationIsolation/npf_memory_expression_hypothesis (0.00s)
=== RUN   TestBioInspiredOwnershipConfigHashAndNilEmptyPreservation
=== RUN   TestBioInspiredOwnershipConfigHashAndNilEmptyPreservation/ecdysone/nil-quantitative
=== RUN   TestBioInspiredOwnershipConfigHashAndNilEmptyPreservation/ecdysone/present-empty-quantitative
=== RUN   TestBioInspiredOwnershipConfigHashAndNilEmptyPreservation/ecdysone/present-complete-quantitative
=== RUN   TestBioInspiredOwnershipConfigHashAndNilEmptyPreservation/npf/nil-quantitative-nil-pulse
    bioinspired_ownership_test.go:338: RunBioInspired(npf_memory_expression_hypothesis): suppressed: must be strictly between 0 and 1, got 0
=== RUN   TestBioInspiredOwnershipConfigHashAndNilEmptyPreservation/npf/present-empty-quantitative-empty-pulse
    bioinspired_ownership_test.go:338: RunBioInspired(npf_memory_expression_hypothesis): suppressed: must be strictly between 0 and 1, got 0
=== RUN   TestBioInspiredOwnershipConfigHashAndNilEmptyPreservation/npf/present-complete-quantitative-empty-pulse
    bioinspired_ownership_test.go:338: RunBioInspired(npf_memory_expression_hypothesis): suppressed: must be strictly between 0 and 1, got 0
--- FAIL: TestBioInspiredOwnershipConfigHashAndNilEmptyPreservation (0.01s)
    --- PASS: TestBioInspiredOwnershipConfigHashAndNilEmptyPreservation/ecdysone/nil-quantitative (0.01s)
    --- PASS: TestBioInspiredOwnershipConfigHashAndNilEmptyPreservation/ecdysone/present-empty-quantitative (0.00s)
    --- PASS: TestBioInspiredOwnershipConfigHashAndNilEmptyPreservation/ecdysone/present-complete-quantitative (0.00s)
    --- FAIL: TestBioInspiredOwnershipConfigHashAndNilEmptyPreservation/npf/nil-quantitative-nil-pulse (0.00s)
    --- FAIL: TestBioInspiredOwnershipConfigHashAndNilEmptyPreservation/npf/present-empty-quantitative-empty-pulse (0.00s)
    --- FAIL: TestBioInspiredOwnershipConfigHashAndNilEmptyPreservation/npf/present-complete-quantitative-empty-pulse (0.00s)
=== RUN   TestBioInspiredOwnershipControls
=== RUN   TestBioInspiredOwnershipControls/invalid_config
=== RUN   TestBioInspiredOwnershipControls/nil_context_ecdysone
=== RUN   TestBioInspiredOwnershipControls/nil_context_NPF
    bioinspired_ownership_test.go:410: RunBioInspired() error = suppressed: must be strictly between 0 and 1, got 0, want it to contain "npf_memory_expression_hypothesis run needs a context"
=== RUN   TestBioInspiredOwnershipControls/pre-canceled_ecdysone
=== RUN   TestBioInspiredOwnershipControls/pre-canceled_NPF
    bioinspired_ownership_test.go:407: RunBioInspired() error = suppressed: must be strictly between 0 and 1, got 0, want errors.Is(..., context canceled)
=== RUN   TestBioInspiredOwnershipControls/unsupported_complete_quantitative_name
=== RUN   TestBioInspiredOwnershipControls/pulse_outside_episode
--- FAIL: TestBioInspiredOwnershipControls (0.00s)
    --- PASS: TestBioInspiredOwnershipControls/invalid_config (0.00s)
    --- PASS: TestBioInspiredOwnershipControls/nil_context_ecdysone (0.00s)
    --- FAIL: TestBioInspiredOwnershipControls/nil_context_NPF (0.00s)
    --- PASS: TestBioInspiredOwnershipControls/pre-canceled_ecdysone (0.00s)
    --- FAIL: TestBioInspiredOwnershipControls/pre-canceled_NPF (0.00s)
    --- PASS: TestBioInspiredOwnershipControls/unsupported_complete_quantitative_name (0.00s)
    --- PASS: TestBioInspiredOwnershipControls/pulse_outside_episode (0.00s)
=== RUN   TestEcdysoneInspiredCurveHasOnePointPerPulseStep
    bioinspired_run_test.go:43: seed 1 point 0: pulse_step=0 slow_magnitude=0.00029968768656378226 retest_score=-0.06583987639830989
    bioinspired_run_test.go:43: seed 1 point 1: pulse_step=1 slow_magnitude=0.000410345722329368 retest_score=-0.06583978736547016
    bioinspired_run_test.go:43: seed 1 point 2: pulse_step=3 slow_magnitude=0.0005279158451362891 retest_score=-0.06583969236041876
    bioinspired_run_test.go:43: seed 2 point 0: pulse_step=0 slow_magnitude=0.0002218320276589831 retest_score=-0.09072595064631975
    bioinspired_run_test.go:43: seed 2 point 1: pulse_step=1 slow_magnitude=0.0003037579688905269 retest_score=-0.09072587452803466
    bioinspired_run_test.go:43: seed 2 point 2: pulse_step=3 slow_magnitude=0.0007662567254308275 retest_score=-0.0907254441278949
    bioinspired_run_test.go:43: seed 3 point 0: pulse_step=0 slow_magnitude=0.00017507433279512777 retest_score=-0.061012617277405486
    bioinspired_run_test.go:43: seed 3 point 1: pulse_step=1 slow_magnitude=0.00023969513711926045 retest_score=-0.061012570244728614
    bioinspired_run_test.go:43: seed 3 point 2: pulse_step=3 slow_magnitude=0.0009457480937260429 retest_score=-0.0610120574382381
--- PASS: TestEcdysoneInspiredCurveHasOnePointPerPulseStep (0.01s)
=== RUN   TestEcdysoneInspiredIsDeterministic
--- PASS: TestEcdysoneInspiredIsDeterministic (0.01s)
=== RUN   TestEcdysoneInspiredRejectsPulseOutsideEpisode
--- PASS: TestEcdysoneInspiredRejectsPulseOutsideEpisode (0.00s)
=== RUN   TestEcdysoneInspiredHonoursCancellation
--- PASS: TestEcdysoneInspiredHonoursCancellation (0.00s)
=== RUN   TestBioInspiredValidateAcceptsBothProtocols
--- PASS: TestBioInspiredValidateAcceptsBothProtocols (0.00s)
=== RUN   TestBioInspiredValidateRejects
=== RUN   TestBioInspiredValidateRejects/unknown_protocol
=== RUN   TestBioInspiredValidateRejects/seeds_fewer_than_3
=== RUN   TestBioInspiredValidateRejects/seeds_duplicate
=== RUN   TestBioInspiredValidateRejects/episodes_out_of_range
=== RUN   TestBioInspiredValidateRejects/ecdysone_pulse_steps_empty
=== RUN   TestBioInspiredValidateRejects/ecdysone_pulse_steps_negative
=== RUN   TestBioInspiredValidateRejects/ecdysone_pulse_steps_duplicate
=== RUN   TestBioInspiredValidateRejects/npf_pulse_steps_must_be_empty
=== RUN   TestBioInspiredValidateRejects/npf_suppressed_out_of_range
=== RUN   TestBioInspiredValidateRejects/ecdysone_suppressed_must_be_0
=== RUN   TestBioInspiredValidateRejects/npf_tolerance_must_be_positive
=== RUN   TestBioInspiredValidateRejects/ecdysone_tolerance_must_be_0
=== RUN   TestBioInspiredValidateRejects/ecdysone_registry_missing_S14
=== RUN   TestBioInspiredValidateRejects/npf_registry_missing_S15
--- PASS: TestBioInspiredValidateRejects (0.00s)
    --- PASS: TestBioInspiredValidateRejects/unknown_protocol (0.00s)
    --- PASS: TestBioInspiredValidateRejects/seeds_fewer_than_3 (0.00s)
    --- PASS: TestBioInspiredValidateRejects/seeds_duplicate (0.00s)
    --- PASS: TestBioInspiredValidateRejects/episodes_out_of_range (0.00s)
    --- PASS: TestBioInspiredValidateRejects/ecdysone_pulse_steps_empty (0.00s)
    --- PASS: TestBioInspiredValidateRejects/ecdysone_pulse_steps_negative (0.00s)
    --- PASS: TestBioInspiredValidateRejects/ecdysone_pulse_steps_duplicate (0.00s)
    --- PASS: TestBioInspiredValidateRejects/npf_pulse_steps_must_be_empty (0.00s)
    --- PASS: TestBioInspiredValidateRejects/npf_suppressed_out_of_range (0.00s)
    --- PASS: TestBioInspiredValidateRejects/ecdysone_suppressed_must_be_0 (0.00s)
    --- PASS: TestBioInspiredValidateRejects/npf_tolerance_must_be_positive (0.00s)
    --- PASS: TestBioInspiredValidateRejects/ecdysone_tolerance_must_be_0 (0.00s)
    --- PASS: TestBioInspiredValidateRejects/ecdysone_registry_missing_S14 (0.00s)
    --- PASS: TestBioInspiredValidateRejects/npf_registry_missing_S15 (0.00s)
=== RUN   TestRunBioInspiredRunsBothProtocols
--- PASS: TestRunBioInspiredRunsBothProtocols (0.00s)
=== RUN   TestBioInspiredReportJSONShape
--- PASS: TestBioInspiredReportJSONShape (0.00s)
FAIL
FAIL	github.com/TimLai666/coimnet/experiment	7.670s
FAIL
