=== RUN   TestBioInspiredOwnershipCallerMutationIsolation
=== RUN   TestBioInspiredOwnershipCallerMutationIsolation/ecdysone_inspired
    bioinspired_ownership_test.go:302: serialized report changed after caller mutation:
         got {"schema_version":"coimnet-bio-inspired/v1","protocol":"ecdysone_inspired","config":{"protocol":"ecdysone_inspired","seeds":[7001,202,303],"episodes":1,"pulse_steps":[7004,1,3],"suppressed":0,"tolerance":0,"quantitative":{"method":"mutated-method","data":"mutated-data","fit":"mutated-fit","held_out_intervention":"mutated-held-out-intervention"},"registry":["mutated-visible-registry"]},"config_hash":"6189640a288e0c0341df622507701be9fc6c4cd00ab6fac565aa9412d106d270","registry":["S14"],"assumptions":["Engineering numbers under an allowed hypothesis name; this is not a quantitative biological reproduction.","The timing curve reports differences between pulse timings only; it is not a dose-response claim."],"seeds":[{"seed":101,"failed":false,"curve":[{"pulse_step":0,"slow_magnitude":0.00011969799890860559,"retest_score":-0.09322698178098732},{"pulse_step":1,"slow_magnitude":0.00016387883987879526,"retest_score":-0.09322694353746125},{"pulse_step":3,"slow_magnitude":0.00016104311485724265,"retest_score":-0.09322694596946549}]},{"seed":202,"failed":false,"curve":[{"pulse_step":0,"slow_magnitude":0.00017706495449451944,"retest_score":-0.0604858944403263},{"pulse_step":1,"slow_magnitude":0.00024241659090385966,"retest_score":-0.06048584548816964},{"pulse_step":3,"slow_magnitude":0.0002380852272069818,"retest_score":-0.0604858487814586}]},{"seed":303,"failed":false,"curve":[{"pulse_step":0,"slow_magnitude":0.0006361524325817758,"retest_score":-0.08796497899695781},{"pulse_step":1,"slow_magnitude":0.0008713083750579227,"retest_score":-0.08796472258403631},{"pulse_step":3,"slow_magnitude":0.0008599768633901364,"retest_score":-0.08796473489214912}]}]}
        want {"schema_version":"coimnet-bio-inspired/v1","protocol":"ecdysone_inspired","config":{"protocol":"ecdysone_inspired","seeds":[101,202,303],"episodes":1,"pulse_steps":[0,1,3],"suppressed":0,"tolerance":0,"quantitative":{"method":"release-dose crossover","data":"S14/S15 paired cohort","fit":"per-step consolidation window","held_out_intervention":"post-training pulse"},"registry":["S14"]},"config_hash":"6189640a288e0c0341df622507701be9fc6c4cd00ab6fac565aa9412d106d270","registry":["S14"],"assumptions":["Engineering numbers under an allowed hypothesis name; this is not a quantitative biological reproduction.","The timing curve reports differences between pulse timings only; it is not a dose-response claim."],"seeds":[{"seed":101,"failed":false,"curve":[{"pulse_step":0,"slow_magnitude":0.00011969799890860559,"retest_score":-0.09322698178098732},{"pulse_step":1,"slow_magnitude":0.00016387883987879526,"retest_score":-0.09322694353746125},{"pulse_step":3,"slow_magnitude":0.00016104311485724265,"retest_score":-0.09322694596946549}]},{"seed":202,"failed":false,"curve":[{"pulse_step":0,"slow_magnitude":0.00017706495449451944,"retest_score":-0.0604858944403263},{"pulse_step":1,"slow_magnitude":0.00024241659090385966,"retest_score":-0.06048584548816964},{"pulse_step":3,"slow_magnitude":0.0002380852272069818,"retest_score":-0.0604858487814586}]},{"seed":303,"failed":false,"curve":[{"pulse_step":0,"slow_magnitude":0.0006361524325817758,"retest_score":-0.08796497899695781},{"pulse_step":1,"slow_magnitude":0.0008713083750579227,"retest_score":-0.08796472258403631},{"pulse_step":3,"slow_magnitude":0.0008599768633901364,"retest_score":-0.08796473489214912}]}]}
    bioinspired_ownership_test.go:305: report.Config changed after caller mutation:
         got {Protocol:ecdysone_inspired Seeds:[7001 202 303] Episodes:1 PulseSteps:[7004 1 3] Suppressed:0 Tolerance:0 Quantitative:0x4ce7d33bbec0 Registry:[mutated-visible-registry]}
        want {Protocol:ecdysone_inspired Seeds:[101 202 303] Episodes:1 PulseSteps:[0 1 3] Suppressed:0 Tolerance:0 Quantitative:0x4ce7d36ea040 Registry:[S14]}
    bioinspired_ownership_test.go:319: report.Config seeds backing changed: got [7001 202 303 7002 902 903] want [101 202 303 901 902 903]
    bioinspired_ownership_test.go:319: report.Config pulse_steps backing changed: got [7004 1 3 7003 902 903] want [0 1 3 901 902 903]
    bioinspired_ownership_test.go:319: report.Config registry backing changed: got [mutated-visible-registry mutated-registry reserved-registry-2 reserved-registry-3] want [S14 reserved-registry-1 reserved-registry-2 reserved-registry-3]
=== RUN   TestBioInspiredOwnershipCallerMutationIsolation/npf_memory_expression_hypothesis
    bioinspired_ownership_test.go:302: serialized report changed after caller mutation:
         got {"schema_version":"coimnet-bio-inspired/v1","protocol":"npf_memory_expression_hypothesis","config":{"protocol":"npf_memory_expression_hypothesis","seeds":[7001,202,303],"episodes":1,"pulse_steps":[],"suppressed":0.4,"tolerance":0.001,"quantitative":{"method":"mutated-method","data":"mutated-data","fit":"mutated-fit","held_out_intervention":"mutated-held-out-intervention"},"registry":["mutated-visible-registry"]},"config_hash":"bea825154b4a712c209ab8e9f9451a23d0b8f283e287f3b841e91c606c270f81","registry":["S15"],"assumptions":["Engineering numbers under an allowed hypothesis name; this is not a quantitative biological reproduction.","A score that drops while expression is suppressed and recovers when the state is switched back shows expression, not forgetting."],"seeds":[{"seed":101,"failed":false,"expression":{"before":-0.09322694353746125,"suppressed":-0.09417034938953103,"after":-0.09322694353746125,"recovered":true,"parameters_unchanged":true,"slow_unchanged":true,"plastic_unchanged":true}},{"seed":202,"failed":false,"expression":{"before":-0.06048584548816964,"suppressed":-0.06130012532373103,"after":-0.06048584548816964,"recovered":true,"parameters_unchanged":true,"slow_unchanged":true,"plastic_unchanged":true}},{"seed":303,"failed":false,"expression":{"before":-0.08796472258403631,"suppressed":-0.08915297479669623,"after":-0.08796472258403631,"recovered":true,"parameters_unchanged":true,"slow_unchanged":true,"plastic_unchanged":true}}]}
        want {"schema_version":"coimnet-bio-inspired/v1","protocol":"npf_memory_expression_hypothesis","config":{"protocol":"npf_memory_expression_hypothesis","seeds":[101,202,303],"episodes":1,"pulse_steps":[],"suppressed":0.4,"tolerance":0.001,"quantitative":{"method":"release-dose crossover","data":"S14/S15 paired cohort","fit":"per-step consolidation window","held_out_intervention":"post-training pulse"},"registry":["S15"]},"config_hash":"bea825154b4a712c209ab8e9f9451a23d0b8f283e287f3b841e91c606c270f81","registry":["S15"],"assumptions":["Engineering numbers under an allowed hypothesis name; this is not a quantitative biological reproduction.","A score that drops while expression is suppressed and recovers when the state is switched back shows expression, not forgetting."],"seeds":[{"seed":101,"failed":false,"expression":{"before":-0.09322694353746125,"suppressed":-0.09417034938953103,"after":-0.09322694353746125,"recovered":true,"parameters_unchanged":true,"slow_unchanged":true,"plastic_unchanged":true}},{"seed":202,"failed":false,"expression":{"before":-0.06048584548816964,"suppressed":-0.06130012532373103,"after":-0.06048584548816964,"recovered":true,"parameters_unchanged":true,"slow_unchanged":true,"plastic_unchanged":true}},{"seed":303,"failed":false,"expression":{"before":-0.08796472258403631,"suppressed":-0.08915297479669623,"after":-0.08796472258403631,"recovered":true,"parameters_unchanged":true,"slow_unchanged":true,"plastic_unchanged":true}}]}
    bioinspired_ownership_test.go:305: report.Config changed after caller mutation:
         got {Protocol:npf_memory_expression_hypothesis Seeds:[7001 202 303] Episodes:1 PulseSteps:[] Suppressed:0.4 Tolerance:0.001 Quantitative:0x4ce7d35bc040 Registry:[mutated-visible-registry]}
        want {Protocol:npf_memory_expression_hypothesis Seeds:[101 202 303] Episodes:1 PulseSteps:[] Suppressed:0.4 Tolerance:0.001 Quantitative:0x4ce7d35bc0c0 Registry:[S15]}
    bioinspired_ownership_test.go:319: report.Config seeds backing changed: got [7001 202 303 7002 902 903] want [101 202 303 901 902 903]
    bioinspired_ownership_test.go:319: report.Config pulse_steps backing changed: got [7003 902 903] want [901 902 903]
    bioinspired_ownership_test.go:319: report.Config registry backing changed: got [mutated-visible-registry mutated-registry reserved-registry-2 reserved-registry-3] want [S15 reserved-registry-1 reserved-registry-2 reserved-registry-3]
--- FAIL: TestBioInspiredOwnershipCallerMutationIsolation (0.01s)
    --- FAIL: TestBioInspiredOwnershipCallerMutationIsolation/ecdysone_inspired (0.01s)
    --- FAIL: TestBioInspiredOwnershipCallerMutationIsolation/npf_memory_expression_hypothesis (0.00s)
=== RUN   TestBioInspiredOwnershipReportMutationIsolation
=== RUN   TestBioInspiredOwnershipReportMutationIsolation/ecdysone_inspired
    bioinspired_ownership_test.go:340: caller config changed after report.Config mutation:
         got {Protocol:ecdysone_inspired Seeds:[7001 202 303] Episodes:1 PulseSteps:[7004 1 3] Suppressed:0 Tolerance:0 Quantitative:0x4ce7d36739c0 Registry:[mutated-visible-registry]}
        want {Protocol:ecdysone_inspired Seeds:[101 202 303] Episodes:1 PulseSteps:[0 1 3] Suppressed:0 Tolerance:0 Quantitative:0x4ce7d3673a40 Registry:[S14]}
    bioinspired_ownership_test.go:343: serialized caller config changed after report.Config mutation: got {"protocol":"ecdysone_inspired","seeds":[7001,202,303],"episodes":1,"pulse_steps":[7004,1,3],"suppressed":0,"tolerance":0,"quantitative":{"method":"mutated-method","data":"mutated-data","fit":"mutated-fit","held_out_intervention":"mutated-held-out-intervention"},"registry":["mutated-visible-registry"]} want {"protocol":"ecdysone_inspired","seeds":[101,202,303],"episodes":1,"pulse_steps":[0,1,3],"suppressed":0,"tolerance":0,"quantitative":{"method":"release-dose crossover","data":"S14/S15 paired cohort","fit":"per-step consolidation window","held_out_intervention":"post-training pulse"},"registry":["S14"]}
    bioinspired_ownership_test.go:346: second report changed after first report.Config mutation:
         got {"schema_version":"coimnet-bio-inspired/v1","protocol":"ecdysone_inspired","config":{"protocol":"ecdysone_inspired","seeds":[7001,202,303],"episodes":1,"pulse_steps":[7004,1,3],"suppressed":0,"tolerance":0,"quantitative":{"method":"mutated-method","data":"mutated-data","fit":"mutated-fit","held_out_intervention":"mutated-held-out-intervention"},"registry":["mutated-visible-registry"]},"config_hash":"6189640a288e0c0341df622507701be9fc6c4cd00ab6fac565aa9412d106d270","registry":["S14"],"assumptions":["Engineering numbers under an allowed hypothesis name; this is not a quantitative biological reproduction.","The timing curve reports differences between pulse timings only; it is not a dose-response claim."],"seeds":[{"seed":101,"failed":false,"curve":[{"pulse_step":0,"slow_magnitude":0.00011969799890860559,"retest_score":-0.09322698178098732},{"pulse_step":1,"slow_magnitude":0.00016387883987879526,"retest_score":-0.09322694353746125},{"pulse_step":3,"slow_magnitude":0.00016104311485724265,"retest_score":-0.09322694596946549}]},{"seed":202,"failed":false,"curve":[{"pulse_step":0,"slow_magnitude":0.00017706495449451944,"retest_score":-0.0604858944403263},{"pulse_step":1,"slow_magnitude":0.00024241659090385966,"retest_score":-0.06048584548816964},{"pulse_step":3,"slow_magnitude":0.0002380852272069818,"retest_score":-0.0604858487814586}]},{"seed":303,"failed":false,"curve":[{"pulse_step":0,"slow_magnitude":0.0006361524325817758,"retest_score":-0.08796497899695781},{"pulse_step":1,"slow_magnitude":0.0008713083750579227,"retest_score":-0.08796472258403631},{"pulse_step":3,"slow_magnitude":0.0008599768633901364,"retest_score":-0.08796473489214912}]}]}
        want {"schema_version":"coimnet-bio-inspired/v1","protocol":"ecdysone_inspired","config":{"protocol":"ecdysone_inspired","seeds":[101,202,303],"episodes":1,"pulse_steps":[0,1,3],"suppressed":0,"tolerance":0,"quantitative":{"method":"release-dose crossover","data":"S14/S15 paired cohort","fit":"per-step consolidation window","held_out_intervention":"post-training pulse"},"registry":["S14"]},"config_hash":"6189640a288e0c0341df622507701be9fc6c4cd00ab6fac565aa9412d106d270","registry":["S14"],"assumptions":["Engineering numbers under an allowed hypothesis name; this is not a quantitative biological reproduction.","The timing curve reports differences between pulse timings only; it is not a dose-response claim."],"seeds":[{"seed":101,"failed":false,"curve":[{"pulse_step":0,"slow_magnitude":0.00011969799890860559,"retest_score":-0.09322698178098732},{"pulse_step":1,"slow_magnitude":0.00016387883987879526,"retest_score":-0.09322694353746125},{"pulse_step":3,"slow_magnitude":0.00016104311485724265,"retest_score":-0.09322694596946549}]},{"seed":202,"failed":false,"curve":[{"pulse_step":0,"slow_magnitude":0.00017706495449451944,"retest_score":-0.0604858944403263},{"pulse_step":1,"slow_magnitude":0.00024241659090385966,"retest_score":-0.06048584548816964},{"pulse_step":3,"slow_magnitude":0.0002380852272069818,"retest_score":-0.0604858487814586}]},{"seed":303,"failed":false,"curve":[{"pulse_step":0,"slow_magnitude":0.0006361524325817758,"retest_score":-0.08796497899695781},{"pulse_step":1,"slow_magnitude":0.0008713083750579227,"retest_score":-0.08796472258403631},{"pulse_step":3,"slow_magnitude":0.0008599768633901364,"retest_score":-0.08796473489214912}]}]}
    bioinspired_ownership_test.go:349: second report.Config changed after first report.Config mutation:
         got {Protocol:ecdysone_inspired Seeds:[7001 202 303] Episodes:1 PulseSteps:[7004 1 3] Suppressed:0 Tolerance:0 Quantitative:0x4ce7d36739c0 Registry:[mutated-visible-registry]}
        want {Protocol:ecdysone_inspired Seeds:[101 202 303] Episodes:1 PulseSteps:[0 1 3] Suppressed:0 Tolerance:0 Quantitative:0x4ce7d3673a40 Registry:[S14]}
    bioinspired_ownership_test.go:354: caller seeds backing changed: got [7001 202 303 7002 902 903] want [101 202 303 901 902 903]
    bioinspired_ownership_test.go:354: caller pulse_steps backing changed: got [7004 1 3 7003 902 903] want [0 1 3 901 902 903]
    bioinspired_ownership_test.go:354: caller registry backing changed: got [mutated-visible-registry mutated-registry reserved-registry-2 reserved-registry-3] want [S14 reserved-registry-1 reserved-registry-2 reserved-registry-3]
=== RUN   TestBioInspiredOwnershipReportMutationIsolation/npf_memory_expression_hypothesis
    bioinspired_ownership_test.go:340: caller config changed after report.Config mutation:
         got {Protocol:npf_memory_expression_hypothesis Seeds:[7001 202 303] Episodes:1 PulseSteps:[] Suppressed:0.4 Tolerance:0.001 Quantitative:0x4ce7d3339240 Registry:[mutated-visible-registry]}
        want {Protocol:npf_memory_expression_hypothesis Seeds:[101 202 303] Episodes:1 PulseSteps:[] Suppressed:0.4 Tolerance:0.001 Quantitative:0x4ce7d33392c0 Registry:[S15]}
    bioinspired_ownership_test.go:343: serialized caller config changed after report.Config mutation: got {"protocol":"npf_memory_expression_hypothesis","seeds":[7001,202,303],"episodes":1,"pulse_steps":[],"suppressed":0.4,"tolerance":0.001,"quantitative":{"method":"mutated-method","data":"mutated-data","fit":"mutated-fit","held_out_intervention":"mutated-held-out-intervention"},"registry":["mutated-visible-registry"]} want {"protocol":"npf_memory_expression_hypothesis","seeds":[101,202,303],"episodes":1,"pulse_steps":[],"suppressed":0.4,"tolerance":0.001,"quantitative":{"method":"release-dose crossover","data":"S14/S15 paired cohort","fit":"per-step consolidation window","held_out_intervention":"post-training pulse"},"registry":["S15"]}
    bioinspired_ownership_test.go:346: second report changed after first report.Config mutation:
         got {"schema_version":"coimnet-bio-inspired/v1","protocol":"npf_memory_expression_hypothesis","config":{"protocol":"npf_memory_expression_hypothesis","seeds":[7001,202,303],"episodes":1,"pulse_steps":[],"suppressed":0.4,"tolerance":0.001,"quantitative":{"method":"mutated-method","data":"mutated-data","fit":"mutated-fit","held_out_intervention":"mutated-held-out-intervention"},"registry":["mutated-visible-registry"]},"config_hash":"bea825154b4a712c209ab8e9f9451a23d0b8f283e287f3b841e91c606c270f81","registry":["S15"],"assumptions":["Engineering numbers under an allowed hypothesis name; this is not a quantitative biological reproduction.","A score that drops while expression is suppressed and recovers when the state is switched back shows expression, not forgetting."],"seeds":[{"seed":101,"failed":false,"expression":{"before":-0.09322694353746125,"suppressed":-0.09417034938953103,"after":-0.09322694353746125,"recovered":true,"parameters_unchanged":true,"slow_unchanged":true,"plastic_unchanged":true}},{"seed":202,"failed":false,"expression":{"before":-0.06048584548816964,"suppressed":-0.06130012532373103,"after":-0.06048584548816964,"recovered":true,"parameters_unchanged":true,"slow_unchanged":true,"plastic_unchanged":true}},{"seed":303,"failed":false,"expression":{"before":-0.08796472258403631,"suppressed":-0.08915297479669623,"after":-0.08796472258403631,"recovered":true,"parameters_unchanged":true,"slow_unchanged":true,"plastic_unchanged":true}}]}
        want {"schema_version":"coimnet-bio-inspired/v1","protocol":"npf_memory_expression_hypothesis","config":{"protocol":"npf_memory_expression_hypothesis","seeds":[101,202,303],"episodes":1,"pulse_steps":[],"suppressed":0.4,"tolerance":0.001,"quantitative":{"method":"release-dose crossover","data":"S14/S15 paired cohort","fit":"per-step consolidation window","held_out_intervention":"post-training pulse"},"registry":["S15"]},"config_hash":"bea825154b4a712c209ab8e9f9451a23d0b8f283e287f3b841e91c606c270f81","registry":["S15"],"assumptions":["Engineering numbers under an allowed hypothesis name; this is not a quantitative biological reproduction.","A score that drops while expression is suppressed and recovers when the state is switched back shows expression, not forgetting."],"seeds":[{"seed":101,"failed":false,"expression":{"before":-0.09322694353746125,"suppressed":-0.09417034938953103,"after":-0.09322694353746125,"recovered":true,"parameters_unchanged":true,"slow_unchanged":true,"plastic_unchanged":true}},{"seed":202,"failed":false,"expression":{"before":-0.06048584548816964,"suppressed":-0.06130012532373103,"after":-0.06048584548816964,"recovered":true,"parameters_unchanged":true,"slow_unchanged":true,"plastic_unchanged":true}},{"seed":303,"failed":false,"expression":{"before":-0.08796472258403631,"suppressed":-0.08915297479669623,"after":-0.08796472258403631,"recovered":true,"parameters_unchanged":true,"slow_unchanged":true,"plastic_unchanged":true}}]}
    bioinspired_ownership_test.go:349: second report.Config changed after first report.Config mutation:
         got {Protocol:npf_memory_expression_hypothesis Seeds:[7001 202 303] Episodes:1 PulseSteps:[] Suppressed:0.4 Tolerance:0.001 Quantitative:0x4ce7d3339240 Registry:[mutated-visible-registry]}
        want {Protocol:npf_memory_expression_hypothesis Seeds:[101 202 303] Episodes:1 PulseSteps:[] Suppressed:0.4 Tolerance:0.001 Quantitative:0x4ce7d33392c0 Registry:[S15]}
    bioinspired_ownership_test.go:354: caller seeds backing changed: got [7001 202 303 7002 902 903] want [101 202 303 901 902 903]
    bioinspired_ownership_test.go:354: caller pulse_steps backing changed: got [7003 902 903] want [901 902 903]
    bioinspired_ownership_test.go:354: caller registry backing changed: got [mutated-visible-registry mutated-registry reserved-registry-2 reserved-registry-3] want [S15 reserved-registry-1 reserved-registry-2 reserved-registry-3]
--- FAIL: TestBioInspiredOwnershipReportMutationIsolation (0.01s)
    --- FAIL: TestBioInspiredOwnershipReportMutationIsolation/ecdysone_inspired (0.01s)
    --- FAIL: TestBioInspiredOwnershipReportMutationIsolation/npf_memory_expression_hypothesis (0.00s)
=== RUN   TestBioInspiredOwnershipConfigHashAndNilEmptyPreservation
=== RUN   TestBioInspiredOwnershipConfigHashAndNilEmptyPreservation/ecdysone/nil-quantitative
=== RUN   TestBioInspiredOwnershipConfigHashAndNilEmptyPreservation/ecdysone/present-empty-quantitative
=== RUN   TestBioInspiredOwnershipConfigHashAndNilEmptyPreservation/ecdysone/present-complete-quantitative
=== RUN   TestBioInspiredOwnershipConfigHashAndNilEmptyPreservation/npf/nil-quantitative-nil-pulse
=== RUN   TestBioInspiredOwnershipConfigHashAndNilEmptyPreservation/npf/present-empty-quantitative-empty-pulse
=== RUN   TestBioInspiredOwnershipConfigHashAndNilEmptyPreservation/npf/present-complete-quantitative-empty-pulse
--- PASS: TestBioInspiredOwnershipConfigHashAndNilEmptyPreservation (0.02s)
    --- PASS: TestBioInspiredOwnershipConfigHashAndNilEmptyPreservation/ecdysone/nil-quantitative (0.01s)
    --- PASS: TestBioInspiredOwnershipConfigHashAndNilEmptyPreservation/ecdysone/present-empty-quantitative (0.01s)
    --- PASS: TestBioInspiredOwnershipConfigHashAndNilEmptyPreservation/ecdysone/present-complete-quantitative (0.00s)
    --- PASS: TestBioInspiredOwnershipConfigHashAndNilEmptyPreservation/npf/nil-quantitative-nil-pulse (0.00s)
    --- PASS: TestBioInspiredOwnershipConfigHashAndNilEmptyPreservation/npf/present-empty-quantitative-empty-pulse (0.00s)
    --- PASS: TestBioInspiredOwnershipConfigHashAndNilEmptyPreservation/npf/present-complete-quantitative-empty-pulse (0.00s)
=== RUN   TestBioInspiredOwnershipControls
=== RUN   TestBioInspiredOwnershipControls/invalid_config
=== RUN   TestBioInspiredOwnershipControls/nil_context_ecdysone
=== RUN   TestBioInspiredOwnershipControls/nil_context_NPF
=== RUN   TestBioInspiredOwnershipControls/pre-canceled_ecdysone
=== RUN   TestBioInspiredOwnershipControls/pre-canceled_NPF
=== RUN   TestBioInspiredOwnershipControls/unsupported_complete_quantitative_name
=== RUN   TestBioInspiredOwnershipControls/pulse_outside_episode
--- PASS: TestBioInspiredOwnershipControls (0.00s)
    --- PASS: TestBioInspiredOwnershipControls/invalid_config (0.00s)
    --- PASS: TestBioInspiredOwnershipControls/nil_context_ecdysone (0.00s)
    --- PASS: TestBioInspiredOwnershipControls/nil_context_NPF (0.00s)
    --- PASS: TestBioInspiredOwnershipControls/pre-canceled_ecdysone (0.00s)
    --- PASS: TestBioInspiredOwnershipControls/pre-canceled_NPF (0.00s)
    --- PASS: TestBioInspiredOwnershipControls/unsupported_complete_quantitative_name (0.00s)
    --- PASS: TestBioInspiredOwnershipControls/pulse_outside_episode (0.00s)
=== RUN   TestBioInspiredOwnershipPartialCancellationIsolation
=== RUN   TestBioInspiredOwnershipPartialCancellationIsolation/ecdysone_inspired
    bioinspired_ownership_test.go:474: partial serialized report changed after caller mutation:
         got {"schema_version":"coimnet-bio-inspired/v1","protocol":"ecdysone_inspired","config":{"protocol":"ecdysone_inspired","seeds":[7001,202,303],"episodes":1,"pulse_steps":[7004,1,3],"suppressed":0,"tolerance":0,"quantitative":{"method":"mutated-method","data":"mutated-data","fit":"mutated-fit","held_out_intervention":"mutated-held-out-intervention"},"registry":["mutated-visible-registry"]},"config_hash":"6189640a288e0c0341df622507701be9fc6c4cd00ab6fac565aa9412d106d270","registry":["S14"],"assumptions":["Engineering numbers under an allowed hypothesis name; this is not a quantitative biological reproduction.","The timing curve reports differences between pulse timings only; it is not a dose-response claim."],"seeds":null}
        want {"schema_version":"coimnet-bio-inspired/v1","protocol":"ecdysone_inspired","config":{"protocol":"ecdysone_inspired","seeds":[101,202,303],"episodes":1,"pulse_steps":[0,1,3],"suppressed":0,"tolerance":0,"quantitative":{"method":"release-dose crossover","data":"S14/S15 paired cohort","fit":"per-step consolidation window","held_out_intervention":"post-training pulse"},"registry":["S14"]},"config_hash":"6189640a288e0c0341df622507701be9fc6c4cd00ab6fac565aa9412d106d270","registry":["S14"],"assumptions":["Engineering numbers under an allowed hypothesis name; this is not a quantitative biological reproduction.","The timing curve reports differences between pulse timings only; it is not a dose-response claim."],"seeds":null}
    bioinspired_ownership_test.go:477: partial report.Config changed after caller mutation:
         got {Protocol:ecdysone_inspired Seeds:[7001 202 303] Episodes:1 PulseSteps:[7004 1 3] Suppressed:0 Tolerance:0 Quantitative:0x4ce7d35bdac0 Registry:[mutated-visible-registry]}
        want {Protocol:ecdysone_inspired Seeds:[101 202 303] Episodes:1 PulseSteps:[0 1 3] Suppressed:0 Tolerance:0 Quantitative:0x4ce7d35bdb40 Registry:[S14]}
    bioinspired_ownership_test.go:485: partial report.Config seeds backing changed: got [7001 202 303 7002 902 903] want [101 202 303 901 902 903]
    bioinspired_ownership_test.go:485: partial report.Config pulse_steps backing changed: got [7004 1 3 7003 902 903] want [0 1 3 901 902 903]
    bioinspired_ownership_test.go:485: partial report.Config registry backing changed: got [mutated-visible-registry mutated-registry reserved-registry-2 reserved-registry-3] want [S14 reserved-registry-1 reserved-registry-2 reserved-registry-3]
    bioinspired_ownership_test.go:496: caller config changed after partial report.Config mutation:
         got {Protocol:ecdysone_inspired Seeds:[7001 202 303] Episodes:1 PulseSteps:[7004 1 3] Suppressed:0 Tolerance:0 Quantitative:0x4ce7d35bdc00 Registry:[mutated-visible-registry]}
        want {Protocol:ecdysone_inspired Seeds:[101 202 303] Episodes:1 PulseSteps:[0 1 3] Suppressed:0 Tolerance:0 Quantitative:0x4ce7d35bdc80 Registry:[S14]}
    bioinspired_ownership_test.go:499: serialized caller config changed after partial report.Config mutation: got {"protocol":"ecdysone_inspired","seeds":[7001,202,303],"episodes":1,"pulse_steps":[7004,1,3],"suppressed":0,"tolerance":0,"quantitative":{"method":"mutated-method","data":"mutated-data","fit":"mutated-fit","held_out_intervention":"mutated-held-out-intervention"},"registry":["mutated-visible-registry"]} want {"protocol":"ecdysone_inspired","seeds":[101,202,303],"episodes":1,"pulse_steps":[0,1,3],"suppressed":0,"tolerance":0,"quantitative":{"method":"release-dose crossover","data":"S14/S15 paired cohort","fit":"per-step consolidation window","held_out_intervention":"post-training pulse"},"registry":["S14"]}
    bioinspired_ownership_test.go:501: partial caller seeds backing changed: got [7001 202 303 7002 902 903] want [101 202 303 901 902 903]
    bioinspired_ownership_test.go:501: partial caller pulse_steps backing changed: got [7004 1 3 7003 902 903] want [0 1 3 901 902 903]
    bioinspired_ownership_test.go:501: partial caller registry backing changed: got [mutated-visible-registry mutated-registry reserved-registry-2 reserved-registry-3] want [S14 reserved-registry-1 reserved-registry-2 reserved-registry-3]
=== RUN   TestBioInspiredOwnershipPartialCancellationIsolation/npf_memory_expression_hypothesis
    bioinspired_ownership_test.go:474: partial serialized report changed after caller mutation:
         got {"schema_version":"coimnet-bio-inspired/v1","protocol":"npf_memory_expression_hypothesis","config":{"protocol":"npf_memory_expression_hypothesis","seeds":[7001,202,303],"episodes":1,"pulse_steps":[],"suppressed":0.4,"tolerance":0.001,"quantitative":{"method":"mutated-method","data":"mutated-data","fit":"mutated-fit","held_out_intervention":"mutated-held-out-intervention"},"registry":["mutated-visible-registry"]},"config_hash":"bea825154b4a712c209ab8e9f9451a23d0b8f283e287f3b841e91c606c270f81","registry":["S15"],"assumptions":["Engineering numbers under an allowed hypothesis name; this is not a quantitative biological reproduction.","A score that drops while expression is suppressed and recovers when the state is switched back shows expression, not forgetting."],"seeds":null}
        want {"schema_version":"coimnet-bio-inspired/v1","protocol":"npf_memory_expression_hypothesis","config":{"protocol":"npf_memory_expression_hypothesis","seeds":[101,202,303],"episodes":1,"pulse_steps":[],"suppressed":0.4,"tolerance":0.001,"quantitative":{"method":"release-dose crossover","data":"S14/S15 paired cohort","fit":"per-step consolidation window","held_out_intervention":"post-training pulse"},"registry":["S15"]},"config_hash":"bea825154b4a712c209ab8e9f9451a23d0b8f283e287f3b841e91c606c270f81","registry":["S15"],"assumptions":["Engineering numbers under an allowed hypothesis name; this is not a quantitative biological reproduction.","A score that drops while expression is suppressed and recovers when the state is switched back shows expression, not forgetting."],"seeds":null}
    bioinspired_ownership_test.go:477: partial report.Config changed after caller mutation:
         got {Protocol:npf_memory_expression_hypothesis Seeds:[7001 202 303] Episodes:1 PulseSteps:[] Suppressed:0.4 Tolerance:0.001 Quantitative:0x4ce7d35bdd40 Registry:[mutated-visible-registry]}
        want {Protocol:npf_memory_expression_hypothesis Seeds:[101 202 303] Episodes:1 PulseSteps:[] Suppressed:0.4 Tolerance:0.001 Quantitative:0x4ce7d35bddc0 Registry:[S15]}
    bioinspired_ownership_test.go:485: partial report.Config seeds backing changed: got [7001 202 303 7002 902 903] want [101 202 303 901 902 903]
    bioinspired_ownership_test.go:485: partial report.Config pulse_steps backing changed: got [7003 902 903] want [901 902 903]
    bioinspired_ownership_test.go:485: partial report.Config registry backing changed: got [mutated-visible-registry mutated-registry reserved-registry-2 reserved-registry-3] want [S15 reserved-registry-1 reserved-registry-2 reserved-registry-3]
    bioinspired_ownership_test.go:496: caller config changed after partial report.Config mutation:
         got {Protocol:npf_memory_expression_hypothesis Seeds:[7001 202 303] Episodes:1 PulseSteps:[] Suppressed:0.4 Tolerance:0.001 Quantitative:0x4ce7d35bde80 Registry:[mutated-visible-registry]}
        want {Protocol:npf_memory_expression_hypothesis Seeds:[101 202 303] Episodes:1 PulseSteps:[] Suppressed:0.4 Tolerance:0.001 Quantitative:0x4ce7d368e040 Registry:[S15]}
    bioinspired_ownership_test.go:499: serialized caller config changed after partial report.Config mutation: got {"protocol":"npf_memory_expression_hypothesis","seeds":[7001,202,303],"episodes":1,"pulse_steps":[],"suppressed":0.4,"tolerance":0.001,"quantitative":{"method":"mutated-method","data":"mutated-data","fit":"mutated-fit","held_out_intervention":"mutated-held-out-intervention"},"registry":["mutated-visible-registry"]} want {"protocol":"npf_memory_expression_hypothesis","seeds":[101,202,303],"episodes":1,"pulse_steps":[],"suppressed":0.4,"tolerance":0.001,"quantitative":{"method":"release-dose crossover","data":"S14/S15 paired cohort","fit":"per-step consolidation window","held_out_intervention":"post-training pulse"},"registry":["S15"]}
    bioinspired_ownership_test.go:501: partial caller seeds backing changed: got [7001 202 303 7002 902 903] want [101 202 303 901 902 903]
    bioinspired_ownership_test.go:501: partial caller pulse_steps backing changed: got [7003 902 903] want [901 902 903]
    bioinspired_ownership_test.go:501: partial caller registry backing changed: got [mutated-visible-registry mutated-registry reserved-registry-2 reserved-registry-3] want [S15 reserved-registry-1 reserved-registry-2 reserved-registry-3]
--- FAIL: TestBioInspiredOwnershipPartialCancellationIsolation (0.00s)
    --- FAIL: TestBioInspiredOwnershipPartialCancellationIsolation/ecdysone_inspired (0.00s)
    --- FAIL: TestBioInspiredOwnershipPartialCancellationIsolation/npf_memory_expression_hypothesis (0.00s)
FAIL
FAIL	github.com/TimLai666/coimnet/experiment	6.262s
FAIL
