=== RUN   TestResampleConstantRangeAndExtremeInterpolation
--- PASS: TestResampleConstantRangeAndExtremeInterpolation (0.00s)
=== RUN   TestResampleExactSelectionAgainstBigRational
--- PASS: TestResampleExactSelectionAgainstBigRational (0.01s)
=== RUN   TestResampleEveryChunkSplitMatchesHandValues
--- PASS: TestResampleEveryChunkSplitMatchesHandValues (0.00s)
=== RUN   TestResampleFinalizedSequenceAndWatermarkRejection
--- PASS: TestResampleFinalizedSequenceAndWatermarkRejection (0.00s)
=== RUN   TestResampleMultipleRatesShareNeuralClock
--- PASS: TestResampleMultipleRatesShareNeuralClock (0.00s)
=== RUN   TestResampleExclusiveEndNeedNotBeRepresentable
--- PASS: TestResampleExclusiveEndNeedNotBeRepresentable (0.00s)
=== RUN   TestResampleLargeIntervalDoesNotRoundToFutureEndpoint
--- PASS: TestResampleLargeIntervalDoesNotRoundToFutureEndpoint (0.00s)
=== RUN   TestResampleHandCalculatedModes
=== RUN   TestResampleHandCalculatedModes/causal_hold
=== RUN   TestResampleHandCalculatedModes/offline_linear
--- PASS: TestResampleHandCalculatedModes (0.00s)
    --- PASS: TestResampleHandCalculatedModes/causal_hold (0.00s)
    --- PASS: TestResampleHandCalculatedModes/offline_linear (0.00s)
=== RUN   TestResampleChunkBoundaryAndOverwrite
--- PASS: TestResampleChunkBoundaryAndOverwrite (0.00s)
=== RUN   TestResampleCausalPrefixIgnoresFutureValues
--- PASS: TestResampleCausalPrefixIgnoresFutureValues (0.00s)
=== RUN   TestResampleEmptyLeadingGapAndRationalBoundary
--- PASS: TestResampleEmptyLeadingGapAndRationalBoundary (0.00s)
=== RUN   TestResampleFailureIsAtomic
--- PASS: TestResampleFailureIsAtomic (0.00s)
=== RUN   TestResampleRejectsUnsupportedSemanticsAndLimits
--- PASS: TestResampleRejectsUnsupportedSemanticsAndLimits (0.00s)
=== RUN   ExampleNewStreamingResampler
--- PASS: ExampleNewStreamingResampler (0.00s)
PASS
ok  	github.com/TimLai666/coimnet/signal	0.370s
