2026/09/16 18:45:52 [insyra - Info] Welcome to Insyra Huashan(v0.3.2)!!
Official website: https://insyra.hazelnut-paradise.com

=== RUN   TestEpisodeCheckpointOmitsUnusedConstraintFields
--- PASS: TestEpisodeCheckpointOmitsUnusedConstraintFields (0.01s)
=== RUN   TestEpisodeCheckpointCarriesMasksRangesAndEdgeSigns
--- PASS: TestEpisodeCheckpointCarriesMasksRangesAndEdgeSigns (0.01s)
=== RUN   TestEpisodeCheckpointRejectsAMaskThatDoesNotMatchTheTopology
--- PASS: TestEpisodeCheckpointRejectsAMaskThatDoesNotMatchTheTopology (0.01s)
=== RUN   TestEpisodeCheckpointRejectsNullInsideTheNewOptionalStructs
=== RUN   TestEpisodeCheckpointRejectsNullInsideTheNewOptionalStructs/null_mask_element
=== RUN   TestEpisodeCheckpointRejectsNullInsideTheNewOptionalStructs/null_range_bound
=== RUN   TestEpisodeCheckpointRejectsNullInsideTheNewOptionalStructs/null_edge_sign
=== RUN   TestEpisodeCheckpointRejectsNullInsideTheNewOptionalStructs/null_min_log_magnitude
--- PASS: TestEpisodeCheckpointRejectsNullInsideTheNewOptionalStructs (0.04s)
    --- PASS: TestEpisodeCheckpointRejectsNullInsideTheNewOptionalStructs/null_mask_element (0.01s)
    --- PASS: TestEpisodeCheckpointRejectsNullInsideTheNewOptionalStructs/null_range_bound (0.01s)
    --- PASS: TestEpisodeCheckpointRejectsNullInsideTheNewOptionalStructs/null_edge_sign (0.01s)
    --- PASS: TestEpisodeCheckpointRejectsNullInsideTheNewOptionalStructs/null_min_log_magnitude (0.01s)
=== RUN   TestEpisodeCheckpointStillLoadsAHandWrittenPreTicketPayload
--- PASS: TestEpisodeCheckpointStillLoadsAHandWrittenPreTicketPayload (0.00s)
=== RUN   TestEpisodeCheckpointOmitsUnusedStageTwoFields
--- PASS: TestEpisodeCheckpointOmitsUnusedStageTwoFields (0.01s)
=== RUN   TestEpisodeCheckpointCarriesTheStageTwoFields
--- PASS: TestEpisodeCheckpointCarriesTheStageTwoFields (0.01s)
=== RUN   TestEpisodeCheckpointRejectsAnAccumulatorThatDoesNotFitTheModel
=== RUN   TestEpisodeCheckpointRejectsAnAccumulatorThatDoesNotFitTheModel/null_count
=== RUN   TestEpisodeCheckpointRejectsAnAccumulatorThatDoesNotFitTheModel/unknown_schedule_kind
=== RUN   TestEpisodeCheckpointRejectsAnAccumulatorThatDoesNotFitTheModel/null_schedule_kind
=== RUN   TestEpisodeCheckpointRejectsAnAccumulatorThatDoesNotFitTheModel/negative_loss_scale
=== RUN   TestEpisodeCheckpointRejectsAnAccumulatorThatDoesNotFitTheModel/count_at_the_window
=== RUN   TestEpisodeCheckpointRejectsAnAccumulatorThatDoesNotFitTheModel/count_above_the_window
=== RUN   TestEpisodeCheckpointRejectsAnAccumulatorThatDoesNotFitTheModel/no_window_declared
=== RUN   TestEpisodeCheckpointRejectsAnAccumulatorThatDoesNotFitTheModel/missing_sum
=== RUN   TestEpisodeCheckpointRejectsAnAccumulatorThatDoesNotFitTheModel/missing_count
=== RUN   TestEpisodeCheckpointRejectsAnAccumulatorThatDoesNotFitTheModel/null_sum_element
=== RUN   TestEpisodeCheckpointRejectsAnAccumulatorThatDoesNotFitTheModel/short_sum
=== RUN   TestEpisodeCheckpointRejectsAnAccumulatorThatDoesNotFitTheModel/negative_count
--- PASS: TestEpisodeCheckpointRejectsAnAccumulatorThatDoesNotFitTheModel (0.11s)
    --- PASS: TestEpisodeCheckpointRejectsAnAccumulatorThatDoesNotFitTheModel/null_count (0.01s)
    --- PASS: TestEpisodeCheckpointRejectsAnAccumulatorThatDoesNotFitTheModel/unknown_schedule_kind (0.01s)
    --- PASS: TestEpisodeCheckpointRejectsAnAccumulatorThatDoesNotFitTheModel/null_schedule_kind (0.01s)
    --- PASS: TestEpisodeCheckpointRejectsAnAccumulatorThatDoesNotFitTheModel/negative_loss_scale (0.01s)
    --- PASS: TestEpisodeCheckpointRejectsAnAccumulatorThatDoesNotFitTheModel/count_at_the_window (0.01s)
    --- PASS: TestEpisodeCheckpointRejectsAnAccumulatorThatDoesNotFitTheModel/count_above_the_window (0.01s)
    --- PASS: TestEpisodeCheckpointRejectsAnAccumulatorThatDoesNotFitTheModel/no_window_declared (0.01s)
    --- PASS: TestEpisodeCheckpointRejectsAnAccumulatorThatDoesNotFitTheModel/missing_sum (0.01s)
    --- PASS: TestEpisodeCheckpointRejectsAnAccumulatorThatDoesNotFitTheModel/missing_count (0.01s)
    --- PASS: TestEpisodeCheckpointRejectsAnAccumulatorThatDoesNotFitTheModel/null_sum_element (0.01s)
    --- PASS: TestEpisodeCheckpointRejectsAnAccumulatorThatDoesNotFitTheModel/short_sum (0.01s)
    --- PASS: TestEpisodeCheckpointRejectsAnAccumulatorThatDoesNotFitTheModel/negative_count (0.01s)
PASS
ok  	github.com/TimLai666/coimnet/checkpoint	0.424s
