2026/09/16 18:45:51 [insyra - Info] Welcome to Insyra Huashan(v0.3.2)!!
Official website: https://insyra.hazelnut-paradise.com

=== RUN   TestLearningRateTablesForTheThreeKinds
=== RUN   TestLearningRateTablesForTheThreeKinds/no_schedule_at_all
=== RUN   TestLearningRateTablesForTheThreeKinds/constant_with_a_four-update_warmup
=== RUN   TestLearningRateTablesForTheThreeKinds/step,_halved_every_five_updates
=== RUN   TestLearningRateTablesForTheThreeKinds/step_behind_a_three-update_warmup
=== RUN   TestLearningRateTablesForTheThreeKinds/cosine_from_a_four-update_warmup_over_eight_updates_down_to_a_tenth
--- PASS: TestLearningRateTablesForTheThreeKinds (0.00s)
    --- PASS: TestLearningRateTablesForTheThreeKinds/no_schedule_at_all (0.00s)
    --- PASS: TestLearningRateTablesForTheThreeKinds/constant_with_a_four-update_warmup (0.00s)
    --- PASS: TestLearningRateTablesForTheThreeKinds/step,_halved_every_five_updates (0.00s)
    --- PASS: TestLearningRateTablesForTheThreeKinds/step_behind_a_three-update_warmup (0.00s)
    --- PASS: TestLearningRateTablesForTheThreeKinds/cosine_from_a_four-update_warmup_over_eight_updates_down_to_a_tenth (0.00s)
=== RUN   TestStepReportsTheScheduledLearningRateAndUsesIt
--- PASS: TestStepReportsTheScheduledLearningRateAndUsesIt (0.00s)
=== RUN   TestScheduleResumesOnTheSameCurve
--- PASS: TestScheduleResumesOnTheSameCurve (0.00s)
=== RUN   TestInvalidSchedulesAreRejected
=== RUN   TestInvalidSchedulesAreRejected/empty_kind
=== RUN   TestInvalidSchedulesAreRejected/step_without_a_factor
=== RUN   TestInvalidSchedulesAreRejected/negative_final_factor
=== RUN   TestInvalidSchedulesAreRejected/step_with_a_final_factor
=== RUN   TestInvalidSchedulesAreRejected/non-finite_final_factor
=== RUN   TestInvalidSchedulesAreRejected/step_without_a_period
=== RUN   TestInvalidSchedulesAreRejected/step_with_a_negative_factor
=== RUN   TestInvalidSchedulesAreRejected/cosine_without_a_decay
=== RUN   TestInvalidSchedulesAreRejected/final_factor_above_one
=== RUN   TestInvalidSchedulesAreRejected/constant_with_a_step_factor
=== RUN   TestInvalidSchedulesAreRejected/cosine_with_a_step_period
=== RUN   TestInvalidSchedulesAreRejected/constant_with_a_decay_window
=== RUN   TestInvalidSchedulesAreRejected/unknown_kind
--- PASS: TestInvalidSchedulesAreRejected (0.00s)
    --- PASS: TestInvalidSchedulesAreRejected/empty_kind (0.00s)
    --- PASS: TestInvalidSchedulesAreRejected/step_without_a_factor (0.00s)
    --- PASS: TestInvalidSchedulesAreRejected/negative_final_factor (0.00s)
    --- PASS: TestInvalidSchedulesAreRejected/step_with_a_final_factor (0.00s)
    --- PASS: TestInvalidSchedulesAreRejected/non-finite_final_factor (0.00s)
    --- PASS: TestInvalidSchedulesAreRejected/step_without_a_period (0.00s)
    --- PASS: TestInvalidSchedulesAreRejected/step_with_a_negative_factor (0.00s)
    --- PASS: TestInvalidSchedulesAreRejected/cosine_without_a_decay (0.00s)
    --- PASS: TestInvalidSchedulesAreRejected/final_factor_above_one (0.00s)
    --- PASS: TestInvalidSchedulesAreRejected/constant_with_a_step_factor (0.00s)
    --- PASS: TestInvalidSchedulesAreRejected/cosine_with_a_step_period (0.00s)
    --- PASS: TestInvalidSchedulesAreRejected/constant_with_a_decay_window (0.00s)
    --- PASS: TestInvalidSchedulesAreRejected/unknown_kind (0.00s)
PASS
ok  	github.com/TimLai666/coimnet/learning	0.262s
