2026/09/16 18:45:50 [insyra - Info] Welcome to Insyra Huashan(v0.3.2)!!
Official website: https://insyra.hazelnut-paradise.com

=== RUN   TestAccumulatedWindowAppliesOneAdamWStepOnTheMeanGradient
--- PASS: TestAccumulatedWindowAppliesOneAdamWStepOnTheMeanGradient (0.00s)
=== RUN   TestAccumulationSnapshotInTheMiddleOfAWindowResumesBitIdentically
--- PASS: TestAccumulationSnapshotInTheMiddleOfAWindowResumesBitIdentically (0.00s)
=== RUN   TestAccumulateStepsAndAccumulatorValidation
=== RUN   TestAccumulateStepsAndAccumulatorValidation/short_sum
=== RUN   TestAccumulateStepsAndAccumulatorValidation/count_at_the_window
=== RUN   TestAccumulateStepsAndAccumulatorValidation/count_above_window
=== RUN   TestAccumulateStepsAndAccumulatorValidation/negative_count
=== RUN   TestAccumulateStepsAndAccumulatorValidation/empty_nonzero_sum
=== RUN   TestAccumulateStepsAndAccumulatorValidation/non-finite_sum_entry
=== RUN   TestAccumulateStepsAndAccumulatorValidation/accumulator_without_a_window
--- PASS: TestAccumulateStepsAndAccumulatorValidation (0.00s)
    --- PASS: TestAccumulateStepsAndAccumulatorValidation/short_sum (0.00s)
    --- PASS: TestAccumulateStepsAndAccumulatorValidation/count_at_the_window (0.00s)
    --- PASS: TestAccumulateStepsAndAccumulatorValidation/count_above_window (0.00s)
    --- PASS: TestAccumulateStepsAndAccumulatorValidation/negative_count (0.00s)
    --- PASS: TestAccumulateStepsAndAccumulatorValidation/empty_nonzero_sum (0.00s)
    --- PASS: TestAccumulateStepsAndAccumulatorValidation/non-finite_sum_entry (0.00s)
    --- PASS: TestAccumulateStepsAndAccumulatorValidation/accumulator_without_a_window (0.00s)
PASS
ok  	github.com/TimLai666/coimnet/learning	0.270s
