2026/09/15 09:37:40 [insyra - Info] Welcome to Insyra Huashan(v0.3.2)!!
Official website: https://insyra.hazelnut-paradise.com

=== RUN   TestEpisodeCheckpointOmitsUnusedStageTwoFields
--- PASS: TestEpisodeCheckpointOmitsUnusedStageTwoFields (0.02s)
=== RUN   TestEpisodeCheckpointCarriesTheStageTwoFields
    options_compat_test.go:236: NewState did not keep the open accumulation window: <nil>
--- FAIL: TestEpisodeCheckpointCarriesTheStageTwoFields (0.00s)
=== RUN   TestEpisodeCheckpointRejectsAnAccumulatorThatDoesNotFitTheModel
=== RUN   TestEpisodeCheckpointRejectsAnAccumulatorThatDoesNotFitTheModel/no_window_declared
    options_compat_test.go:302: NewState did not keep the open accumulation window: <nil>
=== RUN   TestEpisodeCheckpointRejectsAnAccumulatorThatDoesNotFitTheModel/missing_sum
    options_compat_test.go:302: NewState did not keep the open accumulation window: <nil>
=== RUN   TestEpisodeCheckpointRejectsAnAccumulatorThatDoesNotFitTheModel/missing_count
    options_compat_test.go:302: NewState did not keep the open accumulation window: <nil>
=== RUN   TestEpisodeCheckpointRejectsAnAccumulatorThatDoesNotFitTheModel/null_sum_element
    options_compat_test.go:302: NewState did not keep the open accumulation window: <nil>
=== RUN   TestEpisodeCheckpointRejectsAnAccumulatorThatDoesNotFitTheModel/null_count
    options_compat_test.go:302: NewState did not keep the open accumulation window: <nil>
=== RUN   TestEpisodeCheckpointRejectsAnAccumulatorThatDoesNotFitTheModel/negative_count
    options_compat_test.go:302: NewState did not keep the open accumulation window: <nil>
=== RUN   TestEpisodeCheckpointRejectsAnAccumulatorThatDoesNotFitTheModel/unknown_schedule_kind
    options_compat_test.go:302: NewState did not keep the open accumulation window: <nil>
=== RUN   TestEpisodeCheckpointRejectsAnAccumulatorThatDoesNotFitTheModel/null_schedule_kind
    options_compat_test.go:302: NewState did not keep the open accumulation window: <nil>
=== RUN   TestEpisodeCheckpointRejectsAnAccumulatorThatDoesNotFitTheModel/negative_loss_scale
    options_compat_test.go:302: NewState did not keep the open accumulation window: <nil>
=== RUN   TestEpisodeCheckpointRejectsAnAccumulatorThatDoesNotFitTheModel/short_sum
    options_compat_test.go:302: NewState did not keep the open accumulation window: <nil>
=== RUN   TestEpisodeCheckpointRejectsAnAccumulatorThatDoesNotFitTheModel/count_at_the_window
    options_compat_test.go:302: NewState did not keep the open accumulation window: <nil>
=== RUN   TestEpisodeCheckpointRejectsAnAccumulatorThatDoesNotFitTheModel/count_above_the_window
    options_compat_test.go:302: NewState did not keep the open accumulation window: <nil>
=== NAME  TestEpisodeCheckpointRejectsAnAccumulatorThatDoesNotFitTheModel
    options_compat_test.go:311: NewState did not keep the open accumulation window: <nil>
--- FAIL: TestEpisodeCheckpointRejectsAnAccumulatorThatDoesNotFitTheModel (0.01s)
    --- FAIL: TestEpisodeCheckpointRejectsAnAccumulatorThatDoesNotFitTheModel/no_window_declared (0.00s)
    --- FAIL: TestEpisodeCheckpointRejectsAnAccumulatorThatDoesNotFitTheModel/missing_sum (0.00s)
    --- FAIL: TestEpisodeCheckpointRejectsAnAccumulatorThatDoesNotFitTheModel/missing_count (0.00s)
    --- FAIL: TestEpisodeCheckpointRejectsAnAccumulatorThatDoesNotFitTheModel/null_sum_element (0.00s)
    --- FAIL: TestEpisodeCheckpointRejectsAnAccumulatorThatDoesNotFitTheModel/null_count (0.00s)
    --- FAIL: TestEpisodeCheckpointRejectsAnAccumulatorThatDoesNotFitTheModel/negative_count (0.00s)
    --- FAIL: TestEpisodeCheckpointRejectsAnAccumulatorThatDoesNotFitTheModel/unknown_schedule_kind (0.00s)
    --- FAIL: TestEpisodeCheckpointRejectsAnAccumulatorThatDoesNotFitTheModel/null_schedule_kind (0.00s)
    --- FAIL: TestEpisodeCheckpointRejectsAnAccumulatorThatDoesNotFitTheModel/negative_loss_scale (0.00s)
    --- FAIL: TestEpisodeCheckpointRejectsAnAccumulatorThatDoesNotFitTheModel/short_sum (0.00s)
    --- FAIL: TestEpisodeCheckpointRejectsAnAccumulatorThatDoesNotFitTheModel/count_at_the_window (0.00s)
    --- FAIL: TestEpisodeCheckpointRejectsAnAccumulatorThatDoesNotFitTheModel/count_above_the_window (0.00s)
FAIL
FAIL	github.com/TimLai666/coimnet/checkpoint	0.560s
FAIL
