2026/09/16 19:16:09 [insyra - Info] Welcome to Insyra Huashan(v0.3.2)!!
Official website: https://insyra.hazelnut-paradise.com

     1252.44 real       874.32 user       268.43 sys
          6605570048  maximum resident set size
                   0  average shared memory size
                   0  average unshared data size
                   0  average unshared stack size
            85356280  page reclaims
                 236  page faults
                   0  swaps
                   0  block input operations
                   0  block output operations
                   0  messages sent
                   0  messages received
               58650  signals received
                2357  voluntary context switches
             5209077  involuntary context switches
      19896475352897  instructions retired
       4229703670384  cycles elapsed
         14563535768  peak memory footprint
exit=0
