ok  	github.com/TimLai666/coimnet	48.668s
ok  	github.com/TimLai666/coimnet/backend	1.345s
ok  	github.com/TimLai666/coimnet/backend/webgpu	2.067s
ok  	github.com/TimLai666/coimnet/checkpoint	23.844s
?   	github.com/TimLai666/coimnet/cmd/coimnet	[no test files]
ok  	github.com/TimLai666/coimnet/config	1.852s
ok  	github.com/TimLai666/coimnet/connectome	9.930s
ok  	github.com/TimLai666/coimnet/connectome/flywire	1.779s
ok  	github.com/TimLai666/coimnet/distill	1.660s
ok  	github.com/TimLai666/coimnet/download	2.930s
ok  	github.com/TimLai666/coimnet/dynamics	11.320s
ok  	github.com/TimLai666/coimnet/examples/lifthreshold	2.248s
ok  	github.com/TimLai666/coimnet/examples/multichannel	2.116s
ok  	github.com/TimLai666/coimnet/examples/realasr	1.793s
ok  	github.com/TimLai666/coimnet/examples/realmedia	18.101s
ok  	github.com/TimLai666/coimnet/examples/realnav	7.318s
ok  	github.com/TimLai666/coimnet/examples/realnavmemory	8.373s
ok  	github.com/TimLai666/coimnet/examples/realocr	1.636s
ok  	github.com/TimLai666/coimnet/examples/realsubgraph	4.119s
ok  	github.com/TimLai666/coimnet/examples/realtext	241.303s
ok  	github.com/TimLai666/coimnet/experiment	1324.442s
ok  	github.com/TimLai666/coimnet/experiment/fullgraph	3.899s
ok  	github.com/TimLai666/coimnet/experiment/gridnav	1.281s
ok  	github.com/TimLai666/coimnet/experiment/multimodaleval	1110.770s
ok  	github.com/TimLai666/coimnet/experiment/nav2d	1.270s
ok  	github.com/TimLai666/coimnet/experiment/studenteval	5.465s
ok  	github.com/TimLai666/coimnet/feather	1.669s
ok  	github.com/TimLai666/coimnet/internal/cli	717.219s
ok  	github.com/TimLai666/coimnet/internal/delayedfixture	1.481s
ok  	github.com/TimLai666/coimnet/internal/extsort	1.502s
ok  	github.com/TimLai666/coimnet/internal/fileio	1.272s
ok  	github.com/TimLai666/coimnet/internal/jsonkey	1.254s
ok  	github.com/TimLai666/coimnet/internal/redact	1.260s
ok  	github.com/TimLai666/coimnet/internal/sparse	1.244s
ok  	github.com/TimLai666/coimnet/internal/strictjson	1.255s
ok  	github.com/TimLai666/coimnet/learning	5.111s
ok  	github.com/TimLai666/coimnet/learning/rl	3.290s
ok  	github.com/TimLai666/coimnet/modulation	1.861s
ok  	github.com/TimLai666/coimnet/multimodal	1.252s
ok  	github.com/TimLai666/coimnet/multimodal/synthetic	1.261s
ok  	github.com/TimLai666/coimnet/params	2.813s
ok  	github.com/TimLai666/coimnet/plasticity	1.254s
ok  	github.com/TimLai666/coimnet/replay	1.256s
ok  	github.com/TimLai666/coimnet/resources	1.259s
ok  	github.com/TimLai666/coimnet/signal	1.901s
ok  	github.com/TimLai666/coimnet/simulate	4.857s
ok  	github.com/TimLai666/coimnet/tasks/asr	165.090s
ok  	github.com/TimLai666/coimnet/tasks/asr/audio	1.971s
ok  	github.com/TimLai666/coimnet/tasks/media	888.164s
ok  	github.com/TimLai666/coimnet/tasks/media/realdata	2.626s
ok  	github.com/TimLai666/coimnet/tasks/nav2d/trajectory	1.310s
ok  	github.com/TimLai666/coimnet/tasks/ocr	39.892s
ok  	github.com/TimLai666/coimnet/tasks/ocr/ctc	1.276s
ok  	github.com/TimLai666/coimnet/tasks/ocr/glyphs	1.268s
ok  	github.com/TimLai666/coimnet/tasks/textgen	1331.606s
ok  	github.com/TimLai666/coimnet/tasks/textgen/tokenizer	1.306s
ok  	github.com/TimLai666/coimnet/teacher	1.717s
ok  	github.com/TimLai666/coimnet/teacher/tool	1.647s
