=== RUN   TestFormatIndex
    format_index_test.go:78: format inventory unique versions=124
    format_index_test.go:83: format inventory categories: formal=87 rules=10 tools=14 test=13 unclassified=0
--- PASS: TestFormatIndex (0.31s)
=== RUN   TestFormatIndexControls
=== RUN   TestFormatIndexControls/missing
=== RUN   TestFormatIndexControls/duplicate
=== RUN   TestFormatIndexControls/stale
=== RUN   TestFormatIndexControls/wrong_source
=== RUN   TestFormatIndexControls/wrong_line
=== RUN   TestFormatIndexControls/known_counterexample_as_formal
=== RUN   TestFormatIndexControls/known_report_as_test
=== RUN   TestFormatIndexControls/outside_category
=== RUN   TestFormatIndexControls/malformed_extra_row
=== RUN   TestFormatIndexControls/empty
--- PASS: TestFormatIndexControls (0.03s)
    --- PASS: TestFormatIndexControls/missing (0.00s)
    --- PASS: TestFormatIndexControls/duplicate (0.00s)
    --- PASS: TestFormatIndexControls/stale (0.00s)
    --- PASS: TestFormatIndexControls/wrong_source (0.00s)
    --- PASS: TestFormatIndexControls/wrong_line (0.00s)
    --- PASS: TestFormatIndexControls/known_counterexample_as_formal (0.00s)
    --- PASS: TestFormatIndexControls/known_report_as_test (0.00s)
    --- PASS: TestFormatIndexControls/outside_category (0.00s)
    --- PASS: TestFormatIndexControls/malformed_extra_row (0.00s)
    --- PASS: TestFormatIndexControls/empty (0.00s)
=== RUN   TestFormatIndexGoLiteralsAndScopes
--- PASS: TestFormatIndexGoLiteralsAndScopes (0.00s)
=== RUN   TestFormatIndexNoGitAndReadErrors
=== RUN   TestFormatIndexNoGitAndReadErrors/parse
=== RUN   TestFormatIndexNoGitAndReadErrors/index_read
=== RUN   TestFormatIndexNoGitAndReadErrors/JSON_read
--- PASS: TestFormatIndexNoGitAndReadErrors (0.00s)
    --- PASS: TestFormatIndexNoGitAndReadErrors/parse (0.00s)
    --- PASS: TestFormatIndexNoGitAndReadErrors/index_read (0.00s)
    --- PASS: TestFormatIndexNoGitAndReadErrors/JSON_read (0.00s)
PASS
ok  	github.com/TimLai666/coimnet	0.610s
