=== RUN   TestFormatIndex
    format_index_test.go:78: format inventory unique versions=124
    format_index_test.go:83: format inventory categories: formal=87 rules=10 tools=14 test=13 unclassified=0
    format_index_test.go:85: inventory unique versions=124: format index validation failed:
        INDEX line 100 must have four columns
        INDEX line 101 must have four columns
        INDEX line 102 must have four columns
        INDEX line 103 must have four columns
        INDEX line 104 must have four columns
        INDEX line 105 must have four columns
        INDEX line 106 must have four columns
        INDEX line 107 must have four columns
        INDEX line 108 must have four columns
        INDEX line 109 must have four columns
        INDEX line 110 must have four columns
        INDEX line 111 must have four columns
        INDEX line 112 must have four columns
        INDEX line 113 must have four columns
        INDEX line 114 must have four columns
        INDEX line 115 must have four columns
        INDEX line 116 must have four columns
        INDEX line 117 must have four columns
        INDEX line 118 must have four columns
        INDEX line 119 must have four columns
        INDEX line 120 must have four columns
        INDEX line 121 must have four columns
        INDEX line 122 must have four columns
        INDEX line 123 must have four columns
        INDEX line 124 must have four columns
        INDEX line 125 must have four columns
        INDEX line 126 must have four columns
        INDEX line 127 must have four columns
        INDEX line 128 must have four columns
        INDEX line 129 must have four columns
        INDEX line 130 must have four columns
        INDEX line 131 must have four columns
        INDEX line 132 must have four columns
        INDEX line 133 must have four columns
        INDEX line 134 must have four columns
        INDEX line 135 must have four columns
        INDEX line 136 must have four columns
        INDEX line 137 must have four columns
        INDEX line 138 must have four columns
        INDEX line 139 must have four columns
        INDEX line 140 must have four columns
        INDEX line 141 must have four columns
        INDEX line 142 must have four columns
        INDEX line 143 must have four columns
        INDEX line 144 must have four columns
        INDEX line 145 must have four columns
        INDEX line 146 must have four columns
        INDEX line 147 must have four columns
        INDEX line 148 must have four columns
        INDEX line 149 must have four columns
        INDEX line 150 must have four columns
        INDEX line 76 must have four columns
        INDEX line 77 must have four columns
        INDEX line 78 must have four columns
        INDEX line 79 must have four columns
        INDEX line 80 must have four columns
        INDEX line 81 must have four columns
        INDEX line 82 must have four columns
        INDEX line 83 must have four columns
        INDEX line 84 must have four columns
        INDEX line 85 must have four columns
        INDEX line 86 must have four columns
        INDEX line 87 must have four columns
        INDEX line 88 must have four columns
        INDEX line 89 must have four columns
        INDEX line 90 must have four columns
        INDEX line 91 must have four columns
        INDEX line 92 must have four columns
        INDEX line 93 must have four columns
        INDEX line 94 must have four columns
        INDEX line 95 must have four columns
        INDEX line 96 must have four columns
        INDEX line 97 must have four columns
        INDEX line 98 must have four columns
        INDEX line 99 must have four columns
        index contains no rows
        missing category table "正式格式"
        missing category table "測試資料與反例"
        missing category table "規則與雜湊識別"
        missing category table "驗證工具格式"
        missing index row for "coimnet-ablation/v1" at experiment/ablation.go:16
        missing index row for "coimnet-adaptive-evaluation/v1" at experiment/adaptive_run.go:276
        missing index row for "coimnet-asr-dataset/v1" at examples/realasr/main.go:102
        missing index row for "coimnet-asr-fixture/v1" at internal/cli/asr.go:16
        missing index row for "coimnet-asr-stream/v1" at tasks/asr/stream_file.go:16
        missing index row for "coimnet-attribution/v1" at experiment/attribution.go:526
        missing index row for "coimnet-benchmark/v2" at internal/cli/benchmark.go:34
        missing index row for "coimnet-bio-inspired/v1" at experiment/bioinspired.go:19
        missing index row for "coimnet-byte-vocab/v1" at tasks/textgen/tokenizer/tokenizer.go:25
        missing index row for "coimnet-checkpoint-bundle/v2" at checkpoint/bundle.go:23
        missing index row for "coimnet-clean-env-run/v1" at scripts/clean-env-verify.sh:6
        missing index row for "coimnet-config/v1" at config/config.go:23
        missing index row for "coimnet-connectome-builder/v1" at connectome/manifest.go:30
        missing index row for "coimnet-connectome-builder/v999" at connectome/store_receipt_test.go:82
        missing index row for "coimnet-continual-matrix/v1" at experiment/continual.go:9
        missing index row for "coimnet-continuous-state/v1" at dynamics/state.go:14
        missing index row for "coimnet-counterfactual-summary/v1" at evidence/TSK-11/stimulus-counterfactual-20261003/analyze.py:56
        missing index row for "coimnet-data-sources/v1" at internal/cli/data.go:16
        missing index row for "coimnet-dataset-manifest/v1" at connectome/manifest.go:25
        missing index row for "coimnet-dataset-manifest/v9" at connectome/build_test.go:278
        missing index row for "coimnet-delayed-report/v2" at experiment/delayed.go:116
        missing index row for "coimnet-derivation-report/v1" at params/report.go:10
        missing index row for "coimnet-derivation-rules-hash/v1" at params/rules.go:39
        missing index row for "coimnet-derivation-rules/v1" at internal/cli/derive.go:53
        missing index row for "coimnet-distill-label/v1" at distill/train.go:132
        missing index row for "coimnet-distill/v1" at distill/distill.go:15
        missing index row for "coimnet-doctor/v1" at evidence/OPS-02/doctor-gpu-capabilities-20261007/cli-workflow.py:29
        missing index row for "coimnet-download-part/v1" at download/download.go:33
        missing index row for "coimnet-download-receipt/v1" at download/download.go:31
        missing index row for "coimnet-dry-run/v1" at internal/cli/config_run.go:110
        missing index row for "coimnet-episode-checkpoint/v1" at checkpoint/checkpoint.go:28
        missing index row for "coimnet-episode-training/v1" at checkpoint/package.go:30
        missing index row for "coimnet-feather-report/v1" at feather/reader.go:21
        missing index row for "coimnet-full-graph-resume/v1" at experiment/fullgraph/resume.go:13
        missing index row for "coimnet-full-graph-short-training/v1" at experiment/fullgraph/run.go:23
        missing index row for "coimnet-graph-import/v1" at internal/cli/import_test.go:235
        missing index row for "coimnet-graph-report/v1" at connectome/manifest.go:27
        missing index row for "coimnet-graph-store/v1" at connectome/store.go:27
        missing index row for "coimnet-graph-store/v9" at connectome/store_test.go:246
        missing index row for "coimnet-graph-validate/v1" at internal/cli/import_test.go:265
        missing index row for "coimnet-handoff-requirements/v1" at docs/handoff/requirements.json:2
        missing index row for "coimnet-handoff-sources/v1" at docs/handoff/sources.json:2
        missing index row for "coimnet-imitation/v1" at experiment/imitation.go:15
        missing index row for "coimnet-individual-checkpoint/v1" at checkpoint/individual.go:25
        missing index row for "coimnet-individual-checkpoint/v9" at checkpoint/package_test.go:281
        missing index row for "coimnet-individual/v1" at learning/individual.go:20
        missing index row for "coimnet-lif-state/v0" at dynamics/lif_state_test.go:358
        missing index row for "coimnet-lif-state/v1" at dynamics/lif_state.go:14
        missing index row for "coimnet-lif-threshold-example/v1" at experiment/lif_threshold.go:16
        missing index row for "coimnet-logmel/v1" at tasks/asr/audio/frontend.go:11
        missing index row for "coimnet-media/v1" at internal/cli/media_test.go:37
        missing index row for "coimnet-mixed-state/v1" at dynamics/mixed_state.go:17
        missing index row for "coimnet-model-package/v1" at checkpoint/package.go:26
        missing index row for "coimnet-model-package/v2" at checkpoint/package_test.go:254
        missing index row for "coimnet-multimodal-eval/v1" at experiment/multimodaleval/run.go:14
        missing index row for "coimnet-multimodal-sample/v1" at multimodal/sample.go:16
        missing index row for "coimnet-multitask-suite/v1" at experiment/multitask_evidence_test.go:55
        missing index row for "coimnet-multitask/v1" at experiment/multitask.go:13
        missing index row for "coimnet-nav2d-causal-next-displacement/v1" at tasks/nav2d/trajectory/trajectory.go:33
        missing index row for "coimnet-nav2d-suite/v1" at experiment/nav2d_suite.go:16
        missing index row for "coimnet-nav2d-trajectory/v1" at tasks/nav2d/trajectory/trajectory.go:31
        missing index row for "coimnet-nav2d/v1" at experiment/nav2d_suite.go:14
        missing index row for "coimnet-ocr-fixture/v1" at internal/cli/ocr_test.go:70
        missing index row for "coimnet-parameter-derive/v1" at internal/cli/derive.go:19
        missing index row for "coimnet-parameter-set/v1" at params/set.go:28
        missing index row for "coimnet-parameter-validate/v1" at internal/cli/derive.go:20
        missing index row for "coimnet-platform-matrix/v1" at scripts/platform-matrix.sh:198
        missing index row for "coimnet-policy-version/v2" at learning/rl/update.go:35
        missing index row for "coimnet-ppo-experiment/v1" at experiment/ppo.go:15
        missing index row for "coimnet-ppo-gradient-diagnostic/v1" at evidence/LRN-09/gradient-diagnostic-20261004/check_delivery.py:38
        missing index row for "coimnet-ppo-horizon-comparison/v1" at evidence/LRN-09/horizon-comparison-20261005/verify_report.py:108
        missing index row for "coimnet-ppo-horizon-reproduction/v1" at evidence/LRN-09/horizon-comparison-20261005/verify_report.py:178
        missing index row for "coimnet-ppo-horizon-summary/v1" at evidence/LRN-09/horizon-comparison-20261005/verify_report.py:169
        missing index row for "coimnet-ppo-training-feedback-summary/v1" at evidence/LRN-09/training-feedback-20261004/verify_report.py:198
        missing index row for "coimnet-ppo-training-feedback/v1" at evidence/LRN-09/training-feedback-20261004/verify_report.py:113
        missing index row for "coimnet-prediction/v1" at internal/cli/train.go:153
        missing index row for "coimnet-real-asr-example/v1" at examples/realasr/main.go:23
        missing index row for "coimnet-real-subgraph-example/v1" at examples/realsubgraph/main.go:25
        missing index row for "coimnet-real-task-evidence/v1" at privacy_test.go:196
        missing index row for "coimnet-real-text-example/v1" at examples/realtext/main.go:28
        missing index row for "coimnet-realmedia-example/v1" at examples/realmedia/main.go:32
        missing index row for "coimnet-realmedia/v1" at tasks/media/realdata/manifest.go:24
        missing index row for "coimnet-realnav-example/v1" at examples/realnav/main.go:26
        missing index row for "coimnet-realnav-memory-bundle/v1" at examples/realnavmemory/storage.go:23
        missing index row for "coimnet-realnav-memory-bundle/v999" at examples/realnavmemory/storage_test.go:49
        missing index row for "coimnet-realnav-memory-causal-features/v1" at examples/realnavmemory/storage.go:28
        missing index row for "coimnet-realnav-memory-counterfactual/v1" at examples/realnavmemory/counterfactual.go:15
        missing index row for "coimnet-realnav-memory-inference/v1" at examples/realnavmemory/main.go:22
        missing index row for "coimnet-realnav-memory-plan/v1" at examples/realnavmemory/storage.go:22
        missing index row for "coimnet-realnav-memory-rollout/v1" at examples/realnavmemory/rollout.go:16
        missing index row for "coimnet-realnav-preprocessing/v1" at examples/realnav/data.go:22
        missing index row for "coimnet-realnav-rollout/v1" at examples/realnav/rollout.go:24
        missing index row for "coimnet-realocr-data/v1" at examples/realocr/main.go:34
        missing index row for "coimnet-realocr/v1" at examples/realocr/main.go:35
        missing index row for "coimnet-recompute-rss/v1" at scripts/recompute-evidence.sh:6
        missing index row for "coimnet-replay/v0" at checkpoint/options_compat_test.go:493
        missing index row for "coimnet-replay/v1" at checkpoint/options_compat_test.go:493
        missing index row for "coimnet-report/v1" at internal/cli/export_report_test.go:204
        missing index row for "coimnet-requirements-addendum/v1" at docs/requirements-addendum.json:2
        missing index row for "coimnet-requirements-status/v1" at internal/cli/export_report_test.go:177
        missing index row for "coimnet-roles/v1" at internal/cli/roles_test.go:42
        missing index row for "coimnet-short-goal-cue-audit/v1" at evidence/LRN-09/short-goal-cue-audit-20261003/verify_report.py:27
        missing index row for "coimnet-short-goal-reproduction/v1" at evidence/LRN-09/short-goal-cue-audit-20261003/verify_report.py:150
        missing index row for "coimnet-sign-rule/v1" at internal/cli/derive_test.go:103
        missing index row for "coimnet-simulate-compare-report/v1" at internal/cli/simulate_test.go:806
        missing index row for "coimnet-simulate-compare/v1" at internal/cli/simulate_test.go:938
        missing index row for "coimnet-simulate-compare/v2" at simulate/compare_test.go:345
        missing index row for "coimnet-simulate-parameters/v1" at simulate/parameters.go:18
        missing index row for "coimnet-simulate-protocol/v1" at internal/cli/simulate_test.go:336
        missing index row for "coimnet-simulate-protocol/v2" at simulate/simulate_test.go:567
        missing index row for "coimnet-simulate-run/v1" at internal/cli/simulate_test.go:167
        missing index row for "coimnet-simulate-state/v1" at internal/cli/simulate_test.go:255
        missing index row for "coimnet-simulate-state/v2" at simulate/simulate_test.go:729
        missing index row for "coimnet-student-evaluation/v1" at experiment/studenteval/studenteval.go:23
        missing index row for "coimnet-synthetic-goal-cue-audit/v1" at experiment/ppo_goal_memory_evidence_test.go:304
        missing index row for "coimnet-teacher-records/v1" at teacher/records.go:13
        missing index row for "coimnet-textgen-corpus/v1" at examples/realtext/main.go:152
        missing index row for "coimnet-textgen-fixture/v1" at tasks/textgen/corpus.go:298
        missing index row for "coimnet-textgen/v1" at internal/cli/textgen_test.go:33
        missing index row for "coimnet-train-result/v1" at internal/cli/train.go:107
        missing index row for "coimnet-unknown/v9" at checkpoint/migrate_test.go:187
        missing index row for "coimnet-vector-state/v1" at dynamics/vector_core.go:13
        missing index row for "coimnet-video-timeline/v1" at tasks/media/package.go:117
        missing index row for "coimnet-video/v1" at internal/cli/video_test.go:28
--- FAIL: TestFormatIndex (0.32s)
=== RUN   TestFormatIndexControls
=== RUN   TestFormatIndexControls/missing
=== RUN   TestFormatIndexControls/duplicate
=== RUN   TestFormatIndexControls/stale
=== RUN   TestFormatIndexControls/wrong_source
=== RUN   TestFormatIndexControls/wrong_line
=== RUN   TestFormatIndexControls/known_counterexample_as_formal
=== RUN   TestFormatIndexControls/known_report_as_test
=== RUN   TestFormatIndexControls/outside_category
=== RUN   TestFormatIndexControls/malformed_extra_row
=== RUN   TestFormatIndexControls/empty
--- PASS: TestFormatIndexControls (0.02s)
    --- PASS: TestFormatIndexControls/missing (0.00s)
    --- PASS: TestFormatIndexControls/duplicate (0.00s)
    --- PASS: TestFormatIndexControls/stale (0.00s)
    --- PASS: TestFormatIndexControls/wrong_source (0.00s)
    --- PASS: TestFormatIndexControls/wrong_line (0.00s)
    --- PASS: TestFormatIndexControls/known_counterexample_as_formal (0.00s)
    --- PASS: TestFormatIndexControls/known_report_as_test (0.00s)
    --- PASS: TestFormatIndexControls/outside_category (0.00s)
    --- PASS: TestFormatIndexControls/malformed_extra_row (0.00s)
    --- PASS: TestFormatIndexControls/empty (0.00s)
=== RUN   TestFormatIndexGoLiteralsAndScopes
--- PASS: TestFormatIndexGoLiteralsAndScopes (0.00s)
=== RUN   TestFormatIndexNoGitAndReadErrors
=== RUN   TestFormatIndexNoGitAndReadErrors/parse
=== RUN   TestFormatIndexNoGitAndReadErrors/index_read
=== RUN   TestFormatIndexNoGitAndReadErrors/JSON_read
--- PASS: TestFormatIndexNoGitAndReadErrors (0.00s)
    --- PASS: TestFormatIndexNoGitAndReadErrors/parse (0.00s)
    --- PASS: TestFormatIndexNoGitAndReadErrors/index_read (0.00s)
    --- PASS: TestFormatIndexNoGitAndReadErrors/JSON_read (0.00s)
FAIL
FAIL	github.com/TimLai666/coimnet	0.814s
FAIL
