2026/09/24 03:22:03 [insyra - Info] Welcome to Insyra Huashan(v0.3.2)!!
Official website: https://insyra.hazelnut-paradise.com

       23.52 real        21.14 user         2.14 sys
          7364083712  maximum resident set size
                   0  average shared memory size
                   0  average unshared data size
                   0  average unshared stack size
             1144178  page reclaims
                   2  page faults
                   0  swaps
                   0  block input operations
                   0  block output operations
                   0  messages sent
                   0  messages received
                1148  signals received
                  67  voluntary context switches
               72146  involuntary context switches
        467590337310  instructions retired
         87103535771  cycles elapsed
          8597855072  peak memory footprint
