2026/09/24 03:20:51 [insyra - Info] Welcome to Insyra Huashan(v0.3.2)!!
Official website: https://insyra.hazelnut-paradise.com

       72.20 real        66.23 user         3.01 sys
          8335392768  maximum resident set size
                   0  average shared memory size
                   0  average unshared data size
                   0  average unshared stack size
             1021799  page reclaims
                   0  page faults
                   0  swaps
                   0  block input operations
                   0  block output operations
                   0  messages sent
                   0  messages received
                3216  signals received
                2551  voluntary context switches
              121685  involuntary context switches
       1422519388203  instructions retired
        259630849677  cycles elapsed
          8598051872  peak memory footprint
