test_first_collection_corruption_with_recomputed_targets (__main__.ReadbackTests) ...
======================================================================
FAIL: test_first_collection_corruption_with_recomputed_targets (__main__.ReadbackTests) (index=0, field='value')
----------------------------------------------------------------------
Traceback (most recent call last):
  File "/Users/timlai/Developer/coimnet/evidence/LRN-09/horizon-comparison-20261005/verify_report_test.py", line 40, in test_first_collection_corruption_with_recomputed_targets
    v.verify(altered)
AssertionError: AssertionError not raised

======================================================================
FAIL: test_first_collection_corruption_with_recomputed_targets (__main__.ReadbackTests) (index=0, field='log_prob')
----------------------------------------------------------------------
Traceback (most recent call last):
  File "/Users/timlai/Developer/coimnet/evidence/LRN-09/horizon-comparison-20261005/verify_report_test.py", line 40, in test_first_collection_corruption_with_recomputed_targets
    v.verify(altered)
AssertionError: AssertionError not raised

======================================================================
FAIL: test_first_collection_corruption_with_recomputed_targets (__main__.ReadbackTests) (index=200, field='value')
----------------------------------------------------------------------
Traceback (most recent call last):
  File "/Users/timlai/Developer/coimnet/evidence/LRN-09/horizon-comparison-20261005/verify_report_test.py", line 40, in test_first_collection_corruption_with_recomputed_targets
    v.verify(altered)
AssertionError: AssertionError not raised

======================================================================
FAIL: test_first_collection_corruption_with_recomputed_targets (__main__.ReadbackTests) (index=200, field='log_prob')
----------------------------------------------------------------------
Traceback (most recent call last):
  File "/Users/timlai/Developer/coimnet/evidence/LRN-09/horizon-comparison-20261005/verify_report_test.py", line 40, in test_first_collection_corruption_with_recomputed_targets
    v.verify(altered)
AssertionError: AssertionError not raised

======================================================================
FAIL: test_first_collection_corruption_with_recomputed_targets (__main__.ReadbackTests) (index=400, field='value')
----------------------------------------------------------------------
Traceback (most recent call last):
  File "/Users/timlai/Developer/coimnet/evidence/LRN-09/horizon-comparison-20261005/verify_report_test.py", line 40, in test_first_collection_corruption_with_recomputed_targets
    v.verify(altered)
AssertionError: AssertionError not raised

======================================================================
FAIL: test_first_collection_corruption_with_recomputed_targets (__main__.ReadbackTests) (index=400, field='log_prob')
----------------------------------------------------------------------
Traceback (most recent call last):
  File "/Users/timlai/Developer/coimnet/evidence/LRN-09/horizon-comparison-20261005/verify_report_test.py", line 40, in test_first_collection_corruption_with_recomputed_targets
    v.verify(altered)
AssertionError: AssertionError not raised

----------------------------------------------------------------------
Ran 1 test in 21.132s

FAILED (failures=6)
