=== RUN   TestGovernanceRequirementIDsMatchHandoff
--- PASS: TestGovernanceRequirementIDsMatchHandoff (0.01s)
=== RUN   TestGovernanceStatusValuesAreDeclared
--- PASS: TestGovernanceStatusValuesAreDeclared (0.00s)
=== RUN   TestGovernancePassedRequirementsHaveEvidence
    governance_test.go:249: id=LRN-09: evidence ../evidence/LRN-09/horizon-comparison-20261005/verification.json missing keys: test_log
--- FAIL: TestGovernancePassedRequirementsHaveEvidence (0.05s)
=== RUN   TestGovernanceTicketsHaveDatedRootDecisions
    governance_test.go:290: 40-six-step-deadline-training-comparison.md: line 8 contains '## Root 決策' but no date matching 20\d\d-\d\d-\d\d
    governance_test.go:301: no Root 決策 section: 01-environment.md
    governance_test.go:301: no Root 決策 section: 02-sparse.md
    governance_test.go:301: no Root 決策 section: 03-signals.md
    governance_test.go:301: no Root 決策 section: 04-continuous-training.md
    governance_test.go:301: no Root 決策 section: 05-resume.md
    governance_test.go:301: no Root 決策 section: 06-source-download.md
    governance_test.go:301: no Root 決策 section: 07-feather-reader.md
    governance_test.go:301: no Root 決策 section: 10-real-subgraph-example.md
    governance_test.go:301: no Root 決策 section: 34-real-trajectory-stimulus-memory-proposal.md
    governance_test.go:301: no Root 決策 section: 35-frozen-stimulus-history-counterfactual.md
    governance_test.go:301: no Root 決策 section: 36-synthetic-goal-cue-audit.md
--- FAIL: TestGovernanceTicketsHaveDatedRootDecisions (0.00s)
FAIL
FAIL	github.com/TimLai666/coimnet	0.522s
FAIL
