=== RUN   TestPPOHorizonEvidence
    ppo_horizon_evidence_test.go:100: COIMNET_PPO_HORIZON_EVIDENCE is not set
--- SKIP: TestPPOHorizonEvidence (0.00s)
=== RUN   TestPPOHorizonDeadlineRolloutGAE
--- PASS: TestPPOHorizonDeadlineRolloutGAE (0.00s)
=== RUN   TestPPOHorizonDeadlineRolloutRejectsInvalidEpisodes
=== RUN   TestPPOHorizonDeadlineRolloutRejectsInvalidEpisodes/nil
=== RUN   TestPPOHorizonDeadlineRolloutRejectsInvalidEpisodes/empty
=== RUN   TestPPOHorizonDeadlineRolloutRejectsInvalidEpisodes/zero_limit
=== RUN   TestPPOHorizonDeadlineRolloutRejectsInvalidEpisodes/negative_limit
=== RUN   TestPPOHorizonDeadlineRolloutRejectsInvalidEpisodes/too_long
=== RUN   TestPPOHorizonDeadlineRolloutRejectsInvalidEpisodes/short_timeout
=== RUN   TestPPOHorizonDeadlineRolloutRejectsInvalidEpisodes/early_timeout
=== RUN   TestPPOHorizonDeadlineRolloutRejectsInvalidEpisodes/no_ending
=== RUN   TestPPOHorizonDeadlineRolloutRejectsInvalidEpisodes/conflict
=== RUN   TestPPOHorizonDeadlineRolloutRejectsInvalidEpisodes/early_done
=== RUN   TestPPOHorizonDeadlineRolloutRejectsInvalidEpisodes/nan_value
=== RUN   TestPPOHorizonDeadlineRolloutRejectsInvalidEpisodes/infinite_bootstrap
=== RUN   TestPPOHorizonDeadlineRolloutRejectsInvalidEpisodes/nan_observation
--- PASS: TestPPOHorizonDeadlineRolloutRejectsInvalidEpisodes (0.00s)
    --- PASS: TestPPOHorizonDeadlineRolloutRejectsInvalidEpisodes/nil (0.00s)
    --- PASS: TestPPOHorizonDeadlineRolloutRejectsInvalidEpisodes/empty (0.00s)
    --- PASS: TestPPOHorizonDeadlineRolloutRejectsInvalidEpisodes/zero_limit (0.00s)
    --- PASS: TestPPOHorizonDeadlineRolloutRejectsInvalidEpisodes/negative_limit (0.00s)
    --- PASS: TestPPOHorizonDeadlineRolloutRejectsInvalidEpisodes/too_long (0.00s)
    --- PASS: TestPPOHorizonDeadlineRolloutRejectsInvalidEpisodes/short_timeout (0.00s)
    --- PASS: TestPPOHorizonDeadlineRolloutRejectsInvalidEpisodes/early_timeout (0.00s)
    --- PASS: TestPPOHorizonDeadlineRolloutRejectsInvalidEpisodes/no_ending (0.00s)
    --- PASS: TestPPOHorizonDeadlineRolloutRejectsInvalidEpisodes/conflict (0.00s)
    --- PASS: TestPPOHorizonDeadlineRolloutRejectsInvalidEpisodes/early_done (0.00s)
    --- PASS: TestPPOHorizonDeadlineRolloutRejectsInvalidEpisodes/nan_value (0.00s)
    --- PASS: TestPPOHorizonDeadlineRolloutRejectsInvalidEpisodes/infinite_bootstrap (0.00s)
    --- PASS: TestPPOHorizonDeadlineRolloutRejectsInvalidEpisodes/nan_observation (0.00s)
=== RUN   TestPPOHorizonArmsShareTheSameCollection
--- PASS: TestPPOHorizonArmsShareTheSameCollection (0.00s)
=== RUN   TestPPOHorizonTrainingRejectsInvalidInput
=== RUN   TestPPOHorizonTrainingRejectsInvalidInput/nil
=== RUN   TestPPOHorizonTrainingRejectsInvalidInput/canceled
=== RUN   TestPPOHorizonTrainingRejectsInvalidInput/zero_updates
=== RUN   TestPPOHorizonTrainingRejectsInvalidInput/zero_rate
=== RUN   TestPPOHorizonTrainingRejectsInvalidInput/nil#01
=== RUN   TestPPOHorizonTrainingRejectsInvalidInput/canceled#01
=== RUN   TestPPOHorizonTrainingRejectsInvalidInput/zero_updates#01
=== RUN   TestPPOHorizonTrainingRejectsInvalidInput/zero_rate#01
--- PASS: TestPPOHorizonTrainingRejectsInvalidInput (0.00s)
    --- PASS: TestPPOHorizonTrainingRejectsInvalidInput/nil (0.00s)
    --- PASS: TestPPOHorizonTrainingRejectsInvalidInput/canceled (0.00s)
    --- PASS: TestPPOHorizonTrainingRejectsInvalidInput/zero_updates (0.00s)
    --- PASS: TestPPOHorizonTrainingRejectsInvalidInput/zero_rate (0.00s)
    --- PASS: TestPPOHorizonTrainingRejectsInvalidInput/nil#01 (0.00s)
    --- PASS: TestPPOHorizonTrainingRejectsInvalidInput/canceled#01 (0.00s)
    --- PASS: TestPPOHorizonTrainingRejectsInvalidInput/zero_updates#01 (0.00s)
    --- PASS: TestPPOHorizonTrainingRejectsInvalidInput/zero_rate#01 (0.00s)
PASS
ok  	github.com/TimLai666/coimnet/experiment	0.464s
