ok  	github.com/TimLai666/coimnet	8.995s
ok  	github.com/TimLai666/coimnet/backend	2.035s
ok  	github.com/TimLai666/coimnet/backend/webgpu	2.214s
ok  	github.com/TimLai666/coimnet/checkpoint	12.977s
?   	github.com/TimLai666/coimnet/cmd/coimnet	[no test files]
ok  	github.com/TimLai666/coimnet/config	2.067s
ok  	github.com/TimLai666/coimnet/connectome	3.423s
ok  	github.com/TimLai666/coimnet/connectome/flywire	2.395s
ok  	github.com/TimLai666/coimnet/distill	2.415s
ok  	github.com/TimLai666/coimnet/download	2.026s
ok  	github.com/TimLai666/coimnet/dynamics	2.155s
ok  	github.com/TimLai666/coimnet/examples/lifthreshold	1.804s
ok  	github.com/TimLai666/coimnet/examples/multichannel	1.436s
ok  	github.com/TimLai666/coimnet/examples/realasr	1.414s
ok  	github.com/TimLai666/coimnet/examples/realmedia	5.410s
ok  	github.com/TimLai666/coimnet/examples/realnav	3.189s
ok  	github.com/TimLai666/coimnet/examples/realnavmemory	3.044s
ok  	github.com/TimLai666/coimnet/examples/realocr	1.439s
ok  	github.com/TimLai666/coimnet/examples/realsubgraph	1.891s
ok  	github.com/TimLai666/coimnet/examples/realtext	135.312s
ok  	github.com/TimLai666/coimnet/experiment	1099.518s
ok  	github.com/TimLai666/coimnet/experiment/fullgraph	3.097s
ok  	github.com/TimLai666/coimnet/experiment/gridnav	1.251s
ok  	github.com/TimLai666/coimnet/experiment/multimodaleval	949.543s
ok  	github.com/TimLai666/coimnet/experiment/nav2d	1.272s
ok  	github.com/TimLai666/coimnet/experiment/studenteval	2.476s
ok  	github.com/TimLai666/coimnet/feather	1.349s
ok  	github.com/TimLai666/coimnet/internal/cli	603.326s
ok  	github.com/TimLai666/coimnet/internal/delayedfixture	1.380s
ok  	github.com/TimLai666/coimnet/internal/extsort	1.479s
ok  	github.com/TimLai666/coimnet/internal/fileio	1.269s
ok  	github.com/TimLai666/coimnet/internal/jsonkey	1.262s
ok  	github.com/TimLai666/coimnet/internal/redact	1.256s
ok  	github.com/TimLai666/coimnet/internal/sparse	1.246s
ok  	github.com/TimLai666/coimnet/internal/strictjson	1.253s
ok  	github.com/TimLai666/coimnet/learning	3.931s
ok  	github.com/TimLai666/coimnet/learning/rl	1.601s
ok  	github.com/TimLai666/coimnet/modulation	1.478s
ok  	github.com/TimLai666/coimnet/multimodal	1.256s
ok  	github.com/TimLai666/coimnet/multimodal/synthetic	1.272s
ok  	github.com/TimLai666/coimnet/params	2.411s
ok  	github.com/TimLai666/coimnet/plasticity	1.296s
ok  	github.com/TimLai666/coimnet/replay	1.250s
ok  	github.com/TimLai666/coimnet/resources	1.271s
ok  	github.com/TimLai666/coimnet/signal	1.486s
ok  	github.com/TimLai666/coimnet/simulate	3.575s
ok  	github.com/TimLai666/coimnet/tasks/asr	64.450s
ok  	github.com/TimLai666/coimnet/tasks/asr/audio	1.420s
ok  	github.com/TimLai666/coimnet/tasks/media	764.722s
ok  	github.com/TimLai666/coimnet/tasks/media/realdata	2.250s
ok  	github.com/TimLai666/coimnet/tasks/nav2d/trajectory	1.301s
ok  	github.com/TimLai666/coimnet/tasks/ocr	10.110s
ok  	github.com/TimLai666/coimnet/tasks/ocr/ctc	1.242s
ok  	github.com/TimLai666/coimnet/tasks/ocr/glyphs	1.257s
ok  	github.com/TimLai666/coimnet/tasks/textgen	1220.551s
ok  	github.com/TimLai666/coimnet/tasks/textgen/tokenizer	1.254s
ok  	github.com/TimLai666/coimnet/teacher	1.677s
ok  	github.com/TimLai666/coimnet/teacher/tool	1.254s
