2026/09/24 03:57:37 [insyra - Info] Welcome to Insyra Huashan(v0.3.2)!!
Official website: https://insyra.hazelnut-paradise.com

=== RUN   TestImportedDatasetPipeline
--- PASS: TestImportedDatasetPipeline (0.06s)
=== RUN   TestReadDatasetValidStereoDifferentRatesAndReports
--- PASS: TestReadDatasetValidStereoDifferentRatesAndReports (0.00s)
=== RUN   TestReadDatasetHashAndSamplesUseOneWAVByteSlice
--- PASS: TestReadDatasetHashAndSamplesUseOneWAVByteSlice (0.00s)
=== RUN   TestReadDatasetEnforcesRawAndProcessedCapacity
=== RUN   TestReadDatasetEnforcesRawAndProcessedCapacity/raw_per_file
=== RUN   TestReadDatasetEnforcesRawAndProcessedCapacity/single_file_processed_allocation
=== RUN   TestReadDatasetEnforcesRawAndProcessedCapacity/aggregate_processed_allocation
=== RUN   TestReadDatasetEnforcesRawAndProcessedCapacity/extreme_resample_output
--- PASS: TestReadDatasetEnforcesRawAndProcessedCapacity (0.00s)
    --- PASS: TestReadDatasetEnforcesRawAndProcessedCapacity/raw_per_file (0.00s)
    --- PASS: TestReadDatasetEnforcesRawAndProcessedCapacity/single_file_processed_allocation (0.00s)
    --- PASS: TestReadDatasetEnforcesRawAndProcessedCapacity/aggregate_processed_allocation (0.00s)
    --- PASS: TestReadDatasetEnforcesRawAndProcessedCapacity/extreme_resample_output (0.00s)
=== RUN   TestReadDatasetRejectsDuplicateKeysAndAliases
=== RUN   TestReadDatasetRejectsDuplicateKeysAndAliases/exact_schema_duplicate
=== RUN   TestReadDatasetRejectsDuplicateKeysAndAliases/case_alias
=== RUN   TestReadDatasetRejectsDuplicateKeysAndAliases/escaped_alias
--- PASS: TestReadDatasetRejectsDuplicateKeysAndAliases (0.00s)
    --- PASS: TestReadDatasetRejectsDuplicateKeysAndAliases/exact_schema_duplicate (0.00s)
    --- PASS: TestReadDatasetRejectsDuplicateKeysAndAliases/case_alias (0.00s)
    --- PASS: TestReadDatasetRejectsDuplicateKeysAndAliases/escaped_alias (0.00s)
=== RUN   TestReadDatasetRejectsNullScalarFields
=== RUN   TestReadDatasetRejectsNullScalarFields/path
=== RUN   TestReadDatasetRejectsNullScalarFields/text
=== RUN   TestReadDatasetRejectsNullScalarFields/speaker
=== RUN   TestReadDatasetRejectsNullScalarFields/session
=== RUN   TestReadDatasetRejectsNullScalarFields/sample_rate
=== RUN   TestReadDatasetRejectsNullScalarFields/channels
--- PASS: TestReadDatasetRejectsNullScalarFields (0.00s)
    --- PASS: TestReadDatasetRejectsNullScalarFields/path (0.00s)
    --- PASS: TestReadDatasetRejectsNullScalarFields/text (0.00s)
    --- PASS: TestReadDatasetRejectsNullScalarFields/speaker (0.00s)
    --- PASS: TestReadDatasetRejectsNullScalarFields/session (0.00s)
    --- PASS: TestReadDatasetRejectsNullScalarFields/sample_rate (0.00s)
    --- PASS: TestReadDatasetRejectsNullScalarFields/channels (0.00s)
=== RUN   TestReadDatasetRejectsOversizedManifest
--- PASS: TestReadDatasetRejectsOversizedManifest (0.03s)
=== RUN   TestReadDatasetRejectsInvalidArguments
=== RUN   TestReadDatasetRejectsInvalidArguments/zero_target_rate
=== RUN   TestReadDatasetRejectsInvalidArguments/negative_target_rate
=== RUN   TestReadDatasetRejectsInvalidArguments/zero_peak
=== RUN   TestReadDatasetRejectsInvalidArguments/peak_above_one
=== RUN   TestReadDatasetRejectsInvalidArguments/nan_peak
--- PASS: TestReadDatasetRejectsInvalidArguments (0.00s)
    --- PASS: TestReadDatasetRejectsInvalidArguments/zero_target_rate (0.00s)
    --- PASS: TestReadDatasetRejectsInvalidArguments/negative_target_rate (0.00s)
    --- PASS: TestReadDatasetRejectsInvalidArguments/zero_peak (0.00s)
    --- PASS: TestReadDatasetRejectsInvalidArguments/peak_above_one (0.00s)
    --- PASS: TestReadDatasetRejectsInvalidArguments/nan_peak (0.00s)
=== RUN   TestReadDatasetRejectsZeroResampledSamples
--- PASS: TestReadDatasetRejectsZeroResampledSamples (0.00s)
=== RUN   TestReadDatasetRejectsLicenseMetadataAndRecordShape
=== RUN   TestReadDatasetRejectsLicenseMetadataAndRecordShape/missing_holder
=== RUN   TestReadDatasetRejectsLicenseMetadataAndRecordShape/missing_terms
=== RUN   TestReadDatasetRejectsLicenseMetadataAndRecordShape/missing_source
=== RUN   TestReadDatasetRejectsLicenseMetadataAndRecordShape/empty_speaker
=== RUN   TestReadDatasetRejectsLicenseMetadataAndRecordShape/empty_session
=== RUN   TestReadDatasetRejectsLicenseMetadataAndRecordShape/no_recordings
=== RUN   TestReadDatasetRejectsLicenseMetadataAndRecordShape/wrong_schema
=== RUN   TestReadDatasetRejectsLicenseMetadataAndRecordShape/declared_rate_differs
=== RUN   TestReadDatasetRejectsLicenseMetadataAndRecordShape/declared_channels_differ
--- PASS: TestReadDatasetRejectsLicenseMetadataAndRecordShape (0.01s)
    --- PASS: TestReadDatasetRejectsLicenseMetadataAndRecordShape/missing_holder (0.00s)
    --- PASS: TestReadDatasetRejectsLicenseMetadataAndRecordShape/missing_terms (0.00s)
    --- PASS: TestReadDatasetRejectsLicenseMetadataAndRecordShape/missing_source (0.00s)
    --- PASS: TestReadDatasetRejectsLicenseMetadataAndRecordShape/empty_speaker (0.00s)
    --- PASS: TestReadDatasetRejectsLicenseMetadataAndRecordShape/empty_session (0.00s)
    --- PASS: TestReadDatasetRejectsLicenseMetadataAndRecordShape/no_recordings (0.00s)
    --- PASS: TestReadDatasetRejectsLicenseMetadataAndRecordShape/wrong_schema (0.00s)
    --- PASS: TestReadDatasetRejectsLicenseMetadataAndRecordShape/declared_rate_differs (0.00s)
    --- PASS: TestReadDatasetRejectsLicenseMetadataAndRecordShape/declared_channels_differ (0.00s)
=== RUN   TestReadDatasetRejectsPathTraversalAbsoluteDuplicateAndCorruptWAV
=== RUN   TestReadDatasetRejectsPathTraversalAbsoluteDuplicateAndCorruptWAV/traversal
=== RUN   TestReadDatasetRejectsPathTraversalAbsoluteDuplicateAndCorruptWAV/absolute
=== RUN   TestReadDatasetRejectsPathTraversalAbsoluteDuplicateAndCorruptWAV/duplicate
=== RUN   TestReadDatasetRejectsPathTraversalAbsoluteDuplicateAndCorruptWAV/corrupt_wav
--- PASS: TestReadDatasetRejectsPathTraversalAbsoluteDuplicateAndCorruptWAV (0.00s)
    --- PASS: TestReadDatasetRejectsPathTraversalAbsoluteDuplicateAndCorruptWAV/traversal (0.00s)
    --- PASS: TestReadDatasetRejectsPathTraversalAbsoluteDuplicateAndCorruptWAV/absolute (0.00s)
    --- PASS: TestReadDatasetRejectsPathTraversalAbsoluteDuplicateAndCorruptWAV/duplicate (0.00s)
    --- PASS: TestReadDatasetRejectsPathTraversalAbsoluteDuplicateAndCorruptWAV/corrupt_wav (0.00s)
=== RUN   TestReadDatasetRejectsRecordingSymlinkOutsideRoot
--- PASS: TestReadDatasetRejectsRecordingSymlinkOutsideRoot (0.00s)
=== RUN   TestReadDatasetRejectsRecordingSymlinkAlias
--- PASS: TestReadDatasetRejectsRecordingSymlinkAlias (0.00s)
=== RUN   TestReadDatasetRejectsInvalidUTF8Manifest
--- PASS: TestReadDatasetRejectsInvalidUTF8Manifest (0.00s)
PASS
ok  	github.com/TimLai666/coimnet/tasks/asr	1.594s
2026/09/24 03:57:38 [insyra - Info] Welcome to Insyra Huashan(v0.3.2)!!
Official website: https://insyra.hazelnut-paradise.com

=== RUN   TestReadCorpus
=== RUN   TestReadCorpus/invalid_manifests
=== RUN   TestReadCorpus/invalid_manifests/missing_license_field
=== RUN   TestReadCorpus/invalid_manifests/both_text_and_path
=== RUN   TestReadCorpus/invalid_manifests/neither_text_nor_path
=== RUN   TestReadCorpus/invalid_manifests/parent_path
=== RUN   TestReadCorpus/invalid_manifests/absolute_path
=== RUN   TestReadCorpus/invalid_manifests/drive_path
=== RUN   TestReadCorpus/invalid_manifests/duplicate_id
=== RUN   TestReadCorpus/invalid_manifests/unknown_field
=== RUN   TestReadCorpus/invalid_manifests/non-snake-case_field
=== RUN   TestReadCorpus/invalid_manifests/invalid_scope_kind
=== RUN   TestReadCorpus/invalid_manifests/wrong_schema
=== RUN   TestReadCorpus/invalid_manifests/duplicate_JSON_key
=== RUN   TestReadCorpus/invalid_manifests/oversized_manifest
=== RUN   TestReadCorpus/invalid_manifests/invalid_UTF-8_document
=== RUN   TestReadCorpus/invalid_manifests/oversized_document
--- PASS: TestReadCorpus (0.13s)
    --- PASS: TestReadCorpus/invalid_manifests (0.13s)
        --- PASS: TestReadCorpus/invalid_manifests/missing_license_field (0.00s)
        --- PASS: TestReadCorpus/invalid_manifests/both_text_and_path (0.00s)
        --- PASS: TestReadCorpus/invalid_manifests/neither_text_nor_path (0.00s)
        --- PASS: TestReadCorpus/invalid_manifests/parent_path (0.00s)
        --- PASS: TestReadCorpus/invalid_manifests/absolute_path (0.00s)
        --- PASS: TestReadCorpus/invalid_manifests/drive_path (0.00s)
        --- PASS: TestReadCorpus/invalid_manifests/duplicate_id (0.00s)
        --- PASS: TestReadCorpus/invalid_manifests/unknown_field (0.00s)
        --- PASS: TestReadCorpus/invalid_manifests/non-snake-case_field (0.00s)
        --- PASS: TestReadCorpus/invalid_manifests/invalid_scope_kind (0.00s)
        --- PASS: TestReadCorpus/invalid_manifests/wrong_schema (0.00s)
        --- PASS: TestReadCorpus/invalid_manifests/duplicate_JSON_key (0.00s)
        --- PASS: TestReadCorpus/invalid_manifests/oversized_manifest (0.06s)
        --- PASS: TestReadCorpus/invalid_manifests/invalid_UTF-8_document (0.00s)
        --- PASS: TestReadCorpus/invalid_manifests/oversized_document (0.05s)
=== RUN   TestRunTextgenReadsAManifest
--- PASS: TestRunTextgenReadsAManifest (2.04s)
PASS
ok  	github.com/TimLai666/coimnet/tasks/textgen	4.084s
2026/09/24 03:57:38 [insyra - Info] Welcome to Insyra Huashan(v0.3.2)!!
Official website: https://insyra.hazelnut-paradise.com

=== RUN   TestExamplesRunTextgenReadsACorpus
--- PASS: TestExamplesRunTextgenReadsACorpus (7.83s)
PASS
ok  	github.com/TimLai666/coimnet/internal/cli	10.139s
exit=0
