# CoImNet resource profile raw run 1
actual_timed_command=/usr/bin/time -v -o /tmp/coimnet-resource-profile-run-0omz5z0e/time-v.log /tmp/coimnet-validation.irVFk8MV/results-v4/coimnet train delayed --steps 600 --checkpoint /tmp/coimnet-resource-profile-run-0omz5z0e/example.json
user_command=train delayed --steps 600 --checkpoint /tmp/coimnet-resource-profile-run-0omz5z0e/example.json
exit_code=0
wall_seconds=0.180201407
wall_start_monotonic_ns=619063185167956
wall_end_monotonic_ns=619063365369363
wall_tool=Python time.monotonic_ns; unit=seconds
peak_rss_kb=19700
peak_rss_bytes=20172800
peak_rss_tool=/usr/bin/time -v; source unit=kbytes; conversion=1024 bytes/kbyte
binary_sha256=82581b24a363276e2aecd0cf3d8607f296b57e4219056f98fb2d0ec7d2972eb3
remote_run_dir=/tmp/coimnet-resource-profile-run-0omz5z0e
remote_checkpoint={'path': '/tmp/coimnet-resource-profile-run-0omz5z0e/example.json', 'bytes': 1179, 'sha256': '31ca4d0a4c6f812f364619a51625c7bd1bbf89212a25ea38a04e940d64da3dcd'}

[stdout]
{
  "schema_version": "coimnet-train-result/v1",
  "profile": "fixture",
  "checkpoint": "/tmp/coimnet-resource-profile-run-0omz5z0e/example.json",
  "next_sample": 600,
  "last_step": {
    "loss": 0.00000938868379307678,
    "gradient_norm": 0.0020126682165790104,
    "update_norm": 0.0011272110477204556,
    "updates": 600
  }
}

[stderr]
2026/09/13 17:50:49 [insyra - Info] Welcome to Insyra Huashan(v0.3.2)!!
Official website: https://insyra.hazelnut-paradise.com


[/stderr]
[time -v]
	Command being timed: "/tmp/coimnet-validation.irVFk8MV/results-v4/coimnet train delayed --steps 600 --checkpoint /tmp/coimnet-resource-profile-run-0omz5z0e/example.json"
	User time (seconds): 0.10
	System time (seconds): 0.01
	Percent of CPU this job got: 68%
	Elapsed (wall clock) time (h:mm:ss or m:ss): 0:00.17
	Average shared text size (kbytes): 0
	Average unshared data size (kbytes): 0
	Average stack size (kbytes): 0
	Average total size (kbytes): 0
	Maximum resident set size (kbytes): 19700
	Average resident set size (kbytes): 0
	Major (requiring I/O) page faults: 0
	Minor (reclaiming a frame) page faults: 2919
	Voluntary context switches: 440
	Involuntary context switches: 82
	Swaps: 0
	File system inputs: 0
	File system outputs: 24
	Socket messages sent: 0
	Socket messages received: 0
	Signals delivered: 0
	Page size (bytes): 4096
	Exit status: 0

[/time -v]
