	Command being timed: "/tmp/coimnet-validation.irVFk8MV/results-v4/coimnet train delayed --steps 600 --checkpoint /tmp/coimnet-resource-profile-run-y0fqyib1/example.json"
	User time (seconds): 0.10
	System time (seconds): 0.01
	Percent of CPU this job got: 86%
	Elapsed (wall clock) time (h:mm:ss or m:ss): 0:00.14
	Average shared text size (kbytes): 0
	Average unshared data size (kbytes): 0
	Average stack size (kbytes): 0
	Average total size (kbytes): 0
	Maximum resident set size (kbytes): 19500
	Average resident set size (kbytes): 0
	Major (requiring I/O) page faults: 0
	Minor (reclaiming a frame) page faults: 2892
	Voluntary context switches: 454
	Involuntary context switches: 92
	Swaps: 0
	File system inputs: 0
	File system outputs: 24
	Socket messages sent: 0
	Socket messages received: 0
	Signals delivered: 0
	Page size (bytes): 4096
	Exit status: 0
