=== RUN   TestReadRegularReadsBoundedRegularFile
--- PASS: TestReadRegularReadsBoundedRegularFile (0.00s)
=== RUN   TestReadRegularRejectsUnknownNonregularAndOversizedPaths
--- PASS: TestReadRegularRejectsUnknownNonregularAndOversizedPaths (0.00s)
=== RUN   TestReadRegularHonorsCanceledContext
--- PASS: TestReadRegularHonorsCanceledContext (0.00s)
=== RUN   TestReadRegularRejectsNilContextAndNegativeLimit
--- PASS: TestReadRegularRejectsNilContextAndNegativeLimit (0.00s)
=== RUN   TestReadRegularRejectsSymlinkPath
--- PASS: TestReadRegularRejectsSymlinkPath (0.00s)
=== RUN   TestReadRootRegularRejectsParentSymlinkEscapeAfterRootOpen
--- PASS: TestReadRootRegularRejectsParentSymlinkEscapeAfterRootOpen (0.00s)
=== RUN   TestReadRegularRejectsFIFOWithoutBlocking
--- PASS: TestReadRegularRejectsFIFOWithoutBlocking (0.00s)
=== RUN   TestOpenRegularStreaming
--- PASS: TestOpenRegularStreaming (0.00s)
=== RUN   TestOpenRegularRejectsInvalidInput
--- PASS: TestOpenRegularRejectsInvalidInput (0.00s)
PASS
ok  	github.com/TimLai666/coimnet/internal/fileio	1.254s
