2026/09/23 21:17:27 [insyra - Info] Welcome to Insyra Huashan(v0.3.2)!!
Official website: https://insyra.hazelnut-paradise.com

        0.80 real         0.33 user         0.03 sys
            29097984  maximum resident set size
                   0  average shared memory size
                   0  average unshared data size
                   0  average unshared stack size
                2101  page reclaims
                   0  page faults
                   0  swaps
                   0  block input operations
                   0  block output operations
                   0  messages sent
                   0  messages received
                 678  signals received
                  75  voluntary context switches
                4054  involuntary context switches
          5643204234  instructions retired
          1238849894  cycles elapsed
            17678984  peak memory footprint
