2026/09/23 21:17:32 [insyra - Info] Welcome to Insyra Huashan(v0.3.2)!!
Official website: https://insyra.hazelnut-paradise.com

        0.30 real         0.33 user         0.02 sys
            28868608  maximum resident set size
                   0  average shared memory size
                   0  average unshared data size
                   0  average unshared stack size
                2089  page reclaims
                   0  page faults
                   0  swaps
                   0  block input operations
                   0  block output operations
                   0  messages sent
                   0  messages received
                 642  signals received
                  64  voluntary context switches
                4168  involuntary context switches
          5614154781  instructions retired
          1249559308  cycles elapsed
            17957488  peak memory footprint
