2026/09/22 19:44:18 [insyra - Info] Welcome to Insyra Huashan(v0.3.2)!!
Official website: https://insyra.hazelnut-paradise.com

        0.33 real         0.46 user         0.03 sys
            26427392  maximum resident set size
                   0  average shared memory size
                   0  average unshared data size
                   0  average unshared stack size
                1937  page reclaims
                   0  page faults
                   0  swaps
                   0  block input operations
                   0  block output operations
                   0  messages sent
                   0  messages received
                2018  signals received
                 154  voluntary context switches
                9309  involuntary context switches
          6646572685  instructions retired
          1757642057  cycles elapsed
            15565472  peak memory footprint
