2026/09/22 19:44:18 [insyra - Info] Welcome to Insyra Huashan(v0.3.2)!!
Official website: https://insyra.hazelnut-paradise.com

        0.33 real         0.46 user         0.04 sys
            26296320  maximum resident set size
                   0  average shared memory size
                   0  average unshared data size
                   0  average unshared stack size
                1935  page reclaims
                   0  page faults
                   0  swaps
                   0  block input operations
                   0  block output operations
                   0  messages sent
                   0  messages received
                1847  signals received
                 100  voluntary context switches
                9627  involuntary context switches
          6644932729  instructions retired
          1777258673  cycles elapsed
            15401608  peak memory footprint
