# Green: ticket 17 stage one, fixed signs with log-magnitude parametrization (root decision 2).
# The finite-difference table and the 1000-step sign-flip run are in the -v output below.
$ go test -count=1 -v -run 'EffectiveWeights|EdgeSigns|SnapshotWithoutEdgeSigns|FixedSign|MinLogMagnitude|ChainRule|AllZeroEdgeSigns' ./learning/
2026/09/15 09:17:08 [insyra - Info] Welcome to Insyra Huashan(v0.3.2)!!
Official website: https://insyra.hazelnut-paradise.com

=== RUN   TestFixedSignEdgesAreCappedInLogSpace
--- PASS: TestFixedSignEdgesAreCappedInLogSpace (0.00s)
=== RUN   TestEffectiveWeightsMapsRawValuesThroughTheDeclaredSigns
--- PASS: TestEffectiveWeightsMapsRawValuesThroughTheDeclaredSigns (0.00s)
=== RUN   TestEdgeSignsAndMinLogMagnitudeAreValidated
--- PASS: TestEdgeSignsAndMinLogMagnitudeAreValidated (0.00s)
=== RUN   TestAllZeroEdgeSignsAreBitIdenticalToNoDeclarationAtAll
--- PASS: TestAllZeroEdgeSignsAreBitIdenticalToNoDeclarationAtAll (0.01s)
=== RUN   TestSnapshotWithoutEdgeSignsLoadsAsAllFree
--- PASS: TestSnapshotWithoutEdgeSignsLoadsAsAllFree (0.00s)
=== RUN   TestFixedSignEdgesNeverFlipUnderALargeLearningRate
    signs_test.go:237: edge 0 smallest magnitude over 1000 steps: 0.07602767734034184
    signs_test.go:237: edge 2 smallest magnitude over 1000 steps: 0.47519607783859258
    signs_test.go:240: final raw weights: [-1.9782315349015838 -0.9886289490396335 0.4029712819746961 0.95797632963738]
--- PASS: TestFixedSignEdgesNeverFlipUnderALargeLearningRate (0.07s)
=== RUN   TestMinLogMagnitudeProjectionKeepsTheMagnitudeRepresentable
    signs_test.go:275: min_log_magnitude projections over 30 steps: 17
--- PASS: TestMinLogMagnitudeProjectionKeepsTheMagnitudeRepresentable (0.00s)
=== RUN   TestChainRuleGradientMatchesCentralFiniteDifferences
    signs_test.go:324: chain-rule gradient against central finite differences (eps=0.01)
        edge   sign   analytic               central difference     relative error
        0      1      -0.0169804527869481    -0.01698069649127      1.44e-05
        1      0      -0.018380476235569     -0.0183803676063465    5.91e-06
        2      -1     -0.00118676156045005   -0.00118681987066049   4.91e-05
        3      0      -0.128878357933245     -0.128878545411534     1.45e-06
--- PASS: TestChainRuleGradientMatchesCentralFiniteDifferences (0.00s)
=== RUN   TestFixedSignWeightsReachTheCoreAndThePersistentPath
--- PASS: TestFixedSignWeightsReachTheCoreAndThePersistentPath (0.00s)
PASS
ok  	github.com/TimLai666/coimnet/learning	0.334s
