# Green: ticket 17 stage one, fine-grained update masks (root decision 1).
$ go test -count=1 -v -run 'Mask|GroupFlag|OptionsWithout' ./learning/
2026/09/15 09:17:07 [insyra - Info] Welcome to Insyra Huashan(v0.3.2)!!
Official website: https://insyra.hazelnut-paradise.com

=== RUN   TestThetaRawAndThetaMaskValidation
--- PASS: TestThetaRawAndThetaMaskValidation (0.00s)
=== RUN   TestPerItemMasksFreezeOneEdgeAndOneNodeThroughWeightDecay
--- PASS: TestPerItemMasksFreezeOneEdgeAndOneNodeThroughWeightDecay (0.01s)
=== RUN   TestGroupFlagAndPerItemMaskBothHaveToAllowAnUpdate
=== RUN   TestGroupFlagAndPerItemMaskBothHaveToAllowAnUpdate/group_off,_item_on
=== RUN   TestGroupFlagAndPerItemMaskBothHaveToAllowAnUpdate/group_on,_item_off
=== RUN   TestGroupFlagAndPerItemMaskBothHaveToAllowAnUpdate/group_on,_item_on
--- PASS: TestGroupFlagAndPerItemMaskBothHaveToAllowAnUpdate (0.00s)
    --- PASS: TestGroupFlagAndPerItemMaskBothHaveToAllowAnUpdate/group_off,_item_on (0.00s)
    --- PASS: TestGroupFlagAndPerItemMaskBothHaveToAllowAnUpdate/group_on,_item_off (0.00s)
    --- PASS: TestGroupFlagAndPerItemMaskBothHaveToAllowAnUpdate/group_on,_item_on (0.00s)
=== RUN   TestMaskLengthsAreValidatedAgainstTheTopology
--- PASS: TestMaskLengthsAreValidatedAgainstTheTopology (0.00s)
=== RUN   TestMasksTravelWithTheSnapshotAndAreOwned
--- PASS: TestMasksTravelWithTheSnapshotAndAreOwned (0.00s)
=== RUN   TestOptionsWithoutMasksStaySerializedExactlyAsBefore
--- PASS: TestOptionsWithoutMasksStaySerializedExactlyAsBefore (0.00s)
=== RUN   TestNodeMaskFreezesThetaRawOnTheSpikingCore
--- PASS: TestNodeMaskFreezesThetaRawOnTheSpikingCore (0.00s)
=== RUN   TestMaskedParametersAreNotProjected
--- PASS: TestMaskedParametersAreNotProjected (0.00s)
=== RUN   TestTrainerLearnsAndMaskFreezesMomentum
--- PASS: TestTrainerLearnsAndMaskFreezesMomentum (0.01s)
PASS
ok  	github.com/TimLai666/coimnet/learning	0.275s
