# Green: ticket 17 stage one, signs from the ticket 13 derived parameter set.
$ go test -count=1 -v -run 'SignsFromParameterSet|DerivedSetSource' ./learning/
2026/09/15 09:17:09 [insyra - Info] Welcome to Insyra Huashan(v0.3.2)!!
Official website: https://insyra.hazelnut-paradise.com

=== RUN   TestDerivedSetSourceMatchesTheParamsPackage
--- PASS: TestDerivedSetSourceMatchesTheParamsPackage (0.00s)
=== RUN   TestSignsFromParameterSetAppliesEveryUnknownPolicy
=== RUN   TestSignsFromParameterSetAppliesEveryUnknownPolicy/free
=== RUN   TestSignsFromParameterSetAppliesEveryUnknownPolicy/excitatory
=== RUN   TestSignsFromParameterSetAppliesEveryUnknownPolicy/inhibitory
--- PASS: TestSignsFromParameterSetAppliesEveryUnknownPolicy (0.04s)
    --- PASS: TestSignsFromParameterSetAppliesEveryUnknownPolicy/free (0.00s)
    --- PASS: TestSignsFromParameterSetAppliesEveryUnknownPolicy/excitatory (0.00s)
    --- PASS: TestSignsFromParameterSetAppliesEveryUnknownPolicy/inhibitory (0.00s)
=== RUN   TestSignsFromParameterSetRejectsUndeclaredInput
--- PASS: TestSignsFromParameterSetRejectsUndeclaredInput (0.03s)
=== RUN   TestSignsFromParameterSetFeedsAConfig
    signs_from_set_test.go:115: derived fixture: {Policy:excitatory PositiveEdges:1 NegativeEdges:2 UnknownEdges:3}
--- PASS: TestSignsFromParameterSetFeedsAConfig (0.03s)
PASS
ok  	github.com/TimLai666/coimnet/learning	0.361s
