head: bcc0053de734962152cfd41f7a9ec67b4bd24b0a
workdir: /Users/timlai/Developer/coimnet/runs/OPS-10/work
out: /Users/timlai/Developer/coimnet/evidence/OPS-10/run.json

go_mod_download            passed
go_mod_verify              passed
go_build                   passed
go_vet                     passed
go_test                    passed
doctor                     passed
delayed_correlation        passed
threshold_training         passed
adaptive_evaluation        passed
continual_matrix           passed
modulation_intervention    passed
offline_teacher            passed
snapshot_restore           passed
example_ocr                passed
example_asr                passed
example_textgen            passed
example_media_image        passed
example_media_audio        passed
example_roles              passed
example_video              passed
example_gridnav            passed
example_nav2d              passed
example_multimodal         passed
example_attribution        passed
example_ablate             failed
benchmark_fixture          passed
multitask_suite            passed
recompute_rss_small        passed
real_subgraph_import       passed
real_subgraph_train        passed
full_graph_validate        passed
full_graph_short_training  passed
full_graph_resume          passed
benchmark_full_graph       passed
real_task_classes          blocked_data
device_backend             blocked_hardware
completion_report          passed

wrote /Users/timlai/Developer/coimnet/evidence/OPS-10/run.json
RESULT: at least one step failed
exit=1
