2026/09/13 22:35:56 [insyra - Info] Welcome to Insyra Huashan(v0.3.2)!!
Official website: https://insyra.hazelnut-paradise.com

      158.97 real       149.49 user         6.77 sys
          2932719616  maximum resident set size
                   0  average shared memory size
                   0  average unshared data size
                   0  average unshared stack size
             1835634  page reclaims
                  73  page faults
                   0  swaps
                   0  block input operations
                   0  block output operations
                   0  messages sent
                   0  messages received
                6854  signals received
                 992  voluntary context switches
              133389  involuntary context switches
       1736077512838  instructions retired
        579445255549  cycles elapsed
          8226953624  peak memory footprint
exit=0
