2026/09/15 00:07:22 [insyra - Info] Welcome to Insyra Huashan(v0.3.2)!!
Official website: https://insyra.hazelnut-paradise.com

       13.35 real        15.27 user         3.94 sys
           134774784  maximum resident set size
                   0  average shared memory size
                   0  average unshared data size
                   0  average unshared stack size
               23118  page reclaims
                1879  page faults
                   0  swaps
                   0  block input operations
                   0  block output operations
                   0  messages sent
                   0  messages received
               61522  signals received
               12509  voluntary context switches
              413356  involuntary context switches
          2691383672  instructions retired
          1410671769  cycles elapsed
            27034272  peak memory footprint
