=== RUN   TestProjectionRejectsInvalidSelectionShapeAndCoefficients
=== RUN   TestProjectionRejectsInvalidSelectionShapeAndCoefficients/schema
=== RUN   TestProjectionRejectsInvalidSelectionShapeAndCoefficients/direction
=== RUN   TestProjectionRejectsInvalidSelectionShapeAndCoefficients/source
=== RUN   TestProjectionRejectsInvalidSelectionShapeAndCoefficients/source_UTF8
=== RUN   TestProjectionRejectsInvalidSelectionShapeAndCoefficients/biological_evidence
=== RUN   TestProjectionRejectsInvalidSelectionShapeAndCoefficients/zero_shape
=== RUN   TestProjectionRejectsInvalidSelectionShapeAndCoefficients/shape_overflow
=== RUN   TestProjectionRejectsInvalidSelectionShapeAndCoefficients/weight_limit_before_random_allocation
=== RUN   TestProjectionRejectsInvalidSelectionShapeAndCoefficients/coefficient_shape
=== RUN   TestProjectionRejectsInvalidSelectionShapeAndCoefficients/NaN
=== RUN   TestProjectionRejectsInvalidSelectionShapeAndCoefficients/Inf
=== RUN   TestProjectionRejectsInvalidSelectionShapeAndCoefficients/selection
=== RUN   TestProjectionRejectsInvalidSelectionShapeAndCoefficients/duplicate_selected
=== RUN   TestProjectionRejectsInvalidSelectionShapeAndCoefficients/missing_selected
=== RUN   TestProjectionRejectsInvalidSelectionShapeAndCoefficients/unknown_metadata
=== RUN   TestProjectionRejectsInvalidSelectionShapeAndCoefficients/no_match
=== RUN   TestProjectionRejectsInvalidSelectionShapeAndCoefficients/ambiguous_selection
=== RUN   TestProjectionRejectsInvalidSelectionShapeAndCoefficients/zero_random_scale
=== RUN   TestProjectionRejectsInvalidSelectionShapeAndCoefficients/NaN_random_scale
=== RUN   TestProjectionRejectsInvalidSelectionShapeAndCoefficients/random_disagreement
--- PASS: TestProjectionRejectsInvalidSelectionShapeAndCoefficients (0.00s)
    --- PASS: TestProjectionRejectsInvalidSelectionShapeAndCoefficients/schema (0.00s)
    --- PASS: TestProjectionRejectsInvalidSelectionShapeAndCoefficients/direction (0.00s)
    --- PASS: TestProjectionRejectsInvalidSelectionShapeAndCoefficients/source (0.00s)
    --- PASS: TestProjectionRejectsInvalidSelectionShapeAndCoefficients/source_UTF8 (0.00s)
    --- PASS: TestProjectionRejectsInvalidSelectionShapeAndCoefficients/biological_evidence (0.00s)
    --- PASS: TestProjectionRejectsInvalidSelectionShapeAndCoefficients/zero_shape (0.00s)
    --- PASS: TestProjectionRejectsInvalidSelectionShapeAndCoefficients/shape_overflow (0.00s)
    --- PASS: TestProjectionRejectsInvalidSelectionShapeAndCoefficients/weight_limit_before_random_allocation (0.00s)
    --- PASS: TestProjectionRejectsInvalidSelectionShapeAndCoefficients/coefficient_shape (0.00s)
    --- PASS: TestProjectionRejectsInvalidSelectionShapeAndCoefficients/NaN (0.00s)
    --- PASS: TestProjectionRejectsInvalidSelectionShapeAndCoefficients/Inf (0.00s)
    --- PASS: TestProjectionRejectsInvalidSelectionShapeAndCoefficients/selection (0.00s)
    --- PASS: TestProjectionRejectsInvalidSelectionShapeAndCoefficients/duplicate_selected (0.00s)
    --- PASS: TestProjectionRejectsInvalidSelectionShapeAndCoefficients/missing_selected (0.00s)
    --- PASS: TestProjectionRejectsInvalidSelectionShapeAndCoefficients/unknown_metadata (0.00s)
    --- PASS: TestProjectionRejectsInvalidSelectionShapeAndCoefficients/no_match (0.00s)
    --- PASS: TestProjectionRejectsInvalidSelectionShapeAndCoefficients/ambiguous_selection (0.00s)
    --- PASS: TestProjectionRejectsInvalidSelectionShapeAndCoefficients/zero_random_scale (0.00s)
    --- PASS: TestProjectionRejectsInvalidSelectionShapeAndCoefficients/NaN_random_scale (0.00s)
    --- PASS: TestProjectionRejectsInvalidSelectionShapeAndCoefficients/random_disagreement (0.00s)
=== RUN   TestProjectionChannelShapeAndChangedMetadata
--- PASS: TestProjectionChannelShapeAndChangedMetadata (0.00s)
=== RUN   TestProjectionRandomGoldenAndNumericNull
--- PASS: TestProjectionRandomGoldenAndNumericNull (0.00s)
=== RUN   TestProjectionRoundTripSelectionAndBinding
=== RUN   TestProjectionRoundTripSelectionAndBinding/input/explicit
=== RUN   TestProjectionRoundTripSelectionAndBinding/input/cell_type
=== RUN   TestProjectionRoundTripSelectionAndBinding/input/region
=== RUN   TestProjectionRoundTripSelectionAndBinding/output/explicit
=== RUN   TestProjectionRoundTripSelectionAndBinding/output/cell_type
=== RUN   TestProjectionRoundTripSelectionAndBinding/output/region
--- PASS: TestProjectionRoundTripSelectionAndBinding (0.00s)
    --- PASS: TestProjectionRoundTripSelectionAndBinding/input/explicit (0.00s)
    --- PASS: TestProjectionRoundTripSelectionAndBinding/input/cell_type (0.00s)
    --- PASS: TestProjectionRoundTripSelectionAndBinding/input/region (0.00s)
    --- PASS: TestProjectionRoundTripSelectionAndBinding/output/explicit (0.00s)
    --- PASS: TestProjectionRoundTripSelectionAndBinding/output/cell_type (0.00s)
    --- PASS: TestProjectionRoundTripSelectionAndBinding/output/region (0.00s)
=== RUN   TestProjectionRandomReconstructionAndStrictJSON
--- PASS: TestProjectionRandomReconstructionAndStrictJSON (0.00s)
PASS
ok  	github.com/TimLai666/coimnet/signal	0.011s
2026/09/14 11:31:51 [insyra - Info] Welcome to Insyra Huashan(v0.3.2)!!
Official website: https://insyra.hazelnut-paradise.com

=== RUN   TestInputNodesMatchDenseEncoderExpansionAndFullGradient
--- PASS: TestInputNodesMatchDenseEncoderExpansionAndFullGradient (0.00s)
=== RUN   TestInputNodesGradientsMatchFiniteDifferences
--- PASS: TestInputNodesGradientsMatchFiniteDifferences (0.00s)
=== RUN   TestInputNodesValidationAndConfigIsolation
=== RUN   TestInputNodesValidationAndConfigIsolation/empty
=== RUN   TestInputNodesValidationAndConfigIsolation/duplicate
=== RUN   TestInputNodesValidationAndConfigIsolation/negative
=== RUN   TestInputNodesValidationAndConfigIsolation/out_of_range
--- PASS: TestInputNodesValidationAndConfigIsolation (0.00s)
    --- PASS: TestInputNodesValidationAndConfigIsolation/empty (0.00s)
    --- PASS: TestInputNodesValidationAndConfigIsolation/duplicate (0.00s)
    --- PASS: TestInputNodesValidationAndConfigIsolation/negative (0.00s)
    --- PASS: TestInputNodesValidationAndConfigIsolation/out_of_range (0.00s)
=== RUN   TestInputNodesTrainerUsesCompactEncoderAndRestoresSelection
--- PASS: TestInputNodesTrainerUsesCompactEncoderAndRestoresSelection (0.00s)
=== RUN   TestNilInputNodesKeepsLegacyConfigJSON
--- PASS: TestNilInputNodesKeepsLegacyConfigJSON (0.00s)
=== RUN   TestBindProjectionsRoundTripAndReplacement
--- PASS: TestBindProjectionsRoundTripAndReplacement (0.00s)
=== RUN   TestBindProjectionsRejectsInvalidBoundary
=== RUN   TestBindProjectionsRejectsInvalidBoundary/direction
=== RUN   TestBindProjectionsRejectsInvalidBoundary/input_width
=== RUN   TestBindProjectionsRejectsInvalidBoundary/output_width
=== RUN   TestBindProjectionsRejectsInvalidBoundary/node_count
=== RUN   TestBindProjectionsRejectsInvalidBoundary/absent_ID
=== RUN   TestBindProjectionsRejectsInvalidBoundary/core_shape
=== RUN   TestBindProjectionsRejectsInvalidBoundary/core_nonfinite
--- PASS: TestBindProjectionsRejectsInvalidBoundary (0.00s)
    --- PASS: TestBindProjectionsRejectsInvalidBoundary/direction (0.00s)
    --- PASS: TestBindProjectionsRejectsInvalidBoundary/input_width (0.00s)
    --- PASS: TestBindProjectionsRejectsInvalidBoundary/output_width (0.00s)
    --- PASS: TestBindProjectionsRejectsInvalidBoundary/node_count (0.00s)
    --- PASS: TestBindProjectionsRejectsInvalidBoundary/absent_ID (0.00s)
    --- PASS: TestBindProjectionsRejectsInvalidBoundary/core_shape (0.00s)
    --- PASS: TestBindProjectionsRejectsInvalidBoundary/core_nonfinite (0.00s)
=== RUN   ExampleBindProjections
--- PASS: ExampleBindProjections (0.00s)
PASS
ok  	github.com/TimLai666/coimnet/learning	0.021s
2026/09/14 11:31:51 [insyra - Info] Welcome to Insyra Huashan(v0.3.2)!!
Official website: https://insyra.hazelnut-paradise.com

=== RUN   TestSelectedProjectionSubprocessResume
--- PASS: TestSelectedProjectionSubprocessResume (0.13s)
PASS
ok  	github.com/TimLai666/coimnet/checkpoint	0.140s
