2026/09/24 23:21:01 [insyra - Info] Welcome to Insyra Huashan(v0.3.2)!!
Official website: https://insyra.hazelnut-paradise.com

2026/09/24 23:21:01 [insyra - Info] accel.execute: Session acceleration engaged device=Apple M3 backend=metal mode=auto shard_strategy=auto
        8.13 real        17.97 user         1.02 sys
            79134720  maximum resident set size
                   0  average shared memory size
                   0  average unshared data size
                   0  average unshared stack size
                5422  page reclaims
                   0  page faults
                   0  swaps
                   0  block input operations
                   0  block output operations
                   0  messages sent
                   0  messages received
               28860  signals received
               16049  voluntary context switches
              172992  involuntary context switches
        314306420618  instructions retired
         62864067514  cycles elapsed
           108757880  peak memory footprint
