2026/09/24 03:41:42 [insyra - Info] Welcome to Insyra Huashan(v0.3.2)!!
Official website: https://insyra.hazelnut-paradise.com

=== RUN   TestBenchmarkWritesReport
--- PASS: TestBenchmarkWritesReport (0.08s)
=== RUN   TestBenchmarkStoreMode
--- PASS: TestBenchmarkStoreMode (0.70s)
=== RUN   TestBenchmarkStoreModeRejects
=== RUN   TestBenchmarkStoreModeRejects/partial_store_flags
=== RUN   TestBenchmarkStoreModeRejects/nodes_with_store
=== RUN   TestBenchmarkStoreModeRejects/load_memory_refusal
=== RUN   TestBenchmarkStoreModeRejects/plan_memory_refusal
--- PASS: TestBenchmarkStoreModeRejects (1.13s)
    --- PASS: TestBenchmarkStoreModeRejects/partial_store_flags (0.00s)
    --- PASS: TestBenchmarkStoreModeRejects/nodes_with_store (0.00s)
    --- PASS: TestBenchmarkStoreModeRejects/load_memory_refusal (0.00s)
    --- PASS: TestBenchmarkStoreModeRejects/plan_memory_refusal (0.01s)
=== RUN   TestBenchmarkRowsPerCall
=== RUN   TestBenchmarkRowsPerCall/nodes_64_steps_200
=== RUN   TestBenchmarkRowsPerCall/nodes_165122_steps_8
=== RUN   TestBenchmarkRowsPerCall/nodes_2000000_steps_8
=== RUN   TestBenchmarkRowsPerCall/nodes_1048576_steps_3
--- PASS: TestBenchmarkRowsPerCall (0.00s)
    --- PASS: TestBenchmarkRowsPerCall/nodes_64_steps_200 (0.00s)
    --- PASS: TestBenchmarkRowsPerCall/nodes_165122_steps_8 (0.00s)
    --- PASS: TestBenchmarkRowsPerCall/nodes_2000000_steps_8 (0.00s)
    --- PASS: TestBenchmarkRowsPerCall/nodes_1048576_steps_3 (0.00s)
=== RUN   TestBenchmarkDefaultRowsPerCall
--- PASS: TestBenchmarkDefaultRowsPerCall (1.23s)
=== RUN   TestBenchmarkSplitsIndividualCalls
--- PASS: TestBenchmarkSplitsIndividualCalls (44.50s)
=== RUN   TestBenchmarkSnapshotStageLeavesNoTempFile
--- PASS: TestBenchmarkSnapshotStageLeavesNoTempFile (0.05s)
=== RUN   TestBenchmarkRejects
--- PASS: TestBenchmarkRejects (0.00s)
PASS
ok  	github.com/TimLai666/coimnet/internal/cli	49.465s
exit=0
