2026/09/24 03:38:17 [insyra - Info] Welcome to Insyra Huashan(v0.3.2)!!
Official website: https://insyra.hazelnut-paradise.com

        0.70 real         0.11 user         0.02 sys
            26869760  maximum resident set size
                   0  average shared memory size
                   0  average unshared data size
                   0  average unshared stack size
                2411  page reclaims
                   1  page faults
                   0  swaps
                   0  block input operations
                   0  block output operations
                   0  messages sent
                   0  messages received
                 228  signals received
                  40  voluntary context switches
                1383  involuntary context switches
          1569409026  instructions retired
           363531018  cycles elapsed
            15598216  peak memory footprint
