2026/09/24 03:38:17 [insyra - Info] Welcome to Insyra Huashan(v0.3.2)!!
Official website: https://insyra.hazelnut-paradise.com

        0.09 real         0.08 user         0.01 sys
            25985024  maximum resident set size
                   0  average shared memory size
                   0  average unshared data size
                   0  average unshared stack size
                2349  page reclaims
                   1  page faults
                   0  swaps
                   0  block input operations
                   0  block output operations
                   0  messages sent
                   0  messages received
                 239  signals received
                  38  voluntary context switches
                1456  involuntary context switches
          1554223594  instructions retired
           342785984  cycles elapsed
            14779064  peak memory footprint
