2026/09/24 03:38:18 [insyra - Info] Welcome to Insyra Huashan(v0.3.2)!!
Official website: https://insyra.hazelnut-paradise.com

      180.43 real       164.95 user        11.90 sys
          7609319424  maximum resident set size
                   0  average shared memory size
                   0  average unshared data size
                   0  average unshared stack size
             4303857  page reclaims
                   5  page faults
                   0  swaps
                   0  block input operations
                   0  block output operations
                   0  messages sent
                   0  messages received
                7883  signals received
                1993  voluntary context switches
              347744  involuntary context switches
       3639036744592  instructions retired
        660471756611  cycles elapsed
          8650022016  peak memory footprint
