2026/09/24 03:08:45 [insyra - Info] Welcome to Insyra Huashan(v0.3.2)!!
Official website: https://insyra.hazelnut-paradise.com

       25.80 real        21.62 user         3.56 sys
          8270282752  maximum resident set size
                   0  average shared memory size
                   0  average unshared data size
                   0  average unshared stack size
             1603457  page reclaims
                   7  page faults
                   0  swaps
                   0  block input operations
                   0  block output operations
                   0  messages sent
                   0  messages received
                1278  signals received
                  69  voluntary context switches
               92109  involuntary context switches
        473620940967  instructions retired
         92323803054  cycles elapsed
         10598965288  peak memory footprint
