2026/09/24 03:05:03 [insyra - Info] Welcome to Insyra Huashan(v0.3.2)!!
Official website: https://insyra.hazelnut-paradise.com

      222.77 real       116.67 user        31.10 sys
          7699431424  maximum resident set size
                   0  average shared memory size
                   0  average unshared data size
                   0  average unshared stack size
             8706685  page reclaims
                   0  page faults
                   0  swaps
                   0  block input operations
                   0  block output operations
                   0  messages sent
                   0  messages received
               15079  signals received
                2740  voluntary context switches
              490160  involuntary context switches
       1513416247423  instructions retired
        350583253206  cycles elapsed
         13081470768  peak memory footprint
