2026/09/24 03:13:41 [insyra - Info] Welcome to Insyra Huashan(v0.3.2)!!
Official website: https://insyra.hazelnut-paradise.com

       25.39 real        21.52 user         3.17 sys
          7102480384  maximum resident set size
                   0  average shared memory size
                   0  average unshared data size
                   0  average unshared stack size
             1379197  page reclaims
                   3  page faults
                   0  swaps
                   0  block input operations
                   0  block output operations
                   0  messages sent
                   0  messages received
                1216  signals received
                  71  voluntary context switches
               91308  involuntary context switches
        471544414469  instructions retired
         91374225165  cycles elapsed
          8598543200  peak memory footprint
