2026/09/24 03:12:21 [insyra - Info] Welcome to Insyra Huashan(v0.3.2)!!
Official website: https://insyra.hazelnut-paradise.com

       80.29 real        67.65 user         9.95 sys
          6940868608  maximum resident set size
                   0  average shared memory size
                   0  average unshared data size
                   0  average unshared stack size
             3380682  page reclaims
                   0  page faults
                   0  swaps
                   0  block input operations
                   0  block output operations
                   0  messages sent
                   0  messages received
                7422  signals received
                2893  voluntary context switches
              318511  involuntary context switches
       1459619621558  instructions retired
        289480940598  cycles elapsed
          8597462192  peak memory footprint
