=== RUN   TestForwardFromStateExtremeCountersAndDelays
--- PASS: TestForwardFromStateExtremeCountersAndDelays (0.00s)
=== RUN   TestForwardFromStateCancellationAndFutureHistoryCapacity
--- PASS: TestForwardFromStateCancellationAndFutureHistoryCapacity (0.02s)
=== RUN   TestContinuousForwardFromStateMatchesAdvance
=== RUN   TestContinuousForwardFromStateMatchesAdvance/tanh/workers=1/prefix=0
=== RUN   TestContinuousForwardFromStateMatchesAdvance/tanh/workers=1/prefix=1
=== RUN   TestContinuousForwardFromStateMatchesAdvance/tanh/workers=1/prefix=3
=== RUN   TestContinuousForwardFromStateMatchesAdvance/tanh/workers=2/prefix=0
=== RUN   TestContinuousForwardFromStateMatchesAdvance/tanh/workers=2/prefix=1
=== RUN   TestContinuousForwardFromStateMatchesAdvance/tanh/workers=2/prefix=3
=== RUN   TestContinuousForwardFromStateMatchesAdvance/softplus/workers=1/prefix=0
=== RUN   TestContinuousForwardFromStateMatchesAdvance/softplus/workers=1/prefix=1
=== RUN   TestContinuousForwardFromStateMatchesAdvance/softplus/workers=1/prefix=3
=== RUN   TestContinuousForwardFromStateMatchesAdvance/softplus/workers=2/prefix=0
=== RUN   TestContinuousForwardFromStateMatchesAdvance/softplus/workers=2/prefix=1
=== RUN   TestContinuousForwardFromStateMatchesAdvance/softplus/workers=2/prefix=3
--- PASS: TestContinuousForwardFromStateMatchesAdvance (0.00s)
    --- PASS: TestContinuousForwardFromStateMatchesAdvance/tanh/workers=1/prefix=0 (0.00s)
    --- PASS: TestContinuousForwardFromStateMatchesAdvance/tanh/workers=1/prefix=1 (0.00s)
    --- PASS: TestContinuousForwardFromStateMatchesAdvance/tanh/workers=1/prefix=3 (0.00s)
    --- PASS: TestContinuousForwardFromStateMatchesAdvance/tanh/workers=2/prefix=0 (0.00s)
    --- PASS: TestContinuousForwardFromStateMatchesAdvance/tanh/workers=2/prefix=1 (0.00s)
    --- PASS: TestContinuousForwardFromStateMatchesAdvance/tanh/workers=2/prefix=3 (0.00s)
    --- PASS: TestContinuousForwardFromStateMatchesAdvance/softplus/workers=1/prefix=0 (0.00s)
    --- PASS: TestContinuousForwardFromStateMatchesAdvance/softplus/workers=1/prefix=1 (0.00s)
    --- PASS: TestContinuousForwardFromStateMatchesAdvance/softplus/workers=1/prefix=3 (0.00s)
    --- PASS: TestContinuousForwardFromStateMatchesAdvance/softplus/workers=2/prefix=0 (0.00s)
    --- PASS: TestContinuousForwardFromStateMatchesAdvance/softplus/workers=2/prefix=1 (0.00s)
    --- PASS: TestContinuousForwardFromStateMatchesAdvance/softplus/workers=2/prefix=3 (0.00s)
=== RUN   TestContinuousForwardFromStateUsesSavedHistoryWithinFourULP
--- PASS: TestContinuousForwardFromStateUsesSavedHistoryWithinFourULP (0.00s)
=== RUN   TestContinuousForwardFromStateGradientMatchesFixedHistoryFiniteDifferences
=== RUN   TestContinuousForwardFromStateGradientMatchesFixedHistoryFiniteDifferences/tanh
=== RUN   TestContinuousForwardFromStateGradientMatchesFixedHistoryFiniteDifferences/softplus
--- PASS: TestContinuousForwardFromStateGradientMatchesFixedHistoryFiniteDifferences (0.00s)
    --- PASS: TestContinuousForwardFromStateGradientMatchesFixedHistoryFiniteDifferences/tanh (0.00s)
    --- PASS: TestContinuousForwardFromStateGradientMatchesFixedHistoryFiniteDifferences/softplus (0.00s)
=== RUN   TestContinuousForwardFromStateTruncationDoesNotCrossSegmentStart
--- PASS: TestContinuousForwardFromStateTruncationDoesNotCrossSegmentStart (0.00s)
=== RUN   TestContinuousForwardFromStateRejectsInvalidInputAtomically
=== RUN   TestContinuousForwardFromStateRejectsInvalidInputAtomically/nil_context
=== RUN   TestContinuousForwardFromStateRejectsInvalidInputAtomically/canceled_context
=== RUN   TestContinuousForwardFromStateRejectsInvalidInputAtomically/empty_sequence
=== RUN   TestContinuousForwardFromStateRejectsInvalidInputAtomically/schema
=== RUN   TestContinuousForwardFromStateRejectsInvalidInputAtomically/history
=== RUN   TestContinuousForwardFromStateRejectsInvalidInputAtomically/nonfinite_state
=== RUN   TestContinuousForwardFromStateRejectsInvalidInputAtomically/overflow_steps
=== RUN   TestContinuousForwardFromStateRejectsInvalidInputAtomically/parameter_NaN
=== RUN   TestContinuousForwardFromStateRejectsInvalidInputAtomically/input_NaN
=== RUN   TestContinuousForwardFromStateRejectsInvalidInputAtomically/input_shape
--- PASS: TestContinuousForwardFromStateRejectsInvalidInputAtomically (0.00s)
    --- PASS: TestContinuousForwardFromStateRejectsInvalidInputAtomically/nil_context (0.00s)
    --- PASS: TestContinuousForwardFromStateRejectsInvalidInputAtomically/canceled_context (0.00s)
    --- PASS: TestContinuousForwardFromStateRejectsInvalidInputAtomically/empty_sequence (0.00s)
    --- PASS: TestContinuousForwardFromStateRejectsInvalidInputAtomically/schema (0.00s)
    --- PASS: TestContinuousForwardFromStateRejectsInvalidInputAtomically/history (0.00s)
    --- PASS: TestContinuousForwardFromStateRejectsInvalidInputAtomically/nonfinite_state (0.00s)
    --- PASS: TestContinuousForwardFromStateRejectsInvalidInputAtomically/overflow_steps (0.00s)
    --- PASS: TestContinuousForwardFromStateRejectsInvalidInputAtomically/parameter_NaN (0.00s)
    --- PASS: TestContinuousForwardFromStateRejectsInvalidInputAtomically/input_NaN (0.00s)
    --- PASS: TestContinuousForwardFromStateRejectsInvalidInputAtomically/input_shape (0.00s)
PASS
ok  	github.com/TimLai666/coimnet/dynamics	0.129s
