=== RUN   TestContinuousForwardFromStateMatchesAdvance
=== RUN   TestContinuousForwardFromStateMatchesAdvance/tanh/workers=1/prefix=0
    state_forward_test.go:34: ForwardFromState: stateful continuous forward is not implemented
=== RUN   TestContinuousForwardFromStateMatchesAdvance/tanh/workers=1/prefix=1
    state_forward_test.go:34: ForwardFromState: stateful continuous forward is not implemented
=== RUN   TestContinuousForwardFromStateMatchesAdvance/tanh/workers=1/prefix=3
    state_forward_test.go:34: ForwardFromState: stateful continuous forward is not implemented
=== RUN   TestContinuousForwardFromStateMatchesAdvance/tanh/workers=2/prefix=0
    state_forward_test.go:34: ForwardFromState: stateful continuous forward is not implemented
=== RUN   TestContinuousForwardFromStateMatchesAdvance/tanh/workers=2/prefix=1
    state_forward_test.go:34: ForwardFromState: stateful continuous forward is not implemented
=== RUN   TestContinuousForwardFromStateMatchesAdvance/tanh/workers=2/prefix=3
    state_forward_test.go:34: ForwardFromState: stateful continuous forward is not implemented
=== RUN   TestContinuousForwardFromStateMatchesAdvance/softplus/workers=1/prefix=0
    state_forward_test.go:34: ForwardFromState: stateful continuous forward is not implemented
=== RUN   TestContinuousForwardFromStateMatchesAdvance/softplus/workers=1/prefix=1
    state_forward_test.go:34: ForwardFromState: stateful continuous forward is not implemented
=== RUN   TestContinuousForwardFromStateMatchesAdvance/softplus/workers=1/prefix=3
    state_forward_test.go:34: ForwardFromState: stateful continuous forward is not implemented
=== RUN   TestContinuousForwardFromStateMatchesAdvance/softplus/workers=2/prefix=0
    state_forward_test.go:34: ForwardFromState: stateful continuous forward is not implemented
=== RUN   TestContinuousForwardFromStateMatchesAdvance/softplus/workers=2/prefix=1
    state_forward_test.go:34: ForwardFromState: stateful continuous forward is not implemented
=== RUN   TestContinuousForwardFromStateMatchesAdvance/softplus/workers=2/prefix=3
    state_forward_test.go:34: ForwardFromState: stateful continuous forward is not implemented
--- FAIL: TestContinuousForwardFromStateMatchesAdvance (0.00s)
    --- FAIL: TestContinuousForwardFromStateMatchesAdvance/tanh/workers=1/prefix=0 (0.00s)
    --- FAIL: TestContinuousForwardFromStateMatchesAdvance/tanh/workers=1/prefix=1 (0.00s)
    --- FAIL: TestContinuousForwardFromStateMatchesAdvance/tanh/workers=1/prefix=3 (0.00s)
    --- FAIL: TestContinuousForwardFromStateMatchesAdvance/tanh/workers=2/prefix=0 (0.00s)
    --- FAIL: TestContinuousForwardFromStateMatchesAdvance/tanh/workers=2/prefix=1 (0.00s)
    --- FAIL: TestContinuousForwardFromStateMatchesAdvance/tanh/workers=2/prefix=3 (0.00s)
    --- FAIL: TestContinuousForwardFromStateMatchesAdvance/softplus/workers=1/prefix=0 (0.00s)
    --- FAIL: TestContinuousForwardFromStateMatchesAdvance/softplus/workers=1/prefix=1 (0.00s)
    --- FAIL: TestContinuousForwardFromStateMatchesAdvance/softplus/workers=1/prefix=3 (0.00s)
    --- FAIL: TestContinuousForwardFromStateMatchesAdvance/softplus/workers=2/prefix=0 (0.00s)
    --- FAIL: TestContinuousForwardFromStateMatchesAdvance/softplus/workers=2/prefix=1 (0.00s)
    --- FAIL: TestContinuousForwardFromStateMatchesAdvance/softplus/workers=2/prefix=3 (0.00s)
=== RUN   TestContinuousForwardFromStateUsesSavedHistoryWithinFourULP
    state_forward_test.go:99: ForwardFromState: stateful continuous forward is not implemented
--- FAIL: TestContinuousForwardFromStateUsesSavedHistoryWithinFourULP (0.00s)
=== RUN   TestContinuousForwardFromStateGradientMatchesFixedHistoryFiniteDifferences
=== RUN   TestContinuousForwardFromStateGradientMatchesFixedHistoryFiniteDifferences/tanh
    state_forward_test.go:128: ForwardFromState: stateful continuous forward is not implemented
=== RUN   TestContinuousForwardFromStateGradientMatchesFixedHistoryFiniteDifferences/softplus
    state_forward_test.go:128: ForwardFromState: stateful continuous forward is not implemented
--- FAIL: TestContinuousForwardFromStateGradientMatchesFixedHistoryFiniteDifferences (0.00s)
    --- FAIL: TestContinuousForwardFromStateGradientMatchesFixedHistoryFiniteDifferences/tanh (0.00s)
    --- FAIL: TestContinuousForwardFromStateGradientMatchesFixedHistoryFiniteDifferences/softplus (0.00s)
=== RUN   TestContinuousForwardFromStateTruncationDoesNotCrossSegmentStart
    state_forward_test.go:220: stateful continuous forward is not implemented
--- FAIL: TestContinuousForwardFromStateTruncationDoesNotCrossSegmentStart (0.00s)
=== RUN   TestContinuousForwardFromStateRejectsInvalidInputAtomically
=== RUN   TestContinuousForwardFromStateRejectsInvalidInputAtomically/nil_context
=== RUN   TestContinuousForwardFromStateRejectsInvalidInputAtomically/canceled_context
=== RUN   TestContinuousForwardFromStateRejectsInvalidInputAtomically/empty_sequence
=== RUN   TestContinuousForwardFromStateRejectsInvalidInputAtomically/schema
=== RUN   TestContinuousForwardFromStateRejectsInvalidInputAtomically/history
=== RUN   TestContinuousForwardFromStateRejectsInvalidInputAtomically/nonfinite_state
=== RUN   TestContinuousForwardFromStateRejectsInvalidInputAtomically/overflow_steps
=== RUN   TestContinuousForwardFromStateRejectsInvalidInputAtomically/parameter_NaN
=== RUN   TestContinuousForwardFromStateRejectsInvalidInputAtomically/input_NaN
=== RUN   TestContinuousForwardFromStateRejectsInvalidInputAtomically/input_shape
--- PASS: TestContinuousForwardFromStateRejectsInvalidInputAtomically (0.00s)
    --- PASS: TestContinuousForwardFromStateRejectsInvalidInputAtomically/nil_context (0.00s)
    --- PASS: TestContinuousForwardFromStateRejectsInvalidInputAtomically/canceled_context (0.00s)
    --- PASS: TestContinuousForwardFromStateRejectsInvalidInputAtomically/empty_sequence (0.00s)
    --- PASS: TestContinuousForwardFromStateRejectsInvalidInputAtomically/schema (0.00s)
    --- PASS: TestContinuousForwardFromStateRejectsInvalidInputAtomically/history (0.00s)
    --- PASS: TestContinuousForwardFromStateRejectsInvalidInputAtomically/nonfinite_state (0.00s)
    --- PASS: TestContinuousForwardFromStateRejectsInvalidInputAtomically/overflow_steps (0.00s)
    --- PASS: TestContinuousForwardFromStateRejectsInvalidInputAtomically/parameter_NaN (0.00s)
    --- PASS: TestContinuousForwardFromStateRejectsInvalidInputAtomically/input_NaN (0.00s)
    --- PASS: TestContinuousForwardFromStateRejectsInvalidInputAtomically/input_shape (0.00s)
FAIL
FAIL	github.com/TimLai666/coimnet/dynamics	0.124s
FAIL
