=== RUN   TestForwardFromStateExtremeCountersAndDelays
--- PASS: TestForwardFromStateExtremeCountersAndDelays (0.00s)
=== RUN   TestForwardFromStateCancellationAndFutureHistoryCapacity
--- PASS: TestForwardFromStateCancellationAndFutureHistoryCapacity (0.01s)
=== RUN   TestContinuousForwardFromStateMatchesAdvance
=== RUN   TestContinuousForwardFromStateMatchesAdvance/tanh/workers=1/prefix=0
=== RUN   TestContinuousForwardFromStateMatchesAdvance/tanh/workers=1/prefix=1
=== RUN   TestContinuousForwardFromStateMatchesAdvance/tanh/workers=1/prefix=3
=== RUN   TestContinuousForwardFromStateMatchesAdvance/tanh/workers=2/prefix=0
=== RUN   TestContinuousForwardFromStateMatchesAdvance/tanh/workers=2/prefix=1
=== RUN   TestContinuousForwardFromStateMatchesAdvance/tanh/workers=2/prefix=3
=== RUN   TestContinuousForwardFromStateMatchesAdvance/softplus/workers=1/prefix=0
=== RUN   TestContinuousForwardFromStateMatchesAdvance/softplus/workers=1/prefix=1
=== RUN   TestContinuousForwardFromStateMatchesAdvance/softplus/workers=1/prefix=3
=== RUN   TestContinuousForwardFromStateMatchesAdvance/softplus/workers=2/prefix=0
=== RUN   TestContinuousForwardFromStateMatchesAdvance/softplus/workers=2/prefix=1
=== RUN   TestContinuousForwardFromStateMatchesAdvance/softplus/workers=2/prefix=3
--- PASS: TestContinuousForwardFromStateMatchesAdvance (0.00s)
    --- PASS: TestContinuousForwardFromStateMatchesAdvance/tanh/workers=1/prefix=0 (0.00s)
    --- PASS: TestContinuousForwardFromStateMatchesAdvance/tanh/workers=1/prefix=1 (0.00s)
    --- PASS: TestContinuousForwardFromStateMatchesAdvance/tanh/workers=1/prefix=3 (0.00s)
    --- PASS: TestContinuousForwardFromStateMatchesAdvance/tanh/workers=2/prefix=0 (0.00s)
    --- PASS: TestContinuousForwardFromStateMatchesAdvance/tanh/workers=2/prefix=1 (0.00s)
    --- PASS: TestContinuousForwardFromStateMatchesAdvance/tanh/workers=2/prefix=3 (0.00s)
    --- PASS: TestContinuousForwardFromStateMatchesAdvance/softplus/workers=1/prefix=0 (0.00s)
    --- PASS: TestContinuousForwardFromStateMatchesAdvance/softplus/workers=1/prefix=1 (0.00s)
    --- PASS: TestContinuousForwardFromStateMatchesAdvance/softplus/workers=1/prefix=3 (0.00s)
    --- PASS: TestContinuousForwardFromStateMatchesAdvance/softplus/workers=2/prefix=0 (0.00s)
    --- PASS: TestContinuousForwardFromStateMatchesAdvance/softplus/workers=2/prefix=1 (0.00s)
    --- PASS: TestContinuousForwardFromStateMatchesAdvance/softplus/workers=2/prefix=3 (0.00s)
=== RUN   TestContinuousForwardFromStateUsesSavedHistoryWithinFourULP
--- PASS: TestContinuousForwardFromStateUsesSavedHistoryWithinFourULP (0.00s)
=== RUN   TestContinuousForwardFromStateGradientMatchesFixedHistoryFiniteDifferences
=== RUN   TestContinuousForwardFromStateGradientMatchesFixedHistoryFiniteDifferences/tanh
=== RUN   TestContinuousForwardFromStateGradientMatchesFixedHistoryFiniteDifferences/softplus
--- PASS: TestContinuousForwardFromStateGradientMatchesFixedHistoryFiniteDifferences (0.00s)
    --- PASS: TestContinuousForwardFromStateGradientMatchesFixedHistoryFiniteDifferences/tanh (0.00s)
    --- PASS: TestContinuousForwardFromStateGradientMatchesFixedHistoryFiniteDifferences/softplus (0.00s)
=== RUN   TestContinuousForwardFromStateTruncationDoesNotCrossSegmentStart
--- PASS: TestContinuousForwardFromStateTruncationDoesNotCrossSegmentStart (0.00s)
=== RUN   TestContinuousForwardFromStateRejectsInvalidInputAtomically
=== RUN   TestContinuousForwardFromStateRejectsInvalidInputAtomically/nil_context
=== RUN   TestContinuousForwardFromStateRejectsInvalidInputAtomically/canceled_context
=== RUN   TestContinuousForwardFromStateRejectsInvalidInputAtomically/empty_sequence
=== RUN   TestContinuousForwardFromStateRejectsInvalidInputAtomically/schema
=== RUN   TestContinuousForwardFromStateRejectsInvalidInputAtomically/history
=== RUN   TestContinuousForwardFromStateRejectsInvalidInputAtomically/nonfinite_state
=== RUN   TestContinuousForwardFromStateRejectsInvalidInputAtomically/overflow_steps
=== RUN   TestContinuousForwardFromStateRejectsInvalidInputAtomically/parameter_NaN
=== RUN   TestContinuousForwardFromStateRejectsInvalidInputAtomically/input_NaN
=== RUN   TestContinuousForwardFromStateRejectsInvalidInputAtomically/input_shape
--- PASS: TestContinuousForwardFromStateRejectsInvalidInputAtomically (0.00s)
    --- PASS: TestContinuousForwardFromStateRejectsInvalidInputAtomically/nil_context (0.00s)
    --- PASS: TestContinuousForwardFromStateRejectsInvalidInputAtomically/canceled_context (0.00s)
    --- PASS: TestContinuousForwardFromStateRejectsInvalidInputAtomically/empty_sequence (0.00s)
    --- PASS: TestContinuousForwardFromStateRejectsInvalidInputAtomically/schema (0.00s)
    --- PASS: TestContinuousForwardFromStateRejectsInvalidInputAtomically/history (0.00s)
    --- PASS: TestContinuousForwardFromStateRejectsInvalidInputAtomically/nonfinite_state (0.00s)
    --- PASS: TestContinuousForwardFromStateRejectsInvalidInputAtomically/overflow_steps (0.00s)
    --- PASS: TestContinuousForwardFromStateRejectsInvalidInputAtomically/parameter_NaN (0.00s)
    --- PASS: TestContinuousForwardFromStateRejectsInvalidInputAtomically/input_NaN (0.00s)
    --- PASS: TestContinuousForwardFromStateRejectsInvalidInputAtomically/input_shape (0.00s)
PASS
ok  	github.com/TimLai666/coimnet/dynamics	0.112s
=== RUN   TestStatefulGradientPreservesSelectedInputSignsSharingAndMasks
--- PASS: TestStatefulGradientPreservesSelectedInputSignsSharingAndMasks (0.00s)
=== RUN   TestLossGradientFromStateMatchesFiniteDifferences
--- PASS: TestLossGradientFromStateMatchesFiniteDifferences (0.00s)
=== RUN   TestLossGradientFromStateRejectsInvalidStateAndUnsupportedModes
=== RUN   TestLossGradientFromStateRejectsInvalidStateAndUnsupportedModes/nil_context
=== RUN   TestLossGradientFromStateRejectsInvalidStateAndUnsupportedModes/canceled_context
=== RUN   TestLossGradientFromStateRejectsInvalidStateAndUnsupportedModes/empty_input
=== RUN   TestLossGradientFromStateRejectsInvalidStateAndUnsupportedModes/bad_core
=== RUN   TestLossGradientFromStateRejectsInvalidStateAndUnsupportedModes/missing_history
=== RUN   TestLossGradientFromStateRejectsInvalidStateAndUnsupportedModes/state_NaN
=== RUN   TestLossGradientFromStateRejectsInvalidStateAndUnsupportedModes/overflow_steps
=== RUN   TestLossGradientFromStateRejectsInvalidStateAndUnsupportedModes/parameter_NaN
=== RUN   TestLossGradientFromStateRejectsInvalidStateAndUnsupportedModes/input_NaN
=== RUN   TestLossGradientFromStateRejectsInvalidStateAndUnsupportedModes/upstream_shape
=== RUN   TestLossGradientFromStateRejectsInvalidStateAndUnsupportedModes/upstream_NaN
=== RUN   TestLossGradientFromStateRejectsInvalidStateAndUnsupportedModes/negative_window
=== RUN   TestLossGradientFromStateRejectsInvalidStateAndUnsupportedModes/theta_on_continuous
--- PASS: TestLossGradientFromStateRejectsInvalidStateAndUnsupportedModes (0.00s)
    --- PASS: TestLossGradientFromStateRejectsInvalidStateAndUnsupportedModes/nil_context (0.00s)
    --- PASS: TestLossGradientFromStateRejectsInvalidStateAndUnsupportedModes/canceled_context (0.00s)
    --- PASS: TestLossGradientFromStateRejectsInvalidStateAndUnsupportedModes/empty_input (0.00s)
    --- PASS: TestLossGradientFromStateRejectsInvalidStateAndUnsupportedModes/bad_core (0.00s)
    --- PASS: TestLossGradientFromStateRejectsInvalidStateAndUnsupportedModes/missing_history (0.00s)
    --- PASS: TestLossGradientFromStateRejectsInvalidStateAndUnsupportedModes/state_NaN (0.00s)
    --- PASS: TestLossGradientFromStateRejectsInvalidStateAndUnsupportedModes/overflow_steps (0.00s)
    --- PASS: TestLossGradientFromStateRejectsInvalidStateAndUnsupportedModes/parameter_NaN (0.00s)
    --- PASS: TestLossGradientFromStateRejectsInvalidStateAndUnsupportedModes/input_NaN (0.00s)
    --- PASS: TestLossGradientFromStateRejectsInvalidStateAndUnsupportedModes/upstream_shape (0.00s)
    --- PASS: TestLossGradientFromStateRejectsInvalidStateAndUnsupportedModes/upstream_NaN (0.00s)
    --- PASS: TestLossGradientFromStateRejectsInvalidStateAndUnsupportedModes/negative_window (0.00s)
    --- PASS: TestLossGradientFromStateRejectsInvalidStateAndUnsupportedModes/theta_on_continuous (0.00s)
=== RUN   TestStepFromStateMatchesIndependentFirstAdamUpdate
--- PASS: TestStepFromStateMatchesIndependentFirstAdamUpdate (0.00s)
=== RUN   TestStepFromStateRejectsRecomputeWithoutChangingTrainer
--- PASS: TestStepFromStateRejectsRecomputeWithoutChangingTrainer (0.00s)
PASS
ok  	github.com/TimLai666/coimnet/learning	0.168s
=== RUN   TestStatefulPPOCheckpointNewProcess
    stateful_checkpoint_test.go:117: checkpoint bytes, parameters, optimizer, accumulator and neural state match across a new process
--- PASS: TestStatefulPPOCheckpointNewProcess (0.04s)
=== RUN   TestStatefulRolloutClonePreservesHistoryAndIndependence
--- PASS: TestStatefulRolloutClonePreservesHistoryAndIndependence (0.00s)
=== RUN   TestStatefulPPODelayedHistoryMatchesIndependentReplay
--- PASS: TestStatefulPPODelayedHistoryMatchesIndependentReplay (0.00s)
=== RUN   TestStatefulUpdateUsesOneNonZeroInitialStateForEveryEpochAndPreservesCaller
--- PASS: TestStatefulUpdateUsesOneNonZeroInitialStateForEveryEpochAndPreservesCaller (0.00s)
=== RUN   TestStatefulUpdateFreshZeroInitialStateRemainsAccepted
--- PASS: TestStatefulUpdateFreshZeroInitialStateRemainsAccepted (0.00s)
=== RUN   TestStatefulUpdateRejectsNonZeroStateWithRecompute
--- PASS: TestStatefulUpdateRejectsNonZeroStateWithRecompute (0.00s)
=== RUN   TestStatefulUpdateRejectsMalformedSecondInitialStateAtomically
--- PASS: TestStatefulUpdateRejectsMalformedSecondInitialStateAtomically (0.00s)
=== RUN   TestStatefulUpdateFreshZeroStateWithRecomputeRemainsAccepted
--- PASS: TestStatefulUpdateFreshZeroStateWithRecomputeRemainsAccepted (0.00s)
=== RUN   TestUpdateAcceptsNonFreshInitialNeuralState
--- PASS: TestUpdateAcceptsNonFreshInitialNeuralState (0.00s)
PASS
ok  	github.com/TimLai666/coimnet/learning/rl	0.171s
