ok  	github.com/TimLai666/coimnet	22.395s
ok  	github.com/TimLai666/coimnet/backend	1.249s
ok  	github.com/TimLai666/coimnet/backend/webgpu	1.607s
ok  	github.com/TimLai666/coimnet/checkpoint	17.193s
?   	github.com/TimLai666/coimnet/cmd/coimnet	[no test files]
ok  	github.com/TimLai666/coimnet/config	2.115s
ok  	github.com/TimLai666/coimnet/connectome	5.871s
ok  	github.com/TimLai666/coimnet/connectome/flywire	2.158s
ok  	github.com/TimLai666/coimnet/distill	1.461s
ok  	github.com/TimLai666/coimnet/download	2.652s
ok  	github.com/TimLai666/coimnet/dynamics	4.482s
ok  	github.com/TimLai666/coimnet/examples/lifthreshold	2.139s
ok  	github.com/TimLai666/coimnet/examples/multichannel	1.548s
ok  	github.com/TimLai666/coimnet/examples/realasr	1.484s
ok  	github.com/TimLai666/coimnet/examples/realmedia	8.112s
ok  	github.com/TimLai666/coimnet/examples/realnav	3.327s
ok  	github.com/TimLai666/coimnet/examples/realnavmemory	3.383s
ok  	github.com/TimLai666/coimnet/examples/realocr	1.432s
ok  	github.com/TimLai666/coimnet/examples/realsubgraph	1.947s
ok  	github.com/TimLai666/coimnet/examples/realtext	183.210s
