ok  	github.com/TimLai666/coimnet	29.233s
ok  	github.com/TimLai666/coimnet/backend	1.284s
ok  	github.com/TimLai666/coimnet/backend/webgpu	1.696s
ok  	github.com/TimLai666/coimnet/checkpoint	17.127s
?   	github.com/TimLai666/coimnet/cmd/coimnet	[no test files]
ok  	github.com/TimLai666/coimnet/config	1.471s
ok  	github.com/TimLai666/coimnet/connectome	3.982s
ok  	github.com/TimLai666/coimnet/connectome/flywire	1.522s
ok  	github.com/TimLai666/coimnet/distill	1.488s
ok  	github.com/TimLai666/coimnet/download	2.079s
ok  	github.com/TimLai666/coimnet/dynamics	6.164s
ok  	github.com/TimLai666/coimnet/examples/lifthreshold	2.106s
ok  	github.com/TimLai666/coimnet/examples/multichannel	1.529s
ok  	github.com/TimLai666/coimnet/examples/realasr	1.576s
ok  	github.com/TimLai666/coimnet/examples/realmedia	9.653s
ok  	github.com/TimLai666/coimnet/examples/realnav	3.694s
ok  	github.com/TimLai666/coimnet/examples/realnavmemory	5.030s
ok  	github.com/TimLai666/coimnet/examples/realocr	1.509s
ok  	github.com/TimLai666/coimnet/examples/realsubgraph	1.997s
ok  	github.com/TimLai666/coimnet/examples/realtext	221.470s
ok  	github.com/TimLai666/coimnet/experiment	1330.820s
ok  	github.com/TimLai666/coimnet/experiment/fullgraph	3.346s
ok  	github.com/TimLai666/coimnet/experiment/gridnav	1.264s
ok  	github.com/TimLai666/coimnet/experiment/multimodaleval	1130.457s
ok  	github.com/TimLai666/coimnet/experiment/nav2d	2.211s
ok  	github.com/TimLai666/coimnet/experiment/studenteval	4.492s
ok  	github.com/TimLai666/coimnet/feather	1.429s
ok  	github.com/TimLai666/coimnet/internal/cli	710.535s
ok  	github.com/TimLai666/coimnet/internal/delayedfixture	1.919s
ok  	github.com/TimLai666/coimnet/internal/extsort	1.633s
ok  	github.com/TimLai666/coimnet/internal/fileio	1.311s
ok  	github.com/TimLai666/coimnet/internal/jsonkey	1.280s
ok  	github.com/TimLai666/coimnet/internal/redact	1.324s
ok  	github.com/TimLai666/coimnet/internal/sparse	1.706s
ok  	github.com/TimLai666/coimnet/internal/strictjson	1.335s
ok  	github.com/TimLai666/coimnet/learning	4.646s
ok  	github.com/TimLai666/coimnet/learning/rl	3.110s
ok  	github.com/TimLai666/coimnet/modulation	1.604s
ok  	github.com/TimLai666/coimnet/multimodal	1.279s
ok  	github.com/TimLai666/coimnet/multimodal/synthetic	1.272s
ok  	github.com/TimLai666/coimnet/params	2.383s
ok  	github.com/TimLai666/coimnet/plasticity	1.284s
ok  	github.com/TimLai666/coimnet/replay	1.277s
ok  	github.com/TimLai666/coimnet/resources	1.284s
ok  	github.com/TimLai666/coimnet/signal	2.934s
ok  	github.com/TimLai666/coimnet/simulate	5.008s
ok  	github.com/TimLai666/coimnet/tasks/asr	148.753s
ok  	github.com/TimLai666/coimnet/tasks/asr/audio	2.017s
ok  	github.com/TimLai666/coimnet/tasks/media	886.266s
ok  	github.com/TimLai666/coimnet/tasks/media/realdata	2.594s
ok  	github.com/TimLai666/coimnet/tasks/nav2d/trajectory	1.335s
ok  	github.com/TimLai666/coimnet/tasks/ocr	27.916s
ok  	github.com/TimLai666/coimnet/tasks/ocr/ctc	1.270s
ok  	github.com/TimLai666/coimnet/tasks/ocr/glyphs	1.308s
ok  	github.com/TimLai666/coimnet/tasks/textgen	1371.847s
ok  	github.com/TimLai666/coimnet/tasks/textgen/tokenizer	1.295s
ok  	github.com/TimLai666/coimnet/teacher	1.901s
ok  	github.com/TimLai666/coimnet/teacher/tool	1.338s
