2026/09/15 04:50:44 [insyra - Info] Welcome to Insyra Huashan(v0.3.2)!!
Official website: https://insyra.hazelnut-paradise.com

       82.57 real        81.88 user         1.21 sys
          5976768512  maximum resident set size
                   0  average shared memory size
                   0  average unshared data size
                   0  average unshared stack size
              505287  page reclaims
                   0  page faults
                   0  swaps
                   0  block input operations
                   0  block output operations
                   0  messages sent
                   0  messages received
                3203  signals received
                 102  voluntary context switches
               79403  involuntary context switches
       1700906734806  instructions retired
        311964312396  cycles elapsed
          5832250192  peak memory footprint
exit=0
state snapshot hashed and removed; only its size and SHA-256 are kept
