=== RUN   TestIntervalRandomizedAgainstCoverageReference
--- PASS: TestIntervalRandomizedAgainstCoverageReference (0.01s)
=== RUN   TestIntervalMetadataOwnershipAndKinds
--- PASS: TestIntervalMetadataOwnershipAndKinds (0.00s)
=== RUN   TestIntervalOverlapGapsAndAllPartitions
--- PASS: TestIntervalOverlapGapsAndAllPartitions (0.00s)
=== RUN   TestIntervalWatermarkAndExpiry
--- PASS: TestIntervalWatermarkAndExpiry (0.00s)
=== RUN   TestIntervalExactRationalReference
--- PASS: TestIntervalExactRationalReference (0.00s)
=== RUN   TestIntervalFailuresAreAtomic
--- PASS: TestIntervalFailuresAreAtomic (0.00s)
=== RUN   TestIntervalCapacityExpiryAndFinalizedSequence
--- PASS: TestIntervalCapacityExpiryAndFinalizedSequence (0.00s)
=== RUN   TestIntervalConfigurationEmptyAndOverflow
--- PASS: TestIntervalConfigurationEmptyAndOverflow (0.00s)
=== RUN   ExampleNewIntervalResampler
--- PASS: ExampleNewIntervalResampler (0.00s)
PASS
ok  	github.com/TimLai666/coimnet/signal	0.431s
