=== RUN   TestBioInspiredValidateFiniteNPFFields
=== RUN   TestBioInspiredValidateFiniteNPFFields/suppressed/nan
    bioinspired_finite_test.go:87: Validate() = nil for Suppressed=NaN, want "suppressed: must be strictly between 0 and 1, got NaN"
=== RUN   TestBioInspiredValidateFiniteNPFFields/suppressed/negative_infinity
=== RUN   TestBioInspiredValidateFiniteNPFFields/suppressed/positive_infinity
=== RUN   TestBioInspiredValidateFiniteNPFFields/suppressed/negative_finite
=== RUN   TestBioInspiredValidateFiniteNPFFields/suppressed/zero
=== RUN   TestBioInspiredValidateFiniteNPFFields/suppressed/one
=== RUN   TestBioInspiredValidateFiniteNPFFields/suppressed/above_one
=== RUN   TestBioInspiredValidateFiniteNPFFields/tolerance/nan
    bioinspired_finite_test.go:101: Validate() = nil for Tolerance=NaN, want "tolerance: must be > 0, got NaN"
=== RUN   TestBioInspiredValidateFiniteNPFFields/tolerance/negative_infinity
=== RUN   TestBioInspiredValidateFiniteNPFFields/tolerance/positive_infinity
    bioinspired_finite_test.go:101: Validate() = nil for Tolerance=+Inf, want "tolerance: must be > 0, got +Inf"
=== RUN   TestBioInspiredValidateFiniteNPFFields/tolerance/negative_finite
=== RUN   TestBioInspiredValidateFiniteNPFFields/tolerance/zero
--- FAIL: TestBioInspiredValidateFiniteNPFFields (0.00s)
    --- FAIL: TestBioInspiredValidateFiniteNPFFields/suppressed/nan (0.00s)
    --- PASS: TestBioInspiredValidateFiniteNPFFields/suppressed/negative_infinity (0.00s)
    --- PASS: TestBioInspiredValidateFiniteNPFFields/suppressed/positive_infinity (0.00s)
    --- PASS: TestBioInspiredValidateFiniteNPFFields/suppressed/negative_finite (0.00s)
    --- PASS: TestBioInspiredValidateFiniteNPFFields/suppressed/zero (0.00s)
    --- PASS: TestBioInspiredValidateFiniteNPFFields/suppressed/one (0.00s)
    --- PASS: TestBioInspiredValidateFiniteNPFFields/suppressed/above_one (0.00s)
    --- FAIL: TestBioInspiredValidateFiniteNPFFields/tolerance/nan (0.00s)
    --- PASS: TestBioInspiredValidateFiniteNPFFields/tolerance/negative_infinity (0.00s)
    --- FAIL: TestBioInspiredValidateFiniteNPFFields/tolerance/positive_infinity (0.00s)
    --- PASS: TestBioInspiredValidateFiniteNPFFields/tolerance/negative_finite (0.00s)
    --- PASS: TestBioInspiredValidateFiniteNPFFields/tolerance/zero (0.00s)
=== RUN   TestBioInspiredRunFiniteNPFFieldsReturnZeroReport
=== RUN   TestBioInspiredRunFiniteNPFFieldsReturnZeroReport/suppressed/nan
    bioinspired_finite_test.go:117: RunBioInspired() = nil error for Suppressed=NaN, want "suppressed: must be strictly between 0 and 1, got NaN"
=== RUN   TestBioInspiredRunFiniteNPFFieldsReturnZeroReport/suppressed/negative_infinity
=== RUN   TestBioInspiredRunFiniteNPFFieldsReturnZeroReport/suppressed/positive_infinity
=== RUN   TestBioInspiredRunFiniteNPFFieldsReturnZeroReport/suppressed/negative_finite
=== RUN   TestBioInspiredRunFiniteNPFFieldsReturnZeroReport/suppressed/zero
=== RUN   TestBioInspiredRunFiniteNPFFieldsReturnZeroReport/suppressed/one
=== RUN   TestBioInspiredRunFiniteNPFFieldsReturnZeroReport/suppressed/above_one
=== RUN   TestBioInspiredRunFiniteNPFFieldsReturnZeroReport/tolerance/nan
    bioinspired_finite_test.go:134: RunBioInspired() = nil error for Tolerance=NaN, want "tolerance: must be > 0, got NaN"
=== RUN   TestBioInspiredRunFiniteNPFFieldsReturnZeroReport/tolerance/negative_infinity
=== RUN   TestBioInspiredRunFiniteNPFFieldsReturnZeroReport/tolerance/positive_infinity
    bioinspired_finite_test.go:134: RunBioInspired() = nil error for Tolerance=+Inf, want "tolerance: must be > 0, got +Inf"
=== RUN   TestBioInspiredRunFiniteNPFFieldsReturnZeroReport/tolerance/negative_finite
=== RUN   TestBioInspiredRunFiniteNPFFieldsReturnZeroReport/tolerance/zero
--- FAIL: TestBioInspiredRunFiniteNPFFieldsReturnZeroReport (0.01s)
    --- FAIL: TestBioInspiredRunFiniteNPFFieldsReturnZeroReport/suppressed/nan (0.00s)
    --- PASS: TestBioInspiredRunFiniteNPFFieldsReturnZeroReport/suppressed/negative_infinity (0.00s)
    --- PASS: TestBioInspiredRunFiniteNPFFieldsReturnZeroReport/suppressed/positive_infinity (0.00s)
    --- PASS: TestBioInspiredRunFiniteNPFFieldsReturnZeroReport/suppressed/negative_finite (0.00s)
    --- PASS: TestBioInspiredRunFiniteNPFFieldsReturnZeroReport/suppressed/zero (0.00s)
    --- PASS: TestBioInspiredRunFiniteNPFFieldsReturnZeroReport/suppressed/one (0.00s)
    --- PASS: TestBioInspiredRunFiniteNPFFieldsReturnZeroReport/suppressed/above_one (0.00s)
    --- FAIL: TestBioInspiredRunFiniteNPFFieldsReturnZeroReport/tolerance/nan (0.01s)
    --- PASS: TestBioInspiredRunFiniteNPFFieldsReturnZeroReport/tolerance/negative_infinity (0.00s)
    --- FAIL: TestBioInspiredRunFiniteNPFFieldsReturnZeroReport/tolerance/positive_infinity (0.00s)
    --- PASS: TestBioInspiredRunFiniteNPFFieldsReturnZeroReport/tolerance/negative_finite (0.00s)
    --- PASS: TestBioInspiredRunFiniteNPFFieldsReturnZeroReport/tolerance/zero (0.00s)
=== RUN   TestBioInspiredValidateFiniteEcdysoneFieldsRemainStrict
=== RUN   TestBioInspiredValidateFiniteEcdysoneFieldsRemainStrict/suppressed/nan
=== RUN   TestBioInspiredValidateFiniteEcdysoneFieldsRemainStrict/tolerance/nan
=== RUN   TestBioInspiredValidateFiniteEcdysoneFieldsRemainStrict/suppressed/negative_infinity
=== RUN   TestBioInspiredValidateFiniteEcdysoneFieldsRemainStrict/tolerance/negative_infinity
=== RUN   TestBioInspiredValidateFiniteEcdysoneFieldsRemainStrict/suppressed/positive_infinity
=== RUN   TestBioInspiredValidateFiniteEcdysoneFieldsRemainStrict/tolerance/positive_infinity
=== RUN   TestBioInspiredValidateFiniteEcdysoneFieldsRemainStrict/suppressed/negative_finite
=== RUN   TestBioInspiredValidateFiniteEcdysoneFieldsRemainStrict/tolerance/negative_finite
=== RUN   TestBioInspiredValidateFiniteEcdysoneFieldsRemainStrict/suppressed/smallest_positive
=== RUN   TestBioInspiredValidateFiniteEcdysoneFieldsRemainStrict/tolerance/smallest_positive
=== RUN   TestBioInspiredValidateFiniteEcdysoneFieldsRemainStrict/suppressed/positive_finite
=== RUN   TestBioInspiredValidateFiniteEcdysoneFieldsRemainStrict/tolerance/positive_finite
=== RUN   TestBioInspiredValidateFiniteEcdysoneFieldsRemainStrict/suppressed/largest_finite
=== RUN   TestBioInspiredValidateFiniteEcdysoneFieldsRemainStrict/tolerance/largest_finite
--- PASS: TestBioInspiredValidateFiniteEcdysoneFieldsRemainStrict (0.00s)
    --- PASS: TestBioInspiredValidateFiniteEcdysoneFieldsRemainStrict/suppressed/nan (0.00s)
    --- PASS: TestBioInspiredValidateFiniteEcdysoneFieldsRemainStrict/tolerance/nan (0.00s)
    --- PASS: TestBioInspiredValidateFiniteEcdysoneFieldsRemainStrict/suppressed/negative_infinity (0.00s)
    --- PASS: TestBioInspiredValidateFiniteEcdysoneFieldsRemainStrict/tolerance/negative_infinity (0.00s)
    --- PASS: TestBioInspiredValidateFiniteEcdysoneFieldsRemainStrict/suppressed/positive_infinity (0.00s)
    --- PASS: TestBioInspiredValidateFiniteEcdysoneFieldsRemainStrict/tolerance/positive_infinity (0.00s)
    --- PASS: TestBioInspiredValidateFiniteEcdysoneFieldsRemainStrict/suppressed/negative_finite (0.00s)
    --- PASS: TestBioInspiredValidateFiniteEcdysoneFieldsRemainStrict/tolerance/negative_finite (0.00s)
    --- PASS: TestBioInspiredValidateFiniteEcdysoneFieldsRemainStrict/suppressed/smallest_positive (0.00s)
    --- PASS: TestBioInspiredValidateFiniteEcdysoneFieldsRemainStrict/tolerance/smallest_positive (0.00s)
    --- PASS: TestBioInspiredValidateFiniteEcdysoneFieldsRemainStrict/suppressed/positive_finite (0.00s)
    --- PASS: TestBioInspiredValidateFiniteEcdysoneFieldsRemainStrict/tolerance/positive_finite (0.00s)
    --- PASS: TestBioInspiredValidateFiniteEcdysoneFieldsRemainStrict/suppressed/largest_finite (0.00s)
    --- PASS: TestBioInspiredValidateFiniteEcdysoneFieldsRemainStrict/tolerance/largest_finite (0.00s)
=== RUN   TestBioInspiredRunFiniteEcdysoneFieldsReturnZeroReport
=== RUN   TestBioInspiredRunFiniteEcdysoneFieldsReturnZeroReport/suppressed/nan
=== RUN   TestBioInspiredRunFiniteEcdysoneFieldsReturnZeroReport/tolerance/nan
=== RUN   TestBioInspiredRunFiniteEcdysoneFieldsReturnZeroReport/suppressed/negative_infinity
=== RUN   TestBioInspiredRunFiniteEcdysoneFieldsReturnZeroReport/tolerance/negative_infinity
=== RUN   TestBioInspiredRunFiniteEcdysoneFieldsReturnZeroReport/suppressed/positive_infinity
=== RUN   TestBioInspiredRunFiniteEcdysoneFieldsReturnZeroReport/tolerance/positive_infinity
=== RUN   TestBioInspiredRunFiniteEcdysoneFieldsReturnZeroReport/suppressed/negative_finite
=== RUN   TestBioInspiredRunFiniteEcdysoneFieldsReturnZeroReport/tolerance/negative_finite
=== RUN   TestBioInspiredRunFiniteEcdysoneFieldsReturnZeroReport/suppressed/smallest_positive
=== RUN   TestBioInspiredRunFiniteEcdysoneFieldsReturnZeroReport/tolerance/smallest_positive
=== RUN   TestBioInspiredRunFiniteEcdysoneFieldsReturnZeroReport/suppressed/positive_finite
=== RUN   TestBioInspiredRunFiniteEcdysoneFieldsReturnZeroReport/tolerance/positive_finite
=== RUN   TestBioInspiredRunFiniteEcdysoneFieldsReturnZeroReport/suppressed/largest_finite
=== RUN   TestBioInspiredRunFiniteEcdysoneFieldsReturnZeroReport/tolerance/largest_finite
--- PASS: TestBioInspiredRunFiniteEcdysoneFieldsReturnZeroReport (0.00s)
    --- PASS: TestBioInspiredRunFiniteEcdysoneFieldsReturnZeroReport/suppressed/nan (0.00s)
    --- PASS: TestBioInspiredRunFiniteEcdysoneFieldsReturnZeroReport/tolerance/nan (0.00s)
    --- PASS: TestBioInspiredRunFiniteEcdysoneFieldsReturnZeroReport/suppressed/negative_infinity (0.00s)
    --- PASS: TestBioInspiredRunFiniteEcdysoneFieldsReturnZeroReport/tolerance/negative_infinity (0.00s)
    --- PASS: TestBioInspiredRunFiniteEcdysoneFieldsReturnZeroReport/suppressed/positive_infinity (0.00s)
    --- PASS: TestBioInspiredRunFiniteEcdysoneFieldsReturnZeroReport/tolerance/positive_infinity (0.00s)
    --- PASS: TestBioInspiredRunFiniteEcdysoneFieldsReturnZeroReport/suppressed/negative_finite (0.00s)
    --- PASS: TestBioInspiredRunFiniteEcdysoneFieldsReturnZeroReport/tolerance/negative_finite (0.00s)
    --- PASS: TestBioInspiredRunFiniteEcdysoneFieldsReturnZeroReport/suppressed/smallest_positive (0.00s)
    --- PASS: TestBioInspiredRunFiniteEcdysoneFieldsReturnZeroReport/tolerance/smallest_positive (0.00s)
    --- PASS: TestBioInspiredRunFiniteEcdysoneFieldsReturnZeroReport/suppressed/positive_finite (0.00s)
    --- PASS: TestBioInspiredRunFiniteEcdysoneFieldsReturnZeroReport/tolerance/positive_finite (0.00s)
    --- PASS: TestBioInspiredRunFiniteEcdysoneFieldsReturnZeroReport/suppressed/largest_finite (0.00s)
    --- PASS: TestBioInspiredRunFiniteEcdysoneFieldsReturnZeroReport/tolerance/largest_finite (0.00s)
=== RUN   TestBioInspiredValidateFiniteBoundaries
=== RUN   TestBioInspiredValidateFiniteBoundaries/smallest_positive_suppressed
=== RUN   TestBioInspiredValidateFiniteBoundaries/largest_value_below_one_suppressed
=== RUN   TestBioInspiredValidateFiniteBoundaries/smallest_positive_tolerance
=== RUN   TestBioInspiredValidateFiniteBoundaries/largest_finite_tolerance
--- PASS: TestBioInspiredValidateFiniteBoundaries (0.00s)
    --- PASS: TestBioInspiredValidateFiniteBoundaries/smallest_positive_suppressed (0.00s)
    --- PASS: TestBioInspiredValidateFiniteBoundaries/largest_value_below_one_suppressed (0.00s)
    --- PASS: TestBioInspiredValidateFiniteBoundaries/smallest_positive_tolerance (0.00s)
    --- PASS: TestBioInspiredValidateFiniteBoundaries/largest_finite_tolerance (0.00s)
=== RUN   TestBioInspiredRunFiniteLegalReportJSON
--- PASS: TestBioInspiredRunFiniteLegalReportJSON (0.00s)
=== RUN   TestBioInspiredFiniteErrorPrecedence
=== RUN   TestBioInspiredFiniteErrorPrecedence/protocol_before_all_fields
=== RUN   TestBioInspiredFiniteErrorPrecedence/seeds_before_episodes_and_NPF_fields
=== RUN   TestBioInspiredFiniteErrorPrecedence/episodes_before_NPF_fields
=== RUN   TestBioInspiredFiniteErrorPrecedence/NPF_pulse_before_fields
=== RUN   TestBioInspiredFiniteErrorPrecedence/ecdysone_pulse_before_fields
=== RUN   TestBioInspiredFiniteErrorPrecedence/suppressed_before_tolerance
    bioinspired_finite_test.go:343: Validate() error = registry: must contain "S15" for npf_memory_expression_hypothesis, want "suppressed: must be strictly between 0 and 1, got NaN"
=== RUN   TestBioInspiredFiniteErrorPrecedence/tolerance_before_registry
    bioinspired_finite_test.go:343: Validate() error = registry: must contain "S15" for npf_memory_expression_hypothesis, want "tolerance: must be > 0, got NaN"
=== RUN   TestBioInspiredFiniteErrorPrecedence/registry_after_both_fields
--- FAIL: TestBioInspiredFiniteErrorPrecedence (0.00s)
    --- PASS: TestBioInspiredFiniteErrorPrecedence/protocol_before_all_fields (0.00s)
    --- PASS: TestBioInspiredFiniteErrorPrecedence/seeds_before_episodes_and_NPF_fields (0.00s)
    --- PASS: TestBioInspiredFiniteErrorPrecedence/episodes_before_NPF_fields (0.00s)
    --- PASS: TestBioInspiredFiniteErrorPrecedence/NPF_pulse_before_fields (0.00s)
    --- PASS: TestBioInspiredFiniteErrorPrecedence/ecdysone_pulse_before_fields (0.00s)
    --- FAIL: TestBioInspiredFiniteErrorPrecedence/suppressed_before_tolerance (0.00s)
    --- FAIL: TestBioInspiredFiniteErrorPrecedence/tolerance_before_registry (0.00s)
    --- PASS: TestBioInspiredFiniteErrorPrecedence/registry_after_both_fields (0.00s)
=== RUN   TestBioInspiredRunFiniteContextBehavior
=== RUN   TestBioInspiredRunFiniteContextBehavior/NPF_nil_context
=== RUN   TestBioInspiredRunFiniteContextBehavior/NPF_canceled_context
=== RUN   TestBioInspiredRunFiniteContextBehavior/ecdysone_nil_context
=== RUN   TestBioInspiredRunFiniteContextBehavior/ecdysone_canceled_context
--- PASS: TestBioInspiredRunFiniteContextBehavior (0.00s)
    --- PASS: TestBioInspiredRunFiniteContextBehavior/NPF_nil_context (0.00s)
    --- PASS: TestBioInspiredRunFiniteContextBehavior/NPF_canceled_context (0.00s)
    --- PASS: TestBioInspiredRunFiniteContextBehavior/ecdysone_nil_context (0.00s)
    --- PASS: TestBioInspiredRunFiniteContextBehavior/ecdysone_canceled_context (0.00s)
FAIL
FAIL	github.com/TimLai666/coimnet/experiment	0.399s
FAIL
