ok  	github.com/TimLai666/coimnet	17.780s
ok  	github.com/TimLai666/coimnet/backend	1.302s
ok  	github.com/TimLai666/coimnet/backend/webgpu	2.126s
ok  	github.com/TimLai666/coimnet/checkpoint	13.646s
?   	github.com/TimLai666/coimnet/cmd/coimnet	[no test files]
ok  	github.com/TimLai666/coimnet/config	2.019s
ok  	github.com/TimLai666/coimnet/connectome	3.353s
ok  	github.com/TimLai666/coimnet/connectome/flywire	1.460s
ok  	github.com/TimLai666/coimnet/distill	1.653s
ok  	github.com/TimLai666/coimnet/download	1.981s
ok  	github.com/TimLai666/coimnet/dynamics	2.415s
ok  	github.com/TimLai666/coimnet/examples/lifthreshold	1.804s
ok  	github.com/TimLai666/coimnet/examples/multichannel	1.537s
ok  	github.com/TimLai666/coimnet/examples/realasr	1.535s
ok  	github.com/TimLai666/coimnet/examples/realmedia	5.519s
ok  	github.com/TimLai666/coimnet/examples/realnav	3.490s
ok  	github.com/TimLai666/coimnet/examples/realnavmemory	3.446s
ok  	github.com/TimLai666/coimnet/examples/realocr	1.422s
ok  	github.com/TimLai666/coimnet/examples/realsubgraph	2.093s
ok  	github.com/TimLai666/coimnet/examples/realtext	159.847s
ok  	github.com/TimLai666/coimnet/experiment	1458.039s
ok  	github.com/TimLai666/coimnet/experiment/fullgraph	3.336s
ok  	github.com/TimLai666/coimnet/experiment/gridnav	1.244s
ok  	github.com/TimLai666/coimnet/experiment/multimodaleval	1223.714s
ok  	github.com/TimLai666/coimnet/experiment/nav2d	1.283s
ok  	github.com/TimLai666/coimnet/experiment/studenteval	2.746s
ok  	github.com/TimLai666/coimnet/feather	1.368s
ok  	github.com/TimLai666/coimnet/internal/cli	777.823s
ok  	github.com/TimLai666/coimnet/internal/delayedfixture	1.401s
ok  	github.com/TimLai666/coimnet/internal/extsort	1.586s
ok  	github.com/TimLai666/coimnet/internal/fileio	1.303s
ok  	github.com/TimLai666/coimnet/internal/jsonkey	1.272s
ok  	github.com/TimLai666/coimnet/internal/redact	1.297s
ok  	github.com/TimLai666/coimnet/internal/sparse	1.248s
ok  	github.com/TimLai666/coimnet/internal/strictjson	1.281s
ok  	github.com/TimLai666/coimnet/learning	4.387s
ok  	github.com/TimLai666/coimnet/learning/rl	2.859s
ok  	github.com/TimLai666/coimnet/modulation	1.495s
ok  	github.com/TimLai666/coimnet/multimodal	1.273s
ok  	github.com/TimLai666/coimnet/multimodal/synthetic	1.271s
ok  	github.com/TimLai666/coimnet/params	2.487s
ok  	github.com/TimLai666/coimnet/plasticity	1.291s
ok  	github.com/TimLai666/coimnet/replay	1.270s
ok  	github.com/TimLai666/coimnet/resources	1.298s
ok  	github.com/TimLai666/coimnet/signal	1.623s
ok  	github.com/TimLai666/coimnet/simulate	3.776s
ok  	github.com/TimLai666/coimnet/tasks/asr	103.033s
ok  	github.com/TimLai666/coimnet/tasks/asr/audio	1.412s
ok  	github.com/TimLai666/coimnet/tasks/media	993.806s
ok  	github.com/TimLai666/coimnet/tasks/media/realdata	2.234s
ok  	github.com/TimLai666/coimnet/tasks/nav2d/trajectory	1.322s
ok  	github.com/TimLai666/coimnet/tasks/ocr	18.283s
ok  	github.com/TimLai666/coimnet/tasks/ocr/ctc	1.248s
ok  	github.com/TimLai666/coimnet/tasks/ocr/glyphs	1.284s
ok  	github.com/TimLai666/coimnet/tasks/textgen	1420.181s
ok  	github.com/TimLai666/coimnet/tasks/textgen/tokenizer	1.304s
ok  	github.com/TimLai666/coimnet/teacher	1.772s
ok  	github.com/TimLai666/coimnet/teacher/tool	1.286s
