--- FAIL: TestFormatIndex (0.51s)
    format_index_test.go:78: format inventory unique versions=124
    format_index_test.go:83: format inventory categories: formal=87 rules=10 tools=14 test=13 unclassified=0
    format_index_test.go:85: inventory unique versions=124: format index validation failed:
        source for "coimnet-bio-inspired/v1" at INDEX line 85 was not discovered at experiment/bioinspired.go:19
FAIL
FAIL	github.com/TimLai666/coimnet	3.710s
ok  	github.com/TimLai666/coimnet/backend	0.278s
ok  	github.com/TimLai666/coimnet/backend/webgpu	0.440s
ok  	github.com/TimLai666/coimnet/checkpoint	13.518s
?   	github.com/TimLai666/coimnet/cmd/coimnet	[no test files]
ok  	github.com/TimLai666/coimnet/config	0.399s
ok  	github.com/TimLai666/coimnet/connectome	1.765s
ok  	github.com/TimLai666/coimnet/connectome/flywire	0.344s
?   	github.com/TimLai666/coimnet/data/TSK-11/openslr31/sample	[no test files]
ok  	github.com/TimLai666/coimnet/distill	0.350s
ok  	github.com/TimLai666/coimnet/download	1.043s
ok  	github.com/TimLai666/coimnet/dynamics	0.425s
ok  	github.com/TimLai666/coimnet/examples/lifthreshold	0.508s
ok  	github.com/TimLai666/coimnet/examples/multichannel	0.356s
ok  	github.com/TimLai666/coimnet/examples/realasr	0.341s
ok  	github.com/TimLai666/coimnet/examples/realmedia	0.657s
ok  	github.com/TimLai666/coimnet/examples/realnav	0.289s
ok  	github.com/TimLai666/coimnet/examples/realnavmemory	0.467s
ok  	github.com/TimLai666/coimnet/examples/realocr	0.429s
ok  	github.com/TimLai666/coimnet/examples/realsubgraph	0.682s
ok  	github.com/TimLai666/coimnet/examples/realtext	4.794s
ok  	github.com/TimLai666/coimnet/experiment	64.701s
ok  	github.com/TimLai666/coimnet/experiment/fullgraph	1.008s
ok  	github.com/TimLai666/coimnet/experiment/gridnav	0.225s
ok  	github.com/TimLai666/coimnet/experiment/multimodaleval	57.989s
ok  	github.com/TimLai666/coimnet/experiment/nav2d	0.225s
ok  	github.com/TimLai666/coimnet/experiment/studenteval	0.854s
ok  	github.com/TimLai666/coimnet/feather	0.288s
ok  	github.com/TimLai666/coimnet/internal/cli	52.907s
ok  	github.com/TimLai666/coimnet/internal/delayedfixture	0.322s
ok  	github.com/TimLai666/coimnet/internal/extsort	0.490s
ok  	github.com/TimLai666/coimnet/internal/fileio	0.255s
ok  	github.com/TimLai666/coimnet/internal/jsonkey	0.236s
ok  	github.com/TimLai666/coimnet/internal/redact	0.225s
ok  	github.com/TimLai666/coimnet/internal/sparse	0.232s
ok  	github.com/TimLai666/coimnet/internal/strictjson	0.235s
ok  	github.com/TimLai666/coimnet/learning	1.122s
ok  	github.com/TimLai666/coimnet/learning/rl	0.447s
ok  	github.com/TimLai666/coimnet/modulation	0.419s
ok  	github.com/TimLai666/coimnet/multimodal	0.238s
ok  	github.com/TimLai666/coimnet/multimodal/synthetic	0.232s
ok  	github.com/TimLai666/coimnet/params	3.982s
ok  	github.com/TimLai666/coimnet/plasticity	0.230s
ok  	github.com/TimLai666/coimnet/replay	0.251s
ok  	github.com/TimLai666/coimnet/resources	0.280s
ok  	github.com/TimLai666/coimnet/signal	0.357s
ok  	github.com/TimLai666/coimnet/simulate	5.230s
ok  	github.com/TimLai666/coimnet/tasks/asr	5.170s
ok  	github.com/TimLai666/coimnet/tasks/asr/audio	0.346s
ok  	github.com/TimLai666/coimnet/tasks/media	38.125s
ok  	github.com/TimLai666/coimnet/tasks/media/realdata	1.608s
ok  	github.com/TimLai666/coimnet/tasks/nav2d/trajectory	0.547s
ok  	github.com/TimLai666/coimnet/tasks/ocr	1.725s
ok  	github.com/TimLai666/coimnet/tasks/ocr/ctc	0.247s
ok  	github.com/TimLai666/coimnet/tasks/ocr/glyphs	0.234s
ok  	github.com/TimLai666/coimnet/tasks/textgen	45.775s
ok  	github.com/TimLai666/coimnet/tasks/textgen/tokenizer	0.239s
ok  	github.com/TimLai666/coimnet/teacher	0.603s
ok  	github.com/TimLai666/coimnet/teacher/tool	0.244s
FAIL
