ok  	github.com/TimLai666/coimnet	5.063s
ok  	github.com/TimLai666/coimnet/backend	0.324s
ok  	github.com/TimLai666/coimnet/backend/webgpu	0.377s
ok  	github.com/TimLai666/coimnet/checkpoint	12.119s
?   	github.com/TimLai666/coimnet/cmd/coimnet	[no test files]
ok  	github.com/TimLai666/coimnet/config	0.263s
ok  	github.com/TimLai666/coimnet/connectome	1.591s
ok  	github.com/TimLai666/coimnet/connectome/flywire	0.239s
ok  	github.com/TimLai666/coimnet/distill	0.185s
ok  	github.com/TimLai666/coimnet/download	0.921s
ok  	github.com/TimLai666/coimnet/dynamics	0.246s
ok  	github.com/TimLai666/coimnet/examples/lifthreshold	0.302s
ok  	github.com/TimLai666/coimnet/examples/multichannel	0.152s
ok  	github.com/TimLai666/coimnet/examples/realasr	0.165s
ok  	github.com/TimLai666/coimnet/examples/realmedia	0.485s
ok  	github.com/TimLai666/coimnet/examples/realnav	0.844s
ok  	github.com/TimLai666/coimnet/examples/realnavmemory	0.318s
ok  	github.com/TimLai666/coimnet/examples/realocr	0.205s
ok  	github.com/TimLai666/coimnet/examples/realsubgraph	0.526s
ok  	github.com/TimLai666/coimnet/examples/realtext	4.544s
ok  	github.com/TimLai666/coimnet/experiment	61.896s
ok  	github.com/TimLai666/coimnet/experiment/fullgraph	1.073s
ok  	github.com/TimLai666/coimnet/experiment/gridnav	0.043s
ok  	github.com/TimLai666/coimnet/experiment/multimodaleval	54.154s
ok  	github.com/TimLai666/coimnet/experiment/nav2d	0.056s
ok  	github.com/TimLai666/coimnet/experiment/studenteval	0.653s
ok  	github.com/TimLai666/coimnet/feather	0.120s
ok  	github.com/TimLai666/coimnet/internal/cli	48.634s
ok  	github.com/TimLai666/coimnet/internal/delayedfixture	0.152s
ok  	github.com/TimLai666/coimnet/internal/extsort	0.861s
ok  	github.com/TimLai666/coimnet/internal/fileio	0.113s
ok  	github.com/TimLai666/coimnet/internal/jsonkey	0.068s
ok  	github.com/TimLai666/coimnet/internal/redact	0.055s
ok  	github.com/TimLai666/coimnet/internal/sparse	0.106s
ok  	github.com/TimLai666/coimnet/internal/strictjson	0.045s
ok  	github.com/TimLai666/coimnet/learning	1.315s
ok  	github.com/TimLai666/coimnet/learning/rl	0.237s
ok  	github.com/TimLai666/coimnet/modulation	0.243s
ok  	github.com/TimLai666/coimnet/multimodal	0.044s
ok  	github.com/TimLai666/coimnet/multimodal/synthetic	0.041s
ok  	github.com/TimLai666/coimnet/params	1.607s
ok  	github.com/TimLai666/coimnet/plasticity	0.040s
ok  	github.com/TimLai666/coimnet/replay	0.056s
ok  	github.com/TimLai666/coimnet/resources	0.062s
ok  	github.com/TimLai666/coimnet/signal	0.121s
ok  	github.com/TimLai666/coimnet/simulate	1.792s
ok  	github.com/TimLai666/coimnet/tasks/asr	4.951s
ok  	github.com/TimLai666/coimnet/tasks/asr/audio	0.088s
ok  	github.com/TimLai666/coimnet/tasks/media	35.413s
ok  	github.com/TimLai666/coimnet/tasks/media/realdata	0.987s
ok  	github.com/TimLai666/coimnet/tasks/nav2d/trajectory	0.084s
ok  	github.com/TimLai666/coimnet/tasks/ocr	1.097s
ok  	github.com/TimLai666/coimnet/tasks/ocr/ctc	0.063s
ok  	github.com/TimLai666/coimnet/tasks/ocr/glyphs	0.043s
ok  	github.com/TimLai666/coimnet/tasks/textgen	43.591s
ok  	github.com/TimLai666/coimnet/tasks/textgen/tokenizer	0.063s
ok  	github.com/TimLai666/coimnet/teacher	0.398s
ok  	github.com/TimLai666/coimnet/teacher/tool	0.044s
