=== RUN   TestPPOGradientHandReference
--- PASS: TestPPOGradientHandReference (0.00s)
=== RUN   TestPPOGradientClippingEntropyAndBurnIn
--- PASS: TestPPOGradientClippingEntropyAndBurnIn (0.00s)
=== RUN   TestPPOGradientReplayAndFiniteDifference
=== RUN   TestPPOGradientReplayAndFiniteDifference/policy/weights
=== RUN   TestPPOGradientReplayAndFiniteDifference/policy/bias
=== RUN   TestPPOGradientReplayAndFiniteDifference/policy/log_tau
=== RUN   TestPPOGradientReplayAndFiniteDifference/policy/encoder
=== RUN   TestPPOGradientReplayAndFiniteDifference/policy/readout
=== RUN   TestPPOGradientReplayAndFiniteDifference/value/weights
=== RUN   TestPPOGradientReplayAndFiniteDifference/value/bias
=== RUN   TestPPOGradientReplayAndFiniteDifference/value/log_tau
=== RUN   TestPPOGradientReplayAndFiniteDifference/value/encoder
=== RUN   TestPPOGradientReplayAndFiniteDifference/value/readout
=== RUN   TestPPOGradientReplayAndFiniteDifference/entropy/weights
=== RUN   TestPPOGradientReplayAndFiniteDifference/entropy/bias
=== RUN   TestPPOGradientReplayAndFiniteDifference/entropy/log_tau
=== RUN   TestPPOGradientReplayAndFiniteDifference/entropy/encoder
=== RUN   TestPPOGradientReplayAndFiniteDifference/entropy/readout
=== RUN   TestPPOGradientReplayAndFiniteDifference/total/weights
=== RUN   TestPPOGradientReplayAndFiniteDifference/total/bias
=== RUN   TestPPOGradientReplayAndFiniteDifference/total/log_tau
=== RUN   TestPPOGradientReplayAndFiniteDifference/total/encoder
=== RUN   TestPPOGradientReplayAndFiniteDifference/total/readout
--- PASS: TestPPOGradientReplayAndFiniteDifference (0.02s)
    --- PASS: TestPPOGradientReplayAndFiniteDifference/policy/weights (0.00s)
    --- PASS: TestPPOGradientReplayAndFiniteDifference/policy/bias (0.00s)
    --- PASS: TestPPOGradientReplayAndFiniteDifference/policy/log_tau (0.00s)
    --- PASS: TestPPOGradientReplayAndFiniteDifference/policy/encoder (0.00s)
    --- PASS: TestPPOGradientReplayAndFiniteDifference/policy/readout (0.00s)
    --- PASS: TestPPOGradientReplayAndFiniteDifference/value/weights (0.00s)
    --- PASS: TestPPOGradientReplayAndFiniteDifference/value/bias (0.00s)
    --- PASS: TestPPOGradientReplayAndFiniteDifference/value/log_tau (0.00s)
    --- PASS: TestPPOGradientReplayAndFiniteDifference/value/encoder (0.00s)
    --- PASS: TestPPOGradientReplayAndFiniteDifference/value/readout (0.00s)
    --- PASS: TestPPOGradientReplayAndFiniteDifference/entropy/weights (0.00s)
    --- PASS: TestPPOGradientReplayAndFiniteDifference/entropy/bias (0.00s)
    --- PASS: TestPPOGradientReplayAndFiniteDifference/entropy/log_tau (0.00s)
    --- PASS: TestPPOGradientReplayAndFiniteDifference/entropy/encoder (0.00s)
    --- PASS: TestPPOGradientReplayAndFiniteDifference/entropy/readout (0.00s)
    --- PASS: TestPPOGradientReplayAndFiniteDifference/total/weights (0.00s)
    --- PASS: TestPPOGradientReplayAndFiniteDifference/total/bias (0.00s)
    --- PASS: TestPPOGradientReplayAndFiniteDifference/total/log_tau (0.00s)
    --- PASS: TestPPOGradientReplayAndFiniteDifference/total/encoder (0.00s)
    --- PASS: TestPPOGradientReplayAndFiniteDifference/total/readout (0.00s)
=== RUN   TestPPOGradientSumRejectsCorruption
--- PASS: TestPPOGradientSumRejectsCorruption (0.00s)
=== RUN   TestPPOGradientRejectsInvalid
=== RUN   TestPPOGradientRejectsInvalid/empty
=== RUN   TestPPOGradientRejectsInvalid/width
=== RUN   TestPPOGradientRejectsInvalid/nan
=== RUN   TestPPOGradientRejectsInvalid/inf_target
=== RUN   TestPPOGradientRejectsInvalid/action
=== RUN   TestPPOGradientRejectsInvalid/positive_old_logp
--- PASS: TestPPOGradientRejectsInvalid (0.00s)
    --- PASS: TestPPOGradientRejectsInvalid/empty (0.00s)
    --- PASS: TestPPOGradientRejectsInvalid/width (0.00s)
    --- PASS: TestPPOGradientRejectsInvalid/nan (0.00s)
    --- PASS: TestPPOGradientRejectsInvalid/inf_target (0.00s)
    --- PASS: TestPPOGradientRejectsInvalid/action (0.00s)
    --- PASS: TestPPOGradientRejectsInvalid/positive_old_logp (0.00s)
PASS
ok  	github.com/TimLai666/coimnet/experiment	0.724s
