ok  	github.com/TimLai666/coimnet	27.599s
ok  	github.com/TimLai666/coimnet/backend	1.254s
ok  	github.com/TimLai666/coimnet/backend/webgpu	1.721s
ok  	github.com/TimLai666/coimnet/checkpoint	17.745s
?   	github.com/TimLai666/coimnet/cmd/coimnet	[no test files]
ok  	github.com/TimLai666/coimnet/config	1.542s
ok  	github.com/TimLai666/coimnet/connectome	4.747s
ok  	github.com/TimLai666/coimnet/connectome/flywire	1.547s
ok  	github.com/TimLai666/coimnet/distill	1.543s
ok  	github.com/TimLai666/coimnet/download	2.392s
ok  	github.com/TimLai666/coimnet/dynamics	4.497s
ok  	github.com/TimLai666/coimnet/examples/lifthreshold	2.281s
ok  	github.com/TimLai666/coimnet/examples/multichannel	1.669s
ok  	github.com/TimLai666/coimnet/examples/realasr	1.554s
ok  	github.com/TimLai666/coimnet/examples/realmedia	10.626s
ok  	github.com/TimLai666/coimnet/examples/realnav	3.771s
ok  	github.com/TimLai666/coimnet/examples/realnavmemory	4.519s
ok  	github.com/TimLai666/coimnet/examples/realocr	1.483s
ok  	github.com/TimLai666/coimnet/examples/realsubgraph	2.083s
ok  	github.com/TimLai666/coimnet/examples/realtext	297.355s
ok  	github.com/TimLai666/coimnet/experiment	1677.271s
ok  	github.com/TimLai666/coimnet/experiment/fullgraph	3.620s
ok  	github.com/TimLai666/coimnet/experiment/gridnav	1.302s
ok  	github.com/TimLai666/coimnet/experiment/multimodaleval	1491.096s
ok  	github.com/TimLai666/coimnet/experiment/nav2d	1.303s
ok  	github.com/TimLai666/coimnet/experiment/studenteval	3.972s
ok  	github.com/TimLai666/coimnet/feather	1.467s
ok  	github.com/TimLai666/coimnet/internal/cli	963.631s
ok  	github.com/TimLai666/coimnet/internal/delayedfixture	1.504s
ok  	github.com/TimLai666/coimnet/internal/extsort	1.588s
ok  	github.com/TimLai666/coimnet/internal/fileio	1.318s
ok  	github.com/TimLai666/coimnet/internal/jsonkey	1.275s
ok  	github.com/TimLai666/coimnet/internal/redact	1.313s
ok  	github.com/TimLai666/coimnet/internal/sparse	1.270s
ok  	github.com/TimLai666/coimnet/internal/strictjson	1.321s
ok  	github.com/TimLai666/coimnet/learning	5.333s
ok  	github.com/TimLai666/coimnet/learning/rl	1.904s
ok  	github.com/TimLai666/coimnet/modulation	1.499s
ok  	github.com/TimLai666/coimnet/multimodal	1.284s
ok  	github.com/TimLai666/coimnet/multimodal/synthetic	1.282s
ok  	github.com/TimLai666/coimnet/params	2.786s
ok  	github.com/TimLai666/coimnet/plasticity	1.290s
ok  	github.com/TimLai666/coimnet/replay	1.300s
ok  	github.com/TimLai666/coimnet/resources	1.294s
ok  	github.com/TimLai666/coimnet/signal	1.922s
ok  	github.com/TimLai666/coimnet/simulate	4.423s
ok  	github.com/TimLai666/coimnet/tasks/asr	230.568s
ok  	github.com/TimLai666/coimnet/tasks/asr/audio	2.061s
ok  	github.com/TimLai666/coimnet/tasks/media	1174.159s
ok  	github.com/TimLai666/coimnet/tasks/media/realdata	2.816s
ok  	github.com/TimLai666/coimnet/tasks/nav2d/trajectory	1.330s
ok  	github.com/TimLai666/coimnet/tasks/ocr	40.930s
ok  	github.com/TimLai666/coimnet/tasks/ocr/ctc	1.263s
ok  	github.com/TimLai666/coimnet/tasks/ocr/glyphs	1.267s
ok  	github.com/TimLai666/coimnet/tasks/textgen	1686.671s
ok  	github.com/TimLai666/coimnet/tasks/textgen/tokenizer	1.374s
ok  	github.com/TimLai666/coimnet/teacher	2.060s
ok  	github.com/TimLai666/coimnet/teacher/tool	1.314s
