=== RUN   TestPPOGradientEvidence
    ppo_gradient_diagnostic_test.go:355: 600 exact updates and decompositions: 2bcc65751f3145e08b9b86becbe1d565707150698dac5b9dfa510b85fed434d2 (33721863 bytes)
--- PASS: TestPPOGradientEvidence (0.66s)
=== RUN   TestPPOGradientHandReference
--- PASS: TestPPOGradientHandReference (0.00s)
=== RUN   TestPPOGradientClippingEntropyAndBurnIn
--- PASS: TestPPOGradientClippingEntropyAndBurnIn (0.00s)
=== RUN   TestPPOGradientReplayAndFiniteDifference
=== RUN   TestPPOGradientReplayAndFiniteDifference/policy/weights
    ppo_gradient_validation_test.go:129: finite difference -0.0186546305; raw derivative -0.0186546453
=== RUN   TestPPOGradientReplayAndFiniteDifference/policy/bias
    ppo_gradient_validation_test.go:129: finite difference -0.0442175373; raw derivative -0.0442176242
=== RUN   TestPPOGradientReplayAndFiniteDifference/policy/log_tau
    ppo_gradient_validation_test.go:129: finite difference -0.0116395915; raw derivative -0.0116392638
=== RUN   TestPPOGradientReplayAndFiniteDifference/policy/encoder
    ppo_gradient_validation_test.go:129: finite difference 0.0424038381; raw derivative 0.042404714
=== RUN   TestPPOGradientReplayAndFiniteDifference/policy/readout
    ppo_gradient_validation_test.go:129: finite difference -0.0367798336; raw derivative -0.0367799501
=== RUN   TestPPOGradientReplayAndFiniteDifference/value/weights
    ppo_gradient_validation_test.go:129: finite difference -0.0771585734; raw derivative -0.0771587541
=== RUN   TestPPOGradientReplayAndFiniteDifference/value/bias
    ppo_gradient_validation_test.go:129: finite difference -0.270169014; raw derivative -0.270168593
=== RUN   TestPPOGradientReplayAndFiniteDifference/value/log_tau
    ppo_gradient_validation_test.go:129: finite difference -0.0191357601; raw derivative -0.0191365103
=== RUN   TestPPOGradientReplayAndFiniteDifference/value/encoder
    ppo_gradient_validation_test.go:129: finite difference -0.0317726007; raw derivative -0.0317725738
=== RUN   TestPPOGradientReplayAndFiniteDifference/value/readout
    ppo_gradient_validation_test.go:129: finite difference -0.0654389479; raw derivative -0.0654380911
=== RUN   TestPPOGradientReplayAndFiniteDifference/entropy/weights
    ppo_gradient_validation_test.go:129: finite difference 0.000225555378; raw derivative 0.000225554407
=== RUN   TestPPOGradientReplayAndFiniteDifference/entropy/bias
    ppo_gradient_validation_test.go:129: finite difference 0.000679106069; raw derivative 0.00067911059
=== RUN   TestPPOGradientReplayAndFiniteDifference/entropy/log_tau
    ppo_gradient_validation_test.go:129: finite difference 0.000113252784; raw derivative 0.000113246456
=== RUN   TestPPOGradientReplayAndFiniteDifference/entropy/encoder
    ppo_gradient_validation_test.go:129: finite difference -0.000278171453; raw derivative -0.000278173208
=== RUN   TestPPOGradientReplayAndFiniteDifference/entropy/readout
    ppo_gradient_validation_test.go:129: finite difference 0.000573135364; raw derivative 0.000573131785
=== RUN   TestPPOGradientReplayAndFiniteDifference/total/weights
    ppo_gradient_validation_test.go:129: finite difference -0.0955876485; raw derivative -0.0955878467
=== RUN   TestPPOGradientReplayAndFiniteDifference/total/bias
    ppo_gradient_validation_test.go:129: finite difference -0.313707446; raw derivative -0.313707109
=== RUN   TestPPOGradientReplayAndFiniteDifference/total/log_tau
    ppo_gradient_validation_test.go:129: finite difference -0.0306620988; raw derivative -0.0306625279
=== RUN   TestPPOGradientReplayAndFiniteDifference/total/encoder
    ppo_gradient_validation_test.go:129: finite difference 0.010353066; raw derivative 0.0103539687
=== RUN   TestPPOGradientReplayAndFiniteDifference/total/readout
    ppo_gradient_validation_test.go:129: finite difference -0.101645646; raw derivative -0.101644908
--- PASS: TestPPOGradientReplayAndFiniteDifference (0.00s)
    --- PASS: TestPPOGradientReplayAndFiniteDifference/policy/weights (0.00s)
    --- PASS: TestPPOGradientReplayAndFiniteDifference/policy/bias (0.00s)
    --- PASS: TestPPOGradientReplayAndFiniteDifference/policy/log_tau (0.00s)
    --- PASS: TestPPOGradientReplayAndFiniteDifference/policy/encoder (0.00s)
    --- PASS: TestPPOGradientReplayAndFiniteDifference/policy/readout (0.00s)
    --- PASS: TestPPOGradientReplayAndFiniteDifference/value/weights (0.00s)
    --- PASS: TestPPOGradientReplayAndFiniteDifference/value/bias (0.00s)
    --- PASS: TestPPOGradientReplayAndFiniteDifference/value/log_tau (0.00s)
    --- PASS: TestPPOGradientReplayAndFiniteDifference/value/encoder (0.00s)
    --- PASS: TestPPOGradientReplayAndFiniteDifference/value/readout (0.00s)
    --- PASS: TestPPOGradientReplayAndFiniteDifference/entropy/weights (0.00s)
    --- PASS: TestPPOGradientReplayAndFiniteDifference/entropy/bias (0.00s)
    --- PASS: TestPPOGradientReplayAndFiniteDifference/entropy/log_tau (0.00s)
    --- PASS: TestPPOGradientReplayAndFiniteDifference/entropy/encoder (0.00s)
    --- PASS: TestPPOGradientReplayAndFiniteDifference/entropy/readout (0.00s)
    --- PASS: TestPPOGradientReplayAndFiniteDifference/total/weights (0.00s)
    --- PASS: TestPPOGradientReplayAndFiniteDifference/total/bias (0.00s)
    --- PASS: TestPPOGradientReplayAndFiniteDifference/total/log_tau (0.00s)
    --- PASS: TestPPOGradientReplayAndFiniteDifference/total/encoder (0.00s)
    --- PASS: TestPPOGradientReplayAndFiniteDifference/total/readout (0.00s)
=== RUN   TestPPOGradientSumRejectsCorruption
--- PASS: TestPPOGradientSumRejectsCorruption (0.00s)
=== RUN   TestPPOGradientRejectsInvalid
=== RUN   TestPPOGradientRejectsInvalid/empty
=== RUN   TestPPOGradientRejectsInvalid/width
=== RUN   TestPPOGradientRejectsInvalid/nan
=== RUN   TestPPOGradientRejectsInvalid/inf_target
=== RUN   TestPPOGradientRejectsInvalid/action
=== RUN   TestPPOGradientRejectsInvalid/positive_old_logp
--- PASS: TestPPOGradientRejectsInvalid (0.00s)
    --- PASS: TestPPOGradientRejectsInvalid/empty (0.00s)
    --- PASS: TestPPOGradientRejectsInvalid/width (0.00s)
    --- PASS: TestPPOGradientRejectsInvalid/nan (0.00s)
    --- PASS: TestPPOGradientRejectsInvalid/inf_target (0.00s)
    --- PASS: TestPPOGradientRejectsInvalid/action (0.00s)
    --- PASS: TestPPOGradientRejectsInvalid/positive_old_logp (0.00s)
PASS
ok  	github.com/TimLai666/coimnet/experiment	1.112s
