backend/webgpu/sparse_backward.go:12:2: missing go.sum entry for module providing package github.com/gogpu/gputypes (imported by github.com/TimLai666/coimnet/backend/webgpu); to add:
	go get github.com/TimLai666/coimnet/backend/webgpu
backend/webgpu/sparse_backward.go:13:2: missing go.sum entry for module providing package github.com/gogpu/wgpu (imported by github.com/TimLai666/coimnet/backend/webgpu); to add:
	go get github.com/TimLai666/coimnet/backend/webgpu
backend/webgpu/sparse_backward.go:14:2: missing go.sum entry for module providing package github.com/gogpu/wgpu/hal/allbackends (imported by github.com/TimLai666/coimnet/backend/webgpu); to add:
	go get github.com/TimLai666/coimnet/backend/webgpu
internal/fileio/open_unix.go:8:2: missing go.sum entry for module providing package golang.org/x/sys/unix (imported by github.com/TimLai666/coimnet/download); to add:
	go get github.com/TimLai666/coimnet/download
learning/individual.go:11:2: missing go.sum entry for module providing package github.com/HazelnutParadise/insyra/nn (imported by github.com/TimLai666/coimnet/internal/cli); to add:
	go get github.com/TimLai666/coimnet/internal/cli
feather/reader.go:15:2: missing go.sum entry for module providing package github.com/apache/arrow/go/v17/arrow (imported by github.com/TimLai666/coimnet/connectome); to add:
	go get github.com/TimLai666/coimnet/connectome
feather/validate.go:8:2: missing go.sum entry for module providing package github.com/apache/arrow/go/v17/arrow/array (imported by github.com/TimLai666/coimnet/connectome); to add:
	go get github.com/TimLai666/coimnet/connectome
feather/reader.go:16:2: missing go.sum entry for module providing package github.com/apache/arrow/go/v17/arrow/ipc (imported by github.com/TimLai666/coimnet/connectome/flywire); to add:
	go get github.com/TimLai666/coimnet/connectome/flywire
feather/allocator.go:7:2: missing go.sum entry for module providing package github.com/apache/arrow/go/v17/arrow/memory (imported by github.com/TimLai666/coimnet/connectome/flywire); to add:
	go get github.com/TimLai666/coimnet/connectome/flywire
github.com/TimLai666/coimnet
internal/goarch
unsafe
internal/abi
internal/unsafeheader
internal/cpu
internal/bytealg
internal/byteorder
internal/chacha8rand
internal/coverage/rtcov
internal/godebugs
internal/goexperiment
internal/goos
internal/profilerecord
internal/runtime/atomic
internal/runtime/exithook
internal/runtime/gc
internal/runtime/sys
internal/runtime/gc/scan
internal/asan
internal/msan
internal/race
internal/runtime/math
internal/runtime/maps
internal/runtime/pprof/label
math/bits
internal/strconv
internal/stringslite
internal/trace/tracev2
runtime
internal/reflectlite
errors
cmp
iter
math
unicode/utf8
strconv
sync/atomic
internal/sync
internal/synctest
sync
unicode
reflect
slices
internal/fmtsort
io
internal/oserror
path
internal/bisect
internal/godebug
syscall
time
io/fs
internal/filepathlite
internal/syscall/unix
internal/poll
internal/syscall/execenv
internal/testlog
os
fmt
sort
strings
github.com/TimLai666/coimnet/backend
context
encoding/binary
github.com/gogpu/gputypes
github.com/gogpu/wgpu
github.com/gogpu/wgpu/hal/allbackends
github.com/TimLai666/coimnet/backend/webgpu
bytes
bufio
hash
crypto
crypto/internal/fips140deps/godebug
crypto/internal/fips140
crypto/internal/fips140/alias
crypto/internal/fips140deps/byteorder
crypto/internal/fips140deps/cpu
crypto/internal/impl
crypto/internal/fips140/sha256
crypto/internal/constanttime
crypto/internal/fips140/subtle
crypto/internal/fips140/sha3
crypto/internal/fips140/sha512
crypto/internal/fips140/hmac
crypto/internal/fips140/check
crypto/internal/fips140/aes
crypto/internal/fips140deps/time
crypto/internal/entropy/v1.0.0
crypto/internal/sysrand
crypto/internal/fips140/drbg
crypto/internal/fips140/aes/gcm
crypto/fips140
crypto/internal/fips140only
crypto/subtle
crypto/cipher
crypto/internal/boring/sig
crypto/internal/boring
crypto/sha256
encoding/hex
encoding
encoding/base64
unicode/utf16
encoding/json
github.com/TimLai666/coimnet/dynamics
golang.org/x/sys/unix
github.com/TimLai666/coimnet/internal/fileio
github.com/TimLai666/coimnet/internal/jsonkey
github.com/HazelnutParadise/insyra/nn
container/heap
github.com/TimLai666/coimnet/internal/strictjson
math/rand
math/big
github.com/TimLai666/coimnet/signal
github.com/TimLai666/coimnet/modulation
github.com/TimLai666/coimnet/plasticity
math/rand/v2
github.com/TimLai666/coimnet/learning
github.com/TimLai666/coimnet/replay
path/filepath
github.com/TimLai666/coimnet/checkpoint
flag
github.com/TimLai666/coimnet/experiment/gridnav
github.com/TimLai666/coimnet/experiment/nav2d
github.com/TimLai666/coimnet/internal/delayedfixture
github.com/TimLai666/coimnet/learning/rl
maps
github.com/TimLai666/coimnet/experiment
github.com/TimLai666/coimnet/config
github.com/apache/arrow/go/v17/arrow
github.com/apache/arrow/go/v17/arrow/array
github.com/apache/arrow/go/v17/arrow/ipc
github.com/apache/arrow/go/v17/arrow/memory
github.com/TimLai666/coimnet/feather
github.com/TimLai666/coimnet/internal/extsort
regexp/syntax
regexp
github.com/TimLai666/coimnet/connectome
hash/crc32
compress/flate
compress/gzip
container/list
crypto/internal/randutil
crypto/internal/rand
crypto/rand
crypto/aes
crypto/des
crypto/internal/fips140/nistec/fiat
crypto/internal/fips140/nistec
crypto/internal/fips140/ecdh
crypto/internal/fips140/edwards25519/field
crypto/ecdh
crypto/elliptic
crypto/internal/boring/bbig
crypto/internal/fips140/bigmod
crypto/internal/fips140/ecdsa
weak
crypto/internal/fips140cache
crypto/sha3
crypto/internal/fips140hash
crypto/sha512
internal/saferio
encoding/asn1
vendor/golang.org/x/crypto/cryptobyte/asn1
vendor/golang.org/x/crypto/cryptobyte
crypto/ecdsa
crypto/internal/fips140/edwards25519
crypto/internal/fips140/ed25519
crypto/ed25519
crypto/internal/fips140/hkdf
crypto/hkdf
crypto/hmac
crypto/internal/fips140/mlkem
crypto/mlkem
vendor/golang.org/x/crypto/internal/alias
vendor/golang.org/x/crypto/chacha20
vendor/golang.org/x/crypto/internal/poly1305
vendor/golang.org/x/crypto/chacha20poly1305
crypto/hpke
crypto/internal/fips140/tls12
crypto/internal/fips140/tls13
crypto/md5
crypto/rc4
crypto/internal/fips140/rsa
crypto/rsa
crypto/sha1
crypto/tls/internal/fips140tls
crypto/dsa
crypto/x509/internal/macos
crypto/x509/pkix
encoding/pem
vendor/golang.org/x/net/dns/dnsmessage
internal/nettrace
unique
net/netip
internal/routebsd
internal/singleflight
net
net/url
crypto/x509
crypto/tls
vendor/golang.org/x/text/transform
log/internal
log
vendor/golang.org/x/text/unicode/bidi
vendor/golang.org/x/text/secure/bidirule
vendor/golang.org/x/text/unicode/norm
vendor/golang.org/x/net/idna
net/textproto
vendor/golang.org/x/net/http/httpguts
vendor/golang.org/x/net/http/httpproxy
vendor/golang.org/x/net/http2/hpack
mime
mime/quotedprintable
mime/multipart
net/http/httptrace
net/http/internal
net/http/internal/ascii
net/http/internal/httpcommon
net/http
github.com/TimLai666/coimnet/download
encoding/csv
github.com/TimLai666/coimnet/params
github.com/TimLai666/coimnet/resources
github.com/TimLai666/coimnet/simulate
github.com/TimLai666/coimnet/experiment/fullgraph
github.com/TimLai666/coimnet/multimodal
github.com/TimLai666/coimnet/multimodal/synthetic
github.com/TimLai666/coimnet/experiment/multimodaleval
math/cmplx
github.com/TimLai666/coimnet/tasks/asr/audio
github.com/TimLai666/coimnet/tasks/ocr/ctc
github.com/TimLai666/coimnet/tasks/ocr/glyphs
github.com/TimLai666/coimnet/tasks/ocr
github.com/TimLai666/coimnet/tasks/asr
github.com/TimLai666/coimnet/teacher/tool
image/color
image
hash/adler32
compress/zlib
image/png
os/exec
github.com/TimLai666/coimnet/tasks/media
github.com/TimLai666/coimnet/tasks/textgen/tokenizer
github.com/TimLai666/coimnet/teacher
github.com/TimLai666/coimnet/tasks/textgen
runtime/debug
github.com/TimLai666/coimnet/internal/cli
os/signal
github.com/TimLai666/coimnet/cmd/coimnet
github.com/TimLai666/coimnet/connectome/flywire
github.com/TimLai666/coimnet/distill
github.com/TimLai666/coimnet/examples/lifthreshold
github.com/TimLai666/coimnet/examples/multichannel
github.com/TimLai666/coimnet/examples/realasr
embed
github.com/TimLai666/coimnet/tasks/media/realdata
hash/fnv
github.com/TimLai666/coimnet/examples/realmedia
github.com/TimLai666/coimnet/tasks/nav2d/trajectory
github.com/TimLai666/coimnet/examples/realnav
github.com/TimLai666/coimnet/examples/realnavmemory
github.com/TimLai666/coimnet/examples/realocr
github.com/TimLai666/coimnet/examples/realsubgraph
github.com/TimLai666/coimnet/examples/realtext
github.com/TimLai666/coimnet/experiment/studenteval
github.com/TimLai666/coimnet/internal/redact
github.com/TimLai666/coimnet/internal/sparse
