github.com/TimLai666/coimnet
internal/goarch
unsafe
internal/abi
internal/unsafeheader
internal/cpu
internal/bytealg
internal/byteorder
internal/chacha8rand
internal/coverage/rtcov
internal/godebugs
internal/goexperiment
internal/goos
internal/profilerecord
internal/runtime/atomic
internal/runtime/exithook
internal/runtime/gc
internal/runtime/sys
internal/runtime/gc/scan
internal/asan
internal/msan
internal/race
internal/runtime/math
internal/runtime/maps
internal/runtime/pprof/label
math/bits
internal/strconv
internal/stringslite
internal/trace/tracev2
runtime
internal/reflectlite
errors
cmp
iter
math
unicode/utf8
strconv
sync/atomic
internal/sync
internal/synctest
sync
unicode
reflect
slices
internal/fmtsort
io
internal/oserror
path
internal/bisect
internal/godebug
syscall
time
io/fs
internal/filepathlite
internal/syscall/unix
internal/poll
internal/syscall/execenv
internal/testlog
os
fmt
sort
strings
github.com/TimLai666/coimnet/backend
context
encoding/binary
github.com/gogpu/gputypes
bytes
bufio
image/color
image
github.com/gogpu/gpucontext
github.com/gogpu/naga/ir
github.com/gogpu/naga/spirv/internal/codegen
github.com/gogpu/naga/spirv
github.com/gogpu/naga/internal/registry
github.com/gogpu/naga/wgsl/internal/parser
github.com/gogpu/naga/wgsl/internal/lower
github.com/gogpu/naga/wgsl
github.com/gogpu/naga
encoding
encoding/base64
unicode/utf16
encoding/json
log/internal
log
log/slog/internal
log/slog/internal/buffer
log/slog
github.com/gogpu/wgpu/hal
github.com/gogpu/wgpu/core/track
github.com/gogpu/wgpu/internal/raytracing
github.com/gogpu/wgpu/core
github.com/gogpu/wgpu/internal/indirect
github.com/gogpu/wgpu
github.com/go-webgpu/goffi/types
github.com/go-webgpu/goffi/internal/arch
runtime/cgo
structs
github.com/go-webgpu/goffi/internal/syscall
github.com/go-webgpu/goffi/internal/arch/arm64
github.com/go-webgpu/goffi/internal/dl
github.com/go-webgpu/goffi/ffi
github.com/gogpu/naga/internal/textutil
path/filepath
os/exec
flag
internal/sysinfo
math/rand
runtime/debug
runtime/trace
testing
github.com/gogpu/naga/msl/internal/codegen
github.com/gogpu/naga/msl
github.com/gogpu/wgpu/hal/metal/mslmap
github.com/gogpu/wgpu/hal/metal
github.com/gogpu/wgpu/hal/software/raster
github.com/gogpu/wgpu/hal/software/shader
github.com/gogpu/wgpu/hal/software
github.com/gogpu/wgpu/hal/vulkan/vk
github.com/gogpu/wgpu/hal/vulkan/memory
hash
crypto
crypto/internal/fips140deps/godebug
crypto/internal/fips140
crypto/internal/fips140/alias
crypto/internal/fips140deps/byteorder
crypto/internal/fips140deps/cpu
crypto/internal/impl
crypto/internal/fips140/sha256
crypto/internal/constanttime
crypto/internal/fips140/subtle
crypto/internal/fips140/sha3
crypto/internal/fips140/sha512
crypto/internal/fips140/hmac
crypto/internal/fips140/check
crypto/internal/fips140/aes
crypto/internal/fips140deps/time
crypto/internal/entropy/v1.0.0
crypto/internal/sysrand
crypto/internal/fips140/drbg
crypto/internal/fips140/aes/gcm
crypto/fips140
crypto/internal/fips140only
crypto/subtle
crypto/cipher
crypto/internal/boring/sig
crypto/internal/boring
crypto/sha256
encoding/hex
github.com/gogpu/wgpu/internal/pipelinecache
github.com/gogpu/wgpu/hal/vulkan
github.com/gogpu/wgpu/hal/allbackends
github.com/TimLai666/coimnet/backend/webgpu
github.com/TimLai666/coimnet/dynamics
golang.org/x/sys/unix
github.com/TimLai666/coimnet/internal/fileio
github.com/TimLai666/coimnet/internal/jsonkey
database/sql/driver
maps
math/rand/v2
database/sql
encoding/csv
github.com/HazelnutParadise/Go-Utils/conv
github.com/HazelnutParadise/Go-Utils/types
github.com/HazelnutParadise/Go-Utils/sliceutil
github.com/clipperhouse/uax29/v2/graphemes
github.com/mattn/go-runewidth
golang.org/x/term
math/big
github.com/HazelnutParadise/insyra/internal/utils
github.com/TimLai666/go-decimal/decimal
github.com/HazelnutParadise/insyra/internal/algorithms
regexp/syntax
regexp
github.com/HazelnutParadise/insyra/internal/ccl
github.com/petermattis/goid
github.com/HazelnutParadise/insyra/internal/core
golang.org/x/text/encoding/internal/identifier
golang.org/x/text/transform
golang.org/x/text/encoding
golang.org/x/text/encoding/internal
golang.org/x/text/encoding/charmap
golang.org/x/text/encoding/japanese
golang.org/x/text/encoding/korean
golang.org/x/text/encoding/simplifiedchinese
golang.org/x/text/encoding/traditionalchinese
golang.org/x/text/internal/utf8internal
golang.org/x/text/runes
golang.org/x/text/encoding/unicode
golang.org/x/text/encoding/unicode/utf32
github.com/HazelnutParadise/insyra/internal/csv
github.com/lann/ps
go/token
go/internal/scannerhooks
go/scanner
go/ast
github.com/lann/builder
github.com/Masterminds/squirrel
github.com/goccy/go-json/internal/errors
github.com/goccy/go-json/internal/runtime
github.com/goccy/go-json/internal/decoder
github.com/goccy/go-json/internal/encoder
github.com/goccy/go-json/internal/encoder/vm_color_indent
github.com/goccy/go-json/internal/encoder/vm_color
github.com/goccy/go-json/internal/encoder/vm_indent
github.com/goccy/go-json/internal/encoder/vm
github.com/goccy/go-json
github.com/saintfish/chardet
compress/flate
hash/crc32
archive/zip
container/list
crypto/aes
crypto/md5
crypto/internal/randutil
crypto/internal/rand
crypto/rand
crypto/sha1
crypto/sha512
encoding/xml
github.com/richardlehane/msoleps/types
github.com/richardlehane/mscfb
github.com/tiendc/go-deepcopy
github.com/xuri/efp
github.com/xuri/nfp
golang.org/x/crypto/md4
golang.org/x/crypto/ripemd160
golang.org/x/net/html/atom
golang.org/x/net/html
golang.org/x/text/internal/tag
golang.org/x/text/internal/language
golang.org/x/text/internal/language/compact
golang.org/x/text/language
golang.org/x/text/encoding/htmlindex
mime
golang.org/x/net/html/charset
golang.org/x/text/internal
golang.org/x/text/unicode/norm
golang.org/x/text/cases
golang.org/x/text/internal/catmsg
golang.org/x/text/internal/stringset
golang.org/x/text/internal/number
golang.org/x/text/message/catalog
golang.org/x/text/feature/plural
golang.org/x/text/internal/format
golang.org/x/text/message
golang.org/x/text/width
math/cmplx
weak
unique
net/netip
net/url
github.com/xuri/excelize/v2
github.com/jinzhu/now
gorm.io/gorm/utils
gorm.io/gorm/clause
gorm.io/gorm/internal/lru
gorm.io/gorm/internal/stmt_store
gorm.io/gorm/logger
internal/saferio
encoding/gob
github.com/jinzhu/inflection
gorm.io/gorm/schema
hash/maphash
gorm.io/gorm
github.com/HazelnutParadise/insyra
github.com/HazelnutParadise/insyra/accel/internal/wgpu
github.com/cespare/xxhash/v2
github.com/HazelnutParadise/insyra/accel
hash/fnv
google.golang.org/protobuf/internal/detrand
google.golang.org/protobuf/internal/errors
google.golang.org/protobuf/encoding/protowire
github.com/HazelnutParadise/insyra/nn
container/heap
github.com/TimLai666/coimnet/internal/strictjson
github.com/TimLai666/coimnet/signal
github.com/TimLai666/coimnet/modulation
github.com/TimLai666/coimnet/plasticity
github.com/TimLai666/coimnet/learning
github.com/TimLai666/coimnet/replay
github.com/TimLai666/coimnet/checkpoint
github.com/TimLai666/coimnet/experiment/gridnav
github.com/TimLai666/coimnet/experiment/nav2d
github.com/TimLai666/coimnet/internal/delayedfixture
github.com/TimLai666/coimnet/learning/rl
github.com/TimLai666/coimnet/experiment
github.com/TimLai666/coimnet/config
github.com/apache/arrow/go/v17/arrow/internal/debug
github.com/google/flatbuffers/go
github.com/apache/arrow/go/v17/arrow/internal/flatbuf
github.com/apache/arrow/go/v17/arrow/endian
golang.org/x/sys/cpu
github.com/apache/arrow/go/v17/arrow/memory
github.com/apache/arrow/go/v17/arrow/bitutil
github.com/apache/arrow/go/v17/arrow/decimal128
github.com/apache/arrow/go/v17/arrow/decimal256
github.com/apache/arrow/go/v17/arrow/float16
github.com/apache/arrow/go/v17/internal/json
golang.org/x/exp/constraints
golang.org/x/xerrors/internal
golang.org/x/xerrors
github.com/apache/arrow/go/v17/arrow
github.com/apache/arrow/go/v17/arrow/encoded
github.com/apache/arrow/go/v17/internal/utils
github.com/apache/arrow/go/v17/internal/bitutils
github.com/zeebo/xxh3
github.com/apache/arrow/go/v17/internal/hashing
github.com/apache/arrow/go/v17/arrow/array
github.com/apache/arrow/go/v17/arrow/arrio
github.com/apache/arrow/go/v17/arrow/internal
github.com/apache/arrow/go/v17/arrow/internal/dictutils
github.com/klauspost/compress
github.com/klauspost/compress/fse
github.com/klauspost/compress/internal/le
github.com/klauspost/compress/huff0
github.com/klauspost/compress/internal/snapref
github.com/klauspost/compress/zstd/internal/xxhash
github.com/klauspost/compress/zstd
github.com/pierrec/lz4/v4/internal/lz4errors
github.com/pierrec/lz4/v4/internal/lz4block
github.com/pierrec/lz4/v4/internal/xxh32
github.com/pierrec/lz4/v4/internal/lz4stream
github.com/pierrec/lz4/v4
github.com/apache/arrow/go/v17/arrow/ipc
github.com/TimLai666/coimnet/feather
github.com/TimLai666/coimnet/internal/extsort
github.com/TimLai666/coimnet/connectome
compress/gzip
crypto/des
crypto/internal/fips140/nistec/fiat
crypto/internal/fips140/nistec
crypto/internal/fips140/ecdh
crypto/internal/fips140/edwards25519/field
crypto/ecdh
crypto/elliptic
crypto/internal/boring/bbig
crypto/internal/fips140/bigmod
crypto/internal/fips140/ecdsa
crypto/internal/fips140cache
crypto/sha3
crypto/internal/fips140hash
encoding/asn1
vendor/golang.org/x/crypto/cryptobyte/asn1
vendor/golang.org/x/crypto/cryptobyte
crypto/ecdsa
crypto/internal/fips140/edwards25519
crypto/internal/fips140/ed25519
crypto/ed25519
crypto/internal/fips140/hkdf
crypto/hkdf
crypto/hmac
crypto/internal/fips140/mlkem
crypto/mlkem
vendor/golang.org/x/crypto/internal/alias
vendor/golang.org/x/crypto/chacha20
vendor/golang.org/x/crypto/internal/poly1305
vendor/golang.org/x/crypto/chacha20poly1305
crypto/hpke
crypto/internal/fips140/tls12
crypto/internal/fips140/tls13
crypto/rc4
crypto/internal/fips140/rsa
crypto/rsa
crypto/tls/internal/fips140tls
crypto/dsa
crypto/x509/internal/macos
crypto/x509/pkix
encoding/pem
vendor/golang.org/x/net/dns/dnsmessage
internal/nettrace
internal/routebsd
internal/singleflight
net
crypto/x509
crypto/tls
vendor/golang.org/x/text/transform
vendor/golang.org/x/text/unicode/bidi
vendor/golang.org/x/text/secure/bidirule
vendor/golang.org/x/text/unicode/norm
vendor/golang.org/x/net/idna
net/textproto
vendor/golang.org/x/net/http/httpguts
vendor/golang.org/x/net/http/httpproxy
vendor/golang.org/x/net/http2/hpack
mime/quotedprintable
mime/multipart
net/http/httptrace
net/http/internal
net/http/internal/ascii
net/http/internal/httpcommon
net/http
github.com/TimLai666/coimnet/download
github.com/TimLai666/coimnet/params
github.com/TimLai666/coimnet/resources
github.com/TimLai666/coimnet/simulate
github.com/TimLai666/coimnet/experiment/fullgraph
github.com/TimLai666/coimnet/multimodal
github.com/TimLai666/coimnet/multimodal/synthetic
github.com/TimLai666/coimnet/experiment/multimodaleval
github.com/TimLai666/coimnet/tasks/asr/audio
github.com/TimLai666/coimnet/tasks/ocr/ctc
github.com/TimLai666/coimnet/tasks/ocr/glyphs
github.com/TimLai666/coimnet/tasks/ocr
github.com/TimLai666/coimnet/tasks/asr
github.com/TimLai666/coimnet/teacher/tool
hash/adler32
compress/zlib
image/png
github.com/TimLai666/coimnet/tasks/media
github.com/TimLai666/coimnet/tasks/textgen/tokenizer
github.com/TimLai666/coimnet/teacher
github.com/TimLai666/coimnet/tasks/textgen
github.com/TimLai666/coimnet/internal/cli
os/signal
github.com/TimLai666/coimnet/cmd/coimnet
github.com/TimLai666/coimnet/connectome/flywire
github.com/TimLai666/coimnet/distill
github.com/TimLai666/coimnet/examples/lifthreshold
github.com/TimLai666/coimnet/examples/multichannel
github.com/TimLai666/coimnet/examples/realasr
embed
github.com/TimLai666/coimnet/tasks/media/realdata
github.com/TimLai666/coimnet/examples/realmedia
github.com/TimLai666/coimnet/tasks/nav2d/trajectory
github.com/TimLai666/coimnet/examples/realnav
github.com/TimLai666/coimnet/examples/realnavmemory
github.com/TimLai666/coimnet/examples/realocr
github.com/TimLai666/coimnet/examples/realsubgraph
github.com/TimLai666/coimnet/examples/realtext
github.com/TimLai666/coimnet/experiment/studenteval
github.com/TimLai666/coimnet/internal/redact
github.com/TimLai666/coimnet/internal/sparse
