=== RUN   TestNoTelemetry
--- PASS: TestNoTelemetry (23.16s)
=== RUN   TestNoTelemetryProjectTempBoundary
=== RUN   TestNoTelemetryProjectTempBoundary/project-temp
=== RUN   TestNoTelemetryProjectTempBoundary/production-source
=== RUN   TestNoTelemetryProjectTempBoundary/nested-temp-name
=== RUN   TestNoTelemetryProjectTempBoundary/run-outside-temp
=== RUN   TestNoTelemetryProjectTempBoundary/temp-name-file
=== RUN   TestNoTelemetryProjectTempBoundary/test-source
=== RUN   TestNoTelemetryProjectTempBoundary/git-internals
--- PASS: TestNoTelemetryProjectTempBoundary (7.81s)
    --- PASS: TestNoTelemetryProjectTempBoundary/project-temp (0.75s)
    --- PASS: TestNoTelemetryProjectTempBoundary/production-source (0.93s)
    --- PASS: TestNoTelemetryProjectTempBoundary/nested-temp-name (2.67s)
    --- PASS: TestNoTelemetryProjectTempBoundary/run-outside-temp (1.06s)
    --- PASS: TestNoTelemetryProjectTempBoundary/temp-name-file (0.87s)
    --- PASS: TestNoTelemetryProjectTempBoundary/test-source (0.88s)
    --- PASS: TestNoTelemetryProjectTempBoundary/git-internals (0.64s)
=== RUN   TestNoTelemetrySourceErrorsRemainVisible
--- PASS: TestNoTelemetrySourceErrorsRemainVisible (0.59s)
=== RUN   TestFormatIndex
    format_index_test.go:78: format inventory unique versions=124
    format_index_test.go:83: format inventory categories: formal=87 rules=10 tools=14 test=13 unclassified=0
--- PASS: TestFormatIndex (81.75s)
=== RUN   TestFormatIndexControls
=== RUN   TestFormatIndexControls/missing
=== RUN   TestFormatIndexControls/duplicate
=== RUN   TestFormatIndexControls/stale
=== RUN   TestFormatIndexControls/wrong_source
=== RUN   TestFormatIndexControls/wrong_line
=== RUN   TestFormatIndexControls/known_counterexample_as_formal
=== RUN   TestFormatIndexControls/known_report_as_test
=== RUN   TestFormatIndexControls/outside_category
=== RUN   TestFormatIndexControls/malformed_extra_row
=== RUN   TestFormatIndexControls/empty
--- PASS: TestFormatIndexControls (47.16s)
    --- PASS: TestFormatIndexControls/missing (2.80s)
    --- PASS: TestFormatIndexControls/duplicate (2.26s)
    --- PASS: TestFormatIndexControls/stale (3.83s)
    --- PASS: TestFormatIndexControls/wrong_source (2.71s)
    --- PASS: TestFormatIndexControls/wrong_line (4.20s)
    --- PASS: TestFormatIndexControls/known_counterexample_as_formal (15.52s)
    --- PASS: TestFormatIndexControls/known_report_as_test (4.67s)
    --- PASS: TestFormatIndexControls/outside_category (4.25s)
    --- PASS: TestFormatIndexControls/malformed_extra_row (2.99s)
    --- PASS: TestFormatIndexControls/empty (3.94s)
=== RUN   TestFormatIndexGoLiteralsAndScopes
--- PASS: TestFormatIndexGoLiteralsAndScopes (2.43s)
=== RUN   TestFormatIndexNoGitAndReadErrors
=== RUN   TestFormatIndexNoGitAndReadErrors/parse
=== RUN   TestFormatIndexNoGitAndReadErrors/index_read
=== RUN   TestFormatIndexNoGitAndReadErrors/JSON_read
--- PASS: TestFormatIndexNoGitAndReadErrors (3.28s)
    --- PASS: TestFormatIndexNoGitAndReadErrors/parse (0.50s)
    --- PASS: TestFormatIndexNoGitAndReadErrors/index_read (0.30s)
    --- PASS: TestFormatIndexNoGitAndReadErrors/JSON_read (0.20s)
=== RUN   TestGovernanceRequirementIDsMatchHandoff
--- PASS: TestGovernanceRequirementIDsMatchHandoff (0.15s)
=== RUN   TestGovernanceStatusValuesAreDeclared
--- PASS: TestGovernanceStatusValuesAreDeclared (0.02s)
=== RUN   TestGovernancePassedRequirementsHaveEvidence
--- PASS: TestGovernancePassedRequirementsHaveEvidence (6.17s)
=== RUN   TestGovernanceTicketsHaveDatedRootDecisions
    governance_test.go:301: no Root 決策 section: 01-environment.md
    governance_test.go:301: no Root 決策 section: 02-sparse.md
    governance_test.go:301: no Root 決策 section: 03-signals.md
    governance_test.go:301: no Root 決策 section: 04-continuous-training.md
    governance_test.go:301: no Root 決策 section: 05-resume.md
    governance_test.go:301: no Root 決策 section: 06-source-download.md
    governance_test.go:301: no Root 決策 section: 07-feather-reader.md
    governance_test.go:301: no Root 決策 section: 10-real-subgraph-example.md
    governance_test.go:301: no Root 決策 section: 34-real-trajectory-stimulus-memory-proposal.md
    governance_test.go:301: no Root 決策 section: 35-frozen-stimulus-history-counterfactual.md
    governance_test.go:301: no Root 決策 section: 36-synthetic-goal-cue-audit.md
    governance_test.go:301: no Root 決策 section: 42-distribution-ctc-numerical-correctness.md
    governance_test.go:301: no Root 決策 section: 43-stateful-continuous-ppo.md
    governance_test.go:301: no Root 決策 section: 44-doctor-gpu-capabilities.md
--- PASS: TestGovernanceTicketsHaveDatedRootDecisions (2.55s)
PASS
ok  	github.com/TimLai666/coimnet	187.157s
