=== RUN   TestNoTelemetry
--- PASS: TestNoTelemetry (11.65s)
=== RUN   TestNoTelemetryProjectTempBoundary
=== RUN   TestNoTelemetryProjectTempBoundary/project-temp
=== RUN   TestNoTelemetryProjectTempBoundary/production-source
=== RUN   TestNoTelemetryProjectTempBoundary/nested-temp-name
=== RUN   TestNoTelemetryProjectTempBoundary/run-outside-temp
=== RUN   TestNoTelemetryProjectTempBoundary/temp-name-file
=== RUN   TestNoTelemetryProjectTempBoundary/test-source
=== RUN   TestNoTelemetryProjectTempBoundary/git-internals
--- PASS: TestNoTelemetryProjectTempBoundary (4.84s)
    --- PASS: TestNoTelemetryProjectTempBoundary/project-temp (0.59s)
    --- PASS: TestNoTelemetryProjectTempBoundary/production-source (0.55s)
    --- PASS: TestNoTelemetryProjectTempBoundary/nested-temp-name (0.87s)
    --- PASS: TestNoTelemetryProjectTempBoundary/run-outside-temp (0.55s)
    --- PASS: TestNoTelemetryProjectTempBoundary/temp-name-file (0.67s)
    --- PASS: TestNoTelemetryProjectTempBoundary/test-source (0.65s)
    --- PASS: TestNoTelemetryProjectTempBoundary/git-internals (0.95s)
=== RUN   TestNoTelemetrySourceErrorsRemainVisible
--- PASS: TestNoTelemetrySourceErrorsRemainVisible (0.31s)
=== RUN   TestFormatIndex
    format_index_test.go:78: format inventory unique versions=124
    format_index_test.go:83: format inventory categories: formal=87 rules=10 tools=14 test=13 unclassified=0
    format_index_test.go:85: inventory unique versions=124: format index validation failed:
        source for "coimnet-real-task-evidence/v1" at INDEX line 210 was not discovered at privacy_test.go:196
--- FAIL: TestFormatIndex (68.10s)
=== RUN   TestFormatIndexControls
=== RUN   TestFormatIndexControls/missing
=== RUN   TestFormatIndexControls/duplicate
=== RUN   TestFormatIndexControls/stale
=== RUN   TestFormatIndexControls/wrong_source
=== RUN   TestFormatIndexControls/wrong_line
=== RUN   TestFormatIndexControls/known_counterexample_as_formal
=== RUN   TestFormatIndexControls/known_report_as_test
=== RUN   TestFormatIndexControls/outside_category
=== RUN   TestFormatIndexControls/malformed_extra_row
=== RUN   TestFormatIndexControls/empty
--- PASS: TestFormatIndexControls (34.80s)
    --- PASS: TestFormatIndexControls/missing (13.15s)
    --- PASS: TestFormatIndexControls/duplicate (2.45s)
    --- PASS: TestFormatIndexControls/stale (3.02s)
    --- PASS: TestFormatIndexControls/wrong_source (2.12s)
    --- PASS: TestFormatIndexControls/wrong_line (2.03s)
    --- PASS: TestFormatIndexControls/known_counterexample_as_formal (2.21s)
    --- PASS: TestFormatIndexControls/known_report_as_test (1.99s)
    --- PASS: TestFormatIndexControls/outside_category (2.16s)
    --- PASS: TestFormatIndexControls/malformed_extra_row (2.00s)
    --- PASS: TestFormatIndexControls/empty (3.67s)
=== RUN   TestFormatIndexGoLiteralsAndScopes
--- PASS: TestFormatIndexGoLiteralsAndScopes (3.40s)
=== RUN   TestFormatIndexNoGitAndReadErrors
=== RUN   TestFormatIndexNoGitAndReadErrors/parse
=== RUN   TestFormatIndexNoGitAndReadErrors/index_read
=== RUN   TestFormatIndexNoGitAndReadErrors/JSON_read
--- PASS: TestFormatIndexNoGitAndReadErrors (5.22s)
    --- PASS: TestFormatIndexNoGitAndReadErrors/parse (0.50s)
    --- PASS: TestFormatIndexNoGitAndReadErrors/index_read (0.35s)
    --- PASS: TestFormatIndexNoGitAndReadErrors/JSON_read (0.37s)
=== RUN   TestGovernanceRequirementIDsMatchHandoff
--- PASS: TestGovernanceRequirementIDsMatchHandoff (0.15s)
=== RUN   TestGovernanceStatusValuesAreDeclared
--- PASS: TestGovernanceStatusValuesAreDeclared (0.03s)
=== RUN   TestGovernancePassedRequirementsHaveEvidence
--- PASS: TestGovernancePassedRequirementsHaveEvidence (4.61s)
=== RUN   TestGovernanceTicketsHaveDatedRootDecisions
    governance_test.go:301: no Root 決策 section: 01-environment.md
    governance_test.go:301: no Root 決策 section: 02-sparse.md
    governance_test.go:301: no Root 決策 section: 03-signals.md
    governance_test.go:301: no Root 決策 section: 04-continuous-training.md
    governance_test.go:301: no Root 決策 section: 05-resume.md
    governance_test.go:301: no Root 決策 section: 06-source-download.md
    governance_test.go:301: no Root 決策 section: 07-feather-reader.md
    governance_test.go:301: no Root 決策 section: 10-real-subgraph-example.md
    governance_test.go:301: no Root 決策 section: 34-real-trajectory-stimulus-memory-proposal.md
    governance_test.go:301: no Root 決策 section: 35-frozen-stimulus-history-counterfactual.md
    governance_test.go:301: no Root 決策 section: 36-synthetic-goal-cue-audit.md
    governance_test.go:301: no Root 決策 section: 42-distribution-ctc-numerical-correctness.md
    governance_test.go:301: no Root 決策 section: 43-stateful-continuous-ppo.md
    governance_test.go:301: no Root 決策 section: 44-doctor-gpu-capabilities.md
--- PASS: TestGovernanceTicketsHaveDatedRootDecisions (2.10s)
FAIL
FAIL	github.com/TimLai666/coimnet	144.948s
FAIL
