=== RUN   TestBundleModelPackageRoundTrip
    bundle_kinds_test.go:23: publish bundle manifest: publish checkpoint without overwrite: link /Volumes/SSD/Developer/coimnet/runs/.tmp/network-model-20261010/go-tmp/TestBundleModelPackageRoundTrip261014930/001/model/.manifest.json.tmp-1417271478 /Volumes/SSD/Developer/coimnet/runs/.tmp/network-model-20261010/go-tmp/TestBundleModelPackageRoundTrip261014930/001/model/manifest.json: operation not supported
--- FAIL: TestBundleModelPackageRoundTrip (1.00s)
=== RUN   TestBundleIndividualRoundTrip
=== RUN   TestBundleIndividualRoundTrip/continuous
    bundle_kinds_test.go:56: publish bundle manifest: publish checkpoint without overwrite: link /Volumes/SSD/Developer/coimnet/runs/.tmp/network-model-20261010/go-tmp/TestBundleIndividualRoundTripcontinuous261422999/001/individual/.manifest.json.tmp-3600489470 /Volumes/SSD/Developer/coimnet/runs/.tmp/network-model-20261010/go-tmp/TestBundleIndividualRoundTripcontinuous261422999/001/individual/manifest.json: operation not supported
=== RUN   TestBundleIndividualRoundTrip/LIF
    bundle_kinds_test.go:56: publish bundle manifest: publish checkpoint without overwrite: link /Volumes/SSD/Developer/coimnet/runs/.tmp/network-model-20261010/go-tmp/TestBundleIndividualRoundTripLIF152057928/001/individual/.manifest.json.tmp-28338209 /Volumes/SSD/Developer/coimnet/runs/.tmp/network-model-20261010/go-tmp/TestBundleIndividualRoundTripLIF152057928/001/individual/manifest.json: operation not supported
=== RUN   TestBundleIndividualRoundTrip/plasticity
    bundle_kinds_test.go:56: publish bundle manifest: publish checkpoint without overwrite: link /Volumes/SSD/Developer/coimnet/runs/.tmp/network-model-20261010/go-tmp/TestBundleIndividualRoundTripplasticity384123137/001/individual/.manifest.json.tmp-635090601 /Volumes/SSD/Developer/coimnet/runs/.tmp/network-model-20261010/go-tmp/TestBundleIndividualRoundTripplasticity384123137/001/individual/manifest.json: operation not supported
=== RUN   TestBundleIndividualRoundTrip/chemistry
    bundle_kinds_test.go:56: publish bundle manifest: publish checkpoint without overwrite: link /Volumes/SSD/Developer/coimnet/runs/.tmp/network-model-20261010/go-tmp/TestBundleIndividualRoundTripchemistry2935364187/001/individual/.manifest.json.tmp-3210988987 /Volumes/SSD/Developer/coimnet/runs/.tmp/network-model-20261010/go-tmp/TestBundleIndividualRoundTripchemistry2935364187/001/individual/manifest.json: operation not supported
=== RUN   TestBundleIndividualRoundTrip/receptor_zero_gates_hebbian_rate
    bundle_kinds_test.go:96: publish bundle manifest: publish checkpoint without overwrite: link /Volumes/SSD/Developer/coimnet/runs/.tmp/network-model-20261010/go-tmp/TestBundleIndividualRoundTripreceptor_zero_gates_hebbian_rate3706860760/001/individual/.manifest.json.tmp-1570703995 /Volumes/SSD/Developer/coimnet/runs/.tmp/network-model-20261010/go-tmp/TestBundleIndividualRoundTripreceptor_zero_gates_hebbian_rate3706860760/001/individual/manifest.json: operation not supported
--- FAIL: TestBundleIndividualRoundTrip (13.26s)
    --- FAIL: TestBundleIndividualRoundTrip/continuous (1.00s)
    --- FAIL: TestBundleIndividualRoundTrip/LIF (8.38s)
    --- FAIL: TestBundleIndividualRoundTrip/plasticity (1.15s)
    --- FAIL: TestBundleIndividualRoundTrip/chemistry (1.73s)
    --- FAIL: TestBundleIndividualRoundTrip/receptor_zero_gates_hebbian_rate (1.00s)
=== RUN   TestBundleTrainingRoundTrip
    bundle_kinds_test.go:141: publish bundle manifest: publish checkpoint without overwrite: link /Volumes/SSD/Developer/coimnet/runs/.tmp/network-model-20261010/go-tmp/TestBundleTrainingRoundTrip3279323626/001/training/.manifest.json.tmp-2338064334 /Volumes/SSD/Developer/coimnet/runs/.tmp/network-model-20261010/go-tmp/TestBundleTrainingRoundTrip3279323626/001/training/manifest.json: operation not supported
--- FAIL: TestBundleTrainingRoundTrip (1.01s)
FAIL
FAIL	github.com/TimLai666/coimnet/checkpoint	21.485s
FAIL
