--- FAIL: TestFormatIndex (74.01s)
    format_index_test.go:78: format inventory unique versions=124
    format_index_test.go:83: format inventory categories: formal=87 rules=10 tools=14 test=13 unclassified=0
    format_index_test.go:85: inventory unique versions=124: format index validation failed:
        source for "coimnet-real-task-evidence/v1" at INDEX line 210 was not discovered at privacy_test.go:196
FAIL
FAIL	github.com/TimLai666/coimnet	329.636s
ok  	github.com/TimLai666/coimnet/backend	1.512s
ok  	github.com/TimLai666/coimnet/backend/webgpu	5.056s
--- FAIL: TestSaveLoadRoundTripAndAliasIsolation (0.66s)
    checkpoint_test.go:63: publish checkpoint without overwrite: link /Volumes/SSD/Developer/coimnet/runs/.tmp/network-model-20261010/go-tmp/TestSaveLoadRoundTripAndAliasIsolation1201213088/001/.episode.json.tmp-3301418381 /Volumes/SSD/Developer/coimnet/runs/.tmp/network-model-20261010/go-tmp/TestSaveLoadRoundTripAndAliasIsolation1201213088/001/episode.json: operation not supported
--- FAIL: TestSaveDoesNotOverwrite (0.45s)
    checkpoint_test.go:92: publish checkpoint without overwrite: link /Volumes/SSD/Developer/coimnet/runs/.tmp/network-model-20261010/go-tmp/TestSaveDoesNotOverwrite1768999446/001/.episode.json.tmp-503206953 /Volumes/SSD/Developer/coimnet/runs/.tmp/network-model-20261010/go-tmp/TestSaveDoesNotOverwrite1768999446/001/episode.json: operation not supported
--- FAIL: TestConcurrentSavesHaveOneWinner (0.56s)
    checkpoint_test.go:134: concurrent saves had 0 successful publishers, want 1
--- FAIL: TestCanceledAfterPublicationLeavesLoadableCheckpoint (0.67s)
    checkpoint_test.go:266: Save error = publish checkpoint without overwrite: link /Volumes/SSD/Developer/coimnet/runs/.tmp/network-model-20261010/go-tmp/TestCanceledAfterPublicationLeavesLoadableCheckpoint1760949016/001/.published.json.tmp-3444806129 /Volumes/SSD/Developer/coimnet/runs/.tmp/network-model-20261010/go-tmp/TestCanceledAfterPublicationLeavesLoadableCheckpoint1760949016/001/published.json: operation not supported, want context.Canceled
--- FAIL: TestLoadChecksContextAfterValidation (0.84s)
    checkpoint_test.go:280: publish checkpoint without overwrite: link /Volumes/SSD/Developer/coimnet/runs/.tmp/network-model-20261010/go-tmp/TestLoadChecksContextAfterValidation1105606463/001/.valid.json.tmp-2950463272 /Volumes/SSD/Developer/coimnet/runs/.tmp/network-model-20261010/go-tmp/TestLoadChecksContextAfterValidation1105606463/001/valid.json: operation not supported
--- FAIL: TestSubprocessResumeMatchesUninterruptedTraining (0.66s)
    checkpoint_test.go:311: publish checkpoint without overwrite: link /Volumes/SSD/Developer/coimnet/runs/.tmp/network-model-20261010/go-tmp/TestSubprocessResumeMatchesUninterruptedTraining3620634564/001/.midpoint.json.tmp-2999495514 /Volumes/SSD/Developer/coimnet/runs/.tmp/network-model-20261010/go-tmp/TestSubprocessResumeMatchesUninterruptedTraining3620634564/001/midpoint.json: operation not supported
--- FAIL: TestEpisodeLoadRejectsMissingOrNullRequiredScalars (22.24s)
    --- FAIL: TestEpisodeLoadRejectsMissingOrNullRequiredScalars/missing_data_seed (1.07s)
        episode_required_test.go:107: publish checkpoint without overwrite: link /Volumes/SSD/Developer/coimnet/runs/.tmp/network-model-20261010/go-tmp/TestEpisodeLoadRejectsMissingOrNullRequiredScalarsmissing_data_4231066571/001/.valid.json.tmp-3086919815 /Volumes/SSD/Developer/coimnet/runs/.tmp/network-model-20261010/go-tmp/TestEpisodeLoadRejectsMissingOrNullRequiredScalarsmissing_data_4231066571/001/valid.json: operation not supported
    --- FAIL: TestEpisodeLoadRejectsMissingOrNullRequiredScalars/null_data_seed (1.05s)
        episode_required_test.go:107: publish checkpoint without overwrite: link /Volumes/SSD/Developer/coimnet/runs/.tmp/network-model-20261010/go-tmp/TestEpisodeLoadRejectsMissingOrNullRequiredScalarsnull_data_see1187291557/001/.valid.json.tmp-2976591996 /Volumes/SSD/Developer/coimnet/runs/.tmp/network-model-20261010/go-tmp/TestEpisodeLoadRejectsMissingOrNullRequiredScalarsnull_data_see1187291557/001/valid.json: operation not supported
    --- FAIL: TestEpisodeLoadRejectsMissingOrNullRequiredScalars/missing_next_sample (0.88s)
        episode_required_test.go:107: publish checkpoint without overwrite: link /Volumes/SSD/Developer/coimnet/runs/.tmp/network-model-20261010/go-tmp/TestEpisodeLoadRejectsMissingOrNullRequiredScalarsmissing_next_1898297943/001/.valid.json.tmp-3838186165 /Volumes/SSD/Developer/coimnet/runs/.tmp/network-model-20261010/go-tmp/TestEpisodeLoadRejectsMissingOrNullRequiredScalarsmissing_next_1898297943/001/valid.json: operation not supported
    --- FAIL: TestEpisodeLoadRejectsMissingOrNullRequiredScalars/null_next_sample (0.88s)
        episode_required_test.go:107: publish checkpoint without overwrite: link /Volumes/SSD/Developer/coimnet/runs/.tmp/network-model-20261010/go-tmp/TestEpisodeLoadRejectsMissingOrNullRequiredScalarsnull_next_sam3856835362/001/.valid.json.tmp-2821951388 /Volumes/SSD/Developer/coimnet/runs/.tmp/network-model-20261010/go-tmp/TestEpisodeLoadRejectsMissingOrNullRequiredScalarsnull_next_sam3856835362/001/valid.json: operation not supported
    --- FAIL: TestEpisodeLoadRejectsMissingOrNullRequiredScalars/null_generator (0.65s)
        episode_required_test.go:107: publish checkpoint without overwrite: link /Volumes/SSD/Developer/coimnet/runs/.tmp/network-model-20261010/go-tmp/TestEpisodeLoadRejectsMissingOrNullRequiredScalarsnull_generato980925994/001/.valid.json.tmp-2837266468 /Volumes/SSD/Developer/coimnet/runs/.tmp/network-model-20261010/go-tmp/TestEpisodeLoadRejectsMissingOrNullRequiredScalarsnull_generato980925994/001/valid.json: operation not supported
    --- FAIL: TestEpisodeLoadRejectsMissingOrNullRequiredScalars/missing_training (0.62s)
        episode_required_test.go:107: publish checkpoint without overwrite: link /Volumes/SSD/Developer/coimnet/runs/.tmp/network-model-20261010/go-tmp/TestEpisodeLoadRejectsMissingOrNullRequiredScalarsmissing_train3910170743/001/.valid.json.tmp-3699596537 /Volumes/SSD/Developer/coimnet/runs/.tmp/network-model-20261010/go-tmp/TestEpisodeLoadRejectsMissingOrNullRequiredScalarsmissing_train3910170743/001/valid.json: operation not supported
    --- FAIL: TestEpisodeLoadRejectsMissingOrNullRequiredScalars/null_training (1.09s)
        episode_required_test.go:107: publish checkpoint without overwrite: link /Volumes/SSD/Developer/coimnet/runs/.tmp/network-model-20261010/go-tmp/TestEpisodeLoadRejectsMissingOrNullRequiredScalarsnull_training1941237987/001/.valid.json.tmp-3140198413 /Volumes/SSD/Developer/coimnet/runs/.tmp/network-model-20261010/go-tmp/TestEpisodeLoadRejectsMissingOrNullRequiredScalarsnull_training1941237987/001/valid.json: operation not supported
    --- FAIL: TestEpisodeLoadRejectsMissingOrNullRequiredScalars/missing_training.updates (0.53s)
        episode_required_test.go:107: publish checkpoint without overwrite: link /Volumes/SSD/Developer/coimnet/runs/.tmp/network-model-20261010/go-tmp/TestEpisodeLoadRejectsMissingOrNullRequiredScalarsmissing_train1841390334/001/.valid.json.tmp-1620106216 /Volumes/SSD/Developer/coimnet/runs/.tmp/network-model-20261010/go-tmp/TestEpisodeLoadRejectsMissingOrNullRequiredScalarsmissing_train1841390334/001/valid.json: operation not supported
    --- FAIL: TestEpisodeLoadRejectsMissingOrNullRequiredScalars/null_training.updates (1.36s)
        episode_required_test.go:107: publish checkpoint without overwrite: link /Volumes/SSD/Developer/coimnet/runs/.tmp/network-model-20261010/go-tmp/TestEpisodeLoadRejectsMissingOrNullRequiredScalarsnull_training1843849797/001/.valid.json.tmp-2152326888 /Volumes/SSD/Developer/coimnet/runs/.tmp/network-model-20261010/go-tmp/TestEpisodeLoadRejectsMissingOrNullRequiredScalarsnull_training1843849797/001/valid.json: operation not supported
    --- FAIL: TestEpisodeLoadRejectsMissingOrNullRequiredScalars/missing_options.weight_decay (0.95s)
        episode_required_test.go:107: publish checkpoint without overwrite: link /Volumes/SSD/Developer/coimnet/runs/.tmp/network-model-20261010/go-tmp/TestEpisodeLoadRejectsMissingOrNullRequiredScalarsmissing_optio859127326/001/.valid.json.tmp-3656088983 /Volumes/SSD/Developer/coimnet/runs/.tmp/network-model-20261010/go-tmp/TestEpisodeLoadRejectsMissingOrNullRequiredScalarsmissing_optio859127326/001/valid.json: operation not supported
    --- FAIL: TestEpisodeLoadRejectsMissingOrNullRequiredScalars/null_options.weight_decay (0.54s)
        episode_required_test.go:107: publish checkpoint without overwrite: link /Volumes/SSD/Developer/coimnet/runs/.tmp/network-model-20261010/go-tmp/TestEpisodeLoadRejectsMissingOrNullRequiredScalarsnull_options.921671769/001/.valid.json.tmp-3774505131 /Volumes/SSD/Developer/coimnet/runs/.tmp/network-model-20261010/go-tmp/TestEpisodeLoadRejectsMissingOrNullRequiredScalarsnull_options.921671769/001/valid.json: operation not supported
    --- FAIL: TestEpisodeLoadRejectsMissingOrNullRequiredScalars/null_options.learning_rate (0.65s)
        episode_required_test.go:107: publish checkpoint without overwrite: link /Volumes/SSD/Developer/coimnet/runs/.tmp/network-model-20261010/go-tmp/TestEpisodeLoadRejectsMissingOrNullRequiredScalarsnull_options.731471413/001/.valid.json.tmp-2659221350 /Volumes/SSD/Developer/coimnet/runs/.tmp/network-model-20261010/go-tmp/TestEpisodeLoadRejectsMissingOrNullRequiredScalarsnull_options.731471413/001/valid.json: operation not supported
    --- FAIL: TestEpisodeLoadRejectsMissingOrNullRequiredScalars/missing_options.truncation (0.64s)
        episode_required_test.go:107: publish checkpoint without overwrite: link /Volumes/SSD/Developer/coimnet/runs/.tmp/network-model-20261010/go-tmp/TestEpisodeLoadRejectsMissingOrNullRequiredScalarsmissing_optio3926229702/001/.valid.json.tmp-220563808 /Volumes/SSD/Developer/coimnet/runs/.tmp/network-model-20261010/go-tmp/TestEpisodeLoadRejectsMissingOrNullRequiredScalarsmissing_optio3926229702/001/valid.json: operation not supported
    --- FAIL: TestEpisodeLoadRejectsMissingOrNullRequiredScalars/null_trainable.weights (0.67s)
        episode_required_test.go:107: publish checkpoint without overwrite: link /Volumes/SSD/Developer/coimnet/runs/.tmp/network-model-20261010/go-tmp/TestEpisodeLoadRejectsMissingOrNullRequiredScalarsnull_trainabl1109359699/001/.valid.json.tmp-3769238778 /Volumes/SSD/Developer/coimnet/runs/.tmp/network-model-20261010/go-tmp/TestEpisodeLoadRejectsMissingOrNullRequiredScalarsnull_trainabl1109359699/001/valid.json: operation not supported
    --- FAIL: TestEpisodeLoadRejectsMissingOrNullRequiredScalars/missing_trainable (0.88s)
        episode_required_test.go:107: publish checkpoint without overwrite: link /Volumes/SSD/Developer/coimnet/runs/.tmp/network-model-20261010/go-tmp/TestEpisodeLoadRejectsMissingOrNullRequiredScalarsmissing_train3155691545/001/.valid.json.tmp-4023369711 /Volumes/SSD/Developer/coimnet/runs/.tmp/network-model-20261010/go-tmp/TestEpisodeLoadRejectsMissingOrNullRequiredScalarsmissing_train3155691545/001/valid.json: operation not supported
    --- FAIL: TestEpisodeLoadRejectsMissingOrNullRequiredScalars/missing_config.input_size (0.99s)
        episode_required_test.go:107: publish checkpoint without overwrite: link /Volumes/SSD/Developer/coimnet/runs/.tmp/network-model-20261010/go-tmp/TestEpisodeLoadRejectsMissingOrNullRequiredScalarsmissing_confi391207745/001/.valid.json.tmp-1096557837 /Volumes/SSD/Developer/coimnet/runs/.tmp/network-model-20261010/go-tmp/TestEpisodeLoadRejectsMissingOrNullRequiredScalarsmissing_confi391207745/001/valid.json: operation not supported
    --- FAIL: TestEpisodeLoadRejectsMissingOrNullRequiredScalars/null_config.dynamics.dt (0.93s)
        episode_required_test.go:107: publish checkpoint without overwrite: link /Volumes/SSD/Developer/coimnet/runs/.tmp/network-model-20261010/go-tmp/TestEpisodeLoadRejectsMissingOrNullRequiredScalarsnull_config.d1221704145/001/.valid.json.tmp-1844772580 /Volumes/SSD/Developer/coimnet/runs/.tmp/network-model-20261010/go-tmp/TestEpisodeLoadRejectsMissingOrNullRequiredScalarsnull_config.d1221704145/001/valid.json: operation not supported
    --- FAIL: TestEpisodeLoadRejectsMissingOrNullRequiredScalars/missing_config.dynamics.nodes (1.77s)
        episode_required_test.go:107: publish checkpoint without overwrite: link /Volumes/SSD/Developer/coimnet/runs/.tmp/network-model-20261010/go-tmp/TestEpisodeLoadRejectsMissingOrNullRequiredScalarsmissing_confi1178778386/001/.valid.json.tmp-2316449964 /Volumes/SSD/Developer/coimnet/runs/.tmp/network-model-20261010/go-tmp/TestEpisodeLoadRejectsMissingOrNullRequiredScalarsmissing_confi1178778386/001/valid.json: operation not supported
    --- FAIL: TestEpisodeLoadRejectsMissingOrNullRequiredScalars/null_config.dynamics.activation (1.13s)
        episode_required_test.go:107: publish checkpoint without overwrite: link /Volumes/SSD/Developer/coimnet/runs/.tmp/network-model-20261010/go-tmp/TestEpisodeLoadRejectsMissingOrNullRequiredScalarsnull_config.d3559508451/001/.valid.json.tmp-1159031111 /Volumes/SSD/Developer/coimnet/runs/.tmp/network-model-20261010/go-tmp/TestEpisodeLoadRejectsMissingOrNullRequiredScalarsnull_config.d3559508451/001/valid.json: operation not supported
    --- FAIL: TestEpisodeLoadRejectsMissingOrNullRequiredScalars/missing_parameters (0.76s)
        episode_required_test.go:107: publish checkpoint without overwrite: link /Volumes/SSD/Developer/coimnet/runs/.tmp/network-model-20261010/go-tmp/TestEpisodeLoadRejectsMissingOrNullRequiredScalarsmissing_param3110941782/001/.valid.json.tmp-666683452 /Volumes/SSD/Developer/coimnet/runs/.tmp/network-model-20261010/go-tmp/TestEpisodeLoadRejectsMissingOrNullRequiredScalarsmissing_param3110941782/001/valid.json: operation not supported
    --- FAIL: TestEpisodeLoadRejectsMissingOrNullRequiredScalars/null_parameters.core (0.88s)
        episode_required_test.go:107: publish checkpoint without overwrite: link /Volumes/SSD/Developer/coimnet/runs/.tmp/network-model-20261010/go-tmp/TestEpisodeLoadRejectsMissingOrNullRequiredScalarsnull_paramete2578656945/001/.valid.json.tmp-2636201328 /Volumes/SSD/Developer/coimnet/runs/.tmp/network-model-20261010/go-tmp/TestEpisodeLoadRejectsMissingOrNullRequiredScalarsnull_paramete2578656945/001/valid.json: operation not supported
    --- FAIL: TestEpisodeLoadRejectsMissingOrNullRequiredScalars/missing_optimizer (0.72s)
        episode_required_test.go:107: publish checkpoint without overwrite: link /Volumes/SSD/Developer/coimnet/runs/.tmp/network-model-20261010/go-tmp/TestEpisodeLoadRejectsMissingOrNullRequiredScalarsmissing_optim3533452952/001/.valid.json.tmp-1566518481 /Volumes/SSD/Developer/coimnet/runs/.tmp/network-model-20261010/go-tmp/TestEpisodeLoadRejectsMissingOrNullRequiredScalarsmissing_optim3533452952/001/valid.json: operation not supported
    --- FAIL: TestEpisodeLoadRejectsMissingOrNullRequiredScalars/null_element_in_core.bias (0.68s)
        episode_required_test.go:107: publish checkpoint without overwrite: link /Volumes/SSD/Developer/coimnet/runs/.tmp/network-model-20261010/go-tmp/TestEpisodeLoadRejectsMissingOrNullRequiredScalarsnull_element_1945216395/001/.valid.json.tmp-340206773 /Volumes/SSD/Developer/coimnet/runs/.tmp/network-model-20261010/go-tmp/TestEpisodeLoadRejectsMissingOrNullRequiredScalarsnull_element_1945216395/001/valid.json: operation not supported
    --- FAIL: TestEpisodeLoadRejectsMissingOrNullRequiredScalars/null_element_in_optimizer.steps (0.61s)
        episode_required_test.go:107: publish checkpoint without overwrite: link /Volumes/SSD/Developer/coimnet/runs/.tmp/network-model-20261010/go-tmp/TestEpisodeLoadRejectsMissingOrNullRequiredScalarsnull_element_3625120389/001/.valid.json.tmp-943847744 /Volumes/SSD/Developer/coimnet/runs/.tmp/network-model-20261010/go-tmp/TestEpisodeLoadRejectsMissingOrNullRequiredScalarsnull_element_3625120389/001/valid.json: operation not supported
    --- FAIL: TestEpisodeLoadRejectsMissingOrNullRequiredScalars/null_element_in_readout_nodes (0.62s)
        episode_required_test.go:107: publish checkpoint without overwrite: link /Volumes/SSD/Developer/coimnet/runs/.tmp/network-model-20261010/go-tmp/TestEpisodeLoadRejectsMissingOrNullRequiredScalarsnull_element_3217985329/001/.valid.json.tmp-52331782 /Volumes/SSD/Developer/coimnet/runs/.tmp/network-model-20261010/go-tmp/TestEpisodeLoadRejectsMissingOrNullRequiredScalarsnull_element_3217985329/001/valid.json: operation not supported
    --- FAIL: TestEpisodeLoadRejectsMissingOrNullRequiredScalars/missing_training.schema_version (0.68s)
        episode_required_test.go:107: publish checkpoint without overwrite: link /Volumes/SSD/Developer/coimnet/runs/.tmp/network-model-20261010/go-tmp/TestEpisodeLoadRejectsMissingOrNullRequiredScalarsmissing_train4150170936/001/.valid.json.tmp-3029652929 /Volumes/SSD/Developer/coimnet/runs/.tmp/network-model-20261010/go-tmp/TestEpisodeLoadRejectsMissingOrNullRequiredScalarsmissing_train4150170936/001/valid.json: operation not supported
--- FAIL: TestEpisodeLoadKeepsLegalZeroValuesNullableArraysAndOmittedOptionalFields (0.67s)
    episode_required_test.go:122: publish checkpoint without overwrite: link /Volumes/SSD/Developer/coimnet/runs/.tmp/network-model-20261010/go-tmp/TestEpisodeLoadKeepsLegalZeroValuesNullableArraysAndOmittedOptio71867499/001/.valid.json.tmp-1930016399 /Volumes/SSD/Developer/coimnet/runs/.tmp/network-model-20261010/go-tmp/TestEpisodeLoadKeepsLegalZeroValuesNullableArraysAndOmittedOptio71867499/001/valid.json: operation not supported
--- FAIL: TestSaveLoadIndividualRoundTripAndAliasIsolation (0.54s)
    individual_test.go:40: publish checkpoint without overwrite: link /Volumes/SSD/Developer/coimnet/runs/.tmp/network-model-20261010/go-tmp/TestSaveLoadIndividualRoundTripAndAliasIsolation2048991352/001/.individual.json.tmp-2062472635 /Volumes/SSD/Developer/coimnet/runs/.tmp/network-model-20261010/go-tmp/TestSaveLoadIndividualRoundTripAndAliasIsolation2048991352/001/individual.json: operation not supported
--- FAIL: TestSaveLoadIndividualSupportsZeroEdgeModel (0.40s)
    individual_test.go:71: publish checkpoint without overwrite: link /Volumes/SSD/Developer/coimnet/runs/.tmp/network-model-20261010/go-tmp/TestSaveLoadIndividualSupportsZeroEdgeModel612746643/001/.zero-edge.json.tmp-3966673209 /Volumes/SSD/Developer/coimnet/runs/.tmp/network-model-20261010/go-tmp/TestSaveLoadIndividualSupportsZeroEdgeModel612746643/001/zero-edge.json: operation not supported
--- FAIL: TestSaveIndividualCancellationNoOverwriteAndConcurrentWinner (0.53s)
    individual_test.go:193: publish checkpoint without overwrite: link /Volumes/SSD/Developer/coimnet/runs/.tmp/network-model-20261010/go-tmp/TestSaveIndividualCancellationNoOverwriteAndConcurrentWinner3255864213/001/.winner.json.tmp-508885494 /Volumes/SSD/Developer/coimnet/runs/.tmp/network-model-20261010/go-tmp/TestSaveIndividualCancellationNoOverwriteAndConcurrentWinner3255864213/001/winner.json: operation not supported
--- FAIL: TestIndividualCheckpointSubprocessResume (0.40s)
    individual_test.go:259: publish checkpoint without overwrite: link /Volumes/SSD/Developer/coimnet/runs/.tmp/network-model-20261010/go-tmp/TestIndividualCheckpointSubprocessResume3463317727/001/.mid.json.tmp-2942237783 /Volumes/SSD/Developer/coimnet/runs/.tmp/network-model-20261010/go-tmp/TestIndividualCheckpointSubprocessResume3463317727/001/mid.json: operation not supported
--- FAIL: TestSaveLoadLIFIndividualRoundTrip (0.43s)
    individual_test.go:397: publish checkpoint without overwrite: link /Volumes/SSD/Developer/coimnet/runs/.tmp/network-model-20261010/go-tmp/TestSaveLoadLIFIndividualRoundTrip618735192/001/.lif-individual.json.tmp-1715451238 /Volumes/SSD/Developer/coimnet/runs/.tmp/network-model-20261010/go-tmp/TestSaveLoadLIFIndividualRoundTrip618735192/001/lif-individual.json: operation not supported
--- FAIL: TestLoadIndividualReadsPreUnionContinuousCheckpoint (0.47s)
    individual_test.go:467: publish checkpoint without overwrite: link /Volumes/SSD/Developer/coimnet/runs/.tmp/network-model-20261010/go-tmp/TestLoadIndividualReadsPreUnionContinuousCheckpoint2209098343/001/.upgraded.json.tmp-3122812018 /Volumes/SSD/Developer/coimnet/runs/.tmp/network-model-20261010/go-tmp/TestLoadIndividualReadsPreUnionContinuousCheckpoint2209098343/001/upgraded.json: operation not supported
--- FAIL: TestLIFIndividualCheckpointSubprocessResume (0.49s)
    individual_test.go:670: publish checkpoint without overwrite: link /Volumes/SSD/Developer/coimnet/runs/.tmp/network-model-20261010/go-tmp/TestLIFIndividualCheckpointSubprocessResume3955224835/001/.mid.json.tmp-2455473556 /Volumes/SSD/Developer/coimnet/runs/.tmp/network-model-20261010/go-tmp/TestLIFIndividualCheckpointSubprocessResume3955224835/001/mid.json: operation not supported
--- FAIL: TestSaveLoadIndividualCarriesThePlasticPart (0.37s)
    individual_test.go:785: publish checkpoint without overwrite: link /Volumes/SSD/Developer/coimnet/runs/.tmp/network-model-20261010/go-tmp/TestSaveLoadIndividualCarriesThePlasticPart4256818089/001/.payload.json.tmp-3105998291 /Volumes/SSD/Developer/coimnet/runs/.tmp/network-model-20261010/go-tmp/TestSaveLoadIndividualCarriesThePlasticPart4256818089/001/payload.json: operation not supported
--- FAIL: TestSaveLoadIndividualCarriesConsolidationSlowAndEpisodes (0.89s)
    individual_test.go:888: publish checkpoint without overwrite: link /Volumes/SSD/Developer/coimnet/runs/.tmp/network-model-20261010/go-tmp/TestSaveLoadIndividualCarriesConsolidationSlowAndEpisodes228881463/001/.payload.json.tmp-1396292936 /Volumes/SSD/Developer/coimnet/runs/.tmp/network-model-20261010/go-tmp/TestSaveLoadIndividualCarriesConsolidationSlowAndEpisodes228881463/001/payload.json: operation not supported
--- FAIL: TestLoadIndividualRejectsMalformedPlasticParts (1.84s)
    individual_test.go:944: publish checkpoint without overwrite: link /Volumes/SSD/Developer/coimnet/runs/.tmp/network-model-20261010/go-tmp/TestLoadIndividualRejectsMalformedPlasticParts1707891597/001/.payload.json.tmp-3780618867 /Volumes/SSD/Developer/coimnet/runs/.tmp/network-model-20261010/go-tmp/TestLoadIndividualRejectsMalformedPlasticParts1707891597/001/payload.json: operation not supported
--- FAIL: TestSaveLoadIndividualCarriesTheAccumulatorPart (1.26s)
    individual_test.go:1017: publish checkpoint without overwrite: link /Volumes/SSD/Developer/coimnet/runs/.tmp/network-model-20261010/go-tmp/TestSaveLoadIndividualCarriesTheAccumulatorPart3024081752/001/.payload.json.tmp-1182187116 /Volumes/SSD/Developer/coimnet/runs/.tmp/network-model-20261010/go-tmp/TestSaveLoadIndividualCarriesTheAccumulatorPart3024081752/001/payload.json: operation not supported
--- FAIL: TestLoadIndividualReadsAnAbsentAccumulatorAsNoWindow (0.77s)
    individual_test.go:1062: publish checkpoint without overwrite: link /Volumes/SSD/Developer/coimnet/runs/.tmp/network-model-20261010/go-tmp/TestLoadIndividualReadsAnAbsentAccumulatorAsNoWindow719008278/001/.payload.json.tmp-237014850 /Volumes/SSD/Developer/coimnet/runs/.tmp/network-model-20261010/go-tmp/TestLoadIndividualReadsAnAbsentAccumulatorAsNoWindow719008278/001/payload.json: operation not supported
--- FAIL: TestLoadIndividualRejectsMalformedAccumulatorParts (0.65s)
    individual_test.go:1085: publish checkpoint without overwrite: link /Volumes/SSD/Developer/coimnet/runs/.tmp/network-model-20261010/go-tmp/TestLoadIndividualRejectsMalformedAccumulatorParts1388194466/001/.payload.json.tmp-395366472 /Volumes/SSD/Developer/coimnet/runs/.tmp/network-model-20261010/go-tmp/TestLoadIndividualRejectsMalformedAccumulatorParts1388194466/001/payload.json: operation not supported
--- FAIL: TestSaveLoadIndividualCarriesTheChemicalPart (0.55s)
    individual_test.go:1196: publish checkpoint without overwrite: link /Volumes/SSD/Developer/coimnet/runs/.tmp/network-model-20261010/go-tmp/TestSaveLoadIndividualCarriesTheChemicalPart1134814319/001/.payload.json.tmp-3217806805 /Volumes/SSD/Developer/coimnet/runs/.tmp/network-model-20261010/go-tmp/TestSaveLoadIndividualCarriesTheChemicalPart1134814319/001/payload.json: operation not supported
--- FAIL: TestLoadIndividualRejectsMalformedChemicalParts (0.50s)
    individual_test.go:1248: publish checkpoint without overwrite: link /Volumes/SSD/Developer/coimnet/runs/.tmp/network-model-20261010/go-tmp/TestLoadIndividualRejectsMalformedChemicalParts894976497/001/.payload.json.tmp-3955736570 /Volumes/SSD/Developer/coimnet/runs/.tmp/network-model-20261010/go-tmp/TestLoadIndividualRejectsMalformedChemicalParts894976497/001/payload.json: operation not supported
--- FAIL: TestLoadIndividualReadsAnAbsentChemicalPartAsDisabled (0.55s)
    individual_test.go:1309: publish checkpoint without overwrite: link /Volumes/SSD/Developer/coimnet/runs/.tmp/network-model-20261010/go-tmp/TestLoadIndividualReadsAnAbsentChemicalPartAsDisabled3327991810/001/.payload.json.tmp-1893573549 /Volumes/SSD/Developer/coimnet/runs/.tmp/network-model-20261010/go-tmp/TestLoadIndividualReadsAnAbsentChemicalPartAsDisabled3327991810/001/payload.json: operation not supported
--- FAIL: TestSaveLoadMixedIndividualRoundTrip (0.37s)
    individual_test.go:1362: publish checkpoint without overwrite: link /Volumes/SSD/Developer/coimnet/runs/.tmp/network-model-20261010/go-tmp/TestSaveLoadMixedIndividualRoundTrip1692909987/001/.mixed-individual.json.tmp-3816223404 /Volumes/SSD/Developer/coimnet/runs/.tmp/network-model-20261010/go-tmp/TestSaveLoadMixedIndividualRoundTrip1692909987/001/mixed-individual.json: operation not supported
--- FAIL: TestLIFEpisodeCheckpointRoundTrip (0.36s)
    lif_snapshot_test.go:64: publish checkpoint without overwrite: link /Volumes/SSD/Developer/coimnet/runs/.tmp/network-model-20261010/go-tmp/TestLIFEpisodeCheckpointRoundTrip3600836648/001/.lif-round-trip.json.tmp-2467514893 /Volumes/SSD/Developer/coimnet/runs/.tmp/network-model-20261010/go-tmp/TestLIFEpisodeCheckpointRoundTrip3600836648/001/lif-round-trip.json: operation not supported
--- FAIL: TestLIFCheckpointRejectsNullThetaRaw (0.47s)
    lif_snapshot_test.go:110: publish checkpoint without overwrite: link /Volumes/SSD/Developer/coimnet/runs/.tmp/network-model-20261010/go-tmp/TestLIFCheckpointRejectsNullThetaRaw4130145128/001/.lif.json.tmp-2333442619 /Volumes/SSD/Developer/coimnet/runs/.tmp/network-model-20261010/go-tmp/TestLIFCheckpointRejectsNullThetaRaw4130145128/001/lif.json: operation not supported
--- FAIL: TestMigrateRefusesSamePathAndExistingTarget (0.54s)
    migrate_test.go:20: publish checkpoint without overwrite: link /Volumes/SSD/Developer/coimnet/runs/.tmp/network-model-20261010/go-tmp/TestMigrateRefusesSamePathAndExistingTarget2901049005/001/.source.json.tmp-593455252 /Volumes/SSD/Developer/coimnet/runs/.tmp/network-model-20261010/go-tmp/TestMigrateRefusesSamePathAndExistingTarget2901049005/001/source.json: operation not supported
--- FAIL: TestMigrateSameSchemaIsAByteCopy (0.58s)
    migrate_test.go:75: publish checkpoint without overwrite: link /Volumes/SSD/Developer/coimnet/runs/.tmp/network-model-20261010/go-tmp/TestMigrateSameSchemaIsAByteCopy1733633865/001/.source.json.tmp-2144665880 /Volumes/SSD/Developer/coimnet/runs/.tmp/network-model-20261010/go-tmp/TestMigrateSameSchemaIsAByteCopy1733633865/001/source.json: operation not supported
--- FAIL: TestMigrateUpgradesPreUnionIndividual (0.54s)
    migrate_test.go:122: publish checkpoint without overwrite: link /Volumes/SSD/Developer/coimnet/runs/.tmp/network-model-20261010/go-tmp/TestMigrateUpgradesPreUnionIndividual2377945508/001/.saved.json.tmp-1420454093 /Volumes/SSD/Developer/coimnet/runs/.tmp/network-model-20261010/go-tmp/TestMigrateUpgradesPreUnionIndividual2377945508/001/saved.json: operation not supported
--- FAIL: TestMigrateHonoursContext (0.48s)
    migrate_test.go:212: publish checkpoint without overwrite: link /Volumes/SSD/Developer/coimnet/runs/.tmp/network-model-20261010/go-tmp/TestMigrateHonoursContext251382431/001/.source.json.tmp-3763360416 /Volumes/SSD/Developer/coimnet/runs/.tmp/network-model-20261010/go-tmp/TestMigrateHonoursContext251382431/001/source.json: operation not supported
--- FAIL: TestEpisodeCheckpointOmitsUnusedConstraintFields (0.53s)
    options_compat_test.go:28: publish checkpoint without overwrite: link /Volumes/SSD/Developer/coimnet/runs/.tmp/network-model-20261010/go-tmp/TestEpisodeCheckpointOmitsUnusedConstraintFields3075816286/001/.plain.json.tmp-2547251067 /Volumes/SSD/Developer/coimnet/runs/.tmp/network-model-20261010/go-tmp/TestEpisodeCheckpointOmitsUnusedConstraintFields3075816286/001/plain.json: operation not supported
--- FAIL: TestEpisodeCheckpointCarriesMasksRangesAndEdgeSigns (0.46s)
    options_compat_test.go:70: publish checkpoint without overwrite: link /Volumes/SSD/Developer/coimnet/runs/.tmp/network-model-20261010/go-tmp/TestEpisodeCheckpointCarriesMasksRangesAndEdgeSigns2929055173/001/.constrained.json.tmp-3161491291 /Volumes/SSD/Developer/coimnet/runs/.tmp/network-model-20261010/go-tmp/TestEpisodeCheckpointCarriesMasksRangesAndEdgeSigns2929055173/001/constrained.json: operation not supported
--- FAIL: TestEpisodeCheckpointRejectsAMaskThatDoesNotMatchTheTopology (0.39s)
    options_compat_test.go:91: publish checkpoint without overwrite: link /Volumes/SSD/Developer/coimnet/runs/.tmp/network-model-20261010/go-tmp/TestEpisodeCheckpointRejectsAMaskThatDoesNotMatchTheTopology2544141020/001/.valid.json.tmp-2749818043 /Volumes/SSD/Developer/coimnet/runs/.tmp/network-model-20261010/go-tmp/TestEpisodeCheckpointRejectsAMaskThatDoesNotMatchTheTopology2544141020/001/valid.json: operation not supported
--- FAIL: TestEpisodeCheckpointRejectsNullInsideTheNewOptionalStructs (2.45s)
    --- FAIL: TestEpisodeCheckpointRejectsNullInsideTheNewOptionalStructs/null_mask_element (0.51s)
        options_compat_test.go:117: publish checkpoint without overwrite: link /Volumes/SSD/Developer/coimnet/runs/.tmp/network-model-20261010/go-tmp/TestEpisodeCheckpointRejectsNullInsideTheNewOptionalStructsnull715812602/001/.valid.json.tmp-2908248200 /Volumes/SSD/Developer/coimnet/runs/.tmp/network-model-20261010/go-tmp/TestEpisodeCheckpointRejectsNullInsideTheNewOptionalStructsnull715812602/001/valid.json: operation not supported
    --- FAIL: TestEpisodeCheckpointRejectsNullInsideTheNewOptionalStructs/null_range_bound (0.46s)
        options_compat_test.go:117: publish checkpoint without overwrite: link /Volumes/SSD/Developer/coimnet/runs/.tmp/network-model-20261010/go-tmp/TestEpisodeCheckpointRejectsNullInsideTheNewOptionalStructsnull3990560810/001/.valid.json.tmp-233729272 /Volumes/SSD/Developer/coimnet/runs/.tmp/network-model-20261010/go-tmp/TestEpisodeCheckpointRejectsNullInsideTheNewOptionalStructsnull3990560810/001/valid.json: operation not supported
    --- FAIL: TestEpisodeCheckpointRejectsNullInsideTheNewOptionalStructs/null_edge_sign (0.41s)
        options_compat_test.go:117: publish checkpoint without overwrite: link /Volumes/SSD/Developer/coimnet/runs/.tmp/network-model-20261010/go-tmp/TestEpisodeCheckpointRejectsNullInsideTheNewOptionalStructsnull17916126/001/.valid.json.tmp-3886872472 /Volumes/SSD/Developer/coimnet/runs/.tmp/network-model-20261010/go-tmp/TestEpisodeCheckpointRejectsNullInsideTheNewOptionalStructsnull17916126/001/valid.json: operation not supported
    --- FAIL: TestEpisodeCheckpointRejectsNullInsideTheNewOptionalStructs/null_min_log_magnitude (0.42s)
        options_compat_test.go:117: publish checkpoint without overwrite: link /Volumes/SSD/Developer/coimnet/runs/.tmp/network-model-20261010/go-tmp/TestEpisodeCheckpointRejectsNullInsideTheNewOptionalStructsnull814078724/001/.valid.json.tmp-2511977979 /Volumes/SSD/Developer/coimnet/runs/.tmp/network-model-20261010/go-tmp/TestEpisodeCheckpointRejectsNullInsideTheNewOptionalStructsnull814078724/001/valid.json: operation not supported
    options_compat_test.go:126: publish checkpoint without overwrite: link /Volumes/SSD/Developer/coimnet/runs/.tmp/network-model-20261010/go-tmp/TestEpisodeCheckpointRejectsNullInsideTheNewOptionalStructs313936713/001/.valid.json.tmp-252532460 /Volumes/SSD/Developer/coimnet/runs/.tmp/network-model-20261010/go-tmp/TestEpisodeCheckpointRejectsNullInsideTheNewOptionalStructs313936713/001/valid.json: operation not supported
--- FAIL: TestEpisodeCheckpointOmitsUnusedStageTwoFields (0.42s)
    options_compat_test.go:185: publish checkpoint without overwrite: link /Volumes/SSD/Developer/coimnet/runs/.tmp/network-model-20261010/go-tmp/TestEpisodeCheckpointOmitsUnusedStageTwoFields3093093901/001/.stage-two-plain.json.tmp-2997613560 /Volumes/SSD/Developer/coimnet/runs/.tmp/network-model-20261010/go-tmp/TestEpisodeCheckpointOmitsUnusedStageTwoFields3093093901/001/stage-two-plain.json: operation not supported
--- FAIL: TestEpisodeCheckpointCarriesTheStageTwoFields (0.43s)
    options_compat_test.go:240: publish checkpoint without overwrite: link /Volumes/SSD/Developer/coimnet/runs/.tmp/network-model-20261010/go-tmp/TestEpisodeCheckpointCarriesTheStageTwoFields4182469833/001/.accumulating.json.tmp-200215128 /Volumes/SSD/Developer/coimnet/runs/.tmp/network-model-20261010/go-tmp/TestEpisodeCheckpointCarriesTheStageTwoFields4182469833/001/accumulating.json: operation not supported
--- FAIL: TestEpisodeCheckpointRejectsAnAccumulatorThatDoesNotFitTheModel (7.81s)
    --- FAIL: TestEpisodeCheckpointRejectsAnAccumulatorThatDoesNotFitTheModel/short_sum (0.53s)
        options_compat_test.go:303: publish checkpoint without overwrite: link /Volumes/SSD/Developer/coimnet/runs/.tmp/network-model-20261010/go-tmp/TestEpisodeCheckpointRejectsAnAccumulatorThatDoesNotFitTheModel39983880/001/.accumulating.json.tmp-3873679730 /Volumes/SSD/Developer/coimnet/runs/.tmp/network-model-20261010/go-tmp/TestEpisodeCheckpointRejectsAnAccumulatorThatDoesNotFitTheModel39983880/001/accumulating.json: operation not supported
    --- FAIL: TestEpisodeCheckpointRejectsAnAccumulatorThatDoesNotFitTheModel/null_sum_element (0.59s)
        options_compat_test.go:303: publish checkpoint without overwrite: link /Volumes/SSD/Developer/coimnet/runs/.tmp/network-model-20261010/go-tmp/TestEpisodeCheckpointRejectsAnAccumulatorThatDoesNotFitTheModel3707134275/001/.accumulating.json.tmp-4199546102 /Volumes/SSD/Developer/coimnet/runs/.tmp/network-model-20261010/go-tmp/TestEpisodeCheckpointRejectsAnAccumulatorThatDoesNotFitTheModel3707134275/001/accumulating.json: operation not supported
    --- FAIL: TestEpisodeCheckpointRejectsAnAccumulatorThatDoesNotFitTheModel/null_count (0.59s)
        options_compat_test.go:303: publish checkpoint without overwrite: link /Volumes/SSD/Developer/coimnet/runs/.tmp/network-model-20261010/go-tmp/TestEpisodeCheckpointRejectsAnAccumulatorThatDoesNotFitTheModel690834329/001/.accumulating.json.tmp-2612909146 /Volumes/SSD/Developer/coimnet/runs/.tmp/network-model-20261010/go-tmp/TestEpisodeCheckpointRejectsAnAccumulatorThatDoesNotFitTheModel690834329/001/accumulating.json: operation not supported
    --- FAIL: TestEpisodeCheckpointRejectsAnAccumulatorThatDoesNotFitTheModel/unknown_schedule_kind (0.64s)
        options_compat_test.go:303: publish checkpoint without overwrite: link /Volumes/SSD/Developer/coimnet/runs/.tmp/network-model-20261010/go-tmp/TestEpisodeCheckpointRejectsAnAccumulatorThatDoesNotFitTheModel2522000650/001/.accumulating.json.tmp-3791205492 /Volumes/SSD/Developer/coimnet/runs/.tmp/network-model-20261010/go-tmp/TestEpisodeCheckpointRejectsAnAccumulatorThatDoesNotFitTheModel2522000650/001/accumulating.json: operation not supported
    --- FAIL: TestEpisodeCheckpointRejectsAnAccumulatorThatDoesNotFitTheModel/negative_loss_scale (0.88s)
        options_compat_test.go:303: publish checkpoint without overwrite: link /Volumes/SSD/Developer/coimnet/runs/.tmp/network-model-20261010/go-tmp/TestEpisodeCheckpointRejectsAnAccumulatorThatDoesNotFitTheModel104866234/001/.accumulating.json.tmp-742856634 /Volumes/SSD/Developer/coimnet/runs/.tmp/network-model-20261010/go-tmp/TestEpisodeCheckpointRejectsAnAccumulatorThatDoesNotFitTheModel104866234/001/accumulating.json: operation not supported
    --- FAIL: TestEpisodeCheckpointRejectsAnAccumulatorThatDoesNotFitTheModel/count_at_the_window (1.12s)
        options_compat_test.go:303: publish checkpoint without overwrite: link /Volumes/SSD/Developer/coimnet/runs/.tmp/network-model-20261010/go-tmp/TestEpisodeCheckpointRejectsAnAccumulatorThatDoesNotFitTheModel49474112/001/.accumulating.json.tmp-2295990206 /Volumes/SSD/Developer/coimnet/runs/.tmp/network-model-20261010/go-tmp/TestEpisodeCheckpointRejectsAnAccumulatorThatDoesNotFitTheModel49474112/001/accumulating.json: operation not supported
    --- FAIL: TestEpisodeCheckpointRejectsAnAccumulatorThatDoesNotFitTheModel/count_above_the_window (0.59s)
        options_compat_test.go:303: publish checkpoint without overwrite: link /Volumes/SSD/Developer/coimnet/runs/.tmp/network-model-20261010/go-tmp/TestEpisodeCheckpointRejectsAnAccumulatorThatDoesNotFitTheModel3602479039/001/.accumulating.json.tmp-1392796996 /Volumes/SSD/Developer/coimnet/runs/.tmp/network-model-20261010/go-tmp/TestEpisodeCheckpointRejectsAnAccumulatorThatDoesNotFitTheModel3602479039/001/accumulating.json: operation not supported
    --- FAIL: TestEpisodeCheckpointRejectsAnAccumulatorThatDoesNotFitTheModel/negative_count (0.49s)
        options_compat_test.go:303: publish checkpoint without overwrite: link /Volumes/SSD/Developer/coimnet/runs/.tmp/network-model-20261010/go-tmp/TestEpisodeCheckpointRejectsAnAccumulatorThatDoesNotFitTheModel1132739626/001/.accumulating.json.tmp-181576620 /Volumes/SSD/Developer/coimnet/runs/.tmp/network-model-20261010/go-tmp/TestEpisodeCheckpointRejectsAnAccumulatorThatDoesNotFitTheModel1132739626/001/accumulating.json: operation not supported
    --- FAIL: TestEpisodeCheckpointRejectsAnAccumulatorThatDoesNotFitTheModel/no_window_declared (0.43s)
        options_compat_test.go:303: publish checkpoint without overwrite: link /Volumes/SSD/Developer/coimnet/runs/.tmp/network-model-20261010/go-tmp/TestEpisodeCheckpointRejectsAnAccumulatorThatDoesNotFitTheModel3190214432/001/.accumulating.json.tmp-448560938 /Volumes/SSD/Developer/coimnet/runs/.tmp/network-model-20261010/go-tmp/TestEpisodeCheckpointRejectsAnAccumulatorThatDoesNotFitTheModel3190214432/001/accumulating.json: operation not supported
    --- FAIL: TestEpisodeCheckpointRejectsAnAccumulatorThatDoesNotFitTheModel/missing_sum (0.49s)
        options_compat_test.go:303: publish checkpoint without overwrite: link /Volumes/SSD/Developer/coimnet/runs/.tmp/network-model-20261010/go-tmp/TestEpisodeCheckpointRejectsAnAccumulatorThatDoesNotFitTheModel2981177507/001/.accumulating.json.tmp-2526130621 /Volumes/SSD/Developer/coimnet/runs/.tmp/network-model-20261010/go-tmp/TestEpisodeCheckpointRejectsAnAccumulatorThatDoesNotFitTheModel2981177507/001/accumulating.json: operation not supported
    --- FAIL: TestEpisodeCheckpointRejectsAnAccumulatorThatDoesNotFitTheModel/missing_count (0.45s)
        options_compat_test.go:303: publish checkpoint without overwrite: link /Volumes/SSD/Developer/coimnet/runs/.tmp/network-model-20261010/go-tmp/TestEpisodeCheckpointRejectsAnAccumulatorThatDoesNotFitTheModel838806012/001/.accumulating.json.tmp-2638872815 /Volumes/SSD/Developer/coimnet/runs/.tmp/network-model-20261010/go-tmp/TestEpisodeCheckpointRejectsAnAccumulatorThatDoesNotFitTheModel838806012/001/accumulating.json: operation not supported
    --- FAIL: TestEpisodeCheckpointRejectsAnAccumulatorThatDoesNotFitTheModel/null_schedule_kind (0.52s)
        options_compat_test.go:303: publish checkpoint without overwrite: link /Volumes/SSD/Developer/coimnet/runs/.tmp/network-model-20261010/go-tmp/TestEpisodeCheckpointRejectsAnAccumulatorThatDoesNotFitTheModel774358787/001/.accumulating.json.tmp-3656514195 /Volumes/SSD/Developer/coimnet/runs/.tmp/network-model-20261010/go-tmp/TestEpisodeCheckpointRejectsAnAccumulatorThatDoesNotFitTheModel774358787/001/accumulating.json: operation not supported
    options_compat_test.go:312: publish checkpoint without overwrite: link /Volumes/SSD/Developer/coimnet/runs/.tmp/network-model-20261010/go-tmp/TestEpisodeCheckpointRejectsAnAccumulatorThatDoesNotFitTheModel367576382/001/.accumulating.json.tmp-1156686921 /Volumes/SSD/Developer/coimnet/runs/.tmp/network-model-20261010/go-tmp/TestEpisodeCheckpointRejectsAnAccumulatorThatDoesNotFitTheModel367576382/001/accumulating.json: operation not supported
--- FAIL: TestEpisodeCheckpointOmitsAnAbsentReplayPart (0.46s)
    options_compat_test.go:386: publish checkpoint without overwrite: link /Volumes/SSD/Developer/coimnet/runs/.tmp/network-model-20261010/go-tmp/TestEpisodeCheckpointOmitsAnAbsentReplayPart2253532420/001/.no-replay.json.tmp-848452110 /Volumes/SSD/Developer/coimnet/runs/.tmp/network-model-20261010/go-tmp/TestEpisodeCheckpointOmitsAnAbsentReplayPart2253532420/001/no-replay.json: operation not supported
--- FAIL: TestEpisodeCheckpointCarriesTheReplayPart (0.57s)
    options_compat_test.go:418: publish checkpoint without overwrite: link /Volumes/SSD/Developer/coimnet/runs/.tmp/network-model-20261010/go-tmp/TestEpisodeCheckpointCarriesTheReplayPart972421432/001/.replay.json.tmp-3374493591 /Volumes/SSD/Developer/coimnet/runs/.tmp/network-model-20261010/go-tmp/TestEpisodeCheckpointCarriesTheReplayPart972421432/001/replay.json: operation not supported
--- FAIL: TestEpisodeCheckpointRejectsMalformedReplayParts (0.37s)
    options_compat_test.go:467: publish checkpoint without overwrite: link /Volumes/SSD/Developer/coimnet/runs/.tmp/network-model-20261010/go-tmp/TestEpisodeCheckpointRejectsMalformedReplayParts448762549/001/.replay.json.tmp-176104299 /Volumes/SSD/Developer/coimnet/runs/.tmp/network-model-20261010/go-tmp/TestEpisodeCheckpointRejectsMalformedReplayParts448762549/001/replay.json: operation not supported
--- FAIL: TestModelPackageCarriesCapacity (0.81s)
    package_capacity_test.go:68: publish checkpoint without overwrite: link /Volumes/SSD/Developer/coimnet/runs/.tmp/network-model-20261010/go-tmp/TestModelPackageCarriesCapacity2863476173/001/.vector.coimpkg.tmp-1879015889 /Volumes/SSD/Developer/coimnet/runs/.tmp/network-model-20261010/go-tmp/TestModelPackageCarriesCapacity2863476173/001/vector.coimpkg: operation not supported
--- FAIL: TestModelPackageCapacityValidationKeepsValidReportsExact (1.02s)
    --- FAIL: TestModelPackageCapacityValidationKeepsValidReportsExact/continuous (0.34s)
        package_capacity_validation_test.go:246: publish checkpoint without overwrite: link /Volumes/SSD/Developer/coimnet/runs/.tmp/network-model-20261010/go-tmp/TestModelPackageCapacityValidationKeepsValidReportsExactcontinu3456878723/001/.model.json.tmp-3893471142 /Volumes/SSD/Developer/coimnet/runs/.tmp/network-model-20261010/go-tmp/TestModelPackageCapacityValidationKeepsValidReportsExactcontinu3456878723/001/model.json: operation not supported
    --- FAIL: TestModelPackageCapacityValidationKeepsValidReportsExact/lif (0.37s)
        package_capacity_validation_test.go:246: publish checkpoint without overwrite: link /Volumes/SSD/Developer/coimnet/runs/.tmp/network-model-20261010/go-tmp/TestModelPackageCapacityValidationKeepsValidReportsExactlif411583769/001/.model.json.tmp-3745487327 /Volumes/SSD/Developer/coimnet/runs/.tmp/network-model-20261010/go-tmp/TestModelPackageCapacityValidationKeepsValidReportsExactlif411583769/001/model.json: operation not supported
    --- FAIL: TestModelPackageCapacityValidationKeepsValidReportsExact/vector (0.31s)
        package_capacity_validation_test.go:246: publish checkpoint without overwrite: link /Volumes/SSD/Developer/coimnet/runs/.tmp/network-model-20261010/go-tmp/TestModelPackageCapacityValidationKeepsValidReportsExactvector2730995299/001/.model.json.tmp-2560045210 /Volumes/SSD/Developer/coimnet/runs/.tmp/network-model-20261010/go-tmp/TestModelPackageCapacityValidationKeepsValidReportsExactvector2730995299/001/model.json: operation not supported
--- FAIL: TestModelPackageCapacityValidationKeepsNilCapacity (0.42s)
    package_capacity_validation_test.go:328: publish checkpoint without overwrite: link /Volumes/SSD/Developer/coimnet/runs/.tmp/network-model-20261010/go-tmp/TestModelPackageCapacityValidationKeepsNilCapacity855137497/001/.legacy.json.tmp-251540596 /Volumes/SSD/Developer/coimnet/runs/.tmp/network-model-20261010/go-tmp/TestModelPackageCapacityValidationKeepsNilCapacity855137497/001/legacy.json: operation not supported
--- FAIL: TestModelPackageRoundTripAndByteIdenticalSave (0.98s)
    --- FAIL: TestModelPackageRoundTripAndByteIdenticalSave/continuous (0.54s)
        package_test.go:155: publish checkpoint without overwrite: link /Volumes/SSD/Developer/coimnet/runs/.tmp/network-model-20261010/go-tmp/TestModelPackageRoundTripAndByteIdenticalSavecontinuous1399183677/001/.model.json.tmp-4073144394 /Volumes/SSD/Developer/coimnet/runs/.tmp/network-model-20261010/go-tmp/TestModelPackageRoundTripAndByteIdenticalSavecontinuous1399183677/001/model.json: operation not supported
    --- FAIL: TestModelPackageRoundTripAndByteIdenticalSave/lif (0.44s)
        package_test.go:155: publish checkpoint without overwrite: link /Volumes/SSD/Developer/coimnet/runs/.tmp/network-model-20261010/go-tmp/TestModelPackageRoundTripAndByteIdenticalSavelif1464398803/001/.model.json.tmp-534934711 /Volumes/SSD/Developer/coimnet/runs/.tmp/network-model-20261010/go-tmp/TestModelPackageRoundTripAndByteIdenticalSavelif1464398803/001/model.json: operation not supported
--- FAIL: TestSaveModelPackageCancellationNoOverwriteAndInvalidInput (0.37s)
    package_test.go:340: publish checkpoint without overwrite: link /Volumes/SSD/Developer/coimnet/runs/.tmp/network-model-20261010/go-tmp/TestSaveModelPackageCancellationNoOverwriteAndInvalidInput3078177235/001/.model.json.tmp-961720642 /Volumes/SSD/Developer/coimnet/runs/.tmp/network-model-20261010/go-tmp/TestSaveModelPackageCancellationNoOverwriteAndInvalidInput3078177235/001/model.json: operation not supported
--- FAIL: TestArtefactKindsRefuseEachOther (0.35s)
    package_test.go:423: publish checkpoint without overwrite: link /Volumes/SSD/Developer/coimnet/runs/.tmp/network-model-20261010/go-tmp/TestArtefactKindsRefuseEachOther3278484185/001/.model.json.tmp-3406556880 /Volumes/SSD/Developer/coimnet/runs/.tmp/network-model-20261010/go-tmp/TestArtefactKindsRefuseEachOther3278484185/001/model.json: operation not supported
--- FAIL: TestLIFIndividualFromPackageSubprocessResume (0.36s)
    package_test.go:568: publish checkpoint without overwrite: link /Volumes/SSD/Developer/coimnet/runs/.tmp/network-model-20261010/go-tmp/TestLIFIndividualFromPackageSubprocessResume2281081990/001/.model.json.tmp-3748543501 /Volumes/SSD/Developer/coimnet/runs/.tmp/network-model-20261010/go-tmp/TestLIFIndividualFromPackageSubprocessResume2281081990/001/model.json: operation not supported
--- FAIL: TestSelectedProjectionSubprocessResume (0.44s)
    projection_test.go:55: publish checkpoint without overwrite: link /Volumes/SSD/Developer/coimnet/runs/.tmp/network-model-20261010/go-tmp/TestSelectedProjectionSubprocessResume2918148387/001/.midpoint.json.tmp-359078391 /Volumes/SSD/Developer/coimnet/runs/.tmp/network-model-20261010/go-tmp/TestSelectedProjectionSubprocessResume2918148387/001/midpoint.json: operation not supported
--- FAIL: TestLoadIndividualAcceptsScalarPointerRuleFields (0.48s)
    required_test.go:30: publish checkpoint without overwrite: link /Volumes/SSD/Developer/coimnet/runs/.tmp/network-model-20261010/go-tmp/TestLoadIndividualAcceptsScalarPointerRuleFields4260720542/001/.receptor-gated.json.tmp-3540033774 /Volumes/SSD/Developer/coimnet/runs/.tmp/network-model-20261010/go-tmp/TestLoadIndividualAcceptsScalarPointerRuleFields4260720542/001/receptor-gated.json: operation not supported
--- FAIL: TestPlasticChemicalIndividualSubprocessResumeMatchesUninterrupted (0.30s)
    individual_full_resume_test.go:64: publish checkpoint without overwrite: link /Volumes/SSD/Developer/coimnet/runs/.tmp/network-model-20261010/go-tmp/TestPlasticChemicalIndividualSubprocessResumeMatchesUninterrupte3073424125/001/.mid.json.tmp-72195995 /Volumes/SSD/Developer/coimnet/runs/.tmp/network-model-20261010/go-tmp/TestPlasticChemicalIndividualSubprocessResumeMatchesUninterrupte3073424125/001/mid.json: operation not supported
--- FAIL: TestSaveLoadPayloadCanonicalizesBeforeChecksum (0.37s)
    payload_test.go:17: SavePayload: publish checkpoint without overwrite: link /Volumes/SSD/Developer/coimnet/runs/.tmp/network-model-20261010/go-tmp/TestSaveLoadPayloadCanonicalizesBeforeChecksum311009372/001/.pretty.json.tmp-1759181219 /Volumes/SSD/Developer/coimnet/runs/.tmp/network-model-20261010/go-tmp/TestSaveLoadPayloadCanonicalizesBeforeChecksum311009372/001/pretty.json: operation not supported
--- FAIL: ExampleSaveIndividual (0.18s)
got:
save: publish checkpoint without overwrite: link /Volumes/SSD/Developer/coimnet/runs/.tmp/network-model-20261010/go-tmp/coimnet-individual-example-4179821670/.individual.json.tmp-2348287714 /Volumes/SSD/Developer/coimnet/runs/.tmp/network-model-20261010/go-tmp/coimnet-individual-example-4179821670/individual.json: operation not supported
want:
2 1 true
FAIL
FAIL	github.com/TimLai666/coimnet/checkpoint	197.074s
?   	github.com/TimLai666/coimnet/cmd/coimnet	[no test files]
ok  	github.com/TimLai666/coimnet/config	20.406s
--- FAIL: TestIndividualLearningPreservesAnatomyStore (2.74s)
    individual_test.go:21: connectome: publish store without overwrite: link /Volumes/SSD/Developer/coimnet/runs/.tmp/network-model-20261010/go-tmp/TestIndividualLearningPreservesAnatomyStore1462444779/003/.before.coimgraph.tmp-1642830602 /Volumes/SSD/Developer/coimnet/runs/.tmp/network-model-20261010/go-tmp/TestIndividualLearningPreservesAnatomyStore1462444779/003/before.coimgraph: operation not supported
--- FAIL: TestLoadBoundsJSONBuffersAndRejectsUnknownConverter (2.65s)
    store_limits_test.go:58: connectome: publish store without overwrite: link /Volumes/SSD/Developer/coimnet/runs/.tmp/network-model-20261010/go-tmp/TestLoadBoundsJSONBuffersAndRejectsUnknownConverter2815352764/003/.original.tmp-882715202 /Volumes/SSD/Developer/coimnet/runs/.tmp/network-model-20261010/go-tmp/TestLoadBoundsJSONBuffersAndRejectsUnknownConverter2815352764/003/original: operation not supported
--- FAIL: TestLoadReceiptHashesValidatedBytesWhenPathChanges (2.95s)
    store_receipt_test.go:33: connectome: publish store without overwrite: link /Volumes/SSD/Developer/coimnet/runs/.tmp/network-model-20261010/go-tmp/TestLoadReceiptHashesValidatedBytesWhenPathChanges1248510458/003/.graph.tmp-2967652873 /Volumes/SSD/Developer/coimnet/runs/.tmp/network-model-20261010/go-tmp/TestLoadReceiptHashesValidatedBytesWhenPathChanges1248510458/003/graph: operation not supported
--- FAIL: TestLoadRejectsRehashedUnknownConverter (3.41s)
    store_receipt_test.go:90: connectome: publish store without overwrite: link /Volumes/SSD/Developer/coimnet/runs/.tmp/network-model-20261010/go-tmp/TestLoadRejectsRehashedUnknownConverter2860049957/003/.unknown.tmp-203008818 /Volumes/SSD/Developer/coimnet/runs/.tmp/network-model-20261010/go-tmp/TestLoadRejectsRehashedUnknownConverter2860049957/003/unknown: operation not supported
--- FAIL: TestStoreRoundTripPreservesGraphReportAndBytes (3.53s)
    store_test.go:69: Save: connectome: publish store without overwrite: link /Volumes/SSD/Developer/coimnet/runs/.tmp/network-model-20261010/go-tmp/TestStoreRoundTripPreservesGraphReportAndBytes688412006/003/.graph.coimgraph.tmp-3913502353 /Volumes/SSD/Developer/coimnet/runs/.tmp/network-model-20261010/go-tmp/TestStoreRoundTripPreservesGraphReportAndBytes688412006/003/graph.coimgraph: operation not supported
--- FAIL: TestStoreRoundTripAggregatedAndEmptyGraphs (5.43s)
    store_test.go:132: connectome: publish store without overwrite: link /Volumes/SSD/Developer/coimnet/runs/.tmp/network-model-20261010/go-tmp/TestStoreRoundTripAggregatedAndEmptyGraphs1978363437/003/.aggregated.coimgraph.tmp-1783730992 /Volumes/SSD/Developer/coimnet/runs/.tmp/network-model-20261010/go-tmp/TestStoreRoundTripAggregatedAndEmptyGraphs1978363437/003/aggregated.coimgraph: operation not supported
--- FAIL: TestSaveRefusesExistingTargetMissingParentAndCancellation (3.66s)
    store_test.go:162: connectome: publish store without overwrite: link /Volumes/SSD/Developer/coimnet/runs/.tmp/network-model-20261010/go-tmp/TestSaveRefusesExistingTargetMissingParentAndCancellation1392806371/003/.graph.coimgraph.tmp-3412260945 /Volumes/SSD/Developer/coimnet/runs/.tmp/network-model-20261010/go-tmp/TestSaveRefusesExistingTargetMissingParentAndCancellation1392806371/003/graph.coimgraph: operation not supported
--- FAIL: TestLoadRejectsTamperingTruncationAndLimits (6.54s)
    store_test.go:204: connectome: publish store without overwrite: link /Volumes/SSD/Developer/coimnet/runs/.tmp/network-model-20261010/go-tmp/TestLoadRejectsTamperingTruncationAndLimits1017125065/003/.graph.coimgraph.tmp-198268912 /Volumes/SSD/Developer/coimnet/runs/.tmp/network-model-20261010/go-tmp/TestLoadRejectsTamperingTruncationAndLimits1017125065/003/graph.coimgraph: operation not supported
--- FAIL: TestLoadRejectsInvalidContentWithValidSectionHashes (3.62s)
    store_test.go:293: connectome: publish store without overwrite: link /Volumes/SSD/Developer/coimnet/runs/.tmp/network-model-20261010/go-tmp/TestLoadRejectsInvalidContentWithValidSectionHashes2182577022/003/.swapped.coimgraph.tmp-166866295 /Volumes/SSD/Developer/coimnet/runs/.tmp/network-model-20261010/go-tmp/TestLoadRejectsInvalidContentWithValidSectionHashes2182577022/003/swapped.coimgraph: operation not supported
FAIL
FAIL	github.com/TimLai666/coimnet/connectome	122.564s
ok  	github.com/TimLai666/coimnet/connectome/flywire	18.562s
ok  	github.com/TimLai666/coimnet/distill	6.227s
--- FAIL: TestFetchFreshReturnsReceiptAndVerifiesHashes (2.79s)
    download_test.go:59: publish downloaded file without overwrite: link /Volumes/SSD/Developer/coimnet/runs/.tmp/network-model-20261010/go-tmp/TestFetchFreshReturnsReceiptAndVerifiesHashes3841050085/001/source.bin.part /Volumes/SSD/Developer/coimnet/runs/.tmp/network-model-20261010/go-tmp/TestFetchFreshReturnsReceiptAndVerifiesHashes3841050085/001/source.bin: operation not supported
--- FAIL: TestFetchReceiptRecordsReproducibleResponseHeaders (2.58s)
    download_test.go:135: publish downloaded file without overwrite: link /Volumes/SSD/Developer/coimnet/runs/.tmp/network-model-20261010/go-tmp/TestFetchReceiptRecordsReproducibleResponseHeaders948519086/001/headers.bin.part /Volumes/SSD/Developer/coimnet/runs/.tmp/network-model-20261010/go-tmp/TestFetchReceiptRecordsReproducibleResponseHeaders948519086/001/headers.bin: operation not supported
--- FAIL: TestFetchAutomaticallyVerifiesProviderCRC32C (6.67s)
    --- FAIL: TestFetchAutomaticallyVerifiesProviderCRC32C/matching (4.10s)
        download_test.go:186: publish downloaded file without overwrite: link /Volumes/SSD/Developer/coimnet/runs/.tmp/network-model-20261010/go-tmp/TestFetchAutomaticallyVerifiesProviderCRC32Cmatching3318814419/001/provider-crc.bin.part /Volumes/SSD/Developer/coimnet/runs/.tmp/network-model-20261010/go-tmp/TestFetchAutomaticallyVerifiesProviderCRC32Cmatching3318814419/001/provider-crc.bin: operation not supported
--- FAIL: TestFetchCancellationRetainsPartialForResume (3.72s)
    download_test.go:275: publish downloaded file without overwrite: link /Volumes/SSD/Developer/coimnet/runs/.tmp/network-model-20261010/go-tmp/TestFetchCancellationRetainsPartialForResume565030652/001/source.bin.part /Volumes/SSD/Developer/coimnet/runs/.tmp/network-model-20261010/go-tmp/TestFetchCancellationRetainsPartialForResume565030652/001/source.bin: operation not supported
--- FAIL: TestFetchRetriesTransientInterruption (2.07s)
    download_test.go:316: publish downloaded file without overwrite: link /Volumes/SSD/Developer/coimnet/runs/.tmp/network-model-20261010/go-tmp/TestFetchRetriesTransientInterruption3227618529/001/retry.bin.part /Volumes/SSD/Developer/coimnet/runs/.tmp/network-model-20261010/go-tmp/TestFetchRetriesTransientInterruption3227618529/001/retry.bin: operation not supported
--- FAIL: TestFetchLockOverwriteAndConcurrentRace (2.87s)
    download_test.go:551: concurrent loser error = publish downloaded file without overwrite: link /Volumes/SSD/Developer/coimnet/runs/.tmp/network-model-20261010/go-tmp/TestFetchLockOverwriteAndConcurrentRace3258155105/001/exclusive.bin.part /Volumes/SSD/Developer/coimnet/runs/.tmp/network-model-20261010/go-tmp/TestFetchLockOverwriteAndConcurrentRace3258155105/001/exclusive.bin: operation not supported, want lock error
--- FAIL: TestFetchTruncatesPartLongerThanMetadataAndResumes (2.55s)
    resume_test.go:89: publish downloaded file without overwrite: link /Volumes/SSD/Developer/coimnet/runs/.tmp/network-model-20261010/go-tmp/TestFetchTruncatesPartLongerThanMetadataAndResumes2223161564/001/whole.bin.part /Volumes/SSD/Developer/coimnet/runs/.tmp/network-model-20261010/go-tmp/TestFetchTruncatesPartLongerThanMetadataAndResumes2223161564/001/whole.bin: operation not supported
--- FAIL: TestFetchReclaimsLockOfDeadProcess (1.19s)
    resume_test.go:208: publish downloaded file without overwrite: link /Volumes/SSD/Developer/coimnet/runs/.tmp/network-model-20261010/go-tmp/TestFetchReclaimsLockOfDeadProcess3661795088/001/reclaim.bin.part /Volumes/SSD/Developer/coimnet/runs/.tmp/network-model-20261010/go-tmp/TestFetchReclaimsLockOfDeadProcess3661795088/001/reclaim.bin: operation not supported
--- FAIL: TestFetchCheckpointsMetadataDuringTransfer (8.13s)
    resume_test.go:302: publish downloaded file without overwrite: link /Volumes/SSD/Developer/coimnet/runs/.tmp/network-model-20261010/go-tmp/TestFetchCheckpointsMetadataDuringTransfer2069713121/001/checkpoint.bin.part /Volumes/SSD/Developer/coimnet/runs/.tmp/network-model-20261010/go-tmp/TestFetchCheckpointsMetadataDuringTransfer2069713121/001/checkpoint.bin: operation not supported
FAIL
FAIL	github.com/TimLai666/coimnet/download	78.539s
ok  	github.com/TimLai666/coimnet/dynamics	3.552s
ok  	github.com/TimLai666/coimnet/examples/lifthreshold	6.258s
ok  	github.com/TimLai666/coimnet/examples/multichannel	6.613s
ok  	github.com/TimLai666/coimnet/examples/realasr	8.320s
ok  	github.com/TimLai666/coimnet/examples/realmedia	6.370s
ok  	github.com/TimLai666/coimnet/examples/realnav	27.328s
ok  	github.com/TimLai666/coimnet/examples/realnavmemory	8.852s
ok  	github.com/TimLai666/coimnet/examples/realocr	20.534s
--- FAIL: TestRunFixtureIsDeterministicAndReadOnly (4.17s)
    main_test.go:103: connectome: publish store without overwrite: link /Volumes/SSD/Developer/coimnet/runs/.tmp/network-model-20261010/go-tmp/TestRunFixtureIsDeterministicAndReadOnly3354512597/001/.graph.coimgraph.tmp-3021332322 /Volumes/SSD/Developer/coimnet/runs/.tmp/network-model-20261010/go-tmp/TestRunFixtureIsDeterministicAndReadOnly3354512597/001/graph.coimgraph: operation not supported
--- FAIL: TestRunRejectsUnsafeGraphContent (14.52s)
    --- FAIL: TestRunRejectsUnsafeGraphContent/duplicate_pair (4.12s)
        main_test.go:203: connectome: publish store without overwrite: link /Volumes/SSD/Developer/coimnet/runs/.tmp/network-model-20261010/go-tmp/TestRunRejectsUnsafeGraphContentduplicate_pair3311863372/001/.graph.coimgraph.tmp-749161655 /Volumes/SSD/Developer/coimnet/runs/.tmp/network-model-20261010/go-tmp/TestRunRejectsUnsafeGraphContentduplicate_pair3311863372/001/graph.coimgraph: operation not supported
    --- FAIL: TestRunRejectsUnsafeGraphContent/null_weight (6.60s)
        main_test.go:203: connectome: publish store without overwrite: link /Volumes/SSD/Developer/coimnet/runs/.tmp/network-model-20261010/go-tmp/TestRunRejectsUnsafeGraphContentnull_weight1410676701/001/.graph.coimgraph.tmp-4223790972 /Volumes/SSD/Developer/coimnet/runs/.tmp/network-model-20261010/go-tmp/TestRunRejectsUnsafeGraphContentnull_weight1410676701/001/graph.coimgraph: operation not supported
    --- FAIL: TestRunRejectsUnsafeGraphContent/negative_weight (3.80s)
        main_test.go:203: connectome: publish store without overwrite: link /Volumes/SSD/Developer/coimnet/runs/.tmp/network-model-20261010/go-tmp/TestRunRejectsUnsafeGraphContentnegative_weight3269526452/001/.graph.coimgraph.tmp-1724788890 /Volumes/SSD/Developer/coimnet/runs/.tmp/network-model-20261010/go-tmp/TestRunRejectsUnsafeGraphContentnegative_weight3269526452/001/graph.coimgraph: operation not supported
--- FAIL: TestRunPropagatesOutputFailure (1.90s)
    main_test.go:227: connectome: publish store without overwrite: link /Volumes/SSD/Developer/coimnet/runs/.tmp/network-model-20261010/go-tmp/TestRunPropagatesOutputFailure2620563671/001/.graph.coimgraph.tmp-3191872435 /Volumes/SSD/Developer/coimnet/runs/.tmp/network-model-20261010/go-tmp/TestRunPropagatesOutputFailure2620563671/001/graph.coimgraph: operation not supported
--- FAIL: TestRunRejectsWrongStoreOrSelection (3.76s)
    validation_test.go:15: connectome: publish store without overwrite: link /Volumes/SSD/Developer/coimnet/runs/.tmp/network-model-20261010/go-tmp/TestRunRejectsWrongStoreOrSelection784439808/001/.graph.coimgraph.tmp-2811041072 /Volumes/SSD/Developer/coimnet/runs/.tmp/network-model-20261010/go-tmp/TestRunRejectsWrongStoreOrSelection784439808/001/graph.coimgraph: operation not supported
--- FAIL: TestRunRejectsImpostorRealProfile (11.08s)
    --- FAIL: TestRunRejectsImpostorRealProfile/impostor-v0 (7.18s)
        validation_test.go:47: connectome: publish store without overwrite: link /Volumes/SSD/Developer/coimnet/runs/.tmp/network-model-20261010/go-tmp/TestRunRejectsImpostorRealProfileimpostor-v03098747023/001/.graph.coimgraph.tmp-2210346254 /Volumes/SSD/Developer/coimnet/runs/.tmp/network-model-20261010/go-tmp/TestRunRejectsImpostorRealProfileimpostor-v03098747023/001/graph.coimgraph: operation not supported
    --- FAIL: TestRunRejectsImpostorRealProfile/v1.0 (3.90s)
        validation_test.go:47: connectome: publish store without overwrite: link /Volumes/SSD/Developer/coimnet/runs/.tmp/network-model-20261010/go-tmp/TestRunRejectsImpostorRealProfilev1.04176791266/001/.graph.coimgraph.tmp-795011790 /Volumes/SSD/Developer/coimnet/runs/.tmp/network-model-20261010/go-tmp/TestRunRejectsImpostorRealProfilev1.04176791266/001/graph.coimgraph: operation not supported
--- FAIL: TestRunRejectsSubgraphWithoutInternalEdges (4.45s)
    validation_test.go:67: connectome: publish store without overwrite: link /Volumes/SSD/Developer/coimnet/runs/.tmp/network-model-20261010/go-tmp/TestRunRejectsSubgraphWithoutInternalEdges833311927/001/.graph.coimgraph.tmp-1336871702 /Volumes/SSD/Developer/coimnet/runs/.tmp/network-model-20261010/go-tmp/TestRunRejectsSubgraphWithoutInternalEdges833311927/001/graph.coimgraph: operation not supported
FAIL
FAIL	github.com/TimLai666/coimnet/examples/realsubgraph	46.814s
ok  	github.com/TimLai666/coimnet/examples/realtext	8.077s
ok  	github.com/TimLai666/coimnet/experiment	57.491s
ok  	github.com/TimLai666/coimnet/experiment/fullgraph	42.427s
ok  	github.com/TimLai666/coimnet/experiment/gridnav	0.823s
ok  	github.com/TimLai666/coimnet/experiment/multimodaleval	58.707s
ok  	github.com/TimLai666/coimnet/experiment/nav2d	0.920s
ok  	github.com/TimLai666/coimnet/experiment/studenteval	4.771s
ok  	github.com/TimLai666/coimnet/feather	8.115s
--- FAIL: TestBenchmarkWritesReport (1.65s)
    benchmark_test.go:20: benchmark: benchmark stage "snapshot" repetition 1: publish checkpoint without overwrite: link /Volumes/SSD/Developer/coimnet/runs/.tmp/network-model-20261010/go-tmp/TestBenchmarkWritesReport393869139/001/.b.json.snapshot.tmp.json.tmp-2066589365 /Volumes/SSD/Developer/coimnet/runs/.tmp/network-model-20261010/go-tmp/TestBenchmarkWritesReport393869139/001/b.json.snapshot.tmp.json: operation not supported 
--- FAIL: TestBenchmarkStoreMode (4.86s)
    benchmark_test.go:165: data import: connectome: publish store without overwrite: link /Volumes/SSD/Developer/coimnet/runs/.tmp/network-model-20261010/go-tmp/TestBenchmarkStoreMode3159289723/001/.graph.coimgraph.tmp-1495011228 /Volumes/SSD/Developer/coimnet/runs/.tmp/network-model-20261010/go-tmp/TestBenchmarkStoreMode3159289723/001/graph.coimgraph: operation not supported; stderr=
--- FAIL: TestBenchmarkStoreModeRejects (4.81s)
    benchmark_test.go:245: data import: connectome: publish store without overwrite: link /Volumes/SSD/Developer/coimnet/runs/.tmp/network-model-20261010/go-tmp/TestBenchmarkStoreModeRejects2237402043/001/.graph.coimgraph.tmp-833423606 /Volumes/SSD/Developer/coimnet/runs/.tmp/network-model-20261010/go-tmp/TestBenchmarkStoreModeRejects2237402043/001/graph.coimgraph: operation not supported; stderr=
--- FAIL: TestBenchmarkDefaultRowsPerCall (0.72s)
    benchmark_test.go:346: benchmark: benchmark stage "snapshot" repetition 1: publish checkpoint without overwrite: link /Volumes/SSD/Developer/coimnet/runs/.tmp/network-model-20261010/go-tmp/TestBenchmarkDefaultRowsPerCall1635569150/001/.default.json.snapshot.tmp.json.tmp-3321317913 /Volumes/SSD/Developer/coimnet/runs/.tmp/network-model-20261010/go-tmp/TestBenchmarkDefaultRowsPerCall1635569150/001/default.json.snapshot.tmp.json: operation not supported; stderr=
--- FAIL: TestBenchmarkSplitsIndividualCalls (2.73s)
    benchmark_test.go:371: benchmark: benchmark stage "snapshot" repetition 1: publish checkpoint without overwrite: link /Volumes/SSD/Developer/coimnet/runs/.tmp/network-model-20261010/go-tmp/TestBenchmarkSplitsIndividualCalls4262391390/001/.large.json.snapshot.tmp.json.tmp-1600899185 /Volumes/SSD/Developer/coimnet/runs/.tmp/network-model-20261010/go-tmp/TestBenchmarkSplitsIndividualCalls4262391390/001/large.json.snapshot.tmp.json: operation not supported; stderr=
--- FAIL: TestBenchmarkSnapshotStageLeavesNoTempFile (0.45s)
    benchmark_test.go:414: benchmark: benchmark stage "snapshot" repetition 1: publish checkpoint without overwrite: link /Volumes/SSD/Developer/coimnet/runs/.tmp/network-model-20261010/go-tmp/TestBenchmarkSnapshotStageLeavesNoTempFile1366516429/001/.b.json.snapshot.tmp.json.tmp-3152316219 /Volumes/SSD/Developer/coimnet/runs/.tmp/network-model-20261010/go-tmp/TestBenchmarkSnapshotStageLeavesNoTempFile1366516429/001/b.json.snapshot.tmp.json: operation not supported 
--- FAIL: TestCheckpointMigrateCLIWritesMigratedFileAndPrintsReport (0.46s)
    checkpoint_test.go:62: SaveIndividual: publish checkpoint without overwrite: link /Volumes/SSD/Developer/coimnet/runs/.tmp/network-model-20261010/go-tmp/TestCheckpointMigrateCLIWritesMigratedFileAndPrintsReport621441193/001/.source.json.tmp-1959028696 /Volumes/SSD/Developer/coimnet/runs/.tmp/network-model-20261010/go-tmp/TestCheckpointMigrateCLIWritesMigratedFileAndPrintsReport621441193/001/source.json: operation not supported
--- FAIL: TestCheckpointMigrateCLIUpgradesPreUnionIndividual (0.65s)
    checkpoint_test.go:108: publish checkpoint without overwrite: link /Volumes/SSD/Developer/coimnet/runs/.tmp/network-model-20261010/go-tmp/TestCheckpointMigrateCLIUpgradesPreUnionIndividual2287634474/001/.saved.json.tmp-2507754098 /Volumes/SSD/Developer/coimnet/runs/.tmp/network-model-20261010/go-tmp/TestCheckpointMigrateCLIUpgradesPreUnionIndividual2287634474/001/saved.json: operation not supported
--- FAIL: TestCheckpointMigrateCLIRefusesExistingTarget (0.33s)
    checkpoint_test.go:168: publish checkpoint without overwrite: link /Volumes/SSD/Developer/coimnet/runs/.tmp/network-model-20261010/go-tmp/TestCheckpointMigrateCLIRefusesExistingTarget1363326187/001/.source.json.tmp-1937092657 /Volumes/SSD/Developer/coimnet/runs/.tmp/network-model-20261010/go-tmp/TestCheckpointMigrateCLIRefusesExistingTarget1363326187/001/source.json: operation not supported
--- FAIL: TestCheckpointMigrateCLIRefusesSamePath (0.37s)
    checkpoint_test.go:198: publish checkpoint without overwrite: link /Volumes/SSD/Developer/coimnet/runs/.tmp/network-model-20261010/go-tmp/TestCheckpointMigrateCLIRefusesSamePath71080625/001/.source.json.tmp-2265813271 /Volumes/SSD/Developer/coimnet/runs/.tmp/network-model-20261010/go-tmp/TestCheckpointMigrateCLIRefusesSamePath71080625/001/source.json: operation not supported
--- FAIL: TestRunDryRunReportsAnEstimateAndPassesEveryCheck (0.96s)
    config_run_test.go:148: SaveModelPackage() error = publish checkpoint without overwrite: link /Volumes/SSD/Developer/coimnet/runs/.tmp/network-model-20261010/go-tmp/TestRunDryRunReportsAnEstimateAndPassesEveryCheck1898832554/001/.tiny.coimpkg.tmp-988695047 /Volumes/SSD/Developer/coimnet/runs/.tmp/network-model-20261010/go-tmp/TestRunDryRunReportsAnEstimateAndPassesEveryCheck1898832554/001/tiny.coimpkg: operation not supported
--- FAIL: TestRunDryRunNeverCallsTheTeacher (0.34s)
    config_run_test.go:218: SaveModelPackage() error = publish checkpoint without overwrite: link /Volumes/SSD/Developer/coimnet/runs/.tmp/network-model-20261010/go-tmp/TestRunDryRunNeverCallsTheTeacher234595687/001/.tiny.coimpkg.tmp-3802228417 /Volumes/SSD/Developer/coimnet/runs/.tmp/network-model-20261010/go-tmp/TestRunDryRunNeverCallsTheTeacher234595687/001/tiny.coimpkg: operation not supported
--- FAIL: TestRunDryRunRefusesWhenTheEstimateExceedsTheLimit (0.41s)
    config_run_test.go:242: SaveModelPackage() error = publish checkpoint without overwrite: link /Volumes/SSD/Developer/coimnet/runs/.tmp/network-model-20261010/go-tmp/TestRunDryRunRefusesWhenTheEstimateExceedsTheLimit2443933546/001/.tiny.coimpkg.tmp-2164964184 /Volumes/SSD/Developer/coimnet/runs/.tmp/network-model-20261010/go-tmp/TestRunDryRunRefusesWhenTheEstimateExceedsTheLimit2443933546/001/tiny.coimpkg: operation not supported
--- FAIL: TestRunDryRunCountsPlasticEdgesFromTheDeclaredRules (0.38s)
    config_run_test.go:287: SaveModelPackage() error = publish checkpoint without overwrite: link /Volumes/SSD/Developer/coimnet/runs/.tmp/network-model-20261010/go-tmp/TestRunDryRunCountsPlasticEdgesFromTheDeclaredRules833139701/001/.tiny.coimpkg.tmp-2652935954 /Volumes/SSD/Developer/coimnet/runs/.tmp/network-model-20261010/go-tmp/TestRunDryRunCountsPlasticEdgesFromTheDeclaredRules833139701/001/tiny.coimpkg: operation not supported
--- FAIL: TestRunRejectsUsageErrorsWithStatusOne (0.40s)
    config_run_test.go:341: SaveModelPackage() error = publish checkpoint without overwrite: link /Volumes/SSD/Developer/coimnet/runs/.tmp/network-model-20261010/go-tmp/TestRunRejectsUsageErrorsWithStatusOne195960550/001/.tiny.coimpkg.tmp-1917866246 /Volumes/SSD/Developer/coimnet/runs/.tmp/network-model-20261010/go-tmp/TestRunRejectsUsageErrorsWithStatusOne195960550/001/tiny.coimpkg: operation not supported
--- FAIL: TestRunWithoutDryRunSaysWhichStageImplementsIt (0.43s)
    config_run_test.go:363: SaveModelPackage() error = publish checkpoint without overwrite: link /Volumes/SSD/Developer/coimnet/runs/.tmp/network-model-20261010/go-tmp/TestRunWithoutDryRunSaysWhichStageImplementsIt359829229/001/.tiny.coimpkg.tmp-1853641865 /Volumes/SSD/Developer/coimnet/runs/.tmp/network-model-20261010/go-tmp/TestRunWithoutDryRunSaysWhichStageImplementsIt359829229/001/tiny.coimpkg: operation not supported
--- FAIL: TestRunOverridesAreAppliedAndRecorded (0.41s)
    config_run_test.go:375: SaveModelPackage() error = publish checkpoint without overwrite: link /Volumes/SSD/Developer/coimnet/runs/.tmp/network-model-20261010/go-tmp/TestRunOverridesAreAppliedAndRecorded1874542308/001/.tiny.coimpkg.tmp-594379948 /Volumes/SSD/Developer/coimnet/runs/.tmp/network-model-20261010/go-tmp/TestRunOverridesAreAppliedAndRecorded1874542308/001/tiny.coimpkg: operation not supported
--- FAIL: TestDataDownloadRunE2EAndReceipt (1.15s)
    data_test.go:156: data download: publish downloaded file without overwrite: link /Volumes/SSD/Developer/coimnet/runs/.tmp/network-model-20261010/go-tmp/TestDataDownloadRunE2EAndReceipt1180835086/001/source.bin.part /Volumes/SSD/Developer/coimnet/runs/.tmp/network-model-20261010/go-tmp/TestDataDownloadRunE2EAndReceipt1180835086/001/source.bin: operation not supported; stderr=
--- FAIL: TestDataDownloadRejectsOverwriteChecksumAndSize (1.10s)
    data_test.go:184: initial data download: publish downloaded file without overwrite: link /Volumes/SSD/Developer/coimnet/runs/.tmp/network-model-20261010/go-tmp/TestDataDownloadRejectsOverwriteChecksumAndSize266483350/001/source.bin.part /Volumes/SSD/Developer/coimnet/runs/.tmp/network-model-20261010/go-tmp/TestDataDownloadRejectsOverwriteChecksumAndSize266483350/001/source.bin: operation not supported; stderr=
--- FAIL: TestDataDownloadReportsPublishedReceiptWriteFailure (0.98s)
    data_test.go:249: error = publish downloaded file without overwrite: link /Volumes/SSD/Developer/coimnet/runs/.tmp/network-model-20261010/go-tmp/TestDataDownloadReportsPublishedReceiptWriteFailure4108761180/001/source.bin.part /Volumes/SSD/Developer/coimnet/runs/.tmp/network-model-20261010/go-tmp/TestDataDownloadReportsPublishedReceiptWriteFailure4108761180/001/source.bin: operation not supported, want published receipt-write context and writer error
--- FAIL: TestDataDeriveWritesAParameterSetAndReport (3.06s)
    derive_test.go:162: data import: connectome: publish store without overwrite: link /Volumes/SSD/Developer/coimnet/runs/.tmp/network-model-20261010/go-tmp/TestDataDeriveWritesAParameterSetAndReport2814185876/001/.graph.coimgraph.tmp-3151506938 /Volumes/SSD/Developer/coimnet/runs/.tmp/network-model-20261010/go-tmp/TestDataDeriveWritesAParameterSetAndReport2814185876/001/graph.coimgraph: operation not supported; stderr=
--- FAIL: TestDataDeriveAndValidateFailuresAndHelp (3.09s)
    derive_test.go:237: data import: connectome: publish store without overwrite: link /Volumes/SSD/Developer/coimnet/runs/.tmp/network-model-20261010/go-tmp/TestDataDeriveAndValidateFailuresAndHelp2078969985/001/.graph.coimgraph.tmp-2813285122 /Volumes/SSD/Developer/coimnet/runs/.tmp/network-model-20261010/go-tmp/TestDataDeriveAndValidateFailuresAndHelp2078969985/001/graph.coimgraph: operation not supported; stderr=
--- FAIL: TestExportModelPackageToMarkdown (0.37s)
    export_report_test.go:60: SaveModelPackage: publish checkpoint without overwrite: link /Volumes/SSD/Developer/coimnet/runs/.tmp/network-model-20261010/go-tmp/TestExportModelPackageToMarkdown1434493590/001/.model.coimpkg.tmp-4206618549 /Volumes/SSD/Developer/coimnet/runs/.tmp/network-model-20261010/go-tmp/TestExportModelPackageToMarkdown1434493590/001/model.coimpkg: operation not supported
--- FAIL: TestExamplesRunFullGraphEndToEnd (3.35s)
    fullgraph_test.go:23: data import: connectome: publish store without overwrite: link /Volumes/SSD/Developer/coimnet/runs/.tmp/network-model-20261010/go-tmp/TestExamplesRunFullGraphEndToEnd478142062/001/.graph.coimgraph.tmp-4139267339 /Volumes/SSD/Developer/coimnet/runs/.tmp/network-model-20261010/go-tmp/TestExamplesRunFullGraphEndToEnd478142062/001/graph.coimgraph: operation not supported; stderr=
--- FAIL: TestExamplesRunFullGraphRejects (3.69s)
    fullgraph_test.go:115: data import: connectome: publish store without overwrite: link /Volumes/SSD/Developer/coimnet/runs/.tmp/network-model-20261010/go-tmp/TestExamplesRunFullGraphRejects2329025193/001/.graph.coimgraph.tmp-1534783274 /Volumes/SSD/Developer/coimnet/runs/.tmp/network-model-20261010/go-tmp/TestExamplesRunFullGraphRejects2329025193/001/graph.coimgraph: operation not supported; stderr=
--- FAIL: TestDataImportStoreAndValidateRoundTrip (5.33s)
    import_test.go:210: data import --out-store: connectome: publish store without overwrite: link /Volumes/SSD/Developer/coimnet/runs/.tmp/network-model-20261010/go-tmp/TestDataImportStoreAndValidateRoundTrip3445867741/001/.graph.coimgraph.tmp-2624563378 /Volumes/SSD/Developer/coimnet/runs/.tmp/network-model-20261010/go-tmp/TestDataImportStoreAndValidateRoundTrip3445867741/001/graph.coimgraph: operation not supported; stderr=
--- FAIL: TestModelInspectIndividual (0.79s)
    model_test.go:87: SaveIndividual: publish checkpoint without overwrite: link /Volumes/SSD/Developer/coimnet/runs/.tmp/network-model-20261010/go-tmp/TestModelInspectIndividual1153837157/001/.individual.json.tmp-220826976 /Volumes/SSD/Developer/coimnet/runs/.tmp/network-model-20261010/go-tmp/TestModelInspectIndividual1153837157/001/individual.json: operation not supported
--- FAIL: TestModelInspectPackage (1.91s)
    model_test.go:144: SaveModelPackage: publish checkpoint without overwrite: link /Volumes/SSD/Developer/coimnet/runs/.tmp/network-model-20261010/go-tmp/TestModelInspectPackage3469076769/001/.model.coimpkg.tmp-500444062 /Volumes/SSD/Developer/coimnet/runs/.tmp/network-model-20261010/go-tmp/TestModelInspectPackage3469076769/001/model.coimpkg: operation not supported
--- FAIL: TestModelValidateAcceptsAndRejects (0.55s)
    model_test.go:199: SaveIndividual: publish checkpoint without overwrite: link /Volumes/SSD/Developer/coimnet/runs/.tmp/network-model-20261010/go-tmp/TestModelValidateAcceptsAndRejects716024035/001/.valid.json.tmp-2459147811 /Volumes/SSD/Developer/coimnet/runs/.tmp/network-model-20261010/go-tmp/TestModelValidateAcceptsAndRejects716024035/001/valid.json: operation not supported
--- FAIL: TestSimulateRunReportsTheSpikingCoreOnAStore (8.10s)
    simulate_test.go:164: data import: connectome: publish store without overwrite: link /Volumes/SSD/Developer/coimnet/runs/.tmp/network-model-20261010/go-tmp/TestSimulateRunReportsTheSpikingCoreOnAStore1941915107/001/.graph.coimgraph.tmp-1144154214 /Volumes/SSD/Developer/coimnet/runs/.tmp/network-model-20261010/go-tmp/TestSimulateRunReportsTheSpikingCoreOnAStore1941915107/001/graph.coimgraph: operation not supported; stderr=
--- FAIL: TestSimulateRunReportsTheContinuousCore (3.22s)
    simulate_test.go:206: data import: connectome: publish store without overwrite: link /Volumes/SSD/Developer/coimnet/runs/.tmp/network-model-20261010/go-tmp/TestSimulateRunReportsTheContinuousCore3121680434/001/.graph.coimgraph.tmp-764057066 /Volumes/SSD/Developer/coimnet/runs/.tmp/network-model-20261010/go-tmp/TestSimulateRunReportsTheContinuousCore3121680434/001/graph.coimgraph: operation not supported; stderr=
--- FAIL: TestSimulateRunSavesAndContinuesState (6.49s)
    simulate_test.go:226: data import: connectome: publish store without overwrite: link /Volumes/SSD/Developer/coimnet/runs/.tmp/network-model-20261010/go-tmp/TestSimulateRunSavesAndContinuesState2510578760/001/.graph.coimgraph.tmp-3407441969 /Volumes/SSD/Developer/coimnet/runs/.tmp/network-model-20261010/go-tmp/TestSimulateRunSavesAndContinuesState2510578760/001/graph.coimgraph: operation not supported; stderr=
--- FAIL: TestSimulateRunResolvesSelectorsAndReportsThem (3.79s)
    simulate_test.go:281: data import: connectome: publish store without overwrite: link /Volumes/SSD/Developer/coimnet/runs/.tmp/network-model-20261010/go-tmp/TestSimulateRunResolvesSelectorsAndReportsThem1020535913/001/.graph.coimgraph.tmp-2876095987 /Volumes/SSD/Developer/coimnet/runs/.tmp/network-model-20261010/go-tmp/TestSimulateRunResolvesSelectorsAndReportsThem1020535913/001/graph.coimgraph: operation not supported; stderr=
--- FAIL: TestSimulateRunFailuresAndHelp (4.45s)
    simulate_test.go:318: data import: connectome: publish store without overwrite: link /Volumes/SSD/Developer/coimnet/runs/.tmp/network-model-20261010/go-tmp/TestSimulateRunFailuresAndHelp2371817680/001/.graph.coimgraph.tmp-2486093254 /Volumes/SSD/Developer/coimnet/runs/.tmp/network-model-20261010/go-tmp/TestSimulateRunFailuresAndHelp2371817680/001/graph.coimgraph: operation not supported; stderr=
--- FAIL: TestSimulateRunReportsStabilityFlagsWithoutFailing (8.86s)
    simulate_test.go:416: data import: connectome: publish store without overwrite: link /Volumes/SSD/Developer/coimnet/runs/.tmp/network-model-20261010/go-tmp/TestSimulateRunReportsStabilityFlagsWithoutFailing2306691844/001/.graph.coimgraph.tmp-1631250760 /Volumes/SSD/Developer/coimnet/runs/.tmp/network-model-20261010/go-tmp/TestSimulateRunReportsStabilityFlagsWithoutFailing2306691844/001/graph.coimgraph: operation not supported; stderr=
--- FAIL: TestSimulateRunAppliesADerivedParameterSet (3.09s)
    simulate_test.go:469: data import: connectome: publish store without overwrite: link /Volumes/SSD/Developer/coimnet/runs/.tmp/network-model-20261010/go-tmp/TestSimulateRunAppliesADerivedParameterSet1835543658/001/.graph.coimgraph.tmp-3181893606 /Volumes/SSD/Developer/coimnet/runs/.tmp/network-model-20261010/go-tmp/TestSimulateRunAppliesADerivedParameterSet1835543658/001/graph.coimgraph: operation not supported; stderr=
--- FAIL: TestSimulateRunContinuesADerivedRunFromAState (7.33s)
    simulate_test.go:516: data import: connectome: publish store without overwrite: link /Volumes/SSD/Developer/coimnet/runs/.tmp/network-model-20261010/go-tmp/TestSimulateRunContinuesADerivedRunFromAState787060586/001/.graph.coimgraph.tmp-744517283 /Volumes/SSD/Developer/coimnet/runs/.tmp/network-model-20261010/go-tmp/TestSimulateRunContinuesADerivedRunFromAState787060586/001/graph.coimgraph: operation not supported; stderr=
--- FAIL: TestSimulateRunDerivedParameterFailuresAndHelp (5.04s)
    simulate_test.go:542: data import: connectome: publish store without overwrite: link /Volumes/SSD/Developer/coimnet/runs/.tmp/network-model-20261010/go-tmp/TestSimulateRunDerivedParameterFailuresAndHelp1119041180/001/.graph.coimgraph.tmp-695534768 /Volumes/SSD/Developer/coimnet/runs/.tmp/network-model-20261010/go-tmp/TestSimulateRunDerivedParameterFailuresAndHelp1119041180/001/graph.coimgraph: operation not supported; stderr=
--- FAIL: TestSimulateCompareRunsTheMatrixAndWritesEveryCell (5.36s)
    simulate_test.go:801: data import: connectome: publish store without overwrite: link /Volumes/SSD/Developer/coimnet/runs/.tmp/network-model-20261010/go-tmp/TestSimulateCompareRunsTheMatrixAndWritesEveryCell2806701683/001/.graph.coimgraph.tmp-3655128511 /Volumes/SSD/Developer/coimnet/runs/.tmp/network-model-20261010/go-tmp/TestSimulateCompareRunsTheMatrixAndWritesEveryCell2806701683/001/graph.coimgraph: operation not supported; stderr=
--- FAIL: TestSimulateCompareRunsTheDerivedSource (3.46s)
    simulate_test.go:873: data import: connectome: publish store without overwrite: link /Volumes/SSD/Developer/coimnet/runs/.tmp/network-model-20261010/go-tmp/TestSimulateCompareRunsTheDerivedSource1344508281/001/.graph.coimgraph.tmp-1354655019 /Volumes/SSD/Developer/coimnet/runs/.tmp/network-model-20261010/go-tmp/TestSimulateCompareRunsTheDerivedSource1344508281/001/graph.coimgraph: operation not supported; stderr=
--- FAIL: TestSimulateCompareFailuresAndHelp (2.68s)
    simulate_test.go:916: data import: connectome: publish store without overwrite: link /Volumes/SSD/Developer/coimnet/runs/.tmp/network-model-20261010/go-tmp/TestSimulateCompareFailuresAndHelp2924826150/001/.graph.coimgraph.tmp-2926651229 /Volumes/SSD/Developer/coimnet/runs/.tmp/network-model-20261010/go-tmp/TestSimulateCompareFailuresAndHelp2924826150/001/graph.coimgraph: operation not supported; stderr=
--- FAIL: TestSimulateRunAcceptsThePlasticityBlock (3.22s)
    simulate_test.go:1036: data import: connectome: publish store without overwrite: link /Volumes/SSD/Developer/coimnet/runs/.tmp/network-model-20261010/go-tmp/TestSimulateRunAcceptsThePlasticityBlock676018382/001/.graph.coimgraph.tmp-3398448099 /Volumes/SSD/Developer/coimnet/runs/.tmp/network-model-20261010/go-tmp/TestSimulateRunAcceptsThePlasticityBlock676018382/001/graph.coimgraph: operation not supported; stderr=
--- FAIL: TestSimulateCompareAcceptsTheLearningVariants (3.10s)
    simulate_test.go:1080: data import: connectome: publish store without overwrite: link /Volumes/SSD/Developer/coimnet/runs/.tmp/network-model-20261010/go-tmp/TestSimulateCompareAcceptsTheLearningVariants1348893319/001/.graph.coimgraph.tmp-3080525340 /Volumes/SSD/Developer/coimnet/runs/.tmp/network-model-20261010/go-tmp/TestSimulateCompareAcceptsTheLearningVariants1348893319/001/graph.coimgraph: operation not supported; stderr=
--- FAIL: TestSimulateRunRefusesStateFlagsWithThePlasticityBlock (3.57s)
    simulate_test.go:1153: data import: connectome: publish store without overwrite: link /Volumes/SSD/Developer/coimnet/runs/.tmp/network-model-20261010/go-tmp/TestSimulateRunRefusesStateFlagsWithThePlasticityBlock2599366485/001/.graph.coimgraph.tmp-1159646254 /Volumes/SSD/Developer/coimnet/runs/.tmp/network-model-20261010/go-tmp/TestSimulateRunRefusesStateFlagsWithThePlasticityBlock2599366485/001/graph.coimgraph: operation not supported; stderr=
--- FAIL: TestTrainResumeAndObservationOnlyPrediction (0.44s)
    train_test.go:28: [train delayed --steps 12 --checkpoint /Volumes/SSD/Developer/coimnet/runs/.tmp/network-model-20261010/go-tmp/TestTrainResumeAndObservationOnlyPrediction70180718/001/first.json]: publish checkpoint without overwrite: link /Volumes/SSD/Developer/coimnet/runs/.tmp/network-model-20261010/go-tmp/TestTrainResumeAndObservationOnlyPrediction70180718/001/.first.json.tmp-1874248975 /Volumes/SSD/Developer/coimnet/runs/.tmp/network-model-20261010/go-tmp/TestTrainResumeAndObservationOnlyPrediction70180718/001/first.json: operation not supported 
FAIL
FAIL	github.com/TimLai666/coimnet/internal/cli	212.354s
ok  	github.com/TimLai666/coimnet/internal/delayedfixture	6.800s
ok  	github.com/TimLai666/coimnet/internal/extsort	22.259s
ok  	github.com/TimLai666/coimnet/internal/fileio	4.600s
ok  	github.com/TimLai666/coimnet/internal/jsonkey	1.251s
ok  	github.com/TimLai666/coimnet/internal/redact	1.185s
ok  	github.com/TimLai666/coimnet/internal/sparse	1.181s
ok  	github.com/TimLai666/coimnet/internal/strictjson	1.435s
ok  	github.com/TimLai666/coimnet/learning	33.857s
--- FAIL: TestStatefulPPOCheckpointNewProcess (0.38s)
    stateful_checkpoint_test.go:85: publish checkpoint without overwrite: link /Volumes/SSD/Developer/coimnet/runs/.tmp/network-model-20261010/go-tmp/TestStatefulPPOCheckpointNewProcess2592186921/001/.before.json.tmp-3002362000 /Volumes/SSD/Developer/coimnet/runs/.tmp/network-model-20261010/go-tmp/TestStatefulPPOCheckpointNewProcess2592186921/001/before.json: operation not supported
FAIL
FAIL	github.com/TimLai666/coimnet/learning/rl	6.404s
ok  	github.com/TimLai666/coimnet/modulation	14.334s
ok  	github.com/TimLai666/coimnet/multimodal	2.826s
ok  	github.com/TimLai666/coimnet/multimodal/synthetic	1.333s
--- FAIL: TestSaveAndLoadRoundTrip (5.04s)
    set_test.go:33: Save: params: publish parameter set without overwrite: link /Volumes/SSD/Developer/coimnet/runs/.tmp/network-model-20261010/go-tmp/TestSaveAndLoadRoundTrip3976503634/001/.params.coimparams.tmp-917737097 /Volumes/SSD/Developer/coimnet/runs/.tmp/network-model-20261010/go-tmp/TestSaveAndLoadRoundTrip3976503634/001/params.coimparams: operation not supported
--- FAIL: TestSaveIsByteIdenticalAndNeverOverwrites (7.66s)
    set_test.go:73: params: publish parameter set without overwrite: link /Volumes/SSD/Developer/coimnet/runs/.tmp/network-model-20261010/go-tmp/TestSaveIsByteIdenticalAndNeverOverwrites2416607238/001/.a.coimparams.tmp-1253400995 /Volumes/SSD/Developer/coimnet/runs/.tmp/network-model-20261010/go-tmp/TestSaveIsByteIdenticalAndNeverOverwrites2416607238/001/a.coimparams: operation not supported
--- FAIL: TestLoadRejectsEveryTamperedByte (6.59s)
    set_test.go:107: params: publish parameter set without overwrite: link /Volumes/SSD/Developer/coimnet/runs/.tmp/network-model-20261010/go-tmp/TestLoadRejectsEveryTamperedByte1761283843/001/.params.coimparams.tmp-1806574867 /Volumes/SSD/Developer/coimnet/runs/.tmp/network-model-20261010/go-tmp/TestLoadRejectsEveryTamperedByte1761283843/001/params.coimparams: operation not supported
FAIL
FAIL	github.com/TimLai666/coimnet/params	88.501s
ok  	github.com/TimLai666/coimnet/plasticity	1.464s
ok  	github.com/TimLai666/coimnet/replay	1.504s
ok  	github.com/TimLai666/coimnet/resources	1.205s
ok  	github.com/TimLai666/coimnet/signal	1.628s
ok  	github.com/TimLai666/coimnet/simulate	213.009s
--- FAIL: TestStreamFileResumesExactlyAndDoesNotOverwrite (1.14s)
    stream_file_test.go:41: Save: asr: save stream: publish checkpoint without overwrite: link /Volumes/SSD/Developer/coimnet/runs/.tmp/network-model-20261010/go-tmp/TestStreamFileResumesExactlyAndDoesNotOverwrite1673688672/001/.stream.json.tmp-517941465 /Volumes/SSD/Developer/coimnet/runs/.tmp/network-model-20261010/go-tmp/TestStreamFileResumesExactlyAndDoesNotOverwrite1673688672/001/stream.json: operation not supported
--- FAIL: TestStreamFileRejectsTamperingEvenWithFreshChecksum (0.70s)
    stream_file_test.go:99: asr: save stream: publish checkpoint without overwrite: link /Volumes/SSD/Developer/coimnet/runs/.tmp/network-model-20261010/go-tmp/TestStreamFileRejectsTamperingEvenWithFreshChecksum2192420032/001/.valid.json.tmp-2638854702 /Volumes/SSD/Developer/coimnet/runs/.tmp/network-model-20261010/go-tmp/TestStreamFileRejectsTamperingEvenWithFreshChecksum2192420032/001/valid.json: operation not supported
--- FAIL: TestStreamFileRejectsWrongSchemaAndChecksum (0.40s)
    stream_file_test.go:224: asr: save stream: publish checkpoint without overwrite: link /Volumes/SSD/Developer/coimnet/runs/.tmp/network-model-20261010/go-tmp/TestStreamFileRejectsWrongSchemaAndChecksum4191338458/001/.good.json.tmp-1405108552 /Volumes/SSD/Developer/coimnet/runs/.tmp/network-model-20261010/go-tmp/TestStreamFileRejectsWrongSchemaAndChecksum4191338458/001/good.json: operation not supported
--- FAIL: TestStreamFileAcrossProcess (0.68s)
    stream_file_test.go:275: asr: save stream: publish checkpoint without overwrite: link /Volumes/SSD/Developer/coimnet/runs/.tmp/network-model-20261010/go-tmp/TestStreamFileAcrossProcess400805135/001/.stream.json.tmp-2584811412 /Volumes/SSD/Developer/coimnet/runs/.tmp/network-model-20261010/go-tmp/TestStreamFileAcrossProcess400805135/001/stream.json: operation not supported
FAIL
FAIL	github.com/TimLai666/coimnet/tasks/asr	26.883s
ok  	github.com/TimLai666/coimnet/tasks/asr/audio	6.019s
--- FAIL: TestPackageVideoPackages (2.42s)
    testing.go:1464: TempDir RemoveAll cleanup: unlinkat /Volumes/SSD/Developer/coimnet/runs/.tmp/network-model-20261010/go-tmp/TestPackageVideoPackages3650472808/002: directory not empty
FAIL
FAIL	github.com/TimLai666/coimnet/tasks/media	84.993s
ok  	github.com/TimLai666/coimnet/tasks/media/realdata	4.836s
ok  	github.com/TimLai666/coimnet/tasks/nav2d/trajectory	15.073s
ok  	github.com/TimLai666/coimnet/tasks/ocr	4.998s
ok  	github.com/TimLai666/coimnet/tasks/ocr/ctc	1.387s
ok  	github.com/TimLai666/coimnet/tasks/ocr/glyphs	1.105s
ok  	github.com/TimLai666/coimnet/tasks/textgen	61.323s
ok  	github.com/TimLai666/coimnet/tasks/textgen/tokenizer	2.829s
ok  	github.com/TimLai666/coimnet/teacher	9.835s
ok  	github.com/TimLai666/coimnet/teacher/tool	1.032s
FAIL
