=== RUN   TestGovernanceRequirementIDsMatchHandoff
--- PASS: TestGovernanceRequirementIDsMatchHandoff (0.00s)
=== RUN   TestGovernanceStatusValuesAreDeclared
--- PASS: TestGovernanceStatusValuesAreDeclared (0.00s)
=== RUN   TestGovernancePassedRequirementsHaveEvidence
--- PASS: TestGovernancePassedRequirementsHaveEvidence (0.09s)
=== RUN   TestGovernanceTicketsHaveDatedRootDecisions
    governance_test.go:301: no Root 決策 section: 01-environment.md
    governance_test.go:301: no Root 決策 section: 02-sparse.md
    governance_test.go:301: no Root 決策 section: 03-signals.md
    governance_test.go:301: no Root 決策 section: 04-continuous-training.md
    governance_test.go:301: no Root 決策 section: 05-resume.md
    governance_test.go:301: no Root 決策 section: 06-source-download.md
    governance_test.go:301: no Root 決策 section: 07-feather-reader.md
    governance_test.go:301: no Root 決策 section: 10-real-subgraph-example.md
    governance_test.go:301: no Root 決策 section: 34-real-trajectory-stimulus-memory-proposal.md
    governance_test.go:301: no Root 決策 section: 35-frozen-stimulus-history-counterfactual.md
    governance_test.go:301: no Root 決策 section: 36-synthetic-goal-cue-audit.md
--- PASS: TestGovernanceTicketsHaveDatedRootDecisions (0.03s)
PASS
ok  	github.com/TimLai666/coimnet	3.525s
