backend/backend.go: OK
backend/backend_test.go: OK
backend/ledger.go: OK
backend/webgpu/doc.go: OK
backend/webgpu/sparse_backward.go: OK
backend/webgpu/sparse_backward_test.go: OK
backend/webgpu/sparse_drive.go: OK
backend/webgpu/sparse_drive_test.go: OK
cancel_release_test.go: OK
checkpoint/bundle.go: OK
checkpoint/bundle_kinds.go: OK
checkpoint/bundle_kinds_test.go: OK
checkpoint/bundle_race_off_test.go: OK
checkpoint/bundle_race_on_test.go: OK
checkpoint/bundle_test.go: OK
checkpoint/checkpoint.go: OK
checkpoint/checkpoint_json_depth_test.go: OK
checkpoint/checkpoint_test.go: OK
checkpoint/episode_required_test.go: OK
checkpoint/individual.go: OK
checkpoint/individual_bytes_test.go: OK
checkpoint/individual_example_test.go: OK
checkpoint/individual_full_resume_test.go: OK
checkpoint/individual_null_test.go: OK
checkpoint/individual_test.go: OK
checkpoint/lif_snapshot_test.go: OK
checkpoint/load_nonregular_test.go: OK
checkpoint/load_nonregular_unix_test.go: OK
checkpoint/migrate.go: OK
checkpoint/migrate_test.go: OK
checkpoint/options_compat_test.go: OK
checkpoint/package.go: OK
checkpoint/package_capacity_test.go: OK
checkpoint/package_test.go: OK
checkpoint/payload_test.go: OK
checkpoint/projection_test.go: OK
checkpoint/required.go: OK
checkpoint/required_test.go: OK
cmd/coimnet/main.go: OK
config/config.go: OK
config/config_test.go: OK
config/load.go: OK
config/reflect.go: OK
config/registry.go: OK
config/secret.go: OK
connectome/build.go: OK
connectome/build_test.go: OK
connectome/columns.go: OK
connectome/fixture_test.go: OK
connectome/flywire/feather.go: OK
connectome/flywire/flywire.go: OK
connectome/flywire/flywire_test.go: OK
connectome/graph.go: OK
connectome/ids.go: OK
connectome/individual_test.go: OK
connectome/manifest.go: OK
connectome/manifest_json_alias_test.go: OK
connectome/manifest_test.go: OK
connectome/mapping.go: OK
connectome/mapping_test.go: OK
connectome/records.go: OK
connectome/report.go: OK
connectome/store.go: OK
connectome/store_limits_test.go: OK
connectome/store_receipt_test.go: OK
connectome/store_test.go: OK
distill/collect.go: OK
distill/distill.go: OK
distill/distill_test.go: OK
distill/distribution.go: OK
distill/distribution_test.go: OK
distill/encoders.go: OK
distill/train.go: OK
distill/train_test.go: OK
distill/untrusted_teacher_test.go: OK
download/disk_free_other.go: OK
download/disk_free_unix.go: OK
download/disk_free_windows.go: OK
download/download.go: OK
download/download_json_depth_test.go: OK
download/download_test.go: OK
download/resume_test.go: OK
dynamics/continuous.go: OK
dynamics/continuous_test.go: OK
dynamics/gpu_adapter.go: OK
dynamics/gpu_adapter_test.go: OK
dynamics/lif.go: OK
dynamics/lif_recompute.go: OK
dynamics/lif_recompute_test.go: OK
dynamics/lif_segment.go: OK
dynamics/lif_segment_test.go: OK
dynamics/lif_state.go: OK
dynamics/lif_state_test.go: OK
dynamics/lif_test.go: OK
dynamics/mixed.go: OK
dynamics/mixed_contraction_default_test.go: OK
dynamics/mixed_contraction_race_test.go: OK
dynamics/mixed_state.go: OK
dynamics/mixed_test.go: OK
dynamics/modulation.go: OK
dynamics/modulation_test.go: OK
dynamics/precision_test.go: OK
dynamics/recompute.go: OK
dynamics/recompute_test.go: OK
dynamics/state.go: OK
dynamics/state_portability_test.go: OK
dynamics/state_test.go: OK
dynamics/vector.go: OK
dynamics/vector_backward_test.go: OK
dynamics/vector_core.go: OK
dynamics/vector_core_test.go: OK
dynamics/vector_reference_test.go: OK
dynamics/vector_test.go: OK
dynamics/workers.go: OK
dynamics/workers_forward_test.go: OK
dynamics/workers_lif_test.go: OK
dynamics/workers_test.go: OK
dynamics/zero_value_test.go: OK
example_sdk_test.go: OK
examples/lifthreshold/main.go: OK
examples/lifthreshold/main_test.go: OK
examples/multichannel/adapter.go: OK
examples/multichannel/adapter_test.go: OK
examples/multichannel/compatibility_test.go: OK
examples/multichannel/example_test.go: OK
examples/realasr/main.go: OK
examples/realasr/main_test.go: OK
examples/realmedia/fit_test.go: OK
examples/realmedia/main.go: OK
examples/realmedia/trainer.go: OK
examples/realnav/data.go: OK
examples/realnav/data_test.go: OK
examples/realnav/main.go: OK
examples/realnav/main_test.go: OK
examples/realnav/model.go: OK
examples/realnav/model_test.go: OK
examples/realnav/rollout.go: OK
examples/realnav/rollout_regression_test.go: OK
examples/realnav/rollout_test.go: OK
examples/realnav/rss_unix.go: OK
examples/realnav/rss_windows.go: OK
examples/realnav/signals_unix.go: OK
examples/realnav/signals_windows.go: OK
examples/realnavmemory/counterfactual.go: OK
examples/realnavmemory/counterfactual_test.go: OK
examples/realnavmemory/data.go: OK
examples/realnavmemory/data_test.go: OK
examples/realnavmemory/main.go: OK
examples/realnavmemory/main_test.go: OK
examples/realnavmemory/model.go: OK
examples/realnavmemory/model_test.go: OK
examples/realnavmemory/rollout.go: OK
examples/realnavmemory/rollout_test.go: OK
examples/realnavmemory/split.go: OK
examples/realnavmemory/split_test.go: OK
examples/realnavmemory/storage.go: OK
examples/realnavmemory/storage_test.go: OK
examples/realocr/main.go: OK
examples/realocr/main_test.go: OK
examples/realsubgraph/main.go: OK
examples/realsubgraph/main_test.go: OK
examples/realsubgraph/validation_test.go: OK
examples/realtext/main.go: OK
examples/realtext/main_test.go: OK
experiment/ablation.go: OK
experiment/ablation_controllers.go: OK
experiment/ablation_controllers_test.go: OK
experiment/ablation_test.go: OK
experiment/adaptive.go: OK
experiment/adaptive_checks.go: OK
experiment/adaptive_checks_test.go: OK
experiment/adaptive_fixture.go: OK
experiment/adaptive_run.go: OK
experiment/adaptive_run_test.go: OK
experiment/adaptive_test.go: OK
experiment/attribution.go: OK
experiment/attribution_evidence_test.go: OK
experiment/attribution_models.go: OK
experiment/attribution_models_test.go: OK
experiment/attribution_test.go: OK
experiment/bioinspired.go: OK
experiment/bioinspired_npf.go: OK
experiment/bioinspired_npf_test.go: OK
experiment/bioinspired_run.go: OK
experiment/bioinspired_run_test.go: OK
experiment/bioinspired_test.go: OK
experiment/continual.go: OK
experiment/continual_comparison.go: OK
experiment/continual_comparison_test.go: OK
experiment/continual_controls.go: OK
experiment/continual_controls_test.go: OK
experiment/continual_eval.go: OK
experiment/continual_eval_test.go: OK
experiment/continual_fixture.go: OK
experiment/continual_math.go: OK
experiment/continual_math_test.go: OK
experiment/continual_run.go: OK
experiment/continual_run_test.go: OK
experiment/continual_test.go: OK
experiment/control_regression_test.go: OK
experiment/delayed.go: OK
experiment/delayed_test.go: OK
experiment/fullgraph/evidence_test.go: OK
experiment/fullgraph/load.go: OK
experiment/fullgraph/model.go: OK
experiment/fullgraph/model_test.go: OK
experiment/fullgraph/resume.go: OK
experiment/fullgraph/resume_test.go: OK
experiment/fullgraph/run.go: OK
experiment/fullgraph/run_test.go: OK
experiment/fullgraph/train.go: OK
experiment/fullgraph/train_test.go: OK
experiment/gridnav/doc.go: OK
experiment/gridnav/env.go: OK
experiment/gridnav/env_test.go: OK
experiment/imitation.go: OK
experiment/imitation_test.go: OK
experiment/lif_delayed.go: OK
experiment/lif_delayed_test.go: OK
experiment/lif_threshold.go: OK
experiment/lif_threshold_test.go: OK
experiment/multimodaleval/evidence_test.go: OK
experiment/multimodaleval/model.go: OK
experiment/multimodaleval/model_test.go: OK
experiment/multimodaleval/run.go: OK
experiment/multimodaleval/run_test.go: OK
experiment/multitask.go: OK
experiment/multitask_core.go: OK
experiment/multitask_core_test.go: OK
experiment/multitask_evidence_test.go: OK
experiment/multitask_schedule.go: OK
experiment/multitask_schedule_test.go: OK
experiment/multitask_test.go: OK
experiment/nav2d/doc.go: OK
experiment/nav2d/env.go: OK
experiment/nav2d/env_test.go: OK
experiment/nav2d/tasks.go: OK
experiment/nav2d/tasks_test.go: OK
experiment/nav2d_evidence_test.go: OK
experiment/nav2d_policy.go: OK
experiment/nav2d_policy_test.go: OK
experiment/nav2d_suite.go: OK
experiment/nav2d_suite_test.go: OK
experiment/plastic_eval_test.go: OK
experiment/ppo.go: OK
experiment/ppo_collect.go: OK
experiment/ppo_collect_test.go: OK
experiment/ppo_goal_memory_evidence_test.go: OK
experiment/ppo_goal_memory_test.go: OK
experiment/ppo_model.go: OK
experiment/ppo_short_goal_evidence_test.go: OK
experiment/ppo_short_goal_test.go: OK
experiment/ppo_test.go: OK
experiment/studenteval/assisted_test.go: OK
experiment/studenteval/studenteval.go: OK
experiment/studenteval/studenteval_test.go: OK
experiment/target_taint_test.go: OK
feather/allocator.go: OK
feather/feather_test.go: OK
feather/reader.go: OK
feather/special_unix_test.go: OK
feather/validate.go: OK
go.mod: OK
go.sum: OK
governance_test.go: OK
internal/cli/ablate.go: OK
internal/cli/ablate_test.go: OK
internal/cli/asr.go: OK
internal/cli/asr_test.go: OK
internal/cli/attribution.go: OK
internal/cli/attribution_test.go: OK
internal/cli/benchmark.go: OK
internal/cli/benchmark_test.go: OK
internal/cli/checkpoint.go: OK
internal/cli/checkpoint_test.go: OK
internal/cli/config_run.go: OK
internal/cli/config_run_test.go: OK
internal/cli/continual.go: OK
internal/cli/continual_test.go: OK
internal/cli/data.go: OK
internal/cli/data_test.go: OK
internal/cli/derive.go: OK
internal/cli/derive_test.go: OK
internal/cli/doctor.go: OK
internal/cli/doctor_gpu.go: OK
internal/cli/doctor_memory_darwin.go: OK
internal/cli/doctor_memory_darwin_test.go: OK
internal/cli/doctor_memory_linux.go: OK
internal/cli/doctor_memory_other.go: OK
internal/cli/doctor_memory_windows.go: OK
internal/cli/doctor_test.go: OK
internal/cli/evaluate.go: OK
internal/cli/evaluate_test.go: OK
internal/cli/export.go: OK
internal/cli/export_report_test.go: OK
internal/cli/fullgraph.go: OK
internal/cli/fullgraph_test.go: OK
internal/cli/gridnav.go: OK
internal/cli/gridnav_test.go: OK
internal/cli/import.go: OK
internal/cli/import_test.go: OK
internal/cli/inspect.go: OK
internal/cli/inspect_test.go: OK
internal/cli/media.go: OK
internal/cli/media_test.go: OK
internal/cli/model.go: OK
internal/cli/model_test.go: OK
internal/cli/multimodal.go: OK
internal/cli/nav2d.go: OK
internal/cli/nav2d_multimodal_test.go: OK
internal/cli/ocr.go: OK
internal/cli/ocr_test.go: OK
internal/cli/output_error_test.go: OK
internal/cli/report.go: OK
internal/cli/roles.go: OK
internal/cli/roles_test.go: OK
internal/cli/run.go: OK
internal/cli/run_test.go: OK
internal/cli/simulate.go: OK
internal/cli/simulate_test.go: OK
internal/cli/textgen.go: OK
internal/cli/textgen_test.go: OK
internal/cli/train.go: OK
internal/cli/train_test.go: OK
internal/cli/validate.go: OK
internal/cli/video.go: OK
internal/cli/video_test.go: OK
internal/delayedfixture/delayedfixture.go: OK
internal/delayedfixture/delayedfixture_test.go: OK
internal/extsort/extsort.go: OK
internal/extsort/extsort_test.go: OK
internal/fileio/fileio_test.go: OK
internal/fileio/fileio_unix_test.go: OK
internal/fileio/open.go: OK
internal/fileio/open_other.go: OK
internal/fileio/open_test.go: OK
internal/fileio/open_unix.go: OK
internal/fileio/open_unix_common.go: OK
internal/fileio/open_unix_other.go: OK
internal/fileio/open_windows.go: OK
internal/fileio/read.go: OK
internal/jsonkey/fold.go: OK
internal/jsonkey/fold_test.go: OK
internal/redact/redact.go: OK
internal/redact/redact_test.go: OK
internal/sparse/operator.go: OK
internal/sparse/operator_test.go: OK
internal/strictjson/strictjson.go: OK
internal/strictjson/strictjson_test.go: OK
learning/accumulate.go: OK
learning/accumulate_test.go: OK
learning/adam_reference_test.go: OK
learning/capacity.go: OK
learning/capacity_test.go: OK
learning/chemistry.go: OK
learning/chemistry_freeze_test.go: OK
learning/chemistry_test.go: OK
learning/clip_order_test.go: OK
learning/consolidation.go: OK
learning/consolidation_test.go: OK
learning/constrained.go: OK
learning/core.go: OK
learning/derived_fixture_test.go: OK
learning/gpu_trainer.go: OK
learning/gpu_trainer_test.go: OK
learning/individual.go: OK
learning/individual_test.go: OK
learning/input_nodes_test.go: OK
learning/intervene.go: OK
learning/intervene_channels_test.go: OK
learning/intervene_test.go: OK
learning/intervention.go: OK
learning/intervention_test.go: OK
learning/invalid_shape_test.go: OK
learning/lif_flatten_test.go: OK
learning/lif_test.go: OK
learning/loss_scale_test.go: OK
learning/masks_test.go: OK
learning/memory.go: OK
learning/memory_test.go: OK
learning/mixed_test.go: OK
learning/network.go: OK
learning/network_test.go: OK
learning/online.go: OK
learning/online_test.go: OK
learning/plastic_freeze_test.go: OK
learning/plasticity_helpers_test.go: OK
learning/plasticity_test.go: OK
learning/projections.go: OK
learning/projections_example_test.go: OK
learning/projections_test.go: OK
learning/ranges_test.go: OK
learning/readout_every_step_test.go: OK
learning/receptor_gate_test.go: OK
learning/recompute.go: OK
learning/recompute_effects_test.go: OK
learning/recompute_internal_test.go: OK
learning/recompute_rss_test.go: OK
learning/recompute_test.go: OK
learning/rl/advantage.go: OK
learning/rl/advantage_test.go: OK
learning/rl/objective.go: OK
learning/rl/objective_test.go: OK
learning/rl/rollout.go: OK
learning/rl/update.go: OK
learning/rl/update_test.go: OK
learning/rl/update_validation_test.go: OK
learning/schedule.go: OK
learning/schedule_test.go: OK
learning/sharing.go: OK
learning/sharing_test.go: OK
learning/signs_from_set_test.go: OK
learning/signs_test.go: OK
learning/trainer.go: OK
learning/trainer_cancel_test.go: OK
learning/trainer_test.go: OK
learning/upstream_baseline_test.go: OK
learning/upstream_norace_test.go: OK
learning/upstream_race_test.go: OK
learning/upstream_test.go: OK
learning/vector_core.go: OK
learning/vector_readout_test.go: OK
learning/vector_test.go: OK
modulation/chemistry.go: OK
modulation/chemistry_test.go: OK
modulation/config.go: OK
modulation/config_test.go: OK
modulation/controller.go: OK
modulation/controller_objective.go: OK
modulation/controller_objective_test.go: OK
modulation/controller_test.go: OK
modulation/effects.go: OK
modulation/effects_test.go: OK
modulation/fixture_test.go: OK
modulation/memory_controller.go: OK
modulation/memory_controller_test.go: OK
modulation/modulation.go: OK
modulation/receptors.go: OK
modulation/receptors_test.go: OK
modulation/reward.go: OK
modulation/reward_test.go: OK
modulation/sources.go: OK
modulation/sources_test.go: OK
multimodal/adapter.go: OK
multimodal/sample.go: OK
multimodal/sample_test.go: OK
multimodal/synthetic/generate.go: OK
multimodal/synthetic/generate_test.go: OK
multimodal/synthetic/split.go: OK
nopanic_test.go: OK
params/columns.go: OK
params/derive.go: OK
params/derive_test.go: OK
params/fixture_test.go: OK
params/meta.go: OK
params/report.go: OK
params/rules.go: OK
params/rules_test.go: OK
params/set.go: OK
params/set_test.go: OK
plasticity/gate_test.go: OK
plasticity/plasticity.go: OK
plasticity/receptor_test.go: OK
plasticity/rules_test.go: OK
privacy_test.go: OK
replay/policy.go: OK
replay/replay_test.go: OK
replay/sampling.go: OK
replay/store.go: OK
resources/resources.go: OK
resources/resources_test.go: OK
scripts/check-target-flow.sh: OK
scripts/clean-env-verify.sh: OK
scripts/compare-evidence.sh: OK
scripts/derive-evidence.sh: OK
scripts/graph-evidence.sh: OK
scripts/license-inventory.sh: OK
scripts/plasticity-evidence.sh: OK
scripts/platform-matrix.sh: OK
scripts/recompute-evidence.sh: OK
scripts/scan-commit.sh: OK
scripts/simulate-evidence.sh: OK
scripts/verify.sh: OK
signal/clock.go: OK
signal/feedback_available.go: OK
signal/feedback_available_test.go: OK
signal/interval.go: OK
signal/interval_edges_test.go: OK
signal/interval_example_test.go: OK
signal/interval_test.go: OK
signal/io_types.go: OK
signal/json.go: OK
signal/json_numbers_test.go: OK
signal/json_unicode_test.go: OK
signal/mapping.go: OK
signal/projection.go: OK
signal/projection_edges_test.go: OK
signal/projection_review_test.go: OK
signal/projection_test.go: OK
signal/pulse.go: OK
signal/pulse_edges_test.go: OK
signal/pulse_example_test.go: OK
signal/pulse_test.go: OK
signal/resample.go: OK
signal/resample_edges_test.go: OK
signal/resample_example_test.go: OK
signal/resample_review_test.go: OK
signal/resample_test.go: OK
signal/signal_json_depth_test.go: OK
signal/signal_test.go: OK
signal/sources_example_test.go: OK
signal/stream.go: OK
signal/types.go: OK
simulate/compare.go: OK
simulate/compare_plasticity_test.go: OK
simulate/compare_test.go: OK
simulate/core.go: OK
simulate/derived_fixture_test.go: OK
simulate/derived_test.go: OK
simulate/fixture_test.go: OK
simulate/interventions.go: OK
simulate/interventions_test.go: OK
simulate/metrics.go: OK
simulate/metrics_test.go: OK
simulate/namedset_namespace_test.go: OK
simulate/nullmodel.go: OK
simulate/nullmodel_test.go: OK
simulate/parameters.go: OK
simulate/plasticity.go: OK
simulate/plasticity_test.go: OK
simulate/protocol.go: OK
simulate/report.go: OK
simulate/resolved_set_nodes_test.go: OK
simulate/runner.go: OK
simulate/selector.go: OK
simulate/simulate_test.go: OK
tasks/asr/audio/audio_test.go: OK
tasks/asr/audio/frontend.go: OK
tasks/asr/audio/frontend_test.go: OK
tasks/asr/audio/signal.go: OK
tasks/asr/audio/wav.go: OK
tasks/asr/dataset.go: OK
tasks/asr/dataset_pipeline_test.go: OK
tasks/asr/dataset_test.go: OK
tasks/asr/evaluate_stream.go: OK
tasks/asr/evaluate_stream_test.go: OK
tasks/asr/latency.go: OK
tasks/asr/latency_test.go: OK
tasks/asr/recognizer.go: OK
tasks/asr/recognizer_test.go: OK
tasks/asr/split.go: OK
tasks/asr/split_test.go: OK
tasks/asr/stream.go: OK
tasks/asr/stream_file.go: OK
tasks/asr/stream_file_test.go: OK
tasks/asr/stream_test.go: OK
tasks/asr/stream_validation_test.go: OK
tasks/asr/synth.go: OK
tasks/media/evidence_test.go: OK
tasks/media/external_tool.go: OK
tasks/media/external_tool_test.go: OK
tasks/media/fixed_decoder.go: OK
tasks/media/fixed_decoder_test.go: OK
tasks/media/fixture.go: OK
tasks/media/fixture_test.go: OK
tasks/media/generator.go: OK
tasks/media/generator_test.go: OK
tasks/media/output.go: OK
tasks/media/output_test.go: OK
tasks/media/package.go: OK
tasks/media/package_test.go: OK
tasks/media/realdata/import.go: OK
tasks/media/realdata/manifest.go: OK
tasks/media/realdata/manifest_test.go: OK
tasks/media/roles.go: OK
tasks/media/roles_evidence_test.go: OK
tasks/media/roles_test.go: OK
tasks/media/run.go: OK
tasks/media/run_test.go: OK
tasks/media/samples.go: OK
tasks/media/video.go: OK
tasks/media/video_evidence_test.go: OK
tasks/media/video_fixture.go: OK
tasks/media/video_fixture_test.go: OK
tasks/media/video_output.go: OK
tasks/media/video_output_test.go: OK
tasks/media/video_samples.go: OK
tasks/media/video_samples_test.go: OK
tasks/media/video_test.go: OK
tasks/nav2d/trajectory/return_targets.go: OK
tasks/nav2d/trajectory/return_targets_test.go: OK
tasks/nav2d/trajectory/samples.go: OK
tasks/nav2d/trajectory/stimulus.go: OK
tasks/nav2d/trajectory/stimulus_test.go: OK
tasks/nav2d/trajectory/trajectory.go: OK
tasks/nav2d/trajectory/trajectory_test.go: OK
tasks/ocr/ctc/ctc.go: OK
tasks/ocr/ctc/ctc_test.go: OK
tasks/ocr/ctc/decode.go: OK
tasks/ocr/fixture.go: OK
tasks/ocr/fixture_test.go: OK
tasks/ocr/glyphs/glyphs.go: OK
tasks/ocr/glyphs/glyphs_test.go: OK
tasks/ocr/glyphs/render.go: OK
tasks/ocr/metrics.go: OK
tasks/ocr/metrics_test.go: OK
tasks/ocr/page.go: OK
tasks/ocr/page_test.go: OK
tasks/ocr/recognizer.go: OK
tasks/ocr/recognizer_test.go: OK
tasks/textgen/corpus.go: OK
tasks/textgen/corpus_test.go: OK
tasks/textgen/eval.go: OK
tasks/textgen/eval_test.go: OK
tasks/textgen/evidence_test.go: OK
tasks/textgen/generate.go: OK
tasks/textgen/generate_test.go: OK
tasks/textgen/model.go: OK
tasks/textgen/model_test.go: OK
tasks/textgen/run.go: OK
tasks/textgen/run_test.go: OK
tasks/textgen/tokenizer/stream.go: OK
tasks/textgen/tokenizer/tokenizer.go: OK
tasks/textgen/tokenizer/tokenizer_test.go: OK
teacher/blocked.go: OK
teacher/http.go: OK
teacher/http_test.go: OK
teacher/offline.go: OK
teacher/offline_test.go: OK
teacher/records.go: OK
teacher/replay.go: OK
teacher/replay_blocked_test.go: OK
teacher/teacher.go: OK
teacher/teacher_test.go: OK
teacher/tool/registry.go: OK
teacher/tool/registry_test.go: OK
zero_state_test.go: OK
