repository: /tmp/coimnet-takeover-final-20260922-b9i6hhff
go: go version go1.26.5 linux/amd64

PASS dynamics: no signal.Target and no NewTarget( in 10 non-test Go files
PASS simulate: no signal.Target and no NewTarget( in 11 non-test Go files
PASS modulation: no signal.Target and no NewTarget( in 10 non-test Go files
PASS plasticity: no signal.Target and no NewTarget( in 1 non-test Go files
PASS learning: no signal.Target and no NewTarget( in 18 non-test Go files

PASS dynamics does not depend on github.com/TimLai666/coimnet/learning. Its github.com/TimLai666/coimnet dependencies are:
  github.com/TimLai666/coimnet/dynamics
PASS simulate does not depend on github.com/TimLai666/coimnet/learning. Its github.com/TimLai666/coimnet dependencies are:
  github.com/TimLai666/coimnet/internal/fileio
  github.com/TimLai666/coimnet/feather
  github.com/TimLai666/coimnet/internal/extsort
  github.com/TimLai666/coimnet/internal/jsonkey
  github.com/TimLai666/coimnet/internal/strictjson
  github.com/TimLai666/coimnet/signal
  github.com/TimLai666/coimnet/connectome
  github.com/TimLai666/coimnet/dynamics
  github.com/TimLai666/coimnet/params
  github.com/TimLai666/coimnet/plasticity
  github.com/TimLai666/coimnet/simulate
PASS modulation does not depend on github.com/TimLai666/coimnet/learning. Its github.com/TimLai666/coimnet dependencies are:
  github.com/TimLai666/coimnet/internal/jsonkey
  github.com/TimLai666/coimnet/internal/strictjson
  github.com/TimLai666/coimnet/signal
  github.com/TimLai666/coimnet/modulation
PASS plasticity does not depend on github.com/TimLai666/coimnet/learning. Its github.com/TimLai666/coimnet dependencies are:
  github.com/TimLai666/coimnet/plasticity

RESULT: a target reaches no forward or modulation package (SIG-03 compile-time check passed)
