checkpoint/checkpoint.go: 成功
checkpoint/checkpoint_json_depth_test.go: 成功
checkpoint/checkpoint_test.go: 成功
checkpoint/individual.go: 成功
checkpoint/individual_example_test.go: 成功
checkpoint/individual_null_test.go: 成功
checkpoint/individual_test.go: 成功
checkpoint/load_nonregular_test.go: 成功
checkpoint/load_nonregular_unix_test.go: 成功
checkpoint/projection_test.go: 成功
cmd/coimnet/main.go: 成功
connectome/build.go: 成功
connectome/build_test.go: 成功
connectome/columns.go: 成功
connectome/fixture_test.go: 成功
connectome/graph.go: 成功
connectome/ids.go: 成功
connectome/individual_test.go: 成功
connectome/manifest.go: 成功
connectome/manifest_json_alias_test.go: 成功
connectome/manifest_test.go: 成功
connectome/records.go: 成功
connectome/report.go: 成功
connectome/store.go: 成功
connectome/store_limits_test.go: 成功
connectome/store_receipt_test.go: 成功
connectome/store_test.go: 成功
download/disk_free_other.go: 成功
download/disk_free_unix.go: 成功
download/disk_free_windows.go: 成功
download/download.go: 成功
download/download_json_depth_test.go: 成功
download/download_test.go: 成功
dynamics/continuous.go: 成功
dynamics/continuous_test.go: 成功
dynamics/precision_test.go: 成功
dynamics/state.go: 成功
dynamics/state_portability_test.go: 成功
dynamics/state_test.go: 成功
dynamics/zero_value_test.go: 成功
examples/multichannel/adapter.go: 成功
examples/multichannel/adapter_test.go: 成功
examples/multichannel/compatibility_test.go: 成功
examples/multichannel/example_test.go: 成功
examples/realsubgraph/main.go: 成功
examples/realsubgraph/main_test.go: 成功
examples/realsubgraph/validation_test.go: 成功
experiment/control_regression_test.go: 成功
experiment/delayed.go: 成功
experiment/delayed_test.go: 成功
feather/allocator.go: 成功
feather/feather_test.go: 成功
feather/reader.go: 成功
feather/special_unix_test.go: 成功
feather/validate.go: 成功
go.mod: 成功
go.sum: 成功
internal/cli/data.go: 成功
internal/cli/data_test.go: 成功
internal/cli/doctor.go: 成功
internal/cli/doctor_gpu.go: 成功
internal/cli/doctor_memory_darwin.go: 成功
internal/cli/doctor_memory_darwin_test.go: 成功
internal/cli/doctor_memory_linux.go: 成功
internal/cli/doctor_memory_other.go: 成功
internal/cli/doctor_memory_windows.go: 成功
internal/cli/doctor_test.go: 成功
internal/cli/import.go: 成功
internal/cli/import_test.go: 成功
internal/cli/inspect.go: 成功
internal/cli/inspect_test.go: 成功
internal/cli/output_error_test.go: 成功
internal/cli/run.go: 成功
internal/cli/run_test.go: 成功
internal/cli/train.go: 成功
internal/cli/train_test.go: 成功
internal/cli/validate.go: 成功
internal/extsort/extsort.go: 成功
internal/extsort/extsort_test.go: 成功
internal/fileio/fileio_test.go: 成功
internal/fileio/fileio_unix_test.go: 成功
internal/fileio/open.go: 成功
internal/fileio/open_other.go: 成功
internal/fileio/open_test.go: 成功
internal/fileio/open_unix.go: 成功
internal/fileio/open_unix_common.go: 成功
internal/fileio/open_unix_other.go: 成功
internal/fileio/open_windows.go: 成功
internal/fileio/read.go: 成功
internal/jsonkey/fold.go: 成功
internal/jsonkey/fold_test.go: 成功
internal/sparse/operator.go: 成功
internal/sparse/operator_test.go: 成功
learning/adam_reference_test.go: 成功
learning/individual.go: 成功
learning/individual_test.go: 成功
learning/input_nodes_test.go: 成功
learning/invalid_shape_test.go: 成功
learning/network.go: 成功
learning/network_test.go: 成功
learning/projections.go: 成功
learning/projections_example_test.go: 成功
learning/projections_test.go: 成功
learning/trainer.go: 成功
learning/trainer_cancel_test.go: 成功
learning/trainer_test.go: 成功
scripts/graph-evidence.sh: 成功
scripts/verify.sh: 成功
signal/clock.go: 成功
signal/interval.go: 成功
signal/interval_edges_test.go: 成功
signal/interval_example_test.go: 成功
signal/interval_test.go: 成功
signal/io_types.go: 成功
signal/json.go: 成功
signal/json_numbers_test.go: 成功
signal/json_unicode_test.go: 成功
signal/mapping.go: 成功
signal/projection.go: 成功
signal/projection_edges_test.go: 成功
signal/projection_review_test.go: 成功
signal/projection_test.go: 成功
signal/pulse.go: 成功
signal/pulse_edges_test.go: 成功
signal/pulse_example_test.go: 成功
signal/pulse_test.go: 成功
signal/resample.go: 成功
signal/resample_edges_test.go: 成功
signal/resample_example_test.go: 成功
signal/resample_review_test.go: 成功
signal/resample_test.go: 成功
signal/signal_json_depth_test.go: 成功
signal/signal_test.go: 成功
signal/sources_example_test.go: 成功
signal/stream.go: 成功
signal/types.go: 成功
zero_state_test.go: 成功
