ok  	github.com/TimLai666/coimnet	37.699s
ok  	github.com/TimLai666/coimnet/backend	1.285s
ok  	github.com/TimLai666/coimnet/backend/webgpu	1.669s
ok  	github.com/TimLai666/coimnet/checkpoint	18.520s
?   	github.com/TimLai666/coimnet/cmd/coimnet	[no test files]
ok  	github.com/TimLai666/coimnet/config	1.475s
ok  	github.com/TimLai666/coimnet/connectome	4.549s
ok  	github.com/TimLai666/coimnet/connectome/flywire	1.498s
ok  	github.com/TimLai666/coimnet/distill	1.740s
ok  	github.com/TimLai666/coimnet/download	2.330s
ok  	github.com/TimLai666/coimnet/dynamics	6.289s
ok  	github.com/TimLai666/coimnet/examples/lifthreshold	2.598s
ok  	github.com/TimLai666/coimnet/examples/multichannel	1.591s
ok  	github.com/TimLai666/coimnet/examples/realasr	1.628s
ok  	github.com/TimLai666/coimnet/examples/realmedia	9.946s
ok  	github.com/TimLai666/coimnet/examples/realnav	4.070s
ok  	github.com/TimLai666/coimnet/examples/realnavmemory	4.670s
ok  	github.com/TimLai666/coimnet/examples/realocr	1.551s
ok  	github.com/TimLai666/coimnet/examples/realsubgraph	2.150s
ok  	github.com/TimLai666/coimnet/examples/realtext	190.826s
ok  	github.com/TimLai666/coimnet/experiment	1375.628s
ok  	github.com/TimLai666/coimnet/experiment/fullgraph	3.944s
ok  	github.com/TimLai666/coimnet/experiment/gridnav	1.280s
ok  	github.com/TimLai666/coimnet/experiment/multimodaleval	1102.122s
ok  	github.com/TimLai666/coimnet/experiment/nav2d	1.292s
ok  	github.com/TimLai666/coimnet/experiment/studenteval	3.354s
ok  	github.com/TimLai666/coimnet/feather	1.407s
ok  	github.com/TimLai666/coimnet/internal/cli	703.772s
ok  	github.com/TimLai666/coimnet/internal/delayedfixture	1.512s
ok  	github.com/TimLai666/coimnet/internal/extsort	1.608s
ok  	github.com/TimLai666/coimnet/internal/fileio	1.287s
ok  	github.com/TimLai666/coimnet/internal/jsonkey	1.265s
ok  	github.com/TimLai666/coimnet/internal/redact	1.290s
ok  	github.com/TimLai666/coimnet/internal/sparse	1.301s
ok  	github.com/TimLai666/coimnet/internal/strictjson	1.312s
ok  	github.com/TimLai666/coimnet/learning	5.324s
ok  	github.com/TimLai666/coimnet/learning/rl	3.335s
ok  	github.com/TimLai666/coimnet/modulation	1.648s
ok  	github.com/TimLai666/coimnet/multimodal	1.266s
ok  	github.com/TimLai666/coimnet/multimodal/synthetic	1.273s
ok  	github.com/TimLai666/coimnet/params	2.686s
ok  	github.com/TimLai666/coimnet/plasticity	1.270s
ok  	github.com/TimLai666/coimnet/replay	1.272s
ok  	github.com/TimLai666/coimnet/resources	1.268s
ok  	github.com/TimLai666/coimnet/signal	1.840s
ok  	github.com/TimLai666/coimnet/simulate	4.284s
ok  	github.com/TimLai666/coimnet/tasks/asr	128.987s
ok  	github.com/TimLai666/coimnet/tasks/asr/audio	1.887s
ok  	github.com/TimLai666/coimnet/tasks/media	869.638s
ok  	github.com/TimLai666/coimnet/tasks/media/realdata	2.786s
ok  	github.com/TimLai666/coimnet/tasks/nav2d/trajectory	1.312s
ok  	github.com/TimLai666/coimnet/tasks/ocr	28.062s
ok  	github.com/TimLai666/coimnet/tasks/ocr/ctc	1.293s
ok  	github.com/TimLai666/coimnet/tasks/ocr/glyphs	1.250s
ok  	github.com/TimLai666/coimnet/tasks/textgen	1349.604s
ok  	github.com/TimLai666/coimnet/tasks/textgen/tokenizer	1.265s
ok  	github.com/TimLai666/coimnet/teacher	1.725s
ok  	github.com/TimLai666/coimnet/teacher/tool	1.252s
