=== RUN   TestContinualOwnershipCallerMutationDoesNotRewriteReport
=== RUN   TestContinualOwnershipCallerMutationDoesNotRewriteReport/tasks-element
=== RUN   TestContinualOwnershipCallerMutationDoesNotRewriteReport/task-params-value
=== RUN   TestContinualOwnershipCallerMutationDoesNotRewriteReport/task-params-map-insert
=== RUN   TestContinualOwnershipCallerMutationDoesNotRewriteReport/task-params-map-delete
=== RUN   TestContinualOwnershipCallerMutationDoesNotRewriteReport/stages-element
=== RUN   TestContinualOwnershipCallerMutationDoesNotRewriteReport/seeds-element
=== RUN   TestContinualOwnershipCallerMutationDoesNotRewriteReport/comparison-field
=== RUN   TestContinualOwnershipCallerMutationDoesNotRewriteReport/state-switch-value
=== RUN   TestContinualOwnershipCallerMutationDoesNotRewriteReport/state-switch-outer
=== RUN   TestContinualOwnershipCallerMutationDoesNotRewriteReport/state-switch-inner
--- PASS: TestContinualOwnershipCallerMutationDoesNotRewriteReport (0.01s)
    --- PASS: TestContinualOwnershipCallerMutationDoesNotRewriteReport/tasks-element (0.00s)
    --- PASS: TestContinualOwnershipCallerMutationDoesNotRewriteReport/task-params-value (0.00s)
    --- PASS: TestContinualOwnershipCallerMutationDoesNotRewriteReport/task-params-map-insert (0.00s)
    --- PASS: TestContinualOwnershipCallerMutationDoesNotRewriteReport/task-params-map-delete (0.00s)
    --- PASS: TestContinualOwnershipCallerMutationDoesNotRewriteReport/stages-element (0.00s)
    --- PASS: TestContinualOwnershipCallerMutationDoesNotRewriteReport/seeds-element (0.00s)
    --- PASS: TestContinualOwnershipCallerMutationDoesNotRewriteReport/comparison-field (0.00s)
    --- PASS: TestContinualOwnershipCallerMutationDoesNotRewriteReport/state-switch-value (0.00s)
    --- PASS: TestContinualOwnershipCallerMutationDoesNotRewriteReport/state-switch-outer (0.00s)
    --- PASS: TestContinualOwnershipCallerMutationDoesNotRewriteReport/state-switch-inner (0.00s)
=== RUN   TestContinualOwnershipReportMutationDoesNotRewriteCallerOrSecondReport
=== RUN   TestContinualOwnershipReportMutationDoesNotRewriteCallerOrSecondReport/tasks-element
=== RUN   TestContinualOwnershipReportMutationDoesNotRewriteCallerOrSecondReport/task-params-value
=== RUN   TestContinualOwnershipReportMutationDoesNotRewriteCallerOrSecondReport/task-params-map-insert-delete
=== RUN   TestContinualOwnershipReportMutationDoesNotRewriteCallerOrSecondReport/stages-element
=== RUN   TestContinualOwnershipReportMutationDoesNotRewriteCallerOrSecondReport/seeds-element
=== RUN   TestContinualOwnershipReportMutationDoesNotRewriteCallerOrSecondReport/comparison-field
=== RUN   TestContinualOwnershipReportMutationDoesNotRewriteCallerOrSecondReport/state-switch-value
=== RUN   TestContinualOwnershipReportMutationDoesNotRewriteCallerOrSecondReport/state-switch-outer
=== RUN   TestContinualOwnershipReportMutationDoesNotRewriteCallerOrSecondReport/state-switch-inner
--- PASS: TestContinualOwnershipReportMutationDoesNotRewriteCallerOrSecondReport (0.02s)
    --- PASS: TestContinualOwnershipReportMutationDoesNotRewriteCallerOrSecondReport/tasks-element (0.00s)
    --- PASS: TestContinualOwnershipReportMutationDoesNotRewriteCallerOrSecondReport/task-params-value (0.00s)
    --- PASS: TestContinualOwnershipReportMutationDoesNotRewriteCallerOrSecondReport/task-params-map-insert-delete (0.00s)
    --- PASS: TestContinualOwnershipReportMutationDoesNotRewriteCallerOrSecondReport/stages-element (0.00s)
    --- PASS: TestContinualOwnershipReportMutationDoesNotRewriteCallerOrSecondReport/seeds-element (0.00s)
    --- PASS: TestContinualOwnershipReportMutationDoesNotRewriteCallerOrSecondReport/comparison-field (0.00s)
    --- PASS: TestContinualOwnershipReportMutationDoesNotRewriteCallerOrSecondReport/state-switch-value (0.00s)
    --- PASS: TestContinualOwnershipReportMutationDoesNotRewriteCallerOrSecondReport/state-switch-outer (0.00s)
    --- PASS: TestContinualOwnershipReportMutationDoesNotRewriteCallerOrSecondReport/state-switch-inner (0.00s)
=== RUN   TestContinualOwnershipReportAppendDoesNotUseCallerCapacity
=== RUN   TestContinualOwnershipReportAppendDoesNotUseCallerCapacity/tasks
=== RUN   TestContinualOwnershipReportAppendDoesNotUseCallerCapacity/stages
=== RUN   TestContinualOwnershipReportAppendDoesNotUseCallerCapacity/seeds
=== RUN   TestContinualOwnershipReportAppendDoesNotUseCallerCapacity/state-switch-outer
=== RUN   TestContinualOwnershipReportAppendDoesNotUseCallerCapacity/state-switch-inner
--- PASS: TestContinualOwnershipReportAppendDoesNotUseCallerCapacity (0.01s)
    --- PASS: TestContinualOwnershipReportAppendDoesNotUseCallerCapacity/tasks (0.00s)
    --- PASS: TestContinualOwnershipReportAppendDoesNotUseCallerCapacity/stages (0.00s)
    --- PASS: TestContinualOwnershipReportAppendDoesNotUseCallerCapacity/seeds (0.00s)
    --- PASS: TestContinualOwnershipReportAppendDoesNotUseCallerCapacity/state-switch-outer (0.00s)
    --- PASS: TestContinualOwnershipReportAppendDoesNotUseCallerCapacity/state-switch-inner (0.00s)
=== RUN   TestContinualOwnershipBuilderUsesSnapshotBeforeCallback
--- PASS: TestContinualOwnershipBuilderUsesSnapshotBeforeCallback (0.00s)
=== RUN   TestContinualOwnershipNilOptionalFieldsStayNil
=== RUN   TestContinualOwnershipNilOptionalFieldsStayNil/nil-both
=== RUN   TestContinualOwnershipNilOptionalFieldsStayNil/nil-comparison
=== RUN   TestContinualOwnershipNilOptionalFieldsStayNil/nil-state-switch
--- PASS: TestContinualOwnershipNilOptionalFieldsStayNil (0.00s)
    --- PASS: TestContinualOwnershipNilOptionalFieldsStayNil/nil-both (0.00s)
    --- PASS: TestContinualOwnershipNilOptionalFieldsStayNil/nil-comparison (0.00s)
    --- PASS: TestContinualOwnershipNilOptionalFieldsStayNil/nil-state-switch (0.00s)
=== RUN   TestContinualOwnershipPreservesNilAndEmptyStateSwitchRows
--- PASS: TestContinualOwnershipPreservesNilAndEmptyStateSwitchRows (0.00s)
=== RUN   TestContinualOwnershipBuilderFailureKeepsErrorAndReportIsolation
--- PASS: TestContinualOwnershipBuilderFailureKeepsErrorAndReportIsolation (0.00s)
=== RUN   TestContinualOwnershipCancellationKeepsErrorAndPartialReportIsolation
--- PASS: TestContinualOwnershipCancellationKeepsErrorAndPartialReportIsolation (0.00s)
PASS
ok  	github.com/TimLai666/coimnet/experiment	0.454s
