=== RUN   TestAttributionComparisonFinite
=== RUN   TestAttributionComparisonFinite/NaN
=== RUN   TestAttributionComparisonFinite/+Inf
=== RUN   TestAttributionComparisonFinite/-Inf
=== RUN   TestAttributionComparisonFinite/zero
=== RUN   TestAttributionComparisonFinite/one
=== RUN   TestAttributionComparisonFinite/negative
=== RUN   TestAttributionComparisonFinite/above_one
--- PASS: TestAttributionComparisonFinite (0.00s)
    --- PASS: TestAttributionComparisonFinite/NaN (0.00s)
    --- PASS: TestAttributionComparisonFinite/+Inf (0.00s)
    --- PASS: TestAttributionComparisonFinite/-Inf (0.00s)
    --- PASS: TestAttributionComparisonFinite/zero (0.00s)
    --- PASS: TestAttributionComparisonFinite/one (0.00s)
    --- PASS: TestAttributionComparisonFinite/negative (0.00s)
    --- PASS: TestAttributionComparisonFinite/above_one (0.00s)
=== RUN   TestContinualComparisonFinite
=== RUN   TestContinualComparisonFinite/NaN
=== RUN   TestContinualComparisonFinite/+Inf
=== RUN   TestContinualComparisonFinite/-Inf
=== RUN   TestContinualComparisonFinite/zero
=== RUN   TestContinualComparisonFinite/one
=== RUN   TestContinualComparisonFinite/negative
=== RUN   TestContinualComparisonFinite/above_one
--- PASS: TestContinualComparisonFinite (0.00s)
    --- PASS: TestContinualComparisonFinite/NaN (0.00s)
    --- PASS: TestContinualComparisonFinite/+Inf (0.00s)
    --- PASS: TestContinualComparisonFinite/-Inf (0.00s)
    --- PASS: TestContinualComparisonFinite/zero (0.00s)
    --- PASS: TestContinualComparisonFinite/one (0.00s)
    --- PASS: TestContinualComparisonFinite/negative (0.00s)
    --- PASS: TestContinualComparisonFinite/above_one (0.00s)
=== RUN   TestComparisonFiniteValidControls
=== RUN   TestComparisonFiniteValidControls/attribution/5e-324
=== RUN   TestComparisonFiniteValidControls/continual/5e-324
=== RUN   TestComparisonFiniteValidControls/attribution/0.5
=== RUN   TestComparisonFiniteValidControls/continual/0.5
=== RUN   TestComparisonFiniteValidControls/attribution/0.95
=== RUN   TestComparisonFiniteValidControls/continual/0.95
=== RUN   TestComparisonFiniteValidControls/attribution/0.9999999999999999
=== RUN   TestComparisonFiniteValidControls/continual/0.9999999999999999
=== RUN   TestComparisonFiniteValidControls/default_attribution
=== RUN   TestComparisonFiniteValidControls/continual_nil_comparison
--- PASS: TestComparisonFiniteValidControls (0.00s)
    --- PASS: TestComparisonFiniteValidControls/attribution/5e-324 (0.00s)
    --- PASS: TestComparisonFiniteValidControls/continual/5e-324 (0.00s)
    --- PASS: TestComparisonFiniteValidControls/attribution/0.5 (0.00s)
    --- PASS: TestComparisonFiniteValidControls/continual/0.5 (0.00s)
    --- PASS: TestComparisonFiniteValidControls/attribution/0.95 (0.00s)
    --- PASS: TestComparisonFiniteValidControls/continual/0.95 (0.00s)
    --- PASS: TestComparisonFiniteValidControls/attribution/0.9999999999999999 (0.00s)
    --- PASS: TestComparisonFiniteValidControls/continual/0.9999999999999999 (0.00s)
    --- PASS: TestComparisonFiniteValidControls/default_attribution (0.00s)
    --- PASS: TestComparisonFiniteValidControls/continual_nil_comparison (0.00s)
=== RUN   TestIndependentMatchesDirectSingleTaskTraining
--- PASS: TestIndependentMatchesDirectSingleTaskTraining (0.02s)
=== RUN   TestStateSwitchMovesScoreWithoutTouchingParameters
--- PASS: TestStateSwitchMovesScoreWithoutTouchingParameters (0.03s)
=== RUN   TestStateSwitchWithoutChemistryIsRecorded
--- PASS: TestStateSwitchWithoutChemistryIsRecorded (0.01s)
=== RUN   TestStateSwitchShapeMismatchIsRecorded
--- PASS: TestStateSwitchShapeMismatchIsRecorded (0.01s)
=== RUN   TestContinualFixtureShape
--- PASS: TestContinualFixtureShape (0.00s)
=== RUN   TestContinualMatrixUntrainedCellsMatchDirectScores
--- PASS: TestContinualMatrixUntrainedCellsMatchDirectScores (0.00s)
=== RUN   TestContinualMatrixTrainsAndKeepsEveryRecord
    continual_run_test.go:141: seed 7 scores=[[-0.05988871976099566 -0.03944798311446511] [-0.03132802665617636 -0.011401685945988923] [-0.1410963631139751 -0.011401685945988923]] failed=[[false false] [false false] [false false]] forgetting=[[0 0] [0 0] [0.10976833645779875 0]]
    continual_run_test.go:141: seed 42 scores=[[-0.06510242430357843 -0.0494798181735517] [-0.035271626671576385 -0.016422384753911043] [-0.1403428813333713 -0.016422384753911043]] failed=[[false false] [false false] [false false]] forgetting=[[0 0] [0 0] [0.10507125466179493 0]]
    continual_run_test.go:141: seed 123 scores=[[-0.0706412377595995 -0.05910399925391928] [-0.035584999492793264 -0.016249686372598215] [-0.16653023809008743 -0.016249686372598215]] failed=[[false false] [false false] [false false]] forgetting=[[0 0] [0 0] [0.13094523859729418 0]]
--- PASS: TestContinualMatrixTrainsAndKeepsEveryRecord (0.02s)
=== RUN   TestContinualMatrixKeepsFailedRuns
--- PASS: TestContinualMatrixKeepsFailedRuns (0.01s)
=== RUN   TestContinualMatrixIsDeterministic
--- PASS: TestContinualMatrixIsDeterministic (0.03s)
=== RUN   TestContinualMatrixRejects
--- PASS: TestContinualMatrixRejects (0.00s)
=== RUN   TestMultiTaskCoreEvaluationIndividualsAreIndependent
--- PASS: TestMultiTaskCoreEvaluationIndividualsAreIndependent (0.00s)
=== RUN   TestContinualEpisodeMatchesDelayedEpisodeAtDelayThree
--- PASS: TestContinualEpisodeMatchesDelayedEpisodeAtDelayThree (0.00s)
=== RUN   TestContinualEpisodeChannelAndFlip
--- PASS: TestContinualEpisodeChannelAndFlip (0.00s)
=== RUN   TestContinualProtocolValidateAcceptsTheFixture
--- PASS: TestContinualProtocolValidateAcceptsTheFixture (0.00s)
=== RUN   TestContinualProtocolValidateRejects
=== RUN   TestContinualProtocolValidateRejects/no_tasks
=== RUN   TestContinualProtocolValidateRejects/empty_task_name
=== RUN   TestContinualProtocolValidateRejects/duplicate_task_name
=== RUN   TestContinualProtocolValidateRejects/unknown_generator
=== RUN   TestContinualProtocolValidateRejects/unknown_param_key
=== RUN   TestContinualProtocolValidateRejects/missing_delay
=== RUN   TestContinualProtocolValidateRejects/missing_channel
=== RUN   TestContinualProtocolValidateRejects/delay_too_large
=== RUN   TestContinualProtocolValidateRejects/delay_too_small
=== RUN   TestContinualProtocolValidateRejects/delay_not_integer
=== RUN   TestContinualProtocolValidateRejects/channel_too_large
=== RUN   TestContinualProtocolValidateRejects/channel_not_integer
=== RUN   TestContinualProtocolValidateRejects/zero_gain
=== RUN   TestContinualProtocolValidateRejects/gain_above_one
=== RUN   TestContinualProtocolValidateRejects/no_stages
=== RUN   TestContinualProtocolValidateRejects/unknown_stage_kind
=== RUN   TestContinualProtocolValidateRejects/unknown_task_in_stage
=== RUN   TestContinualProtocolValidateRejects/rule_change_with_budget
=== RUN   TestContinualProtocolValidateRejects/train_task_budget_too_high
=== RUN   TestContinualProtocolValidateRejects/too_few_seeds
=== RUN   TestContinualProtocolValidateRejects/duplicate_seed
=== RUN   TestContinualProtocolValidateRejects/zero_episodes
=== RUN   TestContinualProtocolValidateRejects/episodes_too_high
=== RUN   TestContinualProtocolValidateRejects/unknown_metric
=== RUN   TestContinualProtocolValidateRejects/state_switch_empty_concentration
=== RUN   TestContinualProtocolValidateRejects/state_switch_ragged_rows
=== RUN   TestContinualProtocolValidateRejects/state_switch_non-finite_value
=== RUN   TestContinualProtocolValidateRejects/state_switch_negative_value
=== RUN   TestContinualProtocolValidateRejects/comparison_unknown_method
=== RUN   TestContinualProtocolValidateRejects/comparison_interval_at_zero
=== RUN   TestContinualProtocolValidateRejects/comparison_interval_at_one
=== RUN   TestContinualProtocolValidateRejects/comparison_unknown_baseline
=== RUN   TestContinualProtocolValidateRejects/comparison_too_few_resamples
=== RUN   TestContinualProtocolValidateRejects/comparison_too_many_resamples
--- PASS: TestContinualProtocolValidateRejects (0.00s)
    --- PASS: TestContinualProtocolValidateRejects/no_tasks (0.00s)
    --- PASS: TestContinualProtocolValidateRejects/empty_task_name (0.00s)
    --- PASS: TestContinualProtocolValidateRejects/duplicate_task_name (0.00s)
    --- PASS: TestContinualProtocolValidateRejects/unknown_generator (0.00s)
    --- PASS: TestContinualProtocolValidateRejects/unknown_param_key (0.00s)
    --- PASS: TestContinualProtocolValidateRejects/missing_delay (0.00s)
    --- PASS: TestContinualProtocolValidateRejects/missing_channel (0.00s)
    --- PASS: TestContinualProtocolValidateRejects/delay_too_large (0.00s)
    --- PASS: TestContinualProtocolValidateRejects/delay_too_small (0.00s)
    --- PASS: TestContinualProtocolValidateRejects/delay_not_integer (0.00s)
    --- PASS: TestContinualProtocolValidateRejects/channel_too_large (0.00s)
    --- PASS: TestContinualProtocolValidateRejects/channel_not_integer (0.00s)
    --- PASS: TestContinualProtocolValidateRejects/zero_gain (0.00s)
    --- PASS: TestContinualProtocolValidateRejects/gain_above_one (0.00s)
    --- PASS: TestContinualProtocolValidateRejects/no_stages (0.00s)
    --- PASS: TestContinualProtocolValidateRejects/unknown_stage_kind (0.00s)
    --- PASS: TestContinualProtocolValidateRejects/unknown_task_in_stage (0.00s)
    --- PASS: TestContinualProtocolValidateRejects/rule_change_with_budget (0.00s)
    --- PASS: TestContinualProtocolValidateRejects/train_task_budget_too_high (0.00s)
    --- PASS: TestContinualProtocolValidateRejects/too_few_seeds (0.00s)
    --- PASS: TestContinualProtocolValidateRejects/duplicate_seed (0.00s)
    --- PASS: TestContinualProtocolValidateRejects/zero_episodes (0.00s)
    --- PASS: TestContinualProtocolValidateRejects/episodes_too_high (0.00s)
    --- PASS: TestContinualProtocolValidateRejects/unknown_metric (0.00s)
    --- PASS: TestContinualProtocolValidateRejects/state_switch_empty_concentration (0.00s)
    --- PASS: TestContinualProtocolValidateRejects/state_switch_ragged_rows (0.00s)
    --- PASS: TestContinualProtocolValidateRejects/state_switch_non-finite_value (0.00s)
    --- PASS: TestContinualProtocolValidateRejects/state_switch_negative_value (0.00s)
    --- PASS: TestContinualProtocolValidateRejects/comparison_unknown_method (0.00s)
    --- PASS: TestContinualProtocolValidateRejects/comparison_interval_at_zero (0.00s)
    --- PASS: TestContinualProtocolValidateRejects/comparison_interval_at_one (0.00s)
    --- PASS: TestContinualProtocolValidateRejects/comparison_unknown_baseline (0.00s)
    --- PASS: TestContinualProtocolValidateRejects/comparison_too_few_resamples (0.00s)
    --- PASS: TestContinualProtocolValidateRejects/comparison_too_many_resamples (0.00s)
PASS
ok  	github.com/TimLai666/coimnet/experiment	0.604s
=== RUN   TestContinualMatrixWritesAReport
--- PASS: TestContinualMatrixWritesAReport (0.02s)
=== RUN   TestContinualMatrixWithChemistry
--- PASS: TestContinualMatrixWithChemistry (0.01s)
=== RUN   TestContinualMatrixRejects
--- PASS: TestContinualMatrixRejects (0.00s)
=== RUN   TestDoctorCoreCapabilitiesDetailsAreIndependent
--- PASS: TestDoctorCoreCapabilitiesDetailsAreIndependent (0.00s)
PASS
ok  	github.com/TimLai666/coimnet/internal/cli	0.430s
