2026/09/25 01:20:48 [insyra - Info] Welcome to Insyra Huashan(v0.3.2)!!
Official website: https://insyra.hazelnut-paradise.com

=== RUN   TestGPUTrainerMatchesCPUUpdatesAndMoments
    gpu_trainer_test.go:34: GPU adapters: forward={Adapter:Apple M3 Backend:Metal Vendor:Apple Driver:Metal DeviceType:DiscreteGPU} backward={Adapter:Apple M3 Backend:Metal Vendor:Apple Driver:Metal DeviceType:DiscreteGPU}
--- PASS: TestGPUTrainerMatchesCPUUpdatesAndMoments (0.06s)
=== RUN   TestGPUTrainerStepFromMatchesCPU
--- PASS: TestGPUTrainerStepFromMatchesCPU (0.02s)
=== RUN   TestGPUTrainerRestoreContinuesWithoutInterruption
--- PASS: TestGPUTrainerRestoreContinuesWithoutInterruption (0.07s)
=== RUN   TestNewGPUTrainerRejectsUnsupportedConfigurations
=== RUN   TestNewGPUTrainerRejectsUnsupportedConfigurations/LIF
=== RUN   TestNewGPUTrainerRejectsUnsupportedConfigurations/mixed
=== RUN   TestNewGPUTrainerRejectsUnsupportedConfigurations/positive_delay
=== RUN   TestNewGPUTrainerRejectsUnsupportedConfigurations/vector_state
=== RUN   TestNewGPUTrainerRejectsUnsupportedConfigurations/matrix_edge
=== RUN   TestNewGPUTrainerRejectsUnsupportedConfigurations/recompute
--- PASS: TestNewGPUTrainerRejectsUnsupportedConfigurations (0.00s)
    --- PASS: TestNewGPUTrainerRejectsUnsupportedConfigurations/LIF (0.00s)
    --- PASS: TestNewGPUTrainerRejectsUnsupportedConfigurations/mixed (0.00s)
    --- PASS: TestNewGPUTrainerRejectsUnsupportedConfigurations/positive_delay (0.00s)
    --- PASS: TestNewGPUTrainerRejectsUnsupportedConfigurations/vector_state (0.00s)
    --- PASS: TestNewGPUTrainerRejectsUnsupportedConfigurations/matrix_edge (0.00s)
    --- PASS: TestNewGPUTrainerRejectsUnsupportedConfigurations/recompute (0.00s)
=== RUN   TestGPUTrainerCloseRefusesFurtherExecutionAndCPUCloseIsNoop
--- PASS: TestGPUTrainerCloseRefusesFurtherExecutionAndCPUCloseIsNoop (0.01s)
=== RUN   TestGPUContinuousCoreRejectsPersistentStateOperations
--- PASS: TestGPUContinuousCoreRejectsPersistentStateOperations (0.01s)
PASS
ok  	github.com/TimLai666/coimnet/learning	1.503s
