ok  	github.com/TimLai666/coimnet	8.885s
ok  	github.com/TimLai666/coimnet/backend	1.246s
ok  	github.com/TimLai666/coimnet/backend/webgpu	1.426s
ok  	github.com/TimLai666/coimnet/checkpoint	12.311s
?   	github.com/TimLai666/coimnet/cmd/coimnet	[no test files]
ok  	github.com/TimLai666/coimnet/config	1.448s
ok  	github.com/TimLai666/coimnet/connectome	2.849s
ok  	github.com/TimLai666/coimnet/connectome/flywire	1.378s
ok  	github.com/TimLai666/coimnet/distill	1.465s
ok  	github.com/TimLai666/coimnet/download	1.904s
ok  	github.com/TimLai666/coimnet/dynamics	1.845s
ok  	github.com/TimLai666/coimnet/examples/lifthreshold	1.630s
ok  	github.com/TimLai666/coimnet/examples/multichannel	1.405s
ok  	github.com/TimLai666/coimnet/examples/realasr	1.405s
ok  	github.com/TimLai666/coimnet/examples/realmedia	5.227s
ok  	github.com/TimLai666/coimnet/examples/realnav	3.045s
ok  	github.com/TimLai666/coimnet/examples/realnavmemory	2.650s
ok  	github.com/TimLai666/coimnet/examples/realocr	1.453s
ok  	github.com/TimLai666/coimnet/examples/realsubgraph	1.801s
ok  	github.com/TimLai666/coimnet/examples/realtext	129.779s
