ok  	github.com/TimLai666/coimnet	14.573s
ok  	github.com/TimLai666/coimnet/backend	1.276s
ok  	github.com/TimLai666/coimnet/backend/webgpu	2.028s
ok  	github.com/TimLai666/coimnet/checkpoint	13.234s
?   	github.com/TimLai666/coimnet/cmd/coimnet	[no test files]
ok  	github.com/TimLai666/coimnet/config	1.635s
ok  	github.com/TimLai666/coimnet/connectome	3.799s
ok  	github.com/TimLai666/coimnet/connectome/flywire	1.862s
ok  	github.com/TimLai666/coimnet/distill	1.999s
ok  	github.com/TimLai666/coimnet/download	2.149s
ok  	github.com/TimLai666/coimnet/dynamics	2.316s
ok  	github.com/TimLai666/coimnet/examples/lifthreshold	1.979s
ok  	github.com/TimLai666/coimnet/examples/multichannel	1.564s
ok  	github.com/TimLai666/coimnet/examples/realasr	1.540s
ok  	github.com/TimLai666/coimnet/examples/realmedia	5.811s
ok  	github.com/TimLai666/coimnet/examples/realnav	3.588s
ok  	github.com/TimLai666/coimnet/examples/realnavmemory	3.271s
ok  	github.com/TimLai666/coimnet/examples/realocr	1.524s
ok  	github.com/TimLai666/coimnet/examples/realsubgraph	2.046s
ok  	github.com/TimLai666/coimnet/examples/realtext	147.674s
ok  	github.com/TimLai666/coimnet/experiment	1175.968s
ok  	github.com/TimLai666/coimnet/experiment/fullgraph	3.279s
ok  	github.com/TimLai666/coimnet/experiment/gridnav	1.270s
ok  	github.com/TimLai666/coimnet/experiment/multimodaleval	1040.129s
ok  	github.com/TimLai666/coimnet/experiment/nav2d	1.320s
ok  	github.com/TimLai666/coimnet/experiment/studenteval	3.083s
ok  	github.com/TimLai666/coimnet/feather	1.439s
ok  	github.com/TimLai666/coimnet/internal/cli	648.192s
ok  	github.com/TimLai666/coimnet/internal/delayedfixture	1.479s
ok  	github.com/TimLai666/coimnet/internal/extsort	1.527s
ok  	github.com/TimLai666/coimnet/internal/fileio	1.293s
ok  	github.com/TimLai666/coimnet/internal/jsonkey	1.271s
ok  	github.com/TimLai666/coimnet/internal/redact	1.268s
ok  	github.com/TimLai666/coimnet/internal/sparse	1.289s
ok  	github.com/TimLai666/coimnet/internal/strictjson	1.293s
ok  	github.com/TimLai666/coimnet/learning	5.078s
ok  	github.com/TimLai666/coimnet/learning/rl	1.843s
ok  	github.com/TimLai666/coimnet/modulation	1.617s
ok  	github.com/TimLai666/coimnet/multimodal	1.287s
ok  	github.com/TimLai666/coimnet/multimodal/synthetic	1.289s
ok  	github.com/TimLai666/coimnet/params	2.680s
ok  	github.com/TimLai666/coimnet/plasticity	1.272s
ok  	github.com/TimLai666/coimnet/replay	1.300s
ok  	github.com/TimLai666/coimnet/resources	1.276s
ok  	github.com/TimLai666/coimnet/signal	1.804s
ok  	github.com/TimLai666/coimnet/simulate	4.114s
ok  	github.com/TimLai666/coimnet/tasks/asr	89.439s
ok  	github.com/TimLai666/coimnet/tasks/asr/audio	1.718s
ok  	github.com/TimLai666/coimnet/tasks/media	820.246s
ok  	github.com/TimLai666/coimnet/tasks/media/realdata	2.570s
ok  	github.com/TimLai666/coimnet/tasks/nav2d/trajectory	1.379s
ok  	github.com/TimLai666/coimnet/tasks/ocr	14.803s
ok  	github.com/TimLai666/coimnet/tasks/ocr/ctc	1.266s
ok  	github.com/TimLai666/coimnet/tasks/ocr/glyphs	1.360s
ok  	github.com/TimLai666/coimnet/tasks/textgen	1260.119s
ok  	github.com/TimLai666/coimnet/tasks/textgen/tokenizer	1.272s
ok  	github.com/TimLai666/coimnet/teacher	1.844s
ok  	github.com/TimLai666/coimnet/teacher/tool	1.263s
