=== RUN   TestObjectiveNumericalEqualFiniteScoresUseHalfProbability
=== RUN   TestObjectiveNumericalEqualFiniteScoresUseHalfProbability/score_0
=== RUN   TestObjectiveNumericalEqualFiniteScoresUseHalfProbability/score_1e+16
    objective_numerical_test.go:78: log_prob[0]: got 0, want -0.69314718055994529
    objective_numerical_test.go:78: log_prob[1]: got 0, want -0.69314718055994529
    objective_numerical_test.go:92: ratio: got 2, want 1
    objective_numerical_test.go:93: policy: got -1.2, want -1
    objective_numerical_test.go:95: entropy: got -0, want -0.17328679513998632
    objective_numerical_test.go:96: loss: got -1.2, want -1.1732867951399863
    objective_numerical_test.go:98: advantage 1: same-policy ratio must not be clipped
    objective_numerical_test.go:103: gradient[action]: got 0, want -0.5
    objective_numerical_test.go:104: gradient[other]: got 0, want 0.5
    objective_numerical_test.go:92: ratio: got 2, want 1
    objective_numerical_test.go:93: policy: got 2, want 1
    objective_numerical_test.go:95: entropy: got -0, want -0.17328679513998632
    objective_numerical_test.go:96: loss: got 2, want 0.82671320486001365
    objective_numerical_test.go:103: gradient[action]: got 0, want 0.5
    objective_numerical_test.go:104: gradient[other]: got -2, want -0.5
=== RUN   TestObjectiveNumericalEqualFiniteScoresUseHalfProbability/score_-1e+16
    objective_numerical_test.go:78: log_prob[0]: got 0, want -0.69314718055994529
    objective_numerical_test.go:78: log_prob[1]: got 0, want -0.69314718055994529
    objective_numerical_test.go:92: ratio: got 2, want 1
    objective_numerical_test.go:93: policy: got -1.2, want -1
    objective_numerical_test.go:95: entropy: got -0, want -0.17328679513998632
    objective_numerical_test.go:96: loss: got -1.2, want -1.1732867951399863
    objective_numerical_test.go:98: advantage 1: same-policy ratio must not be clipped
    objective_numerical_test.go:103: gradient[action]: got 0, want -0.5
    objective_numerical_test.go:104: gradient[other]: got 0, want 0.5
    objective_numerical_test.go:92: ratio: got 2, want 1
    objective_numerical_test.go:93: policy: got 2, want 1
    objective_numerical_test.go:95: entropy: got -0, want -0.17328679513998632
    objective_numerical_test.go:96: loss: got 2, want 0.82671320486001365
    objective_numerical_test.go:103: gradient[action]: got 0, want 0.5
    objective_numerical_test.go:104: gradient[other]: got -2, want -0.5
=== RUN   TestObjectiveNumericalEqualFiniteScoresUseHalfProbability/score_1e+308
    objective_numerical_test.go:78: log_prob[0]: got 0, want -0.69314718055994529
    objective_numerical_test.go:78: log_prob[1]: got 0, want -0.69314718055994529
    objective_numerical_test.go:92: ratio: got 2, want 1
    objective_numerical_test.go:93: policy: got -1.2, want -1
    objective_numerical_test.go:95: entropy: got -0, want -0.17328679513998632
    objective_numerical_test.go:96: loss: got -1.2, want -1.1732867951399863
    objective_numerical_test.go:98: advantage 1: same-policy ratio must not be clipped
    objective_numerical_test.go:103: gradient[action]: got 0, want -0.5
    objective_numerical_test.go:104: gradient[other]: got 0, want 0.5
    objective_numerical_test.go:92: ratio: got 2, want 1
    objective_numerical_test.go:93: policy: got 2, want 1
    objective_numerical_test.go:95: entropy: got -0, want -0.17328679513998632
    objective_numerical_test.go:96: loss: got 2, want 0.82671320486001365
    objective_numerical_test.go:103: gradient[action]: got 0, want 0.5
    objective_numerical_test.go:104: gradient[other]: got -2, want -0.5
=== RUN   TestObjectiveNumericalEqualFiniteScoresUseHalfProbability/score_-1e+308
    objective_numerical_test.go:78: log_prob[0]: got 0, want -0.69314718055994529
    objective_numerical_test.go:78: log_prob[1]: got 0, want -0.69314718055994529
    objective_numerical_test.go:92: ratio: got 2, want 1
    objective_numerical_test.go:93: policy: got -1.2, want -1
    objective_numerical_test.go:95: entropy: got -0, want -0.17328679513998632
    objective_numerical_test.go:96: loss: got -1.2, want -1.1732867951399863
    objective_numerical_test.go:98: advantage 1: same-policy ratio must not be clipped
    objective_numerical_test.go:103: gradient[action]: got 0, want -0.5
    objective_numerical_test.go:104: gradient[other]: got 0, want 0.5
    objective_numerical_test.go:92: ratio: got 2, want 1
    objective_numerical_test.go:93: policy: got 2, want 1
    objective_numerical_test.go:95: entropy: got -0, want -0.17328679513998632
    objective_numerical_test.go:96: loss: got 2, want 0.82671320486001365
    objective_numerical_test.go:103: gradient[action]: got 0, want 0.5
    objective_numerical_test.go:104: gradient[other]: got -2, want -0.5
--- FAIL: TestObjectiveNumericalEqualFiniteScoresUseHalfProbability (0.00s)
    --- PASS: TestObjectiveNumericalEqualFiniteScoresUseHalfProbability/score_0 (0.00s)
    --- FAIL: TestObjectiveNumericalEqualFiniteScoresUseHalfProbability/score_1e+16 (0.00s)
    --- FAIL: TestObjectiveNumericalEqualFiniteScoresUseHalfProbability/score_-1e+16 (0.00s)
    --- FAIL: TestObjectiveNumericalEqualFiniteScoresUseHalfProbability/score_1e+308 (0.00s)
    --- FAIL: TestObjectiveNumericalEqualFiniteScoresUseHalfProbability/score_-1e+308 (0.00s)
=== RUN   TestObjectiveNumericalFiniteTranslationInvariance
    objective_numerical_test.go:159: shifted log_prob: got -0.375, want -0.40760596444438041
    objective_numerical_test.go:181: shift ratio: got 1.1331484530668263, want 1.0967969139268319
    objective_numerical_test.go:181: shift policy: got -0.7932039171467784, want -0.76775783974878231
    objective_numerical_test.go:181: shift entropy: got -0.024788920069604002, want -0.024971867455198169
    objective_numerical_test.go:181: shift loss: got -0.70549283721638234, want -0.68022970720398046
    objective_numerical_test.go:191: shifted gradient[0]: got 0.069457903575403449, want 0.064867165560341611
    objective_numerical_test.go:192: gradient translation[0]: got 0.069457903575403449, want 0.064867165560341597
    objective_numerical_test.go:191: shifted gradient[1]: got 0.19639134500602209, want 0.18366909153796493
    objective_numerical_test.go:192: gradient translation[1]: got 0.19639134500602209, want 0.1836690915379649
    objective_numerical_test.go:191: shifted gradient[2]: got -0.23873821438654833, want -0.24853625709830665
    objective_numerical_test.go:192: gradient translation[2]: got -0.23873821438654833, want -0.24853625709830671
--- FAIL: TestObjectiveNumericalFiniteTranslationInvariance (0.00s)
=== RUN   TestObjectiveNumericalRejectsNaNAndPositiveInfinityScores
=== RUN   TestObjectiveNumericalRejectsNaNAndPositiveInfinityScores/nan
    objective_numerical_test.go:214: LogProb returned nil error
=== RUN   TestObjectiveNumericalRejectsNaNAndPositiveInfinityScores/positive_inf
    objective_numerical_test.go:214: LogProb returned nil error
=== RUN   TestObjectiveNumericalRejectsNaNAndPositiveInfinityScores/nan_selected
    objective_numerical_test.go:214: LogProb returned nil error
--- FAIL: TestObjectiveNumericalRejectsNaNAndPositiveInfinityScores (0.00s)
    --- FAIL: TestObjectiveNumericalRejectsNaNAndPositiveInfinityScores/nan (0.00s)
    --- FAIL: TestObjectiveNumericalRejectsNaNAndPositiveInfinityScores/positive_inf (0.00s)
    --- FAIL: TestObjectiveNumericalRejectsNaNAndPositiveInfinityScores/nan_selected (0.00s)
=== RUN   TestObjectiveNumericalPartialNegativeInfinityMaskKeepsFiniteEntropy
--- PASS: TestObjectiveNumericalPartialNegativeInfinityMaskKeepsFiniteEntropy (0.00s)
=== RUN   TestObjectiveNumericalRejectsAllNegativeInfinityMask
    objective_numerical_test.go:287: LogProb returned NaN with nil error for an all-masked policy
    objective_numerical_test.go:291: Loss returned nil error for an invalid or overflowing input
--- FAIL: TestObjectiveNumericalRejectsAllNegativeInfinityMask (0.00s)
=== RUN   TestObjectiveNumericalLossRejectsNonFiniteScalars
=== RUN   TestObjectiveNumericalLossRejectsNonFiniteScalars/old_log_prob_nan
    objective_numerical_test.go:321: Loss returned nil error for an invalid or overflowing input
=== RUN   TestObjectiveNumericalLossRejectsNonFiniteScalars/old_log_prob_positive_inf
    objective_numerical_test.go:321: Loss returned nil error for an invalid or overflowing input
=== RUN   TestObjectiveNumericalLossRejectsNonFiniteScalars/old_log_prob_negative_inf
    objective_numerical_test.go:321: Loss returned nil error for an invalid or overflowing input
=== RUN   TestObjectiveNumericalLossRejectsNonFiniteScalars/advantage_nan
    objective_numerical_test.go:321: Loss returned nil error for an invalid or overflowing input
=== RUN   TestObjectiveNumericalLossRejectsNonFiniteScalars/advantage_positive_inf
    objective_numerical_test.go:321: Loss returned nil error for an invalid or overflowing input
=== RUN   TestObjectiveNumericalLossRejectsNonFiniteScalars/advantage_negative_inf
    objective_numerical_test.go:321: Loss returned nil error for an invalid or overflowing input
=== RUN   TestObjectiveNumericalLossRejectsNonFiniteScalars/value_nan
    objective_numerical_test.go:321: Loss returned nil error for an invalid or overflowing input
=== RUN   TestObjectiveNumericalLossRejectsNonFiniteScalars/value_positive_inf
    objective_numerical_test.go:321: Loss returned nil error for an invalid or overflowing input
=== RUN   TestObjectiveNumericalLossRejectsNonFiniteScalars/value_negative_inf
    objective_numerical_test.go:321: Loss returned nil error for an invalid or overflowing input
=== RUN   TestObjectiveNumericalLossRejectsNonFiniteScalars/target_nan
    objective_numerical_test.go:321: Loss returned nil error for an invalid or overflowing input
=== RUN   TestObjectiveNumericalLossRejectsNonFiniteScalars/target_positive_inf
    objective_numerical_test.go:321: Loss returned nil error for an invalid or overflowing input
=== RUN   TestObjectiveNumericalLossRejectsNonFiniteScalars/target_negative_inf
    objective_numerical_test.go:321: Loss returned nil error for an invalid or overflowing input
--- FAIL: TestObjectiveNumericalLossRejectsNonFiniteScalars (0.00s)
    --- FAIL: TestObjectiveNumericalLossRejectsNonFiniteScalars/old_log_prob_nan (0.00s)
    --- FAIL: TestObjectiveNumericalLossRejectsNonFiniteScalars/old_log_prob_positive_inf (0.00s)
    --- FAIL: TestObjectiveNumericalLossRejectsNonFiniteScalars/old_log_prob_negative_inf (0.00s)
    --- FAIL: TestObjectiveNumericalLossRejectsNonFiniteScalars/advantage_nan (0.00s)
    --- FAIL: TestObjectiveNumericalLossRejectsNonFiniteScalars/advantage_positive_inf (0.00s)
    --- FAIL: TestObjectiveNumericalLossRejectsNonFiniteScalars/advantage_negative_inf (0.00s)
    --- FAIL: TestObjectiveNumericalLossRejectsNonFiniteScalars/value_nan (0.00s)
    --- FAIL: TestObjectiveNumericalLossRejectsNonFiniteScalars/value_positive_inf (0.00s)
    --- FAIL: TestObjectiveNumericalLossRejectsNonFiniteScalars/value_negative_inf (0.00s)
    --- FAIL: TestObjectiveNumericalLossRejectsNonFiniteScalars/target_nan (0.00s)
    --- FAIL: TestObjectiveNumericalLossRejectsNonFiniteScalars/target_positive_inf (0.00s)
    --- FAIL: TestObjectiveNumericalLossRejectsNonFiniteScalars/target_negative_inf (0.00s)
=== RUN   TestObjectiveNumericalLossRejectsNonFiniteCoefficients
=== RUN   TestObjectiveNumericalLossRejectsNonFiniteCoefficients/value_coef_nan
=== RUN   TestObjectiveNumericalLossRejectsNonFiniteCoefficients/value_coef_positive_inf
=== RUN   TestObjectiveNumericalLossRejectsNonFiniteCoefficients/value_coef_negative_inf
=== RUN   TestObjectiveNumericalLossRejectsNonFiniteCoefficients/entropy_coef_nan
=== RUN   TestObjectiveNumericalLossRejectsNonFiniteCoefficients/entropy_coef_positive_inf
=== RUN   TestObjectiveNumericalLossRejectsNonFiniteCoefficients/entropy_coef_negative_inf
--- PASS: TestObjectiveNumericalLossRejectsNonFiniteCoefficients (0.00s)
    --- PASS: TestObjectiveNumericalLossRejectsNonFiniteCoefficients/value_coef_nan (0.00s)
    --- PASS: TestObjectiveNumericalLossRejectsNonFiniteCoefficients/value_coef_positive_inf (0.00s)
    --- PASS: TestObjectiveNumericalLossRejectsNonFiniteCoefficients/value_coef_negative_inf (0.00s)
    --- PASS: TestObjectiveNumericalLossRejectsNonFiniteCoefficients/entropy_coef_nan (0.00s)
    --- PASS: TestObjectiveNumericalLossRejectsNonFiniteCoefficients/entropy_coef_positive_inf (0.00s)
    --- PASS: TestObjectiveNumericalLossRejectsNonFiniteCoefficients/entropy_coef_negative_inf (0.00s)
=== RUN   TestObjectiveNumericalRejectsFiniteLogitDifferenceOverflow
=== RUN   TestObjectiveNumericalRejectsFiniteLogitDifferenceOverflow/1.7976931348623157e+308_-1.7976931348623157e+308
    objective_numerical_test.go:362: LogProb action 0 returned 0 with nil error
    objective_numerical_test.go:362: LogProb action 1 returned -Inf with nil error
    objective_numerical_test.go:367: Loss returned nil error for an invalid or overflowing input
=== RUN   TestObjectiveNumericalRejectsFiniteLogitDifferenceOverflow/-1.7976931348623157e+308_1.7976931348623157e+308
    objective_numerical_test.go:362: LogProb action 0 returned -Inf with nil error
    objective_numerical_test.go:362: LogProb action 1 returned 0 with nil error
    objective_numerical_test.go:367: Loss returned nil error for an invalid or overflowing input
--- FAIL: TestObjectiveNumericalRejectsFiniteLogitDifferenceOverflow (0.00s)
    --- FAIL: TestObjectiveNumericalRejectsFiniteLogitDifferenceOverflow/1.7976931348623157e+308_-1.7976931348623157e+308 (0.00s)
    --- FAIL: TestObjectiveNumericalRejectsFiniteLogitDifferenceOverflow/-1.7976931348623157e+308_1.7976931348623157e+308 (0.00s)
=== RUN   TestObjectiveNumericalLossRejectsRatioValueGradientAndTotalOverflow
=== RUN   TestObjectiveNumericalLossRejectsRatioValueGradientAndTotalOverflow/ratio
    objective_numerical_test.go:422: Loss returned nil error for an invalid or overflowing input
=== RUN   TestObjectiveNumericalLossRejectsRatioValueGradientAndTotalOverflow/value_loss
    objective_numerical_test.go:422: Loss returned nil error for an invalid or overflowing input
=== RUN   TestObjectiveNumericalLossRejectsRatioValueGradientAndTotalOverflow/value_gradient
    objective_numerical_test.go:422: Loss returned nil error for an invalid or overflowing input
=== RUN   TestObjectiveNumericalLossRejectsRatioValueGradientAndTotalOverflow/total_loss
    objective_numerical_test.go:422: Loss returned nil error for an invalid or overflowing input
--- FAIL: TestObjectiveNumericalLossRejectsRatioValueGradientAndTotalOverflow (0.00s)
    --- FAIL: TestObjectiveNumericalLossRejectsRatioValueGradientAndTotalOverflow/ratio (0.00s)
    --- FAIL: TestObjectiveNumericalLossRejectsRatioValueGradientAndTotalOverflow/value_loss (0.00s)
    --- FAIL: TestObjectiveNumericalLossRejectsRatioValueGradientAndTotalOverflow/value_gradient (0.00s)
    --- FAIL: TestObjectiveNumericalLossRejectsRatioValueGradientAndTotalOverflow/total_loss (0.00s)
=== RUN   TestObjectiveNumericalLossRejectsEntropyOverflow
    objective_numerical_test.go:431: Loss returned nil error for an invalid or overflowing input
--- FAIL: TestObjectiveNumericalLossRejectsEntropyOverflow (0.00s)
=== RUN   TestObjectiveNumericalZeroValueCoefSkipsExtremeValueDifference
    objective_numerical_test.go:445: value: got NaN, want finite 0
--- FAIL: TestObjectiveNumericalZeroValueCoefSkipsExtremeValueDifference (0.00s)
=== RUN   TestObjectiveNumericalEmptyAndInvalidActionReturnZero
=== RUN   TestObjectiveNumericalEmptyAndInvalidActionReturnZero/empty
=== RUN   TestObjectiveNumericalEmptyAndInvalidActionReturnZero/negative_action
=== RUN   TestObjectiveNumericalEmptyAndInvalidActionReturnZero/too_large_action
--- PASS: TestObjectiveNumericalEmptyAndInvalidActionReturnZero (0.00s)
    --- PASS: TestObjectiveNumericalEmptyAndInvalidActionReturnZero/empty (0.00s)
    --- PASS: TestObjectiveNumericalEmptyAndInvalidActionReturnZero/negative_action (0.00s)
    --- PASS: TestObjectiveNumericalEmptyAndInvalidActionReturnZero/too_large_action (0.00s)
FAIL
FAIL	github.com/TimLai666/coimnet/learning/rl	0.192s
FAIL
