=== RUN   TestCancelReleases
=== RUN   TestCancelReleases/download_Fetch
    cancel_release_test.go:183: before TestCancelReleases/download_Fetch: goroutines=4 HeapInuse=7340032
    cancel_release_test.go:191: after TestCancelReleases/download_Fetch attempt 0: goroutines=4 (want 4) HeapInuse=7340032 (limit 8074035)
--- PASS: TestCancelReleases (0.06s)
    --- PASS: TestCancelReleases/download_Fetch (0.06s)
=== RUN   TestCancelReleases
=== RUN   TestCancelReleases/download_Fetch
    cancel_release_test.go:183: before TestCancelReleases/download_Fetch: goroutines=4 HeapInuse=7340032
    cancel_release_test.go:191: after TestCancelReleases/download_Fetch attempt 0: goroutines=4 (want 4) HeapInuse=7340032 (limit 8074035)
--- PASS: TestCancelReleases (0.06s)
    --- PASS: TestCancelReleases/download_Fetch (0.06s)
=== RUN   TestCancelReleases
=== RUN   TestCancelReleases/download_Fetch
    cancel_release_test.go:183: before TestCancelReleases/download_Fetch: goroutines=4 HeapInuse=7331840
    cancel_release_test.go:191: after TestCancelReleases/download_Fetch attempt 0: goroutines=4 (want 4) HeapInuse=7331840 (limit 8065024)
--- PASS: TestCancelReleases (0.06s)
    --- PASS: TestCancelReleases/download_Fetch (0.06s)
PASS
ok  	github.com/TimLai666/coimnet	2.008s
