ok  	github.com/TimLai666/coimnet	7.266s
ok  	github.com/TimLai666/coimnet/backend	(cached)
ok  	github.com/TimLai666/coimnet/backend/webgpu	(cached)
ok  	github.com/TimLai666/coimnet/checkpoint	(cached)
?   	github.com/TimLai666/coimnet/cmd/coimnet	[no test files]
ok  	github.com/TimLai666/coimnet/config	(cached)
ok  	github.com/TimLai666/coimnet/connectome	(cached)
ok  	github.com/TimLai666/coimnet/connectome/flywire	(cached)
ok  	github.com/TimLai666/coimnet/distill	(cached)
ok  	github.com/TimLai666/coimnet/download	(cached)
ok  	github.com/TimLai666/coimnet/dynamics	(cached)
ok  	github.com/TimLai666/coimnet/examples/lifthreshold	(cached)
ok  	github.com/TimLai666/coimnet/examples/multichannel	(cached)
ok  	github.com/TimLai666/coimnet/examples/realasr	(cached)
ok  	github.com/TimLai666/coimnet/examples/realmedia	(cached)
ok  	github.com/TimLai666/coimnet/examples/realnav	(cached)
ok  	github.com/TimLai666/coimnet/examples/realnavmemory	(cached)
ok  	github.com/TimLai666/coimnet/examples/realocr	(cached)
ok  	github.com/TimLai666/coimnet/examples/realsubgraph	(cached)
ok  	github.com/TimLai666/coimnet/examples/realtext	(cached)
ok  	github.com/TimLai666/coimnet/experiment	852.997s
ok  	github.com/TimLai666/coimnet/experiment/fullgraph	(cached)
ok  	github.com/TimLai666/coimnet/experiment/gridnav	(cached)
ok  	github.com/TimLai666/coimnet/experiment/multimodaleval	(cached)
ok  	github.com/TimLai666/coimnet/experiment/nav2d	(cached)
ok  	github.com/TimLai666/coimnet/experiment/studenteval	(cached)
ok  	github.com/TimLai666/coimnet/feather	(cached)
ok  	github.com/TimLai666/coimnet/internal/cli	392.736s
ok  	github.com/TimLai666/coimnet/internal/delayedfixture	(cached)
ok  	github.com/TimLai666/coimnet/internal/extsort	(cached)
ok  	github.com/TimLai666/coimnet/internal/fileio	(cached)
ok  	github.com/TimLai666/coimnet/internal/jsonkey	(cached)
ok  	github.com/TimLai666/coimnet/internal/redact	(cached)
ok  	github.com/TimLai666/coimnet/internal/sparse	(cached)
ok  	github.com/TimLai666/coimnet/internal/strictjson	(cached)
ok  	github.com/TimLai666/coimnet/learning	(cached)
ok  	github.com/TimLai666/coimnet/learning/rl	(cached)
ok  	github.com/TimLai666/coimnet/modulation	(cached)
ok  	github.com/TimLai666/coimnet/multimodal	(cached)
ok  	github.com/TimLai666/coimnet/multimodal/synthetic	(cached)
ok  	github.com/TimLai666/coimnet/params	(cached)
ok  	github.com/TimLai666/coimnet/plasticity	(cached)
ok  	github.com/TimLai666/coimnet/replay	(cached)
ok  	github.com/TimLai666/coimnet/resources	(cached)
ok  	github.com/TimLai666/coimnet/signal	(cached)
ok  	github.com/TimLai666/coimnet/simulate	(cached)
ok  	github.com/TimLai666/coimnet/tasks/asr	(cached)
ok  	github.com/TimLai666/coimnet/tasks/asr/audio	(cached)
ok  	github.com/TimLai666/coimnet/tasks/media	474.265s
ok  	github.com/TimLai666/coimnet/tasks/media/realdata	2.455s
ok  	github.com/TimLai666/coimnet/tasks/nav2d/trajectory	(cached)
ok  	github.com/TimLai666/coimnet/tasks/ocr	(cached)
ok  	github.com/TimLai666/coimnet/tasks/ocr/ctc	(cached)
ok  	github.com/TimLai666/coimnet/tasks/ocr/glyphs	(cached)
ok  	github.com/TimLai666/coimnet/tasks/textgen	(cached)
ok  	github.com/TimLai666/coimnet/tasks/textgen/tokenizer	(cached)
ok  	github.com/TimLai666/coimnet/teacher	(cached)
ok  	github.com/TimLai666/coimnet/teacher/tool	(cached)
