ok  	github.com/TimLai666/coimnet	7.995s
ok  	github.com/TimLai666/coimnet/backend	(cached)
ok  	github.com/TimLai666/coimnet/backend/webgpu	(cached)
ok  	github.com/TimLai666/coimnet/checkpoint	(cached)
?   	github.com/TimLai666/coimnet/cmd/coimnet	[no test files]
ok  	github.com/TimLai666/coimnet/config	(cached)
ok  	github.com/TimLai666/coimnet/connectome	(cached)
ok  	github.com/TimLai666/coimnet/connectome/flywire	(cached)
ok  	github.com/TimLai666/coimnet/distill	(cached)
ok  	github.com/TimLai666/coimnet/download	(cached)
ok  	github.com/TimLai666/coimnet/dynamics	(cached)
ok  	github.com/TimLai666/coimnet/examples/lifthreshold	(cached)
ok  	github.com/TimLai666/coimnet/examples/multichannel	(cached)
ok  	github.com/TimLai666/coimnet/examples/realasr	(cached)
ok  	github.com/TimLai666/coimnet/examples/realmedia	(cached)
ok  	github.com/TimLai666/coimnet/examples/realnav	2.881s
ok  	github.com/TimLai666/coimnet/examples/realnavmemory	(cached)
ok  	github.com/TimLai666/coimnet/examples/realocr	(cached)
ok  	github.com/TimLai666/coimnet/examples/realsubgraph	(cached)
ok  	github.com/TimLai666/coimnet/examples/realtext	(cached)
