ok  	github.com/TimLai666/coimnet	15.541s
ok  	github.com/TimLai666/coimnet/backend	0.232s
ok  	github.com/TimLai666/coimnet/backend/webgpu	0.637s
ok  	github.com/TimLai666/coimnet/checkpoint	53.025s
?   	github.com/TimLai666/coimnet/cmd/coimnet	[no test files]
ok  	github.com/TimLai666/coimnet/config	0.435s
ok  	github.com/TimLai666/coimnet/connectome	4.463s
ok  	github.com/TimLai666/coimnet/connectome/flywire	0.432s
ok  	github.com/TimLai666/coimnet/distill	0.397s
ok  	github.com/TimLai666/coimnet/download	1.361s
ok  	github.com/TimLai666/coimnet/dynamics	0.698s
ok  	github.com/TimLai666/coimnet/examples/lifthreshold	0.650s
ok  	github.com/TimLai666/coimnet/examples/multichannel	0.351s
ok  	github.com/TimLai666/coimnet/examples/realasr	0.349s
ok  	github.com/TimLai666/coimnet/examples/realmedia	2.328s
ok  	github.com/TimLai666/coimnet/examples/realnav	0.926s
ok  	github.com/TimLai666/coimnet/examples/realnavmemory	1.181s
ok  	github.com/TimLai666/coimnet/examples/realocr	0.500s
ok  	github.com/TimLai666/coimnet/examples/realsubgraph	2.527s
ok  	github.com/TimLai666/coimnet/examples/realtext	27.921s
ok  	github.com/TimLai666/coimnet/experiment	322.691s
ok  	github.com/TimLai666/coimnet/experiment/fullgraph	2.477s
ok  	github.com/TimLai666/coimnet/experiment/gridnav	0.239s
ok  	github.com/TimLai666/coimnet/experiment/multimodaleval	285.830s
ok  	github.com/TimLai666/coimnet/experiment/nav2d	0.300s
ok  	github.com/TimLai666/coimnet/experiment/studenteval	4.493s
ok  	github.com/TimLai666/coimnet/feather	0.503s
ok  	github.com/TimLai666/coimnet/internal/cli	237.214s
ok  	github.com/TimLai666/coimnet/internal/delayedfixture	0.448s
ok  	github.com/TimLai666/coimnet/internal/extsort	0.951s
ok  	github.com/TimLai666/coimnet/internal/fileio	0.313s
ok  	github.com/TimLai666/coimnet/internal/jsonkey	0.252s
ok  	github.com/TimLai666/coimnet/internal/redact	0.258s
ok  	github.com/TimLai666/coimnet/internal/sparse	0.271s
ok  	github.com/TimLai666/coimnet/internal/strictjson	0.269s
ok  	github.com/TimLai666/coimnet/learning	5.519s
ok  	github.com/TimLai666/coimnet/learning/rl	0.596s
ok  	github.com/TimLai666/coimnet/modulation	1.091s
ok  	github.com/TimLai666/coimnet/multimodal	0.486s
ok  	github.com/TimLai666/coimnet/multimodal/synthetic	0.258s
ok  	github.com/TimLai666/coimnet/params	6.073s
ok  	github.com/TimLai666/coimnet/plasticity	0.243s
ok  	github.com/TimLai666/coimnet/replay	0.256s
ok  	github.com/TimLai666/coimnet/resources	0.267s
ok  	github.com/TimLai666/coimnet/signal	0.343s
ok  	github.com/TimLai666/coimnet/simulate	9.377s
ok  	github.com/TimLai666/coimnet/tasks/asr	25.843s
ok  	github.com/TimLai666/coimnet/tasks/asr/audio	0.333s
ok  	github.com/TimLai666/coimnet/tasks/media	200.070s
ok  	github.com/TimLai666/coimnet/tasks/media/realdata	8.197s
ok  	github.com/TimLai666/coimnet/tasks/nav2d/trajectory	0.347s
ok  	github.com/TimLai666/coimnet/tasks/ocr	5.535s
ok  	github.com/TimLai666/coimnet/tasks/ocr/ctc	0.258s
ok  	github.com/TimLai666/coimnet/tasks/ocr/glyphs	0.254s
ok  	github.com/TimLai666/coimnet/tasks/textgen	216.899s
ok  	github.com/TimLai666/coimnet/tasks/textgen/tokenizer	0.249s
ok  	github.com/TimLai666/coimnet/teacher	0.677s
ok  	github.com/TimLai666/coimnet/teacher/tool	0.247s
