ok  	github.com/TimLai666/coimnet	98.354s
ok  	github.com/TimLai666/coimnet/backend	1.337s
ok  	github.com/TimLai666/coimnet/backend/webgpu	2.101s
ok  	github.com/TimLai666/coimnet/checkpoint	34.562s
?   	github.com/TimLai666/coimnet/cmd/coimnet	[no test files]
ok  	github.com/TimLai666/coimnet/config	1.529s
ok  	github.com/TimLai666/coimnet/connectome	12.096s
ok  	github.com/TimLai666/coimnet/connectome/flywire	1.854s
ok  	github.com/TimLai666/coimnet/distill	1.619s
ok  	github.com/TimLai666/coimnet/download	2.745s
ok  	github.com/TimLai666/coimnet/dynamics	16.517s
ok  	github.com/TimLai666/coimnet/examples/lifthreshold	7.483s
ok  	github.com/TimLai666/coimnet/examples/multichannel	2.622s
ok  	github.com/TimLai666/coimnet/examples/realasr	1.801s
ok  	github.com/TimLai666/coimnet/examples/realmedia	24.756s
ok  	github.com/TimLai666/coimnet/examples/realnav	6.077s
ok  	github.com/TimLai666/coimnet/examples/realnavmemory	10.828s
ok  	github.com/TimLai666/coimnet/examples/realocr	2.068s
ok  	github.com/TimLai666/coimnet/examples/realsubgraph	2.966s
ok  	github.com/TimLai666/coimnet/examples/realtext	462.081s
ok  	github.com/TimLai666/coimnet/experiment	2390.313s
ok  	github.com/TimLai666/coimnet/experiment/fullgraph	5.378s
ok  	github.com/TimLai666/coimnet/experiment/gridnav	1.299s
ok  	github.com/TimLai666/coimnet/experiment/multimodaleval	2142.995s
ok  	github.com/TimLai666/coimnet/experiment/nav2d	1.319s
ok  	github.com/TimLai666/coimnet/experiment/studenteval	8.503s
ok  	github.com/TimLai666/coimnet/feather	1.556s
ok  	github.com/TimLai666/coimnet/internal/cli	1452.285s
ok  	github.com/TimLai666/coimnet/internal/delayedfixture	1.707s
ok  	github.com/TimLai666/coimnet/internal/extsort	1.985s
ok  	github.com/TimLai666/coimnet/internal/fileio	1.423s
ok  	github.com/TimLai666/coimnet/internal/jsonkey	1.435s
ok  	github.com/TimLai666/coimnet/internal/redact	1.445s
ok  	github.com/TimLai666/coimnet/internal/sparse	1.402s
ok  	github.com/TimLai666/coimnet/internal/strictjson	1.404s
ok  	github.com/TimLai666/coimnet/learning	12.319s
ok  	github.com/TimLai666/coimnet/learning/rl	6.426s
ok  	github.com/TimLai666/coimnet/modulation	1.956s
ok  	github.com/TimLai666/coimnet/multimodal	1.275s
ok  	github.com/TimLai666/coimnet/multimodal/synthetic	1.291s
ok  	github.com/TimLai666/coimnet/params	6.032s
ok  	github.com/TimLai666/coimnet/plasticity	1.275s
ok  	github.com/TimLai666/coimnet/replay	1.301s
ok  	github.com/TimLai666/coimnet/resources	1.280s
ok  	github.com/TimLai666/coimnet/signal	4.079s
ok  	github.com/TimLai666/coimnet/simulate	12.303s
ok  	github.com/TimLai666/coimnet/tasks/asr	347.847s
ok  	github.com/TimLai666/coimnet/tasks/asr/audio	3.631s
ok  	github.com/TimLai666/coimnet/tasks/media	1761.635s
ok  	github.com/TimLai666/coimnet/tasks/media/realdata	12.585s
ok  	github.com/TimLai666/coimnet/tasks/nav2d/trajectory	1.484s
ok  	github.com/TimLai666/coimnet/tasks/ocr	93.177s
ok  	github.com/TimLai666/coimnet/tasks/ocr/ctc	1.290s
ok  	github.com/TimLai666/coimnet/tasks/ocr/glyphs	1.289s
ok  	github.com/TimLai666/coimnet/tasks/textgen	2243.571s
ok  	github.com/TimLai666/coimnet/tasks/textgen/tokenizer	1.375s
ok  	github.com/TimLai666/coimnet/teacher	1.796s
ok  	github.com/TimLai666/coimnet/teacher/tool	1.272s
