=== RUN   TestNav2DEffectiveConfigReport
=== RUN   TestNav2DEffectiveConfigReport/errors
--- PASS: TestNav2DEffectiveConfigReport (1.82s)
    --- PASS: TestNav2DEffectiveConfigReport/errors (0.00s)
=== RUN   TestNav2DSuiteEffectiveConfigReport
--- PASS: TestNav2DSuiteEffectiveConfigReport (0.00s)
=== RUN   TestAttributionEffectiveConfigReport
=== RUN   TestAttributionEffectiveConfigReport/errors
--- PASS: TestAttributionEffectiveConfigReport (11.91s)
    --- PASS: TestAttributionEffectiveConfigReport/errors (0.00s)
=== RUN   TestReportNonFiniteEnvironment
=== RUN   TestReportNonFiniteEnvironment/wall_density/NaN
=== RUN   TestReportNonFiniteEnvironment/wall_density/+Inf
=== RUN   TestReportNonFiniteEnvironment/wall_density/-Inf
=== RUN   TestReportNonFiniteEnvironment/step_penalty/NaN
=== RUN   TestReportNonFiniteEnvironment/step_penalty/+Inf
=== RUN   TestReportNonFiniteEnvironment/step_penalty/-Inf
=== RUN   TestReportNonFiniteEnvironment/collision_penalty/NaN
=== RUN   TestReportNonFiniteEnvironment/collision_penalty/+Inf
=== RUN   TestReportNonFiniteEnvironment/collision_penalty/-Inf
=== RUN   TestReportNonFiniteEnvironment/goal_reward/NaN
=== RUN   TestReportNonFiniteEnvironment/goal_reward/+Inf
=== RUN   TestReportNonFiniteEnvironment/goal_reward/-Inf
--- PASS: TestReportNonFiniteEnvironment (0.00s)
    --- PASS: TestReportNonFiniteEnvironment/wall_density/NaN (0.00s)
    --- PASS: TestReportNonFiniteEnvironment/wall_density/+Inf (0.00s)
    --- PASS: TestReportNonFiniteEnvironment/wall_density/-Inf (0.00s)
    --- PASS: TestReportNonFiniteEnvironment/step_penalty/NaN (0.00s)
    --- PASS: TestReportNonFiniteEnvironment/step_penalty/+Inf (0.00s)
    --- PASS: TestReportNonFiniteEnvironment/step_penalty/-Inf (0.00s)
    --- PASS: TestReportNonFiniteEnvironment/collision_penalty/NaN (0.00s)
    --- PASS: TestReportNonFiniteEnvironment/collision_penalty/+Inf (0.00s)
    --- PASS: TestReportNonFiniteEnvironment/collision_penalty/-Inf (0.00s)
    --- PASS: TestReportNonFiniteEnvironment/goal_reward/NaN (0.00s)
    --- PASS: TestReportNonFiniteEnvironment/goal_reward/+Inf (0.00s)
    --- PASS: TestReportNonFiniteEnvironment/goal_reward/-Inf (0.00s)
=== RUN   TestReportNonFiniteValidControl
--- PASS: TestReportNonFiniteValidControl (5.75s)
=== RUN   TestNav2DReportConfigOwnership
=== RUN   TestNav2DReportConfigOwnership/caller_to_report
    nav2d_ownership_test.go:83: Seeds control preserved: caller seed edit left report JSON unchanged
=== RUN   TestNav2DReportConfigOwnership/report_to_caller
    nav2d_ownership_test.go:112: Seeds control preserved: report seed edit left caller JSON unchanged
--- PASS: TestNav2DReportConfigOwnership (0.02s)
    --- PASS: TestNav2DReportConfigOwnership/caller_to_report (0.01s)
    --- PASS: TestNav2DReportConfigOwnership/report_to_caller (0.01s)
=== RUN   TestNav2DSuiteConfigOwnership
=== RUN   TestNav2DSuiteConfigOwnership/caller_to_all
    nav2d_ownership_test.go:130: task 0 "remember_goal": 4 runs
    nav2d_ownership_test.go:130: task 1 "avoid_obstacles": 4 runs
    nav2d_ownership_test.go:130: task 2 "adapt_after_change": 4 runs
    nav2d_ownership_test.go:130: task 3 "language_goal": 4 runs
    nav2d_ownership_test.go:151: Seeds control preserved: caller seed edit left suite and all task reports unchanged
=== RUN   TestNav2DSuiteConfigOwnership/report_to_caller_and_other_tasks_0
    nav2d_ownership_test.go:177: task 0 "remember_goal": 4 runs
    nav2d_ownership_test.go:177: task 1 "avoid_obstacles": 4 runs
    nav2d_ownership_test.go:177: task 2 "adapt_after_change": 4 runs
    nav2d_ownership_test.go:177: task 3 "language_goal": 4 runs
    nav2d_ownership_test.go:200: Seeds control preserved: task 0 seed edit left caller and other task reports unchanged
=== RUN   TestNav2DSuiteConfigOwnership/report_to_caller_and_other_tasks_1
    nav2d_ownership_test.go:177: task 0 "remember_goal": 4 runs
    nav2d_ownership_test.go:177: task 1 "avoid_obstacles": 4 runs
    nav2d_ownership_test.go:177: task 2 "adapt_after_change": 4 runs
    nav2d_ownership_test.go:177: task 3 "language_goal": 4 runs
    nav2d_ownership_test.go:200: Seeds control preserved: task 1 seed edit left caller and other task reports unchanged
=== RUN   TestNav2DSuiteConfigOwnership/report_to_caller_and_other_tasks_2
    nav2d_ownership_test.go:177: task 0 "remember_goal": 4 runs
    nav2d_ownership_test.go:177: task 1 "avoid_obstacles": 4 runs
    nav2d_ownership_test.go:177: task 2 "adapt_after_change": 4 runs
    nav2d_ownership_test.go:177: task 3 "language_goal": 4 runs
    nav2d_ownership_test.go:200: Seeds control preserved: task 2 seed edit left caller and other task reports unchanged
=== RUN   TestNav2DSuiteConfigOwnership/report_to_caller_and_other_tasks_3
    nav2d_ownership_test.go:177: task 0 "remember_goal": 4 runs
    nav2d_ownership_test.go:177: task 1 "avoid_obstacles": 4 runs
    nav2d_ownership_test.go:177: task 2 "adapt_after_change": 4 runs
    nav2d_ownership_test.go:177: task 3 "language_goal": 4 runs
    nav2d_ownership_test.go:200: Seeds control preserved: task 3 seed edit left caller and other task reports unchanged
--- PASS: TestNav2DSuiteConfigOwnership (1.04s)
    --- PASS: TestNav2DSuiteConfigOwnership/caller_to_all (0.39s)
    --- PASS: TestNav2DSuiteConfigOwnership/report_to_caller_and_other_tasks_0 (0.15s)
    --- PASS: TestNav2DSuiteConfigOwnership/report_to_caller_and_other_tasks_1 (0.17s)
    --- PASS: TestNav2DSuiteConfigOwnership/report_to_caller_and_other_tasks_2 (0.16s)
    --- PASS: TestNav2DSuiteConfigOwnership/report_to_caller_and_other_tasks_3 (0.18s)
=== RUN   TestNav2DReportConfigAppendOwnership
--- PASS: TestNav2DReportConfigAppendOwnership (0.05s)
=== RUN   TestRunNav2DReportsEveryPolicyAndSeed
--- PASS: TestRunNav2DReportsEveryPolicyAndSeed (18.72s)
=== RUN   TestRunNav2DSuiteCoversFourTasks
    nav2d_suite_test.go:299: remember_goal recurrent: unseen success_rate=0 expert_agreement=0.46111111111111114
    nav2d_suite_test.go:299: remember_goal random: unseen success_rate=0 expert_agreement=0.20555555555555555
    nav2d_suite_test.go:299: avoid_obstacles recurrent: unseen success_rate=0 expert_agreement=0.4166666666666667
    nav2d_suite_test.go:299: avoid_obstacles random: unseen success_rate=0 expert_agreement=0.20555555555555555
    nav2d_suite_test.go:299: adapt_after_change recurrent: unseen success_rate=0 expert_agreement=0.5111111111111111
    nav2d_suite_test.go:299: adapt_after_change random: unseen success_rate=0 expert_agreement=0.16666666666666666
    nav2d_suite_test.go:299: language_goal recurrent: unseen success_rate=0 expert_agreement=0.5
    nav2d_suite_test.go:299: language_goal random: unseen success_rate=0 expert_agreement=0.17777777777777778
--- PASS: TestRunNav2DSuiteCoversFourTasks (18.50s)
=== RUN   TestRunNav2DIsDeterministic
--- PASS: TestRunNav2DIsDeterministic (11.70s)
=== RUN   TestRunNav2DHonoursCancellation
--- PASS: TestRunNav2DHonoursCancellation (0.00s)
PASS
ok  	github.com/TimLai666/coimnet/experiment	69.858s
=== RUN   TestEnvironmentEffectiveConfig
=== RUN   TestEnvironmentEffectiveConfig/defaults
=== RUN   TestEnvironmentEffectiveConfig/partial
=== RUN   TestEnvironmentEffectiveConfig/explicit
--- PASS: TestEnvironmentEffectiveConfig (0.00s)
    --- PASS: TestEnvironmentEffectiveConfig/defaults (0.00s)
    --- PASS: TestEnvironmentEffectiveConfig/partial (0.00s)
    --- PASS: TestEnvironmentEffectiveConfig/explicit (0.00s)
=== RUN   TestEnvironmentEffectiveConfigRejects
--- PASS: TestEnvironmentEffectiveConfigRejects (0.00s)
=== RUN   TestEnvironmentNonFiniteConfig
=== RUN   TestEnvironmentNonFiniteConfig/wall_density/NaN
=== RUN   TestEnvironmentNonFiniteConfig/wall_density/+Inf
=== RUN   TestEnvironmentNonFiniteConfig/wall_density/-Inf
=== RUN   TestEnvironmentNonFiniteConfig/step_penalty/NaN
=== RUN   TestEnvironmentNonFiniteConfig/step_penalty/+Inf
=== RUN   TestEnvironmentNonFiniteConfig/step_penalty/-Inf
=== RUN   TestEnvironmentNonFiniteConfig/collision_penalty/NaN
=== RUN   TestEnvironmentNonFiniteConfig/collision_penalty/+Inf
=== RUN   TestEnvironmentNonFiniteConfig/collision_penalty/-Inf
=== RUN   TestEnvironmentNonFiniteConfig/goal_reward/NaN
=== RUN   TestEnvironmentNonFiniteConfig/goal_reward/+Inf
=== RUN   TestEnvironmentNonFiniteConfig/goal_reward/-Inf
--- PASS: TestEnvironmentNonFiniteConfig (0.00s)
    --- PASS: TestEnvironmentNonFiniteConfig/wall_density/NaN (0.00s)
    --- PASS: TestEnvironmentNonFiniteConfig/wall_density/+Inf (0.00s)
    --- PASS: TestEnvironmentNonFiniteConfig/wall_density/-Inf (0.00s)
    --- PASS: TestEnvironmentNonFiniteConfig/step_penalty/NaN (0.00s)
    --- PASS: TestEnvironmentNonFiniteConfig/step_penalty/+Inf (0.00s)
    --- PASS: TestEnvironmentNonFiniteConfig/step_penalty/-Inf (0.00s)
    --- PASS: TestEnvironmentNonFiniteConfig/collision_penalty/NaN (0.00s)
    --- PASS: TestEnvironmentNonFiniteConfig/collision_penalty/+Inf (0.00s)
    --- PASS: TestEnvironmentNonFiniteConfig/collision_penalty/-Inf (0.00s)
    --- PASS: TestEnvironmentNonFiniteConfig/goal_reward/NaN (0.00s)
    --- PASS: TestEnvironmentNonFiniteConfig/goal_reward/+Inf (0.00s)
    --- PASS: TestEnvironmentNonFiniteConfig/goal_reward/-Inf (0.00s)
PASS
ok  	github.com/TimLai666/coimnet/experiment/nav2d	0.073s
=== RUN   TestEqualFloat32RejectsNonFinite
--- PASS: TestEqualFloat32RejectsNonFinite (0.00s)
=== RUN   TestExamplesEffectiveConfigReports
=== RUN   TestExamplesEffectiveConfigReports/single
=== RUN   TestExamplesEffectiveConfigReports/suite
=== RUN   TestExamplesEffectiveConfigReports/attribution
--- PASS: TestExamplesEffectiveConfigReports (2.97s)
    --- PASS: TestExamplesEffectiveConfigReports/single (0.00s)
    --- PASS: TestExamplesEffectiveConfigReports/suite (0.02s)
    --- PASS: TestExamplesEffectiveConfigReports/attribution (2.95s)
=== RUN   TestExamplesRunNav2DWritesSuite
--- PASS: TestExamplesRunNav2DWritesSuite (15.44s)
=== RUN   TestExamplesRunNav2DSingleTask
--- PASS: TestExamplesRunNav2DSingleTask (0.01s)
=== RUN   TestExamplesRunNav2DRejects
--- PASS: TestExamplesRunNav2DRejects (0.00s)
PASS
ok  	github.com/TimLai666/coimnet/internal/cli	18.833s
