=== RUN   TestSparseBackwardGPUMatchesFloat32Reference
    sparse_backward_test.go:67: adapter="Apple M3" backend="Metal" vendor="Apple" driver="Metal" device_type="DiscreteGPU" initialization=49.962958ms compilation=770.084µs topology_transfer=718.458µs warmup=4.758ms transfer=61.375µs dispatch=94.583µs readback=464.458µs cpu_reference_max_abs_diff=0
--- PASS: TestSparseBackwardGPUMatchesFloat32Reference (0.05s)
=== RUN   TestSparseBackwardSingleEdgeRepeatedInputs
    sparse_backward_test.go:137: adapter="Apple M3" backend="Metal" repeated_inputs=12
--- PASS: TestSparseBackwardSingleEdgeRepeatedInputs (0.01s)
=== RUN   TestSparseBackwardZeroEdges
--- PASS: TestSparseBackwardZeroEdges (0.01s)
=== RUN   TestSparseBackwardCrossesWorkgroupBoundaries
    sparse_backward_test.go:227: adapter="Apple M3" backend="Metal" device_type="DiscreteGPU" nodes=130 edges=910 initialization=3.880125ms compilation=525.625µs topology_transfer=105.708µs warmup=2.787542ms transfer=169.292µs dispatch=222.083µs readback=801.541µs max_abs_diff=0
--- PASS: TestSparseBackwardCrossesWorkgroupBoundaries (0.01s)
=== RUN   TestSparseBackwardRejectsInvalidInputs
=== RUN   TestSparseBackwardRejectsInvalidInputs/upstream_shape
=== RUN   TestSparseBackwardRejectsInvalidInputs/source_shape
=== RUN   TestSparseBackwardRejectsInvalidInputs/weight_shape
=== RUN   TestSparseBackwardRejectsInvalidInputs/non-finite_upstream
=== RUN   TestSparseBackwardRejectsInvalidInputs/non-finite_source
=== RUN   TestSparseBackwardRejectsInvalidInputs/non-finite_weight
--- PASS: TestSparseBackwardRejectsInvalidInputs (0.01s)
    --- PASS: TestSparseBackwardRejectsInvalidInputs/upstream_shape (0.00s)
    --- PASS: TestSparseBackwardRejectsInvalidInputs/source_shape (0.00s)
    --- PASS: TestSparseBackwardRejectsInvalidInputs/weight_shape (0.00s)
    --- PASS: TestSparseBackwardRejectsInvalidInputs/non-finite_upstream (0.00s)
    --- PASS: TestSparseBackwardRejectsInvalidInputs/non-finite_source (0.00s)
    --- PASS: TestSparseBackwardRejectsInvalidInputs/non-finite_weight (0.00s)
=== RUN   TestSparseDriveGPUMatchesFloat32Reference
    sparse_drive_test.go:99: adapter="Apple M3" backend="Metal" vendor="Apple" driver="Metal" device_type="DiscreteGPU" initialization=3.356916ms compilation=272.166µs topology_transfer=115.667µs warmup=2.539334ms transfer=58.833µs dispatch=62.625µs readback=476.666µs cpu_reference_max_abs_diff=0
--- PASS: TestSparseDriveGPUMatchesFloat32Reference (0.01s)
=== RUN   TestSparseDriveCrossesWorkgroupBoundaries
    sparse_drive_test.go:182: adapter="Apple M3" backend="Metal" nodes=130 edges=910
--- PASS: TestSparseDriveCrossesWorkgroupBoundaries (0.01s)
=== RUN   TestSparseDriveRejectsInvalidExecuteInputs
=== RUN   TestSparseDriveRejectsInvalidExecuteInputs/input_shape
=== RUN   TestSparseDriveRejectsInvalidExecuteInputs/source_shape
=== RUN   TestSparseDriveRejectsInvalidExecuteInputs/weights_shape
=== RUN   TestSparseDriveRejectsInvalidExecuteInputs/non-finite_input
=== RUN   TestSparseDriveRejectsInvalidExecuteInputs/non-finite_output
=== RUN   TestSparseDriveRejectsInvalidExecuteInputs/non-finite_weight
--- PASS: TestSparseDriveRejectsInvalidExecuteInputs (0.01s)
    --- PASS: TestSparseDriveRejectsInvalidExecuteInputs/input_shape (0.00s)
    --- PASS: TestSparseDriveRejectsInvalidExecuteInputs/source_shape (0.00s)
    --- PASS: TestSparseDriveRejectsInvalidExecuteInputs/weights_shape (0.00s)
    --- PASS: TestSparseDriveRejectsInvalidExecuteInputs/non-finite_input (0.00s)
    --- PASS: TestSparseDriveRejectsInvalidExecuteInputs/non-finite_output (0.00s)
    --- PASS: TestSparseDriveRejectsInvalidExecuteInputs/non-finite_weight (0.00s)
=== RUN   TestSparseDriveExecuteHonorsCancellation
--- PASS: TestSparseDriveExecuteHonorsCancellation (0.01s)
PASS
ok  	github.com/TimLai666/coimnet/backend/webgpu	0.205s
=== RUN   TestGPUTrainerMatchesCPUUpdatesAndMoments
    gpu_trainer_test.go:37: GPU adapters: forward={Adapter:Apple M3 Backend:Metal Vendor:Apple Driver:Metal DeviceType:DiscreteGPU} backward={Adapter:Apple M3 Backend:Metal Vendor:Apple Driver:Metal DeviceType:DiscreteGPU}
--- PASS: TestGPUTrainerMatchesCPUUpdatesAndMoments (0.08s)
=== RUN   TestGPUTrainerStepFromMatchesCPU
--- PASS: TestGPUTrainerStepFromMatchesCPU (0.02s)
=== RUN   TestGPUTrainerRestoreContinuesWithoutInterruption
--- PASS: TestGPUTrainerRestoreContinuesWithoutInterruption (0.08s)
=== RUN   TestGPUTrainerPersistedSnapshotResumesInNewProcess
--- PASS: TestGPUTrainerPersistedSnapshotResumesInNewProcess (0.57s)
=== RUN   TestGPUTrainerSubprocessRestoreHelper
--- PASS: TestGPUTrainerSubprocessRestoreHelper (0.00s)
=== RUN   TestNewGPUTrainerRejectsUnsupportedConfigurations
=== RUN   TestNewGPUTrainerRejectsUnsupportedConfigurations/LIF
=== RUN   TestNewGPUTrainerRejectsUnsupportedConfigurations/mixed
=== RUN   TestNewGPUTrainerRejectsUnsupportedConfigurations/positive_delay
=== RUN   TestNewGPUTrainerRejectsUnsupportedConfigurations/vector_state
=== RUN   TestNewGPUTrainerRejectsUnsupportedConfigurations/matrix_edge
=== RUN   TestNewGPUTrainerRejectsUnsupportedConfigurations/recompute
--- PASS: TestNewGPUTrainerRejectsUnsupportedConfigurations (0.00s)
    --- PASS: TestNewGPUTrainerRejectsUnsupportedConfigurations/LIF (0.00s)
    --- PASS: TestNewGPUTrainerRejectsUnsupportedConfigurations/mixed (0.00s)
    --- PASS: TestNewGPUTrainerRejectsUnsupportedConfigurations/positive_delay (0.00s)
    --- PASS: TestNewGPUTrainerRejectsUnsupportedConfigurations/vector_state (0.00s)
    --- PASS: TestNewGPUTrainerRejectsUnsupportedConfigurations/matrix_edge (0.00s)
    --- PASS: TestNewGPUTrainerRejectsUnsupportedConfigurations/recompute (0.00s)
=== RUN   TestGPUTrainerCloseRefusesFurtherExecutionAndCPUCloseIsNoop
--- PASS: TestGPUTrainerCloseRefusesFurtherExecutionAndCPUCloseIsNoop (0.01s)
=== RUN   TestGPUContinuousCoreRejectsPersistentStateOperations
--- PASS: TestGPUContinuousCoreRejectsPersistentStateOperations (0.01s)
PASS
ok  	github.com/TimLai666/coimnet/learning	0.965s
