AUDIT 間接 cloud.google.com/go                                v0.123.0                         Apache-2.0
AUDIT 間接 cloud.google.com/go/auth                           v0.23.3                          Apache-2.0
AUDIT 間接 cloud.google.com/go/auth/oauth2adapt               v0.2.8                           Apache-2.0
AUDIT 間接 cloud.google.com/go/bigquery                       v1.84.0                          Apache-2.0
AUDIT 間接 cloud.google.com/go/compute/metadata               v0.9.1                           Apache-2.0
AUDIT 間接 cloud.google.com/go/iam                            v1.13.0                          Apache-2.0
AUDIT 間接 codeberg.org/go-fonts/liberation                   v0.6.0                           未知
AUDIT 間接 codeberg.org/go-latex/latex                        v0.3.0                           未知
AUDIT 間接 codeberg.org/go-pdf/fpdf                           v0.12.0                          MIT
AUDIT 間接 filippo.io/edwards25519                            v1.2.0                           未知
AUDIT 間接 git.sr.ht/~sbinet/gg                               v0.8.0                           未知
AUDIT 間接 github.com/Danny-Dasilva/CycleTLS/cycletls         v1.0.30                          未知
AUDIT 間接 github.com/Danny-Dasilva/fhttp                     v0.0.0-20260106165651-41258808b131 未知
AUDIT 間接 github.com/HazelnutParadise/Go-Utils               v0.8.2                           MIT
AUDIT 直接 github.com/HazelnutParadise/insyra                 v0.3.4                           MIT
AUDIT 間接 github.com/JohnCGriffin/overflow                   v0.0.0-20211019200055-46fa312c352c 未知
AUDIT 間接 github.com/Masterminds/semver/v3                   v3.5.0                           未知
AUDIT 間接 github.com/Masterminds/squirrel                    v1.5.4                           MIT
AUDIT 間接 github.com/Microsoft/go-winio                      v0.6.2                           MIT
AUDIT 間接 github.com/TimLai666/go-decimal                    v0.1.3                           MIT
AUDIT 間接 github.com/ajstarks/svgo                           v0.0.0-20211024235047-1546f124cd8b 未知
AUDIT 間接 github.com/alecthomas/participle/v2                v2.1.0                           未知
AUDIT 間接 github.com/andybalholm/brotli                      v1.2.5                           未知
AUDIT 間接 github.com/apache/arrow/go/v15                     v15.0.2                          Apache-2.0
AUDIT 直接 github.com/apache/arrow/go/v17                     v17.0.0                          Apache-2.0
AUDIT 間接 github.com/apache/thrift                           v0.24.0                          Apache-2.0
AUDIT 間接 github.com/apoplexi24/gpandas                      v0.5.0                           Apache-2.0
AUDIT 間接 github.com/cespare/xxhash/v2                       v2.3.0                           MIT
AUDIT 間接 github.com/chromedp/cdproto                        v0.0.0-20250120090109-d38428e4d9c8 MIT
AUDIT 間接 github.com/chromedp/chromedp                       v0.12.1                          MIT
AUDIT 間接 github.com/chromedp/sysutil                        v1.1.0                           MIT
AUDIT 間接 github.com/clipperhouse/displaywidth               v0.11.0                          MIT
AUDIT 間接 github.com/clipperhouse/uax29/v2                   v2.7.0                           MIT
AUDIT 間接 github.com/davecgh/go-spew                         v1.1.1                           ISC
AUDIT 間接 github.com/denisenkom/go-mssqldb                   v0.12.3                          未知
AUDIT 間接 github.com/docopt/docopt-go                        v0.0.0-20180111231733-ee0de3bc6815 MIT
AUDIT 間接 github.com/dustin/go-humanize                      v1.1.0                           未知
AUDIT 間接 github.com/ergochat/readline                       v0.1.3                           MIT
AUDIT 間接 github.com/fatih/color                             v1.19.0                          MIT
AUDIT 間接 github.com/felixge/httpsnoop                       v1.1.0                           未知
AUDIT 間接 github.com/gaukas/clienthellod                     v0.4.2                           Apache-2.0
AUDIT 間接 github.com/gaukas/godicttls                        v0.0.4                           BSD-2-Clause
AUDIT 間接 github.com/glebarez/go-sqlite                      v1.23.0                          未知
AUDIT 間接 github.com/glebarez/sqlite                         v1.11.0                          MIT
AUDIT 間接 github.com/go-echarts/go-echarts/v2                v2.7.3                           MIT
AUDIT 間接 github.com/go-echarts/snapshot-chromedp            v0.0.5                           MIT
AUDIT 間接 github.com/go-logr/logr                            v1.4.4                           Apache-2.0
AUDIT 間接 github.com/go-logr/stdr                            v1.2.2                           Apache-2.0
AUDIT 間接 github.com/go-sql-driver/mysql                     v1.10.1                          MPL-2.0
AUDIT 間接 github.com/go-task/slim-sprig/v3                   v3.0.0                           未知
AUDIT 間接 github.com/go-webgpu/goffi                         v0.6.4                           MIT
AUDIT 間接 github.com/go-webgpu/webgpu                        v0.5.5                           MIT
AUDIT 間接 github.com/gobwas/httphead                         v0.1.0                           MIT
AUDIT 間接 github.com/gobwas/pool                             v0.2.1                           MIT
AUDIT 間接 github.com/gobwas/ws                               v1.4.0                           MIT
AUDIT 間接 github.com/goccy/go-json                           v0.11.1                          MIT
AUDIT 間接 github.com/goccy/go-yaml                           v1.11.0                          MIT
AUDIT 間接 github.com/gogpu/gpucontext                        v0.31.3                          MIT
AUDIT 直接 github.com/gogpu/gputypes                          v0.8.0                           MIT
AUDIT 間接 github.com/gogpu/naga                              v0.19.0                          MIT
AUDIT 直接 github.com/gogpu/wgpu                              v0.34.5                          MIT
AUDIT 間接 github.com/golang-sql/civil                        v0.0.0-20220223132316-b832511892a9 Apache-2.0
AUDIT 間接 github.com/golang-sql/sqlexp                       v0.1.0                           未知
AUDIT 間接 github.com/golang/freetype                         v0.0.0-20170609003504-e2365dfdc4a0 未知
AUDIT 間接 github.com/golang/protobuf                         v1.5.0                           未知
AUDIT 間接 github.com/golang/snappy                           v1.0.0                           未知
AUDIT 間接 github.com/google/flatbuffers                      v25.12.19+incompatible           Apache-2.0
AUDIT 間接 github.com/google/go-cmp                           v0.7.0                           未知
AUDIT 間接 github.com/google/gopacket                         v1.1.19                          未知
AUDIT 間接 github.com/google/pprof                            v0.0.0-20260926063103-aaccee046517 Apache-2.0
AUDIT 間接 github.com/google/s2a-go                           v0.1.10                          Apache-2.0
AUDIT 間接 github.com/google/uuid                             v1.6.0                           未知
AUDIT 間接 github.com/googleapis/enterprise-certificate-proxy v0.3.22                          Apache-2.0
AUDIT 間接 github.com/googleapis/gax-go/v2                    v2.24.1                          未知
AUDIT 間接 github.com/gorilla/websocket                       v1.5.3                           未知
AUDIT 間接 github.com/hamba/avro/v2                           v2.22.1                          MIT
AUDIT 間接 github.com/hashicorp/golang-lru/v2                 v2.0.7                           MPL-2.0
AUDIT 間接 github.com/huandu/xstrings                         v1.4.0                           MIT
AUDIT 間接 github.com/inconshreveable/mousetrap               v1.1.0                           Apache-2.0
AUDIT 間接 github.com/jackc/pgpassfile                        v1.0.0                           MIT
AUDIT 間接 github.com/jackc/pgservicefile                     v0.0.0-20240606120523-5a60cdf6a761 MIT
AUDIT 間接 github.com/jackc/pgx/v5                            v5.11.0                          MIT
AUDIT 間接 github.com/jackc/puddle/v2                         v2.2.2                           MIT
AUDIT 間接 github.com/jinzhu/inflection                       v1.0.0                           MIT
AUDIT 間接 github.com/jinzhu/now                              v1.1.5                           MIT
AUDIT 間接 github.com/josharian/intern                        v1.0.0                           MIT
AUDIT 間接 github.com/json-iterator/go                        v1.1.12                          MIT
AUDIT 間接 github.com/klauspost/asmfmt                        v1.3.2                           MIT
AUDIT 間接 github.com/klauspost/compress                      v1.20.1                          未知
AUDIT 間接 github.com/klauspost/cpuid/v2                      v2.4.0                           MIT
AUDIT 間接 github.com/kr/text                                 v0.2.0                           未知
AUDIT 間接 github.com/lann/builder                            v0.0.0-20180802200727-47ae307949d0 MIT
AUDIT 間接 github.com/lann/ps                                 v0.0.0-20150810152359-62de8c46ede0 未知
AUDIT 間接 github.com/mailru/easyjson                         v0.9.2                           未知
AUDIT 間接 github.com/mattn/go-colorable                      v0.1.15                          MIT
AUDIT 間接 github.com/mattn/go-isatty                         v0.0.24                          MIT
AUDIT 間接 github.com/mattn/go-runewidth                      v0.0.30                          MIT
AUDIT 間接 github.com/mattn/go-sqlite3                        v1.14.52                         MIT
AUDIT 間接 github.com/minio/asm2plan9s                        v0.0.0-20200509001527-cdd76441f9d8 Apache-2.0
AUDIT 間接 github.com/minio/c2goasm                           v0.0.0-20190812172519-36a3d3bbc4f3 Apache-2.0
AUDIT 間接 github.com/mitchellh/mapstructure                  v1.5.0                           MIT
AUDIT 間接 github.com/modern-go/concurrent                    v0.0.0-20180306012644-bacd9c7ef1dd Apache-2.0
AUDIT 間接 github.com/modern-go/reflect2                      v1.0.2                           Apache-2.0
AUDIT 間接 github.com/ncruces/go-strftime                     v1.0.0                           MIT
AUDIT 間接 github.com/olekukonko/cat                          v0.0.0-20250911104152-50322a0618f6 MIT
AUDIT 間接 github.com/olekukonko/errors                       v1.3.0                           MIT
AUDIT 間接 github.com/olekukonko/ll                           v0.1.8                           MIT
AUDIT 間接 github.com/olekukonko/tablewriter                  v1.1.5                           未知
AUDIT 間接 github.com/onsi/ginkgo/v2                          v2.33.0                          未知
AUDIT 間接 github.com/parquet-go/bitpack                      v1.1.0                           Apache-2.0
AUDIT 間接 github.com/parquet-go/jsonlite                     v1.5.5                           MIT
AUDIT 間接 github.com/parquet-go/parquet-go                   v0.32.0                          Apache-2.0
AUDIT 間接 github.com/petermattis/goid                        v0.0.0-20260918085751-abfca077860b Apache-2.0
AUDIT 間接 github.com/pierrec/lz4/v4                          v4.1.31                          未知
AUDIT 間接 github.com/pmezard/go-difflib                      v1.0.0                           未知
AUDIT 間接 github.com/quic-go/qpack                           v0.6.0                           未知
AUDIT 間接 github.com/quic-go/quic-go                         v0.61.0                          MIT
AUDIT 間接 github.com/refraction-networking/uquic             v0.0.6                           MIT
AUDIT 間接 github.com/refraction-networking/utls              v1.8.2                           未知
AUDIT 間接 github.com/remyoudompheng/bigfft                   v0.0.0-20230129092748-24d4a6f8daec 未知
AUDIT 間接 github.com/richardlehane/mscfb                     v1.0.9                           Apache-2.0
AUDIT 間接 github.com/richardlehane/msoleps                   v1.0.6                           Apache-2.0
AUDIT 間接 github.com/rogpeppe/go-internal                    v1.9.0                           未知
AUDIT 間接 github.com/saintfish/chardet                       v0.0.0-20230101081208-5e3ef4b5456d 未知
AUDIT 間接 github.com/spf13/cobra                             v1.10.2                          Apache-2.0
AUDIT 間接 github.com/spf13/pflag                             v1.0.10                          未知
AUDIT 間接 github.com/stretchr/objx                           v0.5.2                           MIT
AUDIT 間接 github.com/stretchr/testify                        v1.12.1                          MIT
AUDIT 間接 github.com/substrait-io/substrait-go               v0.4.2                           Apache-2.0
AUDIT 間接 github.com/tidwall/gjson                           v1.14.2                          MIT
AUDIT 間接 github.com/tidwall/match                           v1.1.1                           MIT
AUDIT 間接 github.com/tidwall/pretty                          v1.2.0                           MIT
AUDIT 間接 github.com/tidwall/sjson                           v1.2.5                           MIT
AUDIT 間接 github.com/tiendc/go-deepcopy                      v1.7.2                           MIT
AUDIT 間接 github.com/twpayne/go-geom                         v1.6.1                           未知
AUDIT 間接 github.com/wnjoon/go-yfinance                      v1.7.0                           Apache-2.0
AUDIT 間接 github.com/xuri/efp                                v0.0.2                           BSD-2-Clause
AUDIT 間接 github.com/xuri/excelize/v2                        v2.11.0                          BSD-2-Clause
AUDIT 間接 github.com/xuri/nfp                                v0.0.2-0.20250530014748-2ddeb826f9a9 BSD-2-Clause
AUDIT 間接 github.com/yuin/goldmark                           v1.4.13                          MIT
AUDIT 間接 github.com/zeebo/assert                            v1.3.0                           未知
AUDIT 間接 github.com/zeebo/xxh3                              v1.1.0                           BSD-2-Clause
AUDIT 間接 go.opentelemetry.io/auto/sdk                       v1.2.1                           Apache-2.0
AUDIT 間接 go.opentelemetry.io/contrib/instrumentation/google.golang.org/grpc/otelgrpc v0.71.0                          Apache-2.0
AUDIT 間接 go.opentelemetry.io/contrib/instrumentation/net/http/otelhttp v0.71.0                          Apache-2.0
AUDIT 間接 go.opentelemetry.io/otel                           v1.46.0                          Apache-2.0
AUDIT 間接 go.opentelemetry.io/otel/metric                    v1.46.0                          Apache-2.0
AUDIT 間接 go.opentelemetry.io/otel/trace                     v1.46.0                          Apache-2.0
AUDIT 間接 go.uber.org/mock                                   v0.6.0                           Apache-2.0
AUDIT 間接 go.yaml.in/yaml/v3                                 v3.0.5                           MIT
AUDIT 間接 golang.org/x/crypto                                v0.55.0                          未知
AUDIT 間接 golang.org/x/exp                                   v0.0.0-20260709172345-9ea1abe57597 未知
AUDIT 間接 golang.org/x/image                                 v0.45.0                          未知
AUDIT 間接 golang.org/x/mod                                   v0.40.0                          未知
AUDIT 間接 golang.org/x/net                                   v0.58.0                          未知
AUDIT 間接 golang.org/x/oauth2                                v0.36.0                          未知
AUDIT 間接 golang.org/x/sync                                  v0.22.0                          未知
AUDIT 直接 golang.org/x/sys                                   v0.47.0                          未知
AUDIT 間接 golang.org/x/telemetry                             v0.0.0-20260811182544-a038080d80e5 未知
AUDIT 間接 golang.org/x/term                                  v0.45.0                          未知
AUDIT 間接 golang.org/x/text                                  v0.41.0                          未知
AUDIT 間接 golang.org/x/time                                  v0.15.0                          未知
AUDIT 間接 golang.org/x/tools                                 v0.49.0                          未知
AUDIT 間接 golang.org/x/tools/go/expect                       v0.1.1-deprecated                未知
AUDIT 間接 golang.org/x/tools/go/packages/packagestest        v0.1.1-deprecated                未知
AUDIT 間接 golang.org/x/xerrors                               v0.0.0-20240903120638-7835f813f4da 未知
AUDIT 間接 gonum.org/v1/gonum                                 v0.17.0                          未知
AUDIT 間接 gonum.org/v1/plot                                  v0.17.0                          未知
AUDIT 間接 google.golang.org/api                              v0.298.0                         未知
AUDIT 間接 google.golang.org/genproto                         v0.0.0-20260715232425-e75dac1f907d Apache-2.0
AUDIT 間接 google.golang.org/genproto/googleapis/api          v0.0.0-20260715232425-e75dac1f907d Apache-2.0
AUDIT 間接 google.golang.org/genproto/googleapis/rpc          v0.0.0-20260825221802-da73d73af1c5 Apache-2.0
AUDIT 間接 google.golang.org/grpc                             v1.84.0                          Apache-2.0
AUDIT 間接 google.golang.org/protobuf                         v1.36.12                         未知
AUDIT 間接 gopkg.in/yaml.v3                                   v3.0.1                           MIT
AUDIT 間接 gorm.io/driver/mysql                               v1.6.0                           MIT
AUDIT 間接 gorm.io/driver/postgres                            v1.6.3                           MIT
AUDIT 間接 gorm.io/driver/sqlite                              v1.6.0                           MIT
AUDIT 間接 gorm.io/gorm                                       v1.31.2                          MIT
AUDIT 間接 h12.io/socks                                       v1.0.3                           未知
AUDIT 間接 modernc.org/gc/v3                                  v3.0.0-20240107210532-573471604cb6 未知
AUDIT 間接 modernc.org/libc                                   v1.76.0                          未知
AUDIT 間接 modernc.org/mathutil                               v1.7.1                           未知
AUDIT 間接 modernc.org/memory                                 v1.12.1                          未知
AUDIT 間接 modernc.org/sqlite                                 v1.59.0                          未知
AUDIT 間接 modernc.org/strutil                                v1.2.0                           未知
AUDIT 間接 modernc.org/token                                  v1.1.0                           未知

UNKNOWN MODULES
codeberg.org/go-fonts/liberation@v0.6.0: 未知
codeberg.org/go-latex/latex@v0.3.0: 未知
filippo.io/edwards25519@v1.2.0: 未知
git.sr.ht/~sbinet/gg@v0.8.0: 未知
github.com/Danny-Dasilva/CycleTLS/cycletls@v1.0.30: 未知
github.com/Danny-Dasilva/fhttp@v0.0.0-20260106165651-41258808b131: 未知
github.com/JohnCGriffin/overflow@v0.0.0-20211019200055-46fa312c352c: 未知
github.com/Masterminds/semver/v3@v3.5.0: 未知
github.com/ajstarks/svgo@v0.0.0-20211024235047-1546f124cd8b: 未知
github.com/alecthomas/participle/v2@v2.1.0: 未知
github.com/andybalholm/brotli@v1.2.5: 未知
github.com/denisenkom/go-mssqldb@v0.12.3: 未知
github.com/dustin/go-humanize@v1.1.0: 未知
github.com/felixge/httpsnoop@v1.1.0: 未知
github.com/glebarez/go-sqlite@v1.23.0: 未知
github.com/go-task/slim-sprig/v3@v3.0.0: 未知
github.com/golang-sql/sqlexp@v0.1.0: 未知
github.com/golang/freetype@v0.0.0-20170609003504-e2365dfdc4a0: 未知
github.com/golang/protobuf@v1.5.0: 未知
github.com/golang/snappy@v1.0.0: 未知
github.com/google/go-cmp@v0.7.0: 未知
github.com/google/gopacket@v1.1.19: 未知
github.com/google/uuid@v1.6.0: 未知
github.com/googleapis/gax-go/v2@v2.24.1: 未知
github.com/gorilla/websocket@v1.5.3: 未知
github.com/klauspost/compress@v1.20.1: 未知
github.com/kr/text@v0.2.0: 未知
github.com/lann/ps@v0.0.0-20150810152359-62de8c46ede0: 未知
github.com/mailru/easyjson@v0.9.2: 未知
github.com/olekukonko/tablewriter@v1.1.5: 未知
github.com/onsi/ginkgo/v2@v2.33.0: 未知
github.com/pierrec/lz4/v4@v4.1.31: 未知
github.com/pmezard/go-difflib@v1.0.0: 未知
github.com/quic-go/qpack@v0.6.0: 未知
github.com/refraction-networking/utls@v1.8.2: 未知
github.com/remyoudompheng/bigfft@v0.0.0-20230129092748-24d4a6f8daec: 未知
github.com/rogpeppe/go-internal@v1.9.0: 未知
github.com/saintfish/chardet@v0.0.0-20230101081208-5e3ef4b5456d: 未知
github.com/spf13/pflag@v1.0.10: 未知
github.com/twpayne/go-geom@v1.6.1: 未知
github.com/zeebo/assert@v1.3.0: 未知
golang.org/x/crypto@v0.55.0: 未知
golang.org/x/exp@v0.0.0-20260709172345-9ea1abe57597: 未知
golang.org/x/image@v0.45.0: 未知
golang.org/x/mod@v0.40.0: 未知
golang.org/x/net@v0.58.0: 未知
golang.org/x/oauth2@v0.36.0: 未知
golang.org/x/sync@v0.22.0: 未知
golang.org/x/sys@v0.47.0: 未知
golang.org/x/telemetry@v0.0.0-20260811182544-a038080d80e5: 未知
golang.org/x/term@v0.45.0: 未知
golang.org/x/text@v0.41.0: 未知
golang.org/x/time@v0.15.0: 未知
golang.org/x/tools@v0.49.0: 未知
golang.org/x/tools/go/expect@v0.1.1-deprecated: 未知
golang.org/x/tools/go/packages/packagestest@v0.1.1-deprecated: 未知
golang.org/x/xerrors@v0.0.0-20240903120638-7835f813f4da: 未知
gonum.org/v1/gonum@v0.17.0: 未知
gonum.org/v1/plot@v0.17.0: 未知
google.golang.org/api@v0.298.0: 未知
google.golang.org/protobuf@v1.36.12: 未知
h12.io/socks@v1.0.3: 未知
modernc.org/gc/v3@v3.0.0-20240107210532-573471604cb6: 未知
modernc.org/libc@v1.76.0: 未知
modernc.org/mathutil@v1.7.1: 未知
modernc.org/memory@v1.12.1: 未知
modernc.org/sqlite@v1.59.0: 未知
modernc.org/strutil@v1.2.0: 未知
modernc.org/token@v1.1.0: 未知
RESULT: modules=187 unknown=69
