ok  	github.com/TimLai666/coimnet	23.667s
ok  	github.com/TimLai666/coimnet/backend	1.267s
ok  	github.com/TimLai666/coimnet/backend/webgpu	1.618s
ok  	github.com/TimLai666/coimnet/checkpoint	14.218s
?   	github.com/TimLai666/coimnet/cmd/coimnet	[no test files]
ok  	github.com/TimLai666/coimnet/config	1.522s
ok  	github.com/TimLai666/coimnet/connectome	3.539s
ok  	github.com/TimLai666/coimnet/connectome/flywire	1.453s
ok  	github.com/TimLai666/coimnet/distill	1.471s
ok  	github.com/TimLai666/coimnet/download	2.185s
ok  	github.com/TimLai666/coimnet/dynamics	4.127s
ok  	github.com/TimLai666/coimnet/examples/lifthreshold	1.964s
ok  	github.com/TimLai666/coimnet/examples/multichannel	1.474s
ok  	github.com/TimLai666/coimnet/examples/realasr	1.441s
ok  	github.com/TimLai666/coimnet/examples/realmedia	9.159s
ok  	github.com/TimLai666/coimnet/examples/realnav	2.954s
ok  	github.com/TimLai666/coimnet/examples/realocr	1.675s
ok  	github.com/TimLai666/coimnet/examples/realsubgraph	2.071s
ok  	github.com/TimLai666/coimnet/examples/realtext	144.875s
ok  	github.com/TimLai666/coimnet/experiment	1082.495s
ok  	github.com/TimLai666/coimnet/experiment/fullgraph	3.216s
ok  	github.com/TimLai666/coimnet/experiment/gridnav	1.261s
ok  	github.com/TimLai666/coimnet/experiment/multimodaleval	952.987s
ok  	github.com/TimLai666/coimnet/experiment/nav2d	1.359s
ok  	github.com/TimLai666/coimnet/experiment/studenteval	4.243s
ok  	github.com/TimLai666/coimnet/feather	1.418s
ok  	github.com/TimLai666/coimnet/internal/cli	619.444s
ok  	github.com/TimLai666/coimnet/internal/delayedfixture	1.624s
ok  	github.com/TimLai666/coimnet/internal/extsort	1.613s
ok  	github.com/TimLai666/coimnet/internal/fileio	1.291s
ok  	github.com/TimLai666/coimnet/internal/jsonkey	1.294s
ok  	github.com/TimLai666/coimnet/internal/redact	1.289s
ok  	github.com/TimLai666/coimnet/internal/sparse	1.335s
ok  	github.com/TimLai666/coimnet/internal/strictjson	1.289s
ok  	github.com/TimLai666/coimnet/learning	6.493s
ok  	github.com/TimLai666/coimnet/learning/rl	2.132s
ok  	github.com/TimLai666/coimnet/modulation	1.618s
ok  	github.com/TimLai666/coimnet/multimodal	1.275s
ok  	github.com/TimLai666/coimnet/multimodal/synthetic	1.272s
ok  	github.com/TimLai666/coimnet/params	2.828s
ok  	github.com/TimLai666/coimnet/plasticity	1.281s
ok  	github.com/TimLai666/coimnet/replay	1.294s
ok  	github.com/TimLai666/coimnet/resources	1.284s
ok  	github.com/TimLai666/coimnet/signal	1.727s
ok  	github.com/TimLai666/coimnet/simulate	4.578s
ok  	github.com/TimLai666/coimnet/tasks/asr	85.282s
ok  	github.com/TimLai666/coimnet/tasks/asr/audio	1.833s
ok  	github.com/TimLai666/coimnet/tasks/media	747.825s
ok  	github.com/TimLai666/coimnet/tasks/media/realdata	2.275s
ok  	github.com/TimLai666/coimnet/tasks/nav2d/trajectory	1.313s
ok  	github.com/TimLai666/coimnet/tasks/ocr	21.134s
ok  	github.com/TimLai666/coimnet/tasks/ocr/ctc	1.346s
ok  	github.com/TimLai666/coimnet/tasks/ocr/glyphs	1.313s
ok  	github.com/TimLai666/coimnet/tasks/textgen	1226.470s
ok  	github.com/TimLai666/coimnet/tasks/textgen/tokenizer	1.323s
ok  	github.com/TimLai666/coimnet/teacher	2.012s
ok  	github.com/TimLai666/coimnet/teacher/tool	1.284s
