ok  	github.com/TimLai666/coimnet	6.960s
ok  	github.com/TimLai666/coimnet/backend	1.250s
ok  	github.com/TimLai666/coimnet/backend/webgpu	1.464s
ok  	github.com/TimLai666/coimnet/checkpoint	11.259s
?   	github.com/TimLai666/coimnet/cmd/coimnet	[no test files]
ok  	github.com/TimLai666/coimnet/config	1.422s
ok  	github.com/TimLai666/coimnet/connectome	2.420s
ok  	github.com/TimLai666/coimnet/connectome/flywire	1.395s
ok  	github.com/TimLai666/coimnet/distill	1.452s
ok  	github.com/TimLai666/coimnet/download	1.786s
ok  	github.com/TimLai666/coimnet/dynamics	1.856s
ok  	github.com/TimLai666/coimnet/examples/lifthreshold	1.658s
ok  	github.com/TimLai666/coimnet/examples/multichannel	1.411s
ok  	github.com/TimLai666/coimnet/examples/realasr	1.404s
ok  	github.com/TimLai666/coimnet/examples/realmedia	4.156s
ok  	github.com/TimLai666/coimnet/examples/realnav	2.689s
ok  	github.com/TimLai666/coimnet/examples/realocr	1.431s
ok  	github.com/TimLai666/coimnet/examples/realsubgraph	1.747s
ok  	github.com/TimLai666/coimnet/examples/realtext	124.783s
ok  	github.com/TimLai666/coimnet/experiment	1302.046s
ok  	github.com/TimLai666/coimnet/experiment/fullgraph	3.088s
ok  	github.com/TimLai666/coimnet/experiment/gridnav	1.248s
ok  	github.com/TimLai666/coimnet/experiment/multimodaleval	1214.003s
ok  	github.com/TimLai666/coimnet/experiment/nav2d	1.263s
ok  	github.com/TimLai666/coimnet/experiment/studenteval	2.635s
ok  	github.com/TimLai666/coimnet/feather	1.364s
ok  	github.com/TimLai666/coimnet/internal/cli	510.439s
ok  	github.com/TimLai666/coimnet/internal/delayedfixture	1.548s
ok  	github.com/TimLai666/coimnet/internal/extsort	1.523s
ok  	github.com/TimLai666/coimnet/internal/fileio	1.272s
ok  	github.com/TimLai666/coimnet/internal/jsonkey	1.280s
ok  	github.com/TimLai666/coimnet/internal/redact	1.264s
ok  	github.com/TimLai666/coimnet/internal/sparse	1.261s
ok  	github.com/TimLai666/coimnet/internal/strictjson	1.304s
ok  	github.com/TimLai666/coimnet/learning	4.510s
ok  	github.com/TimLai666/coimnet/learning/rl	1.835s
ok  	github.com/TimLai666/coimnet/modulation	1.638s
ok  	github.com/TimLai666/coimnet/multimodal	1.268s
ok  	github.com/TimLai666/coimnet/multimodal/synthetic	1.278s
ok  	github.com/TimLai666/coimnet/params	2.552s
ok  	github.com/TimLai666/coimnet/plasticity	1.266s
ok  	github.com/TimLai666/coimnet/replay	1.280s
ok  	github.com/TimLai666/coimnet/resources	1.273s
ok  	github.com/TimLai666/coimnet/signal	1.700s
ok  	github.com/TimLai666/coimnet/simulate	3.341s
ok  	github.com/TimLai666/coimnet/tasks/asr	52.709s
ok  	github.com/TimLai666/coimnet/tasks/asr/audio	1.532s
ok  	github.com/TimLai666/coimnet/tasks/media	906.275s
ok  	github.com/TimLai666/coimnet/tasks/media/realdata	3.268s
ok  	github.com/TimLai666/coimnet/tasks/nav2d/trajectory	1.324s
ok  	github.com/TimLai666/coimnet/tasks/ocr	10.656s
ok  	github.com/TimLai666/coimnet/tasks/ocr/ctc	1.263s
ok  	github.com/TimLai666/coimnet/tasks/ocr/glyphs	1.269s
ok  	github.com/TimLai666/coimnet/tasks/textgen	1431.086s
ok  	github.com/TimLai666/coimnet/tasks/textgen/tokenizer	1.329s
ok  	github.com/TimLai666/coimnet/teacher	1.788s
ok  	github.com/TimLai666/coimnet/teacher/tool	1.270s
