=== RUN   TestConvertAdapterSamplesKeepsCausalFeaturesAndTargetSeparate
--- PASS: TestConvertAdapterSamplesKeepsCausalFeaturesAndTargetSeparate (0.00s)
=== RUN   TestConvertSamplesRejectsMissingTrialConditionAndNonFiniteValues
--- PASS: TestConvertSamplesRejectsMissingTrialConditionAndNonFiniteValues (0.00s)
=== RUN   TestRealSourceRecordsPinnedFileAndDryadCC0Terms
--- PASS: TestRealSourceRecordsPinnedFileAndDryadCC0Terms (0.00s)
=== RUN   TestOnlyAfterRelocationDropsOtherSegments
--- PASS: TestOnlyAfterRelocationDropsOtherSegments (0.00s)
=== RUN   TestSnapshotRejectsPreprocessingContractMismatch
=== RUN   TestSnapshotRejectsPreprocessingContractMismatch/version
=== RUN   TestSnapshotRejectsPreprocessingContractMismatch/segment
=== RUN   TestSnapshotRejectsPreprocessingContractMismatch/max_delta
=== RUN   TestSnapshotRejectsPreprocessingContractMismatch/max_step
=== RUN   TestSnapshotRejectsPreprocessingContractMismatch/pose_scale
=== RUN   TestSnapshotRejectsPreprocessingContractMismatch/displacement_scale
=== RUN   TestSnapshotRejectsPreprocessingContractMismatch/time_scale
--- PASS: TestSnapshotRejectsPreprocessingContractMismatch (0.00s)
    --- PASS: TestSnapshotRejectsPreprocessingContractMismatch/version (0.00s)
    --- PASS: TestSnapshotRejectsPreprocessingContractMismatch/segment (0.00s)
    --- PASS: TestSnapshotRejectsPreprocessingContractMismatch/max_delta (0.00s)
    --- PASS: TestSnapshotRejectsPreprocessingContractMismatch/max_step (0.00s)
    --- PASS: TestSnapshotRejectsPreprocessingContractMismatch/pose_scale (0.00s)
    --- PASS: TestSnapshotRejectsPreprocessingContractMismatch/displacement_scale (0.00s)
    --- PASS: TestSnapshotRejectsPreprocessingContractMismatch/time_scale (0.00s)
=== RUN   TestRunHelpDescribesModesAndCausalBoundary
--- PASS: TestRunHelpDescribesModesAndCausalBoundary (0.00s)
=== RUN   TestReadJSONRejectsTrailingValue
--- PASS: TestReadJSONRejectsTrailingValue (0.00s)
=== RUN   TestInferReportDoesNotClaimPreTrainingEvidence
--- PASS: TestInferReportDoesNotClaimPreTrainingEvidence (0.00s)
=== RUN   TestInferenceRebuildsTrainAndTestSplitMetadata
--- PASS: TestInferenceRebuildsTrainAndTestSplitMetadata (0.00s)
=== RUN   TestPrepareOutputDirectoryRejectsDanglingSymlinkEscape
--- PASS: TestPrepareOutputDirectoryRejectsDanglingSymlinkEscape (0.00s)
=== RUN   TestPrepareOutputDirectoryAllowsSafeSymlinkParent
--- PASS: TestPrepareOutputDirectoryAllowsSafeSymlinkParent (0.00s)
=== RUN   TestPrepareOutputDirectoryRejectsSymlinkParentIntoSource
--- PASS: TestPrepareOutputDirectoryRejectsSymlinkParentIntoSource (0.00s)
=== RUN   TestRunRejectsMissingOrUnknownModeWithoutJSON
--- PASS: TestRunRejectsMissingOrUnknownModeWithoutJSON (0.00s)
=== RUN   TestFitSamplesPerformsTrueGradientUpdates
--- PASS: TestFitSamplesPerformsTrueGradientUpdates (0.06s)
=== RUN   TestDirectionBaselineUsesOnlyPreviousDisplacement
--- PASS: TestDirectionBaselineUsesOnlyPreviousDisplacement (0.00s)
=== RUN   TestSnapshotFingerprintAndFreshTrainerPredictionsMatch
--- PASS: TestSnapshotFingerprintAndFreshTrainerPredictionsMatch (0.01s)
=== RUN   TestPredictionsAddCausalDirectionBeforeLearnedResidual
--- PASS: TestPredictionsAddCausalDirectionBeforeLearnedResidual (0.00s)
=== RUN   TestRestoredSnapshotInferenceMatchesFreshProcess
--- PASS: TestRestoredSnapshotInferenceMatchesFreshProcess (1.05s)
=== RUN   TestInferenceEvaluationDoesNotAdvanceTrainer
--- PASS: TestInferenceEvaluationDoesNotAdvanceTrainer (0.01s)
=== RUN   TestRealnavInferenceHelper
--- PASS: TestRealnavInferenceHelper (0.00s)
=== RUN   TestRolloutNonzeroReadoutMatchesChunkOracleAndFreezesWholeSnapshot
--- PASS: TestRolloutNonzeroReadoutMatchesChunkOracleAndFreezesWholeSnapshot (0.12s)
=== RUN   TestRolloutAllActionsIgnoreTargetsAndFutureRecordedPositions
--- PASS: TestRolloutAllActionsIgnoreTargetsAndFutureRecordedPositions (0.03s)
=== RUN   TestRolloutInitialHitHonorsCancellation
--- PASS: TestRolloutInitialHitHonorsCancellation (0.00s)
=== RUN   TestRolloutInitialHitStillValidatesStartAndStrategy
--- PASS: TestRolloutInitialHitStillValidatesStartAndStrategy (0.00s)
=== RUN   TestRolloutOutputRejectsRepositoryAndSymlink
--- PASS: TestRolloutOutputRejectsRepositoryAndSymlink (0.00s)
=== RUN   TestRolloutExtremeFiniteActionRetainsDirectionWhenClipped
--- PASS: TestRolloutExtremeFiniteActionRetainsDirectionWhenClipped (0.00s)
=== RUN   TestRolloutProductionStopsAtTheFirstOffOriginHit
--- PASS: TestRolloutProductionStopsAtTheFirstOffOriginHit (0.00s)
=== RUN   TestRolloutLineIntersectionHandCalculated
=== RUN   TestRolloutLineIntersectionHandCalculated/crosses
=== RUN   TestRolloutLineIntersectionHandCalculated/tangent
=== RUN   TestRolloutLineIntersectionHandCalculated/misses
=== RUN   TestRolloutLineIntersectionHandCalculated/zero
--- PASS: TestRolloutLineIntersectionHandCalculated (0.00s)
    --- PASS: TestRolloutLineIntersectionHandCalculated/crosses (0.00s)
    --- PASS: TestRolloutLineIntersectionHandCalculated/tangent (0.00s)
    --- PASS: TestRolloutLineIntersectionHandCalculated/misses (0.00s)
    --- PASS: TestRolloutLineIntersectionHandCalculated/zero (0.00s)
=== RUN   TestRolloutInitialSuccessIsSeparateFromLearnedSteps
--- PASS: TestRolloutInitialSuccessIsSeparateFromLearnedSteps (0.00s)
=== RUN   TestRolloutScoresThePerTrialTargetCenterAndKeepsItOutOfPolicyInput
--- PASS: TestRolloutScoresThePerTrialTargetCenterAndKeepsItOutOfPolicyInput (0.00s)
=== RUN   TestRolloutCollisionUsesRealizedZeroForNextObservation
--- PASS: TestRolloutCollisionUsesRealizedZeroForNextObservation (0.00s)
=== RUN   TestRolloutClipsLongActionAndCountsZeroActionSeparately
--- PASS: TestRolloutClipsLongActionAndCountsZeroActionSeparately (0.00s)
=== RUN   TestRolloutModelAdvanceMatchesExistingPredictAllResidual
--- PASS: TestRolloutModelAdvanceMatchesExistingPredictAllResidual (0.00s)
=== RUN   TestRolloutResetsNeuralEveryTrainingChunkWithoutOptimizerUpdate
--- PASS: TestRolloutResetsNeuralEveryTrainingChunkWithoutOptimizerUpdate (0.10s)
=== RUN   TestRolloutTargetAndFutureTrajectoryCannotAffectModelAction
--- PASS: TestRolloutTargetAndFutureTrajectoryCannotAffectModelAction (0.00s)
=== RUN   TestRolloutTrialOrderAndStrategyIsolationAreDeterministic
--- PASS: TestRolloutTrialOrderAndStrategyIsolationAreDeterministic (0.01s)
=== RUN   TestRolloutRejectsInvalidLimitsContextAndTargetMetadata
--- PASS: TestRolloutRejectsInvalidLimitsContextAndTargetMetadata (0.00s)
=== RUN   TestRolloutCLIHelpAndArgumentErrors
--- PASS: TestRolloutCLIHelpAndArgumentErrors (0.00s)
=== RUN   TestRolloutExcludesTrialWithoutLegalPair
--- PASS: TestRolloutExcludesTrialWithoutLegalPair (0.00s)
=== RUN   TestRolloutReportsValidPairWhenHeldOutSampleHasNoThirdRow
--- PASS: TestRolloutReportsValidPairWhenHeldOutSampleHasNoThirdRow (0.00s)
=== RUN   TestRolloutProtocolHashRoundTrips
--- PASS: TestRolloutProtocolHashRoundTrips (0.00s)
PASS
ok  	github.com/TimLai666/coimnet/examples/realnav	2.781s
=== RUN   TestReturnTargetContractAndGzipReadSharesDatasetContract
--- PASS: TestReturnTargetContractAndGzipReadSharesDatasetContract (0.00s)
=== RUN   TestReadWithReturnTargetsRequiresBothTargetColumns
=== RUN   TestReadWithReturnTargetsRequiresBothTargetColumns/estimated_food_x_cm
=== RUN   TestReadWithReturnTargetsRequiresBothTargetColumns/estimated_food_y_cm
--- PASS: TestReadWithReturnTargetsRequiresBothTargetColumns (0.00s)
    --- PASS: TestReadWithReturnTargetsRequiresBothTargetColumns/estimated_food_x_cm (0.00s)
    --- PASS: TestReadWithReturnTargetsRequiresBothTargetColumns/estimated_food_y_cm (0.00s)
=== RUN   TestReadWithReturnTargetsRejectsInvalidAfterRelocationCenters
=== RUN   TestReadWithReturnTargetsRejectsInvalidAfterRelocationCenters/nan_x
=== RUN   TestReadWithReturnTargetsRejectsInvalidAfterRelocationCenters/positive_infinity_x
=== RUN   TestReadWithReturnTargetsRejectsInvalidAfterRelocationCenters/negative_infinity_y
=== RUN   TestReadWithReturnTargetsRejectsInvalidAfterRelocationCenters/empty_x
=== RUN   TestReadWithReturnTargetsRejectsInvalidAfterRelocationCenters/malformed_y
--- PASS: TestReadWithReturnTargetsRejectsInvalidAfterRelocationCenters (0.00s)
    --- PASS: TestReadWithReturnTargetsRejectsInvalidAfterRelocationCenters/nan_x (0.00s)
    --- PASS: TestReadWithReturnTargetsRejectsInvalidAfterRelocationCenters/positive_infinity_x (0.00s)
    --- PASS: TestReadWithReturnTargetsRejectsInvalidAfterRelocationCenters/negative_infinity_y (0.00s)
    --- PASS: TestReadWithReturnTargetsRejectsInvalidAfterRelocationCenters/empty_x (0.00s)
    --- PASS: TestReadWithReturnTargetsRejectsInvalidAfterRelocationCenters/malformed_y (0.00s)
=== RUN   TestReadWithReturnTargetsRejectsConflictingAfterRelocationCenters
--- PASS: TestReadWithReturnTargetsRejectsConflictingAfterRelocationCenters (0.00s)
=== RUN   TestReadWithReturnTargetsIgnoresNonAfterRelocationCentersAndMissingTargets
--- PASS: TestReadWithReturnTargetsIgnoresNonAfterRelocationCentersAndMissingTargets (0.00s)
=== RUN   TestReadWithReturnTargetsReturnsNoTargetForTrialsWithoutAfterRelocation
--- PASS: TestReadWithReturnTargetsReturnsNoTargetForTrialsWithoutAfterRelocation (0.00s)
=== RUN   TestReadWithReturnTargetsCancellationReturnsNoPartialResults
--- PASS: TestReadWithReturnTargetsCancellationReturnsNoPartialResults (0.00s)
=== RUN   TestReadWithReturnTargetsEarlyErrorsReturnNoPartialResults
=== RUN   TestReadWithReturnTargetsEarlyErrorsReturnNoPartialResults/nil_context
=== RUN   TestReadWithReturnTargetsEarlyErrorsReturnNoPartialResults/hash_mismatch
=== RUN   TestReadWithReturnTargetsEarlyErrorsReturnNoPartialResults/row_limit
--- PASS: TestReadWithReturnTargetsEarlyErrorsReturnNoPartialResults (0.00s)
    --- PASS: TestReadWithReturnTargetsEarlyErrorsReturnNoPartialResults/nil_context (0.00s)
    --- PASS: TestReadWithReturnTargetsEarlyErrorsReturnNoPartialResults/hash_mismatch (0.00s)
    --- PASS: TestReadWithReturnTargetsEarlyErrorsReturnNoPartialResults/row_limit (0.00s)
=== RUN   TestReturnTargetMetadataDoesNotEnterInput
--- PASS: TestReturnTargetMetadataDoesNotEnterInput (0.00s)
=== RUN   TestReadGzipVerifiesSourceAndPreservesOnlyTrajectoryColumns
--- PASS: TestReadGzipVerifiesSourceAndPreservesOnlyTrajectoryColumns (0.00s)
=== RUN   TestReadRejectsInvalidSourceAndRows
=== RUN   TestReadRejectsInvalidSourceAndRows/sha_mismatch
=== RUN   TestReadRejectsInvalidSourceAndRows/license_missing
=== RUN   TestReadRejectsInvalidSourceAndRows/non_finite
=== RUN   TestReadRejectsInvalidSourceAndRows/duplicate_time
=== RUN   TestReadRejectsInvalidSourceAndRows/malformed_float
--- PASS: TestReadRejectsInvalidSourceAndRows (0.01s)
    --- PASS: TestReadRejectsInvalidSourceAndRows/sha_mismatch (0.00s)
    --- PASS: TestReadRejectsInvalidSourceAndRows/license_missing (0.00s)
    --- PASS: TestReadRejectsInvalidSourceAndRows/non_finite (0.00s)
    --- PASS: TestReadRejectsInvalidSourceAndRows/duplicate_time (0.00s)
    --- PASS: TestReadRejectsInvalidSourceAndRows/malformed_float (0.00s)
=== RUN   TestReadRejectsSizeAndDuplicateHeaderLimits
--- PASS: TestReadRejectsSizeAndDuplicateHeaderLimits (0.00s)
=== RUN   TestReadRejectsUnorderedOrInterleavedSourceRows
=== RUN   TestReadRejectsUnorderedOrInterleavedSourceRows/time_out_of_order
=== RUN   TestReadRejectsUnorderedOrInterleavedSourceRows/trial_interleaved
--- PASS: TestReadRejectsUnorderedOrInterleavedSourceRows (0.00s)
    --- PASS: TestReadRejectsUnorderedOrInterleavedSourceRows/time_out_of_order (0.00s)
    --- PASS: TestReadRejectsUnorderedOrInterleavedSourceRows/trial_interleaved (0.00s)
=== RUN   TestSplitByTrialIsDeterministicAndLeakFree
--- PASS: TestSplitByTrialIsDeterministicAndLeakFree (0.00s)
=== RUN   TestBuildSamplesUsesOnlyCausalHistoryAndHandCalculatedTarget
--- PASS: TestBuildSamplesUsesOnlyCausalHistoryAndHandCalculatedTarget (0.00s)
=== RUN   TestBuildSamplesSkipsGapsRelocationsAndCrossTrialWindows
--- PASS: TestBuildSamplesSkipsGapsRelocationsAndCrossTrialWindows (0.00s)
=== RUN   TestBuildSamplesSkipsExplicitRelocationSegment
--- PASS: TestBuildSamplesSkipsExplicitRelocationSegment (0.00s)
=== RUN   TestBuildSamplesRejectsInvalidConfigAndDataset
--- PASS: TestBuildSamplesRejectsInvalidConfigAndDataset (0.00s)
=== RUN   TestSampleInputHasNoForbiddenMetadataFields
--- PASS: TestSampleInputHasNoForbiddenMetadataFields (0.00s)
=== RUN   TestTrialIDsAreStableAndSortedForInspection
--- PASS: TestTrialIDsAreStableAndSortedForInspection (0.00s)
=== RUN   TestSplitByTrialKeepsAllSegmentsOfOneFlyTogether
--- PASS: TestSplitByTrialKeepsAllSegmentsOfOneFlyTogether (0.00s)
=== RUN   TestReadTitovaSourceWhenConfigured
    trajectory_test.go:409: set COIMNET_TSK11_TRAJECTORY to run the Git-out real-data check
--- SKIP: TestReadTitovaSourceWhenConfigured (0.00s)
PASS
ok  	github.com/TimLai666/coimnet/tasks/nav2d/trajectory	1.279s
