2026/09/24 22:49:28 [insyra - Info] Welcome to Insyra Huashan(v0.3.2)!!
Official website: https://insyra.hazelnut-paradise.com

        1.10 real         0.22 user         0.02 sys
            31621120  maximum resident set size
                   0  average shared memory size
                   0  average unshared data size
                   0  average unshared stack size
                2203  page reclaims
                  14  page faults
                   0  swaps
                   0  block input operations
                   0  block output operations
                   0  messages sent
                   0  messages received
                  39  signals received
                  23  voluntary context switches
                1383  involuntary context switches
          2072999135  instructions retired
           627461810  cycles elapsed
            22856328  peak memory footprint
