2026/09/14 10:28:18 [insyra - Info] Welcome to Insyra Huashan(v0.3.2)!!
Official website: https://insyra.hazelnut-paradise.com

=== RUN   TestAdaptIndependentReferenceAndChunks
--- PASS: TestAdaptIndependentReferenceAndChunks (0.00s)
=== RUN   TestAdaptEmptyAndRejectedInputs
=== RUN   TestAdaptEmptyAndRejectedInputs/zero_observation
=== RUN   TestAdaptEmptyAndRejectedInputs/unknown_channel
=== RUN   TestAdaptEmptyAndRejectedInputs/point_as_interval
=== RUN   TestAdaptEmptyAndRejectedInputs/wrong_kind
=== RUN   TestAdaptEmptyAndRejectedInputs/pulse_outside_horizon
=== RUN   TestAdaptEmptyAndRejectedInputs/point_outside_horizon
=== RUN   TestAdaptEmptyAndRejectedInputs/capacity
--- PASS: TestAdaptEmptyAndRejectedInputs (0.00s)
    --- PASS: TestAdaptEmptyAndRejectedInputs/zero_observation (0.00s)
    --- PASS: TestAdaptEmptyAndRejectedInputs/unknown_channel (0.00s)
    --- PASS: TestAdaptEmptyAndRejectedInputs/point_as_interval (0.00s)
    --- PASS: TestAdaptEmptyAndRejectedInputs/wrong_kind (0.00s)
    --- PASS: TestAdaptEmptyAndRejectedInputs/pulse_outside_horizon (0.00s)
    --- PASS: TestAdaptEmptyAndRejectedInputs/point_outside_horizon (0.00s)
    --- PASS: TestAdaptEmptyAndRejectedInputs/capacity (0.00s)
=== RUN   TestAdaptRejectsValuesOutsideLearningRange
=== RUN   TestAdaptRejectsValuesOutsideLearningRange/level
=== RUN   TestAdaptRejectsValuesOutsideLearningRange/gate
=== RUN   TestAdaptRejectsValuesOutsideLearningRange/pulses
=== RUN   TestAdaptRejectsValuesOutsideLearningRange/finite_pulse_sum
--- PASS: TestAdaptRejectsValuesOutsideLearningRange (0.00s)
    --- PASS: TestAdaptRejectsValuesOutsideLearningRange/level (0.00s)
    --- PASS: TestAdaptRejectsValuesOutsideLearningRange/gate (0.00s)
    --- PASS: TestAdaptRejectsValuesOutsideLearningRange/pulses (0.00s)
    --- PASS: TestAdaptRejectsValuesOutsideLearningRange/finite_pulse_sum (0.00s)
=== RUN   TestAdaptCoreTrainingCompatibility
    example_test.go:144: synthetic probe: loss=0.35820361971855164 prediction_before=0.10149885714054108 prediction_after=0.6986353993415833 updates=50
--- PASS: TestAdaptCoreTrainingCompatibility (0.02s)
=== RUN   TestAdaptMetadataAndAggregateErrors
=== RUN   TestAdaptMetadataAndAggregateErrors/encoder
=== RUN   TestAdaptMetadataAndAggregateErrors/shape
=== RUN   TestAdaptMetadataAndAggregateErrors/channel
=== RUN   TestAdaptMetadataAndAggregateErrors/sequence_regression
=== RUN   TestAdaptMetadataAndAggregateErrors/unit
=== RUN   TestAdaptMetadataAndAggregateErrors/time_unit
--- PASS: TestAdaptMetadataAndAggregateErrors (0.00s)
    --- PASS: TestAdaptMetadataAndAggregateErrors/encoder (0.00s)
    --- PASS: TestAdaptMetadataAndAggregateErrors/shape (0.00s)
    --- PASS: TestAdaptMetadataAndAggregateErrors/channel (0.00s)
    --- PASS: TestAdaptMetadataAndAggregateErrors/sequence_regression (0.00s)
    --- PASS: TestAdaptMetadataAndAggregateErrors/unit (0.00s)
    --- PASS: TestAdaptMetadataAndAggregateErrors/time_unit (0.00s)
=== RUN   ExampleAdapt
--- PASS: ExampleAdapt (0.01s)
PASS
ok  	github.com/TimLai666/coimnet/examples/multichannel	0.036s
