2026/09/15 06:03:25 [insyra - Info] Welcome to Insyra Huashan(v0.3.2)!!
Official website: https://insyra.hazelnut-paradise.com

      929.97 real       815.61 user        98.44 sys
          5659115520  maximum resident set size
                   0  average shared memory size
                   0  average unshared data size
                   0  average unshared stack size
            32409057  page reclaims
                   0  page faults
                   0  swaps
                   0  block input operations
                   0  block output operations
                   0  messages sent
                   0  messages received
               39507  signals received
                1678  voluntary context switches
             2681481  involuntary context switches
      16700645374549  instructions retired
       3419460852601  cycles elapsed
         10513997816  peak memory footprint
exit=0
