=== RUN   TestPulseAlignRetainsNonconsecutiveSequences
--- PASS: TestPulseAlignRetainsNonconsecutiveSequences (0.00s)
=== RUN   TestPulseAlignOverflowAndCapacityRetry
=== RUN   TestPulseAlignOverflowAndCapacityRetry/events
=== RUN   TestPulseAlignOverflowAndCapacityRetry/values
=== RUN   TestPulseAlignOverflowAndCapacityRetry/overflow
--- PASS: TestPulseAlignOverflowAndCapacityRetry (0.00s)
    --- PASS: TestPulseAlignOverflowAndCapacityRetry/events (0.00s)
    --- PASS: TestPulseAlignOverflowAndCapacityRetry/values (0.00s)
    --- PASS: TestPulseAlignOverflowAndCapacityRetry/overflow (0.00s)
=== RUN   TestPulseAlignCeilingPreservesEveryEvent
--- PASS: TestPulseAlignCeilingPreservesEveryEvent (0.00s)
=== RUN   TestPulseAlignAllChunkPartitions
--- PASS: TestPulseAlignAllChunkPartitions (0.00s)
=== RUN   TestPulseAlignHoldsWholeDestinationStep
--- PASS: TestPulseAlignHoldsWholeDestinationStep (0.00s)
=== RUN   TestPulseAlignExactRationalAndLimits
--- PASS: TestPulseAlignExactRationalAndLimits (0.00s)
=== RUN   TestPulseAlignErrorsAreAtomic
--- PASS: TestPulseAlignErrorsAreAtomic (0.00s)
=== RUN   TestPulseAlignRejectsConfigurationSemanticsAndCapacity
--- PASS: TestPulseAlignRejectsConfigurationSemanticsAndCapacity (0.00s)
=== RUN   ExampleNewPulseAligner
--- PASS: ExampleNewPulseAligner (0.00s)
PASS
ok  	github.com/TimLai666/coimnet/signal	0.420s
