2026/09/14 00:04:13 [insyra - Info] Welcome to Insyra Huashan(v0.3.2)!!
Official website: https://insyra.hazelnut-paradise.com

      126.08 real       121.67 user         2.99 sys
          2716434432  maximum resident set size
                   0  average shared memory size
                   0  average unshared data size
                   0  average unshared stack size
              631941  page reclaims
                  30  page faults
                   0  swaps
                   0  block input operations
                   0  block output operations
                   0  messages sent
                   0  messages received
                4784  signals received
                1538  voluntary context switches
               64505  involuntary context switches
       1538711650388  instructions retired
        468315419389  cycles elapsed
          2712734288  peak memory footprint
