{
  "status": "passed",
  "binary_sha256": "f5d55db6de94710180ef8ae332042a17b8366d12c712d25e13bf487e4340f0e5",
  "checks": [
    {
      "arguments": [
        "doctor"
      ],
      "exit_code": 0,
      "stdout": "{\n  \"schema_version\": \"coimnet-doctor/v1\",\n  \"runtime\": {\n    \"go_version\": \"go1.26.5\",\n    \"goos\": \"darwin\",\n    \"goarch\": \"arm64\"\n  },\n  \"build_info\": {\n    \"status\": \"available\",\n    \"main\": {\n      \"path\": \"github.com/TimLai666/coimnet\",\n      \"version\": \"v0.0.0-20261006165617-8fb7cffdc5d8+dirty\",\n      \"sum\": \"\",\n      \"replace\": null\n    },\n    \"insyra\": {\n      \"path\": \"github.com/HazelnutParadise/insyra\",\n      \"version\": \"v0.3.4\",\n      \"sum\": \"h1:E9Z8XnDWgzMpIZvkD+nKkjYKMnY0J6glGP7IuumBud0=\",\n      \"replace\": null\n    }\n  },\n  \"cpu\": {\n    \"logical_cpus\": 8,\n    \"physical_memory_bytes\": 17179869184,\n    \"physical_memory_status\": \"available\"\n  },\n  \"gpu\": {\n    \"status\": \"available\",\n    \"probe\": \"system_profiler\",\n    \"devices\": [\n      {\n        \"name\": \"Apple M3\",\n        \"vendor\": \"sppci_vendor_Apple\",\n        \"memory_bytes\": null\n      }\n    ]\n  },\n  \"insyra\": {\n    \"probe\": {\n      \"status\": \"passed\",\n      \"operation\": \"nn.Tape.MatMul+MSELoss+Backward\",\n      \"output\": [\n        23\n      ],\n      \"loss\": [\n        484\n      ],\n      \"gradient\": [\n        88,\n        132\n      ]\n    },\n    \"matrix_acceleration\": {\n      \"status\": \"available_in_dependency\",\n      \"execution\": \"not_probed\",\n      \"scope\": \"2d_float32_matmul\",\n      \"core_gpu_equivalent\": false,\n      \"note\": \"The probe is an Insyra API check and is not a CoImNet core GPU test.\"\n    }\n  },\n  \"media_tools\": {\n    \"video_packager\": {\n      \"tool\": \"ffmpeg\",\n      \"status\": \"available\",\n      \"path\": \"/opt/homebrew/bin/ffmpeg\",\n      \"version\": \"ffmpeg version 8.1.2 Copyright (c) 2000-2026 the FFmpeg developers\"\n    }\n  },\n  \"core\": {\n    \"cpu\": {\n      \"continuous_forward\": \"implemented\",\n      \"continuous_backward\": \"implemented\",\n      \"continuous_training\": \"implemented\",\n      \"sparse_forward\": \"implemented\",\n      \"sparse_backward\": \"implemented\",\n      \"sparse_training\": \"implemented\"\n    },\n    \"gpu\": {\n      \"continuous_forward\": \"implemented_with_constraints\",\n      \"continuous_backward\": \"implemented_with_constraints\",\n      \"continuous_training\": \"implemented_with_constraints\",\n      \"sparse_forward\": \"implemented_with_constraints\",\n      \"sparse_backward\": \"implemented_with_constraints\",\n      \"sparse_training\": \"implemented_with_constraints\",\n      \"details\": {\n        \"backend\": \"webgpu\",\n        \"model\": \"continuous\",\n        \"state_dimension\": 1,\n        \"edge_shape\": \"scalar\",\n        \"max_delay_steps\": 0,\n        \"training_scope\": \"independent_episode\",\n        \"recompute\": \"not_supported\",\n        \"sparse_precision\": \"float32\",\n        \"neural_state\": \"cpu_float64\",\n        \"activation\": \"cpu\",\n        \"optimizer\": \"cpu_adamw\",\n        \"encoder_readout_execution\": \"not_probed\",\n        \"device_parameter_update\": \"not_implemented\",\n        \"device_state_save\": \"not_implemented\",\n        \"full_graph\": \"unverified\",\n        \"execution\": \"not_probed\"\n      }\n    },\n    \"insyra_matrix_acceleration\": {\n      \"status\": \"available_in_dependency\",\n      \"execution\": \"not_probed\",\n      \"scope\": \"2d_float32_matmul\",\n      \"core_gpu_equivalent\": false,\n      \"note\": \"Insyra matrix acceleration does not implement the CoImNet sparse recurrent core.\"\n    }\n  }\n}\n",
      "stderr": ""
    },
    {
      "arguments": [
        "doctor"
      ],
      "exit_code": 0,
      "stdout": "{\n  \"schema_version\": \"coimnet-doctor/v1\",\n  \"runtime\": {\n    \"go_version\": \"go1.26.5\",\n    \"goos\": \"darwin\",\n    \"goarch\": \"arm64\"\n  },\n  \"build_info\": {\n    \"status\": \"available\",\n    \"main\": {\n      \"path\": \"github.com/TimLai666/coimnet\",\n      \"version\": \"v0.0.0-20261006165617-8fb7cffdc5d8+dirty\",\n      \"sum\": \"\",\n      \"replace\": null\n    },\n    \"insyra\": {\n      \"path\": \"github.com/HazelnutParadise/insyra\",\n      \"version\": \"v0.3.4\",\n      \"sum\": \"h1:E9Z8XnDWgzMpIZvkD+nKkjYKMnY0J6glGP7IuumBud0=\",\n      \"replace\": null\n    }\n  },\n  \"cpu\": {\n    \"logical_cpus\": 8,\n    \"physical_memory_bytes\": 17179869184,\n    \"physical_memory_status\": \"available\"\n  },\n  \"gpu\": {\n    \"status\": \"unknown\",\n    \"probe\": \"system_profiler\",\n    \"reason\": \"probe_tool_unavailable\",\n    \"devices\": []\n  },\n  \"insyra\": {\n    \"probe\": {\n      \"status\": \"passed\",\n      \"operation\": \"nn.Tape.MatMul+MSELoss+Backward\",\n      \"output\": [\n        23\n      ],\n      \"loss\": [\n        484\n      ],\n      \"gradient\": [\n        88,\n        132\n      ]\n    },\n    \"matrix_acceleration\": {\n      \"status\": \"available_in_dependency\",\n      \"execution\": \"not_probed\",\n      \"scope\": \"2d_float32_matmul\",\n      \"core_gpu_equivalent\": false,\n      \"note\": \"The probe is an Insyra API check and is not a CoImNet core GPU test.\"\n    }\n  },\n  \"media_tools\": {\n    \"video_packager\": {\n      \"tool\": \"ffmpeg\",\n      \"status\": \"absent\"\n    }\n  },\n  \"core\": {\n    \"cpu\": {\n      \"continuous_forward\": \"implemented\",\n      \"continuous_backward\": \"implemented\",\n      \"continuous_training\": \"implemented\",\n      \"sparse_forward\": \"implemented\",\n      \"sparse_backward\": \"implemented\",\n      \"sparse_training\": \"implemented\"\n    },\n    \"gpu\": {\n      \"continuous_forward\": \"implemented_with_constraints\",\n      \"continuous_backward\": \"implemented_with_constraints\",\n      \"continuous_training\": \"implemented_with_constraints\",\n      \"sparse_forward\": \"implemented_with_constraints\",\n      \"sparse_backward\": \"implemented_with_constraints\",\n      \"sparse_training\": \"implemented_with_constraints\",\n      \"details\": {\n        \"backend\": \"webgpu\",\n        \"model\": \"continuous\",\n        \"state_dimension\": 1,\n        \"edge_shape\": \"scalar\",\n        \"max_delay_steps\": 0,\n        \"training_scope\": \"independent_episode\",\n        \"recompute\": \"not_supported\",\n        \"sparse_precision\": \"float32\",\n        \"neural_state\": \"cpu_float64\",\n        \"activation\": \"cpu\",\n        \"optimizer\": \"cpu_adamw\",\n        \"encoder_readout_execution\": \"not_probed\",\n        \"device_parameter_update\": \"not_implemented\",\n        \"device_state_save\": \"not_implemented\",\n        \"full_graph\": \"unverified\",\n        \"execution\": \"not_probed\"\n      }\n    },\n    \"insyra_matrix_acceleration\": {\n      \"status\": \"available_in_dependency\",\n      \"execution\": \"not_probed\",\n      \"scope\": \"2d_float32_matmul\",\n      \"core_gpu_equivalent\": false,\n      \"note\": \"Insyra matrix acceleration does not implement the CoImNet sparse recurrent core.\"\n    }\n  }\n}\n",
      "stderr": ""
    },
    {
      "arguments": [
        "doctor",
        "--help"
      ],
      "exit_code": 0,
      "stdout": "Usage: coimnet doctor\nReport actual runtime, CPU, memory, detected devices and GPU support constraints as JSON.\nThe WebGPU core path uses float32 sparse operations and a pure scalar, zero-delay continuous model for independent episode training: neural_state=cpu_float64, activation=cpu, optimizer=cpu_adamw.\nRecompute is unsupported. Full graph support is unverified (full_graph=unverified); device parameter updates and device state saving are not implemented.\nGPU hardware does not imply core execution: execution=not_probed. Insyra encoder/readout execution is not measured (not_probed).\nMissing optional device tools are reported as unknown.\nExample: coimnet doctor\nErrors: invalid arguments, canceled execution or output failure.\n",
      "stderr": ""
    },
    {
      "arguments": [
        "--help"
      ],
      "exit_code": 0,
      "stdout": "CoImNet: connectome training research framework\n\nCommands:\n  doctor                        Report local runtime, device inventory and GPU support constraints as JSON\n  examples list                 List executable reference tasks\n  examples run delayed [flags]  Run the synthetic delayed-pulse learning protocol\n  examples run lif-threshold [flags]\n                                Train the spiking fixture's base firing threshold\n  examples run evaluate [flags]\n                                Score the delayed-correlation fixture under a\n                                fixed or adaptive protocol and write the report\n  examples run continual-matrix [flags]\n                                Run the fixed two-task continual matrix with a\n                                rule-change stage and a paired comparison report\n  examples run ocr [flags]      Run the synthetic glyph OCR fixture: CTC-trained\n                                line recognition with a train/test glyph family\n                                split and a core-disconnect check\n  examples run asr [flags]      Run the synthetic speech-to-text fixture with\n                                whole-file and chunked streaming evaluation\n  examples run textgen [flags]  Train and evaluate the synthetic text-generation\n                                fixture in student mode with the teacher blocked\n  examples run media [flags]    Run text-conditioned synthetic image/audio\n                                generation with a trained core and fixed decoder\n  examples run roles [flags]    Compare core, fixed-decoder and external-tool\n                                image generation roles\n  examples run video [flags]    Generate prompt-conditioned video frames and\n                                aligned audio, with optional packaging\n  examples run gridnav [flags]  Run the synthetic one-dimensional corridor:\n                                expert imitation or recurrent PPO training\n  examples run nav2d [flags]    Run synthetic two-dimensional navigation tasks\n                                with recurrent, feedforward and control policies\n  examples run multimodal [flags]\n                                Run paired synthetic multimodal retrieval and\n                                unseen-combination evaluation\n  examples run attribution [flags]\n                                Run the seven-group synthetic navigation\n                                attribution matrix\n  examples run full-graph-short-training [flags]\n                                Train the full graph and verify snapshot digests\n  examples run ablate [flags]   Run the MOD-10 modulation ablation: every control\n                                group scored per seed, one report per group plus\n                                a summary under DIR/ablation\n  run --config FILE --dry-run   Expand a strict configuration, report where every\n                                value came from, estimate the memory one run needs\n                                and refuse instead of shrinking anything\n  train delayed [flags]         Train the fixture and save an episode checkpoint\n  resume [flags]                Continue training into a new checkpoint\n  predict [flags]               Predict from observation-only JSON\n  data sources                   List audited official MaleCNS source metadata\n  data download [flags]          Download and verify one bounded source file\n  data inspect [flags]           Inspect every batch of a local Feather file\n  data import [flags]            Build graph views from a manifest and report JSON\n  data derive [flags]            Derive edge signs and strengths from the release\n                                 files under an explicit rules document\n  data validate [flags]          Verify a graph store or parameter set and print\n                                 its report\n  simulate run [flags]           Run a graph store through one dynamics core\n                                 with fixed injections and probes, no training\n  simulate compare [flags]       Run one protocol on the original wiring and on\n                                 seeded null models and report the declared\n                                 metrics and thresholds\n  checkpoint migrate [flags]     Migrate a snapshot into a new file under a\n                                 target schema, never touch the source, and\n                                 print the migration report as JSON\n  benchmark [flags]              Time import, forward, backward, local\n                                 plasticity, modulation and snapshot on a\n                                 synthetic topology and write the report JSON\n  model inspect [flags]          Inspect one model package or individual\n                                 snapshot: topology, parameters, modes,\n                                 evidence, mapping and a memory estimate\n  model validate [flags]         Recompute and verify one model package or\n                                 individual snapshot and report valid,\n                                 schema and checksum\n  export [flags]                 Export one model package or JSON report to a\n                                 new file as sorted JSON or as Markdown\n  report [flags]                 Summarise the requirements status document\n                                 and its evidence records into a JSON and a\n                                 Markdown completion report\n\nUse COMMAND --help for options and examples. Unsupported commands and invalid\narguments return a nonzero exit status. Data transfers require an explicit\ncapacity limit and report their receipt as JSON.\n",
      "stderr": ""
    },
    {
      "arguments": [
        "doctor",
        "extra"
      ],
      "exit_code": 1,
      "stdout": "",
      "stderr": "coimnet: doctor takes no positional arguments\n"
    },
    {
      "arguments": [
        "doctor",
        "--unsupported"
      ],
      "exit_code": 1,
      "stdout": "Usage: coimnet doctor\nReport actual runtime, CPU, memory, detected devices and GPU support constraints as JSON.\nThe WebGPU core path uses float32 sparse operations and a pure scalar, zero-delay continuous model for independent episode training: neural_state=cpu_float64, activation=cpu, optimizer=cpu_adamw.\nRecompute is unsupported. Full graph support is unverified (full_graph=unverified); device parameter updates and device state saving are not implemented.\nGPU hardware does not imply core execution: execution=not_probed. Insyra encoder/readout execution is not measured (not_probed).\nMissing optional device tools are reported as unknown.\nExample: coimnet doctor\nErrors: invalid arguments, canceled execution or output failure.\n",
      "stderr": "flag provided but not defined: -unsupported\ncoimnet: flag provided but not defined: -unsupported\n"
    }
  ],
  "temporary_files": {
    "coimnet": "f5d55db6de94710180ef8ae332042a17b8366d12c712d25e13bf487e4340f0e5"
  },
  "temporary_artifacts_removed": true
}
