=== RUN   TestDoctorReportContainsRuntimeBuildProbeAndSeparatedCapabilities
--- PASS: TestDoctorReportContainsRuntimeBuildProbeAndSeparatedCapabilities (0.29s)
=== RUN   TestDoctorCoreCapabilitiesDetailsAreIndependent
--- PASS: TestDoctorCoreCapabilitiesDetailsAreIndependent (0.00s)
=== RUN   TestGPUProbeMissingOptionalToolDoesNotClaimCoreExecution
--- PASS: TestGPUProbeMissingOptionalToolDoesNotClaimCoreExecution (0.00s)
=== RUN   TestDoctorMediaToolProbeReportsAvailabilityAndFailures
--- PASS: TestDoctorMediaToolProbeReportsAvailabilityAndFailures (0.00s)
=== RUN   TestDoctorRejectsCancellation
--- PASS: TestDoctorRejectsCancellation (0.00s)
=== RUN   TestDoctorRejectsNilContext
--- PASS: TestDoctorRejectsNilContext (0.00s)
=== RUN   TestDoctorRunWritesV1JSON
--- PASS: TestDoctorRunWritesV1JSON (0.22s)
=== RUN   TestDoctorHelpDescribesGPUConstraintsAndExecutionSeparation
--- PASS: TestDoctorHelpDescribesGPUConstraintsAndExecutionSeparation (0.00s)
=== RUN   TestDoctorRunRejectsInvalidArguments
=== RUN   TestDoctorRunRejectsInvalidArguments/unknown_flag
=== RUN   TestDoctorRunRejectsInvalidArguments/positional_argument
--- PASS: TestDoctorRunRejectsInvalidArguments (0.00s)
    --- PASS: TestDoctorRunRejectsInvalidArguments/unknown_flag (0.00s)
    --- PASS: TestDoctorRunRejectsInvalidArguments/positional_argument (0.00s)
=== RUN   TestDoctorRunPropagatesOutputFailure
--- PASS: TestDoctorRunPropagatesOutputFailure (0.20s)
=== RUN   TestGPUParsersSeparateDeviceResults
--- PASS: TestGPUParsersSeparateDeviceResults (0.00s)
=== RUN   TestGPUProbeMissingToolIsUnknown
--- PASS: TestGPUProbeMissingToolIsUnknown (0.00s)
=== RUN   TestGPUProbeHonorsTimeout
--- PASS: TestGPUProbeHonorsTimeout (2.00s)
PASS
ok  	github.com/TimLai666/coimnet/internal/cli	3.120s
