ok  	github.com/TimLai666/coimnet	23.405s
ok  	github.com/TimLai666/coimnet/backend	1.236s
ok  	github.com/TimLai666/coimnet/backend/webgpu	1.506s
ok  	github.com/TimLai666/coimnet/checkpoint	16.662s
?   	github.com/TimLai666/coimnet/cmd/coimnet	[no test files]
ok  	github.com/TimLai666/coimnet/config	1.570s
ok  	github.com/TimLai666/coimnet/connectome	4.388s
ok  	github.com/TimLai666/coimnet/connectome/flywire	1.472s
ok  	github.com/TimLai666/coimnet/distill	1.451s
ok  	github.com/TimLai666/coimnet/download	2.585s
ok  	github.com/TimLai666/coimnet/dynamics	3.953s
ok  	github.com/TimLai666/coimnet/examples/lifthreshold	1.819s
ok  	github.com/TimLai666/coimnet/examples/multichannel	1.489s
ok  	github.com/TimLai666/coimnet/examples/realasr	1.479s
ok  	github.com/TimLai666/coimnet/examples/realmedia	7.942s
ok  	github.com/TimLai666/coimnet/examples/realnav	3.716s
ok  	github.com/TimLai666/coimnet/examples/realnavmemory	3.599s
ok  	github.com/TimLai666/coimnet/examples/realocr	1.407s
ok  	github.com/TimLai666/coimnet/examples/realsubgraph	2.068s
ok  	github.com/TimLai666/coimnet/examples/realtext	157.329s
ok  	github.com/TimLai666/coimnet/experiment	1072.445s
ok  	github.com/TimLai666/coimnet/experiment/fullgraph	4.294s
ok  	github.com/TimLai666/coimnet/experiment/gridnav	1.246s
ok  	github.com/TimLai666/coimnet/experiment/multimodaleval	861.465s
ok  	github.com/TimLai666/coimnet/experiment/nav2d	1.275s
ok  	github.com/TimLai666/coimnet/experiment/studenteval	3.463s
ok  	github.com/TimLai666/coimnet/feather	1.336s
ok  	github.com/TimLai666/coimnet/internal/cli	533.054s
ok  	github.com/TimLai666/coimnet/internal/delayedfixture	1.393s
ok  	github.com/TimLai666/coimnet/internal/extsort	1.495s
ok  	github.com/TimLai666/coimnet/internal/fileio	1.266s
ok  	github.com/TimLai666/coimnet/internal/jsonkey	1.246s
ok  	github.com/TimLai666/coimnet/internal/redact	1.259s
ok  	github.com/TimLai666/coimnet/internal/sparse	1.257s
ok  	github.com/TimLai666/coimnet/internal/strictjson	1.256s
ok  	github.com/TimLai666/coimnet/learning	5.638s
ok  	github.com/TimLai666/coimnet/learning/rl	2.860s
ok  	github.com/TimLai666/coimnet/modulation	1.476s
ok  	github.com/TimLai666/coimnet/multimodal	1.260s
ok  	github.com/TimLai666/coimnet/multimodal/synthetic	1.264s
ok  	github.com/TimLai666/coimnet/params	3.000s
ok  	github.com/TimLai666/coimnet/plasticity	1.251s
ok  	github.com/TimLai666/coimnet/replay	1.257s
ok  	github.com/TimLai666/coimnet/resources	1.268s
ok  	github.com/TimLai666/coimnet/signal	2.167s
ok  	github.com/TimLai666/coimnet/simulate	4.166s
ok  	github.com/TimLai666/coimnet/tasks/asr	102.262s
ok  	github.com/TimLai666/coimnet/tasks/asr/audio	2.097s
ok  	github.com/TimLai666/coimnet/tasks/media	672.711s
ok  	github.com/TimLai666/coimnet/tasks/media/realdata	2.466s
ok  	github.com/TimLai666/coimnet/tasks/nav2d/trajectory	1.319s
ok  	github.com/TimLai666/coimnet/tasks/ocr	28.527s
ok  	github.com/TimLai666/coimnet/tasks/ocr/ctc	1.257s
ok  	github.com/TimLai666/coimnet/tasks/ocr/glyphs	1.266s
ok  	github.com/TimLai666/coimnet/tasks/textgen	1142.362s
ok  	github.com/TimLai666/coimnet/tasks/textgen/tokenizer	1.287s
ok  	github.com/TimLai666/coimnet/teacher	1.765s
ok  	github.com/TimLai666/coimnet/teacher/tool	1.267s
