2026/09/14 00:29:57 [insyra - Info] Welcome to Insyra Huashan(v0.3.2)!!
Official website: https://insyra.hazelnut-paradise.com

	Command being timed: "/tmp/coimnet-takeover.uUDfOju6/results-v10/realsubgraph --store /tmp/coimnet-takeover.uUDfOju6/alin.coimgraph --expected-predicate-hash 4565f8edcd638de884b6ecbf90b6300d478772ef4b5ff8407b69fb976490d063 --profile real-subgraph --updates 20"
	User time (seconds): 0.01
	System time (seconds): 0.01
	Percent of CPU this job got: 125%
	Elapsed (wall clock) time (h:mm:ss or m:ss): 0:00.02
	Average shared text size (kbytes): 0
	Average unshared data size (kbytes): 0
	Average stack size (kbytes): 0
	Average total size (kbytes): 0
	Maximum resident set size (kbytes): 16896
	Average resident set size (kbytes): 0
	Major (requiring I/O) page faults: 0
	Minor (reclaiming a frame) page faults: 2431
	Voluntary context switches: 163
	Involuntary context switches: 24
	Swaps: 0
	File system inputs: 0
	File system outputs: 56
	Socket messages sent: 0
	Socket messages received: 0
	Signals delivered: 0
	Page size (bytes): 4096
	Exit status: 0
