ok  	github.com/TimLai666/coimnet	29.926s
ok  	github.com/TimLai666/coimnet/backend	1.266s
ok  	github.com/TimLai666/coimnet/backend/webgpu	1.561s
ok  	github.com/TimLai666/coimnet/checkpoint	16.846s
?   	github.com/TimLai666/coimnet/cmd/coimnet	[no test files]
ok  	github.com/TimLai666/coimnet/config	1.480s
ok  	github.com/TimLai666/coimnet/connectome	4.734s
ok  	github.com/TimLai666/coimnet/connectome/flywire	1.662s
ok  	github.com/TimLai666/coimnet/distill	1.496s
ok  	github.com/TimLai666/coimnet/download	2.529s
ok  	github.com/TimLai666/coimnet/dynamics	3.790s
ok  	github.com/TimLai666/coimnet/examples/lifthreshold	2.191s
ok  	github.com/TimLai666/coimnet/examples/multichannel	1.625s
ok  	github.com/TimLai666/coimnet/examples/realasr	1.663s
ok  	github.com/TimLai666/coimnet/examples/realmedia	9.699s
ok  	github.com/TimLai666/coimnet/examples/realnav	4.418s
ok  	github.com/TimLai666/coimnet/examples/realnavmemory	4.704s
ok  	github.com/TimLai666/coimnet/examples/realocr	1.788s
ok  	github.com/TimLai666/coimnet/examples/realsubgraph	2.781s
ok  	github.com/TimLai666/coimnet/examples/realtext	174.510s
ok  	github.com/TimLai666/coimnet/experiment	1153.520s
ok  	github.com/TimLai666/coimnet/experiment/fullgraph	3.339s
ok  	github.com/TimLai666/coimnet/experiment/gridnav	1.319s
ok  	github.com/TimLai666/coimnet/experiment/multimodaleval	955.042s
ok  	github.com/TimLai666/coimnet/experiment/nav2d	1.277s
ok  	github.com/TimLai666/coimnet/experiment/studenteval	3.051s
ok  	github.com/TimLai666/coimnet/feather	1.430s
ok  	github.com/TimLai666/coimnet/internal/cli	604.283s
ok  	github.com/TimLai666/coimnet/internal/delayedfixture	1.597s
ok  	github.com/TimLai666/coimnet/internal/extsort	1.554s
ok  	github.com/TimLai666/coimnet/internal/fileio	1.313s
ok  	github.com/TimLai666/coimnet/internal/jsonkey	1.263s
ok  	github.com/TimLai666/coimnet/internal/redact	1.295s
ok  	github.com/TimLai666/coimnet/internal/sparse	1.286s
ok  	github.com/TimLai666/coimnet/internal/strictjson	1.282s
ok  	github.com/TimLai666/coimnet/learning	5.174s
ok  	github.com/TimLai666/coimnet/learning/rl	3.108s
ok  	github.com/TimLai666/coimnet/modulation	1.479s
ok  	github.com/TimLai666/coimnet/multimodal	1.261s
ok  	github.com/TimLai666/coimnet/multimodal/synthetic	1.258s
ok  	github.com/TimLai666/coimnet/params	2.317s
ok  	github.com/TimLai666/coimnet/plasticity	1.256s
ok  	github.com/TimLai666/coimnet/replay	1.276s
ok  	github.com/TimLai666/coimnet/resources	1.272s
ok  	github.com/TimLai666/coimnet/signal	1.768s
ok  	github.com/TimLai666/coimnet/simulate	3.621s
ok  	github.com/TimLai666/coimnet/tasks/asr	114.481s
ok  	github.com/TimLai666/coimnet/tasks/asr/audio	1.589s
ok  	github.com/TimLai666/coimnet/tasks/media	755.822s
ok  	github.com/TimLai666/coimnet/tasks/media/realdata	2.119s
ok  	github.com/TimLai666/coimnet/tasks/nav2d/trajectory	1.320s
ok  	github.com/TimLai666/coimnet/tasks/ocr	32.373s
ok  	github.com/TimLai666/coimnet/tasks/ocr/ctc	1.251s
ok  	github.com/TimLai666/coimnet/tasks/ocr/glyphs	1.258s
ok  	github.com/TimLai666/coimnet/tasks/textgen	1204.792s
ok  	github.com/TimLai666/coimnet/tasks/textgen/tokenizer	1.299s
ok  	github.com/TimLai666/coimnet/teacher	1.759s
ok  	github.com/TimLai666/coimnet/teacher/tool	1.251s
