=== RUN   TestModelPackageCapacityValidationRejectsCorruptedSingleFile
=== RUN   TestModelPackageCapacityValidationRejectsCorruptedSingleFile/continuous
=== RUN   TestModelPackageCapacityValidationRejectsCorruptedSingleFile/continuous/nodes_zero
    package_capacity_validation_test.go:129: accepted a package whose capacity report does not match its model
=== RUN   TestModelPackageCapacityValidationRejectsCorruptedSingleFile/continuous/edges_negative
    package_capacity_validation_test.go:129: accepted a package whose capacity report does not match its model
=== RUN   TestModelPackageCapacityValidationRejectsCorruptedSingleFile/continuous/state_dimension_changed
    package_capacity_validation_test.go:129: accepted a package whose capacity report does not match its model
=== RUN   TestModelPackageCapacityValidationRejectsCorruptedSingleFile/continuous/parameter_count_zero
    package_capacity_validation_test.go:129: accepted a package whose capacity report does not match its model
=== RUN   TestModelPackageCapacityValidationRejectsCorruptedSingleFile/continuous/free_parameter_count_negative
    package_capacity_validation_test.go:129: accepted a package whose capacity report does not match its model
=== RUN   TestModelPackageCapacityValidationRejectsCorruptedSingleFile/continuous/mult_adds_per_step_changed
    package_capacity_validation_test.go:129: accepted a package whose capacity report does not match its model
=== RUN   TestModelPackageCapacityValidationRejectsCorruptedSingleFile/lif
=== RUN   TestModelPackageCapacityValidationRejectsCorruptedSingleFile/lif/nodes_zero
    package_capacity_validation_test.go:129: accepted a package whose capacity report does not match its model
=== RUN   TestModelPackageCapacityValidationRejectsCorruptedSingleFile/lif/edges_negative
    package_capacity_validation_test.go:129: accepted a package whose capacity report does not match its model
=== RUN   TestModelPackageCapacityValidationRejectsCorruptedSingleFile/lif/state_dimension_changed
    package_capacity_validation_test.go:129: accepted a package whose capacity report does not match its model
=== RUN   TestModelPackageCapacityValidationRejectsCorruptedSingleFile/lif/parameter_count_zero
    package_capacity_validation_test.go:129: accepted a package whose capacity report does not match its model
=== RUN   TestModelPackageCapacityValidationRejectsCorruptedSingleFile/lif/free_parameter_count_negative
    package_capacity_validation_test.go:129: accepted a package whose capacity report does not match its model
=== RUN   TestModelPackageCapacityValidationRejectsCorruptedSingleFile/lif/mult_adds_per_step_changed
    package_capacity_validation_test.go:129: accepted a package whose capacity report does not match its model
=== RUN   TestModelPackageCapacityValidationRejectsCorruptedSingleFile/vector
=== RUN   TestModelPackageCapacityValidationRejectsCorruptedSingleFile/vector/nodes_zero
    package_capacity_validation_test.go:129: accepted a package whose capacity report does not match its model
=== RUN   TestModelPackageCapacityValidationRejectsCorruptedSingleFile/vector/edges_negative
    package_capacity_validation_test.go:129: accepted a package whose capacity report does not match its model
=== RUN   TestModelPackageCapacityValidationRejectsCorruptedSingleFile/vector/state_dimension_changed
    package_capacity_validation_test.go:129: accepted a package whose capacity report does not match its model
=== RUN   TestModelPackageCapacityValidationRejectsCorruptedSingleFile/vector/parameter_count_zero
    package_capacity_validation_test.go:129: accepted a package whose capacity report does not match its model
=== RUN   TestModelPackageCapacityValidationRejectsCorruptedSingleFile/vector/free_parameter_count_negative
    package_capacity_validation_test.go:129: accepted a package whose capacity report does not match its model
=== RUN   TestModelPackageCapacityValidationRejectsCorruptedSingleFile/vector/mult_adds_per_step_changed
    package_capacity_validation_test.go:129: accepted a package whose capacity report does not match its model
--- FAIL: TestModelPackageCapacityValidationRejectsCorruptedSingleFile (0.01s)
    --- FAIL: TestModelPackageCapacityValidationRejectsCorruptedSingleFile/continuous (0.00s)
        --- FAIL: TestModelPackageCapacityValidationRejectsCorruptedSingleFile/continuous/nodes_zero (0.00s)
        --- FAIL: TestModelPackageCapacityValidationRejectsCorruptedSingleFile/continuous/edges_negative (0.00s)
        --- FAIL: TestModelPackageCapacityValidationRejectsCorruptedSingleFile/continuous/state_dimension_changed (0.00s)
        --- FAIL: TestModelPackageCapacityValidationRejectsCorruptedSingleFile/continuous/parameter_count_zero (0.00s)
        --- FAIL: TestModelPackageCapacityValidationRejectsCorruptedSingleFile/continuous/free_parameter_count_negative (0.00s)
        --- FAIL: TestModelPackageCapacityValidationRejectsCorruptedSingleFile/continuous/mult_adds_per_step_changed (0.00s)
    --- FAIL: TestModelPackageCapacityValidationRejectsCorruptedSingleFile/lif (0.00s)
        --- FAIL: TestModelPackageCapacityValidationRejectsCorruptedSingleFile/lif/nodes_zero (0.00s)
        --- FAIL: TestModelPackageCapacityValidationRejectsCorruptedSingleFile/lif/edges_negative (0.00s)
        --- FAIL: TestModelPackageCapacityValidationRejectsCorruptedSingleFile/lif/state_dimension_changed (0.00s)
        --- FAIL: TestModelPackageCapacityValidationRejectsCorruptedSingleFile/lif/parameter_count_zero (0.00s)
        --- FAIL: TestModelPackageCapacityValidationRejectsCorruptedSingleFile/lif/free_parameter_count_negative (0.00s)
        --- FAIL: TestModelPackageCapacityValidationRejectsCorruptedSingleFile/lif/mult_adds_per_step_changed (0.00s)
    --- FAIL: TestModelPackageCapacityValidationRejectsCorruptedSingleFile/vector (0.00s)
        --- FAIL: TestModelPackageCapacityValidationRejectsCorruptedSingleFile/vector/nodes_zero (0.00s)
        --- FAIL: TestModelPackageCapacityValidationRejectsCorruptedSingleFile/vector/edges_negative (0.00s)
        --- FAIL: TestModelPackageCapacityValidationRejectsCorruptedSingleFile/vector/state_dimension_changed (0.00s)
        --- FAIL: TestModelPackageCapacityValidationRejectsCorruptedSingleFile/vector/parameter_count_zero (0.00s)
        --- FAIL: TestModelPackageCapacityValidationRejectsCorruptedSingleFile/vector/free_parameter_count_negative (0.00s)
        --- FAIL: TestModelPackageCapacityValidationRejectsCorruptedSingleFile/vector/mult_adds_per_step_changed (0.00s)
=== RUN   TestModelPackageCapacityValidationRejectsCorruptedOutputs
=== RUN   TestModelPackageCapacityValidationRejectsCorruptedOutputs/continuous
=== RUN   TestModelPackageCapacityValidationRejectsCorruptedOutputs/continuous/save_single
    package_capacity_validation_test.go:183: accepted a package whose capacity report does not match its model
=== RUN   TestModelPackageCapacityValidationRejectsCorruptedOutputs/continuous/save_bundle
    package_capacity_validation_test.go:191: accepted a package whose capacity report does not match its model
=== RUN   TestModelPackageCapacityValidationRejectsCorruptedOutputs/continuous/seed_individual
    package_capacity_validation_test.go:198: accepted a package whose capacity report does not match its model
=== RUN   TestModelPackageCapacityValidationRejectsCorruptedOutputs/continuous/load_forged_bundle
    package_capacity_validation_test.go:210: accepted a package whose capacity report does not match its model
=== RUN   TestModelPackageCapacityValidationRejectsCorruptedOutputs/lif
=== RUN   TestModelPackageCapacityValidationRejectsCorruptedOutputs/lif/save_single
    package_capacity_validation_test.go:183: accepted a package whose capacity report does not match its model
=== RUN   TestModelPackageCapacityValidationRejectsCorruptedOutputs/lif/save_bundle
    package_capacity_validation_test.go:191: accepted a package whose capacity report does not match its model
=== RUN   TestModelPackageCapacityValidationRejectsCorruptedOutputs/lif/seed_individual
    package_capacity_validation_test.go:198: accepted a package whose capacity report does not match its model
=== RUN   TestModelPackageCapacityValidationRejectsCorruptedOutputs/lif/load_forged_bundle
    package_capacity_validation_test.go:210: accepted a package whose capacity report does not match its model
=== RUN   TestModelPackageCapacityValidationRejectsCorruptedOutputs/vector
=== RUN   TestModelPackageCapacityValidationRejectsCorruptedOutputs/vector/save_single
    package_capacity_validation_test.go:183: accepted a package whose capacity report does not match its model
=== RUN   TestModelPackageCapacityValidationRejectsCorruptedOutputs/vector/save_bundle
    package_capacity_validation_test.go:191: accepted a package whose capacity report does not match its model
=== RUN   TestModelPackageCapacityValidationRejectsCorruptedOutputs/vector/seed_individual
    package_capacity_validation_test.go:219: the vector core has no persistent individual yet; unrelated limitation
=== RUN   TestModelPackageCapacityValidationRejectsCorruptedOutputs/vector/load_forged_bundle
    package_capacity_validation_test.go:210: accepted a package whose capacity report does not match its model
--- FAIL: TestModelPackageCapacityValidationRejectsCorruptedOutputs (0.15s)
    --- FAIL: TestModelPackageCapacityValidationRejectsCorruptedOutputs/continuous (0.04s)
        --- FAIL: TestModelPackageCapacityValidationRejectsCorruptedOutputs/continuous/save_single (0.01s)
        --- FAIL: TestModelPackageCapacityValidationRejectsCorruptedOutputs/continuous/save_bundle (0.01s)
        --- FAIL: TestModelPackageCapacityValidationRejectsCorruptedOutputs/continuous/seed_individual (0.00s)
        --- FAIL: TestModelPackageCapacityValidationRejectsCorruptedOutputs/continuous/load_forged_bundle (0.01s)
    --- FAIL: TestModelPackageCapacityValidationRejectsCorruptedOutputs/lif (0.05s)
        --- FAIL: TestModelPackageCapacityValidationRejectsCorruptedOutputs/lif/save_single (0.01s)
        --- FAIL: TestModelPackageCapacityValidationRejectsCorruptedOutputs/lif/save_bundle (0.01s)
        --- FAIL: TestModelPackageCapacityValidationRejectsCorruptedOutputs/lif/seed_individual (0.00s)
        --- FAIL: TestModelPackageCapacityValidationRejectsCorruptedOutputs/lif/load_forged_bundle (0.01s)
    --- FAIL: TestModelPackageCapacityValidationRejectsCorruptedOutputs/vector (0.06s)
        --- FAIL: TestModelPackageCapacityValidationRejectsCorruptedOutputs/vector/save_single (0.01s)
        --- FAIL: TestModelPackageCapacityValidationRejectsCorruptedOutputs/vector/save_bundle (0.02s)
        --- SKIP: TestModelPackageCapacityValidationRejectsCorruptedOutputs/vector/seed_individual (0.00s)
        --- FAIL: TestModelPackageCapacityValidationRejectsCorruptedOutputs/vector/load_forged_bundle (0.01s)
=== RUN   TestModelPackageCapacityValidationKeepsValidReportsExact
=== RUN   TestModelPackageCapacityValidationKeepsValidReportsExact/continuous
=== RUN   TestModelPackageCapacityValidationKeepsValidReportsExact/lif
=== RUN   TestModelPackageCapacityValidationKeepsValidReportsExact/vector
--- PASS: TestModelPackageCapacityValidationKeepsValidReportsExact (0.10s)
    --- PASS: TestModelPackageCapacityValidationKeepsValidReportsExact/continuous (0.03s)
    --- PASS: TestModelPackageCapacityValidationKeepsValidReportsExact/lif (0.03s)
    --- PASS: TestModelPackageCapacityValidationKeepsValidReportsExact/vector (0.03s)
=== RUN   TestModelPackageCapacityValidationKeepsNilCapacity
    package_capacity_validation_test.go:378: fixture ../evidence/OPS-03/fixture/tiny.coimpkg sha256:d1ffbb9fe06996622d4ddf0b635128f86dddbef6093a09803350455a889caab0
--- PASS: TestModelPackageCapacityValidationKeepsNilCapacity (0.03s)
=== RUN   TestModelPackageCapacityValidationPreservesExistingDestinations
=== RUN   TestModelPackageCapacityValidationPreservesExistingDestinations/continuous
=== RUN   TestModelPackageCapacityValidationPreservesExistingDestinations/lif
=== RUN   TestModelPackageCapacityValidationPreservesExistingDestinations/vector
--- PASS: TestModelPackageCapacityValidationPreservesExistingDestinations (0.01s)
    --- PASS: TestModelPackageCapacityValidationPreservesExistingDestinations/continuous (0.00s)
    --- PASS: TestModelPackageCapacityValidationPreservesExistingDestinations/lif (0.01s)
    --- PASS: TestModelPackageCapacityValidationPreservesExistingDestinations/vector (0.00s)
FAIL
FAIL	github.com/TimLai666/coimnet/checkpoint	0.711s
FAIL
