=== RUN   TestModelPackageCapacityValidationRejectsCorruptedSingleFile
=== RUN   TestModelPackageCapacityValidationRejectsCorruptedSingleFile/continuous
=== RUN   TestModelPackageCapacityValidationRejectsCorruptedSingleFile/continuous/nodes_zero
=== RUN   TestModelPackageCapacityValidationRejectsCorruptedSingleFile/continuous/nodes_zero/load
    package_capacity_validation_test.go:130: accepted a package whose capacity report does not match its model
=== RUN   TestModelPackageCapacityValidationRejectsCorruptedSingleFile/continuous/nodes_zero/migrate
    package_capacity_validation_test.go:138: accepted a package whose capacity report does not match its model
=== RUN   TestModelPackageCapacityValidationRejectsCorruptedSingleFile/continuous/edges_negative
=== RUN   TestModelPackageCapacityValidationRejectsCorruptedSingleFile/continuous/edges_negative/load
    package_capacity_validation_test.go:130: accepted a package whose capacity report does not match its model
=== RUN   TestModelPackageCapacityValidationRejectsCorruptedSingleFile/continuous/edges_negative/migrate
    package_capacity_validation_test.go:138: accepted a package whose capacity report does not match its model
=== RUN   TestModelPackageCapacityValidationRejectsCorruptedSingleFile/continuous/state_dimension_changed
=== RUN   TestModelPackageCapacityValidationRejectsCorruptedSingleFile/continuous/state_dimension_changed/load
    package_capacity_validation_test.go:130: accepted a package whose capacity report does not match its model
=== RUN   TestModelPackageCapacityValidationRejectsCorruptedSingleFile/continuous/state_dimension_changed/migrate
    package_capacity_validation_test.go:138: accepted a package whose capacity report does not match its model
=== RUN   TestModelPackageCapacityValidationRejectsCorruptedSingleFile/continuous/parameter_count_zero
=== RUN   TestModelPackageCapacityValidationRejectsCorruptedSingleFile/continuous/parameter_count_zero/load
    package_capacity_validation_test.go:130: accepted a package whose capacity report does not match its model
=== RUN   TestModelPackageCapacityValidationRejectsCorruptedSingleFile/continuous/parameter_count_zero/migrate
    package_capacity_validation_test.go:138: accepted a package whose capacity report does not match its model
=== RUN   TestModelPackageCapacityValidationRejectsCorruptedSingleFile/continuous/free_parameter_count_negative
=== RUN   TestModelPackageCapacityValidationRejectsCorruptedSingleFile/continuous/free_parameter_count_negative/load
    package_capacity_validation_test.go:130: accepted a package whose capacity report does not match its model
=== RUN   TestModelPackageCapacityValidationRejectsCorruptedSingleFile/continuous/free_parameter_count_negative/migrate
    package_capacity_validation_test.go:138: accepted a package whose capacity report does not match its model
=== RUN   TestModelPackageCapacityValidationRejectsCorruptedSingleFile/continuous/mult_adds_per_step_changed
=== RUN   TestModelPackageCapacityValidationRejectsCorruptedSingleFile/continuous/mult_adds_per_step_changed/load
    package_capacity_validation_test.go:130: accepted a package whose capacity report does not match its model
=== RUN   TestModelPackageCapacityValidationRejectsCorruptedSingleFile/continuous/mult_adds_per_step_changed/migrate
    package_capacity_validation_test.go:138: accepted a package whose capacity report does not match its model
=== RUN   TestModelPackageCapacityValidationRejectsCorruptedSingleFile/lif
=== RUN   TestModelPackageCapacityValidationRejectsCorruptedSingleFile/lif/nodes_zero
=== RUN   TestModelPackageCapacityValidationRejectsCorruptedSingleFile/lif/nodes_zero/load
    package_capacity_validation_test.go:130: accepted a package whose capacity report does not match its model
=== RUN   TestModelPackageCapacityValidationRejectsCorruptedSingleFile/lif/nodes_zero/migrate
    package_capacity_validation_test.go:138: accepted a package whose capacity report does not match its model
=== RUN   TestModelPackageCapacityValidationRejectsCorruptedSingleFile/lif/edges_negative
=== RUN   TestModelPackageCapacityValidationRejectsCorruptedSingleFile/lif/edges_negative/load
    package_capacity_validation_test.go:130: accepted a package whose capacity report does not match its model
=== RUN   TestModelPackageCapacityValidationRejectsCorruptedSingleFile/lif/edges_negative/migrate
    package_capacity_validation_test.go:138: accepted a package whose capacity report does not match its model
=== RUN   TestModelPackageCapacityValidationRejectsCorruptedSingleFile/lif/state_dimension_changed
=== RUN   TestModelPackageCapacityValidationRejectsCorruptedSingleFile/lif/state_dimension_changed/load
    package_capacity_validation_test.go:130: accepted a package whose capacity report does not match its model
=== RUN   TestModelPackageCapacityValidationRejectsCorruptedSingleFile/lif/state_dimension_changed/migrate
    package_capacity_validation_test.go:138: accepted a package whose capacity report does not match its model
=== RUN   TestModelPackageCapacityValidationRejectsCorruptedSingleFile/lif/parameter_count_zero
=== RUN   TestModelPackageCapacityValidationRejectsCorruptedSingleFile/lif/parameter_count_zero/load
    package_capacity_validation_test.go:130: accepted a package whose capacity report does not match its model
=== RUN   TestModelPackageCapacityValidationRejectsCorruptedSingleFile/lif/parameter_count_zero/migrate
    package_capacity_validation_test.go:138: accepted a package whose capacity report does not match its model
=== RUN   TestModelPackageCapacityValidationRejectsCorruptedSingleFile/lif/free_parameter_count_negative
=== RUN   TestModelPackageCapacityValidationRejectsCorruptedSingleFile/lif/free_parameter_count_negative/load
    package_capacity_validation_test.go:130: accepted a package whose capacity report does not match its model
=== RUN   TestModelPackageCapacityValidationRejectsCorruptedSingleFile/lif/free_parameter_count_negative/migrate
    package_capacity_validation_test.go:138: accepted a package whose capacity report does not match its model
=== RUN   TestModelPackageCapacityValidationRejectsCorruptedSingleFile/lif/mult_adds_per_step_changed
=== RUN   TestModelPackageCapacityValidationRejectsCorruptedSingleFile/lif/mult_adds_per_step_changed/load
    package_capacity_validation_test.go:130: accepted a package whose capacity report does not match its model
=== RUN   TestModelPackageCapacityValidationRejectsCorruptedSingleFile/lif/mult_adds_per_step_changed/migrate
    package_capacity_validation_test.go:138: accepted a package whose capacity report does not match its model
=== RUN   TestModelPackageCapacityValidationRejectsCorruptedSingleFile/vector
=== RUN   TestModelPackageCapacityValidationRejectsCorruptedSingleFile/vector/nodes_zero
=== RUN   TestModelPackageCapacityValidationRejectsCorruptedSingleFile/vector/nodes_zero/load
    package_capacity_validation_test.go:130: accepted a package whose capacity report does not match its model
=== RUN   TestModelPackageCapacityValidationRejectsCorruptedSingleFile/vector/nodes_zero/migrate
    package_capacity_validation_test.go:138: accepted a package whose capacity report does not match its model
=== RUN   TestModelPackageCapacityValidationRejectsCorruptedSingleFile/vector/edges_negative
=== RUN   TestModelPackageCapacityValidationRejectsCorruptedSingleFile/vector/edges_negative/load
    package_capacity_validation_test.go:130: accepted a package whose capacity report does not match its model
=== RUN   TestModelPackageCapacityValidationRejectsCorruptedSingleFile/vector/edges_negative/migrate
    package_capacity_validation_test.go:138: accepted a package whose capacity report does not match its model
=== RUN   TestModelPackageCapacityValidationRejectsCorruptedSingleFile/vector/state_dimension_changed
=== RUN   TestModelPackageCapacityValidationRejectsCorruptedSingleFile/vector/state_dimension_changed/load
    package_capacity_validation_test.go:130: accepted a package whose capacity report does not match its model
=== RUN   TestModelPackageCapacityValidationRejectsCorruptedSingleFile/vector/state_dimension_changed/migrate
    package_capacity_validation_test.go:138: accepted a package whose capacity report does not match its model
=== RUN   TestModelPackageCapacityValidationRejectsCorruptedSingleFile/vector/parameter_count_zero
=== RUN   TestModelPackageCapacityValidationRejectsCorruptedSingleFile/vector/parameter_count_zero/load
    package_capacity_validation_test.go:130: accepted a package whose capacity report does not match its model
=== RUN   TestModelPackageCapacityValidationRejectsCorruptedSingleFile/vector/parameter_count_zero/migrate
    package_capacity_validation_test.go:138: accepted a package whose capacity report does not match its model
=== RUN   TestModelPackageCapacityValidationRejectsCorruptedSingleFile/vector/free_parameter_count_negative
=== RUN   TestModelPackageCapacityValidationRejectsCorruptedSingleFile/vector/free_parameter_count_negative/load
    package_capacity_validation_test.go:130: accepted a package whose capacity report does not match its model
=== RUN   TestModelPackageCapacityValidationRejectsCorruptedSingleFile/vector/free_parameter_count_negative/migrate
    package_capacity_validation_test.go:138: accepted a package whose capacity report does not match its model
=== RUN   TestModelPackageCapacityValidationRejectsCorruptedSingleFile/vector/mult_adds_per_step_changed
=== RUN   TestModelPackageCapacityValidationRejectsCorruptedSingleFile/vector/mult_adds_per_step_changed/load
    package_capacity_validation_test.go:130: accepted a package whose capacity report does not match its model
=== RUN   TestModelPackageCapacityValidationRejectsCorruptedSingleFile/vector/mult_adds_per_step_changed/migrate
    package_capacity_validation_test.go:138: accepted a package whose capacity report does not match its model
--- FAIL: TestModelPackageCapacityValidationRejectsCorruptedSingleFile (0.16s)
    --- FAIL: TestModelPackageCapacityValidationRejectsCorruptedSingleFile/continuous (0.06s)
        --- FAIL: TestModelPackageCapacityValidationRejectsCorruptedSingleFile/continuous/nodes_zero (0.02s)
            --- FAIL: TestModelPackageCapacityValidationRejectsCorruptedSingleFile/continuous/nodes_zero/load (0.00s)
            --- FAIL: TestModelPackageCapacityValidationRejectsCorruptedSingleFile/continuous/nodes_zero/migrate (0.02s)
        --- FAIL: TestModelPackageCapacityValidationRejectsCorruptedSingleFile/continuous/edges_negative (0.01s)
            --- FAIL: TestModelPackageCapacityValidationRejectsCorruptedSingleFile/continuous/edges_negative/load (0.00s)
            --- FAIL: TestModelPackageCapacityValidationRejectsCorruptedSingleFile/continuous/edges_negative/migrate (0.01s)
        --- FAIL: TestModelPackageCapacityValidationRejectsCorruptedSingleFile/continuous/state_dimension_changed (0.01s)
            --- FAIL: TestModelPackageCapacityValidationRejectsCorruptedSingleFile/continuous/state_dimension_changed/load (0.00s)
            --- FAIL: TestModelPackageCapacityValidationRejectsCorruptedSingleFile/continuous/state_dimension_changed/migrate (0.01s)
        --- FAIL: TestModelPackageCapacityValidationRejectsCorruptedSingleFile/continuous/parameter_count_zero (0.01s)
            --- FAIL: TestModelPackageCapacityValidationRejectsCorruptedSingleFile/continuous/parameter_count_zero/load (0.00s)
            --- FAIL: TestModelPackageCapacityValidationRejectsCorruptedSingleFile/continuous/parameter_count_zero/migrate (0.01s)
        --- FAIL: TestModelPackageCapacityValidationRejectsCorruptedSingleFile/continuous/free_parameter_count_negative (0.01s)
            --- FAIL: TestModelPackageCapacityValidationRejectsCorruptedSingleFile/continuous/free_parameter_count_negative/load (0.00s)
            --- FAIL: TestModelPackageCapacityValidationRejectsCorruptedSingleFile/continuous/free_parameter_count_negative/migrate (0.01s)
        --- FAIL: TestModelPackageCapacityValidationRejectsCorruptedSingleFile/continuous/mult_adds_per_step_changed (0.01s)
            --- FAIL: TestModelPackageCapacityValidationRejectsCorruptedSingleFile/continuous/mult_adds_per_step_changed/load (0.00s)
            --- FAIL: TestModelPackageCapacityValidationRejectsCorruptedSingleFile/continuous/mult_adds_per_step_changed/migrate (0.00s)
    --- FAIL: TestModelPackageCapacityValidationRejectsCorruptedSingleFile/lif (0.05s)
        --- FAIL: TestModelPackageCapacityValidationRejectsCorruptedSingleFile/lif/nodes_zero (0.01s)
            --- FAIL: TestModelPackageCapacityValidationRejectsCorruptedSingleFile/lif/nodes_zero/load (0.00s)
            --- FAIL: TestModelPackageCapacityValidationRejectsCorruptedSingleFile/lif/nodes_zero/migrate (0.01s)
        --- FAIL: TestModelPackageCapacityValidationRejectsCorruptedSingleFile/lif/edges_negative (0.01s)
            --- FAIL: TestModelPackageCapacityValidationRejectsCorruptedSingleFile/lif/edges_negative/load (0.00s)
            --- FAIL: TestModelPackageCapacityValidationRejectsCorruptedSingleFile/lif/edges_negative/migrate (0.01s)
        --- FAIL: TestModelPackageCapacityValidationRejectsCorruptedSingleFile/lif/state_dimension_changed (0.01s)
            --- FAIL: TestModelPackageCapacityValidationRejectsCorruptedSingleFile/lif/state_dimension_changed/load (0.00s)
            --- FAIL: TestModelPackageCapacityValidationRejectsCorruptedSingleFile/lif/state_dimension_changed/migrate (0.01s)
        --- FAIL: TestModelPackageCapacityValidationRejectsCorruptedSingleFile/lif/parameter_count_zero (0.01s)
            --- FAIL: TestModelPackageCapacityValidationRejectsCorruptedSingleFile/lif/parameter_count_zero/load (0.00s)
            --- FAIL: TestModelPackageCapacityValidationRejectsCorruptedSingleFile/lif/parameter_count_zero/migrate (0.01s)
        --- FAIL: TestModelPackageCapacityValidationRejectsCorruptedSingleFile/lif/free_parameter_count_negative (0.01s)
            --- FAIL: TestModelPackageCapacityValidationRejectsCorruptedSingleFile/lif/free_parameter_count_negative/load (0.00s)
            --- FAIL: TestModelPackageCapacityValidationRejectsCorruptedSingleFile/lif/free_parameter_count_negative/migrate (0.00s)
        --- FAIL: TestModelPackageCapacityValidationRejectsCorruptedSingleFile/lif/mult_adds_per_step_changed (0.01s)
            --- FAIL: TestModelPackageCapacityValidationRejectsCorruptedSingleFile/lif/mult_adds_per_step_changed/load (0.00s)
            --- FAIL: TestModelPackageCapacityValidationRejectsCorruptedSingleFile/lif/mult_adds_per_step_changed/migrate (0.01s)
    --- FAIL: TestModelPackageCapacityValidationRejectsCorruptedSingleFile/vector (0.05s)
        --- FAIL: TestModelPackageCapacityValidationRejectsCorruptedSingleFile/vector/nodes_zero (0.01s)
            --- FAIL: TestModelPackageCapacityValidationRejectsCorruptedSingleFile/vector/nodes_zero/load (0.00s)
            --- FAIL: TestModelPackageCapacityValidationRejectsCorruptedSingleFile/vector/nodes_zero/migrate (0.01s)
        --- FAIL: TestModelPackageCapacityValidationRejectsCorruptedSingleFile/vector/edges_negative (0.01s)
            --- FAIL: TestModelPackageCapacityValidationRejectsCorruptedSingleFile/vector/edges_negative/load (0.00s)
            --- FAIL: TestModelPackageCapacityValidationRejectsCorruptedSingleFile/vector/edges_negative/migrate (0.01s)
        --- FAIL: TestModelPackageCapacityValidationRejectsCorruptedSingleFile/vector/state_dimension_changed (0.01s)
            --- FAIL: TestModelPackageCapacityValidationRejectsCorruptedSingleFile/vector/state_dimension_changed/load (0.00s)
            --- FAIL: TestModelPackageCapacityValidationRejectsCorruptedSingleFile/vector/state_dimension_changed/migrate (0.01s)
        --- FAIL: TestModelPackageCapacityValidationRejectsCorruptedSingleFile/vector/parameter_count_zero (0.01s)
            --- FAIL: TestModelPackageCapacityValidationRejectsCorruptedSingleFile/vector/parameter_count_zero/load (0.00s)
            --- FAIL: TestModelPackageCapacityValidationRejectsCorruptedSingleFile/vector/parameter_count_zero/migrate (0.01s)
        --- FAIL: TestModelPackageCapacityValidationRejectsCorruptedSingleFile/vector/free_parameter_count_negative (0.01s)
            --- FAIL: TestModelPackageCapacityValidationRejectsCorruptedSingleFile/vector/free_parameter_count_negative/load (0.00s)
            --- FAIL: TestModelPackageCapacityValidationRejectsCorruptedSingleFile/vector/free_parameter_count_negative/migrate (0.01s)
        --- FAIL: TestModelPackageCapacityValidationRejectsCorruptedSingleFile/vector/mult_adds_per_step_changed (0.01s)
            --- FAIL: TestModelPackageCapacityValidationRejectsCorruptedSingleFile/vector/mult_adds_per_step_changed/load (0.00s)
            --- FAIL: TestModelPackageCapacityValidationRejectsCorruptedSingleFile/vector/mult_adds_per_step_changed/migrate (0.01s)
=== RUN   TestModelPackageCapacityValidationRejectsCorruptedOutputs
=== RUN   TestModelPackageCapacityValidationRejectsCorruptedOutputs/continuous
=== RUN   TestModelPackageCapacityValidationRejectsCorruptedOutputs/continuous/save_single
=== RUN   TestModelPackageCapacityValidationRejectsCorruptedOutputs/continuous/save_single/nodes_zero
    package_capacity_validation_test.go:185: accepted a package whose capacity report does not match its model
=== RUN   TestModelPackageCapacityValidationRejectsCorruptedOutputs/continuous/save_single/edges_negative
    package_capacity_validation_test.go:185: accepted a package whose capacity report does not match its model
=== RUN   TestModelPackageCapacityValidationRejectsCorruptedOutputs/continuous/save_single/state_dimension_changed
    package_capacity_validation_test.go:185: accepted a package whose capacity report does not match its model
=== RUN   TestModelPackageCapacityValidationRejectsCorruptedOutputs/continuous/save_single/parameter_count_zero
    package_capacity_validation_test.go:185: accepted a package whose capacity report does not match its model
=== RUN   TestModelPackageCapacityValidationRejectsCorruptedOutputs/continuous/save_single/free_parameter_count_negative
    package_capacity_validation_test.go:185: accepted a package whose capacity report does not match its model
=== RUN   TestModelPackageCapacityValidationRejectsCorruptedOutputs/continuous/save_single/mult_adds_per_step_changed
    package_capacity_validation_test.go:185: accepted a package whose capacity report does not match its model
=== RUN   TestModelPackageCapacityValidationRejectsCorruptedOutputs/continuous/save_bundle
=== RUN   TestModelPackageCapacityValidationRejectsCorruptedOutputs/continuous/save_bundle/nodes_zero
    package_capacity_validation_test.go:193: accepted a package whose capacity report does not match its model
=== RUN   TestModelPackageCapacityValidationRejectsCorruptedOutputs/continuous/save_bundle/edges_negative
    package_capacity_validation_test.go:193: accepted a package whose capacity report does not match its model
=== RUN   TestModelPackageCapacityValidationRejectsCorruptedOutputs/continuous/save_bundle/state_dimension_changed
    package_capacity_validation_test.go:193: accepted a package whose capacity report does not match its model
=== RUN   TestModelPackageCapacityValidationRejectsCorruptedOutputs/continuous/save_bundle/parameter_count_zero
    package_capacity_validation_test.go:193: accepted a package whose capacity report does not match its model
=== RUN   TestModelPackageCapacityValidationRejectsCorruptedOutputs/continuous/save_bundle/free_parameter_count_negative
    package_capacity_validation_test.go:193: accepted a package whose capacity report does not match its model
=== RUN   TestModelPackageCapacityValidationRejectsCorruptedOutputs/continuous/save_bundle/mult_adds_per_step_changed
    package_capacity_validation_test.go:193: accepted a package whose capacity report does not match its model
=== RUN   TestModelPackageCapacityValidationRejectsCorruptedOutputs/continuous/seed_individual
=== RUN   TestModelPackageCapacityValidationRejectsCorruptedOutputs/continuous/seed_individual/nodes_zero
    package_capacity_validation_test.go:200: accepted a package whose capacity report does not match its model
=== RUN   TestModelPackageCapacityValidationRejectsCorruptedOutputs/continuous/seed_individual/edges_negative
    package_capacity_validation_test.go:200: accepted a package whose capacity report does not match its model
=== RUN   TestModelPackageCapacityValidationRejectsCorruptedOutputs/continuous/seed_individual/state_dimension_changed
    package_capacity_validation_test.go:200: accepted a package whose capacity report does not match its model
=== RUN   TestModelPackageCapacityValidationRejectsCorruptedOutputs/continuous/seed_individual/parameter_count_zero
    package_capacity_validation_test.go:200: accepted a package whose capacity report does not match its model
=== RUN   TestModelPackageCapacityValidationRejectsCorruptedOutputs/continuous/seed_individual/free_parameter_count_negative
    package_capacity_validation_test.go:200: accepted a package whose capacity report does not match its model
=== RUN   TestModelPackageCapacityValidationRejectsCorruptedOutputs/continuous/seed_individual/mult_adds_per_step_changed
    package_capacity_validation_test.go:200: accepted a package whose capacity report does not match its model
=== RUN   TestModelPackageCapacityValidationRejectsCorruptedOutputs/continuous/load_forged_bundle
=== RUN   TestModelPackageCapacityValidationRejectsCorruptedOutputs/continuous/load_forged_bundle/nodes_zero
    package_capacity_validation_test.go:212: accepted a package whose capacity report does not match its model
=== RUN   TestModelPackageCapacityValidationRejectsCorruptedOutputs/continuous/load_forged_bundle/edges_negative
    package_capacity_validation_test.go:212: accepted a package whose capacity report does not match its model
=== RUN   TestModelPackageCapacityValidationRejectsCorruptedOutputs/continuous/load_forged_bundle/state_dimension_changed
    package_capacity_validation_test.go:212: accepted a package whose capacity report does not match its model
=== RUN   TestModelPackageCapacityValidationRejectsCorruptedOutputs/continuous/load_forged_bundle/parameter_count_zero
    package_capacity_validation_test.go:212: accepted a package whose capacity report does not match its model
=== RUN   TestModelPackageCapacityValidationRejectsCorruptedOutputs/continuous/load_forged_bundle/free_parameter_count_negative
    package_capacity_validation_test.go:212: accepted a package whose capacity report does not match its model
=== RUN   TestModelPackageCapacityValidationRejectsCorruptedOutputs/continuous/load_forged_bundle/mult_adds_per_step_changed
    package_capacity_validation_test.go:212: accepted a package whose capacity report does not match its model
=== RUN   TestModelPackageCapacityValidationRejectsCorruptedOutputs/lif
=== RUN   TestModelPackageCapacityValidationRejectsCorruptedOutputs/lif/save_single
=== RUN   TestModelPackageCapacityValidationRejectsCorruptedOutputs/lif/save_single/nodes_zero
    package_capacity_validation_test.go:185: accepted a package whose capacity report does not match its model
=== RUN   TestModelPackageCapacityValidationRejectsCorruptedOutputs/lif/save_single/edges_negative
    package_capacity_validation_test.go:185: accepted a package whose capacity report does not match its model
=== RUN   TestModelPackageCapacityValidationRejectsCorruptedOutputs/lif/save_single/state_dimension_changed
    package_capacity_validation_test.go:185: accepted a package whose capacity report does not match its model
=== RUN   TestModelPackageCapacityValidationRejectsCorruptedOutputs/lif/save_single/parameter_count_zero
    package_capacity_validation_test.go:185: accepted a package whose capacity report does not match its model
=== RUN   TestModelPackageCapacityValidationRejectsCorruptedOutputs/lif/save_single/free_parameter_count_negative
    package_capacity_validation_test.go:185: accepted a package whose capacity report does not match its model
=== RUN   TestModelPackageCapacityValidationRejectsCorruptedOutputs/lif/save_single/mult_adds_per_step_changed
    package_capacity_validation_test.go:185: accepted a package whose capacity report does not match its model
=== RUN   TestModelPackageCapacityValidationRejectsCorruptedOutputs/lif/save_bundle
=== RUN   TestModelPackageCapacityValidationRejectsCorruptedOutputs/lif/save_bundle/nodes_zero
    package_capacity_validation_test.go:193: accepted a package whose capacity report does not match its model
=== RUN   TestModelPackageCapacityValidationRejectsCorruptedOutputs/lif/save_bundle/edges_negative
    package_capacity_validation_test.go:193: accepted a package whose capacity report does not match its model
=== RUN   TestModelPackageCapacityValidationRejectsCorruptedOutputs/lif/save_bundle/state_dimension_changed
    package_capacity_validation_test.go:193: accepted a package whose capacity report does not match its model
=== RUN   TestModelPackageCapacityValidationRejectsCorruptedOutputs/lif/save_bundle/parameter_count_zero
    package_capacity_validation_test.go:193: accepted a package whose capacity report does not match its model
=== RUN   TestModelPackageCapacityValidationRejectsCorruptedOutputs/lif/save_bundle/free_parameter_count_negative
    package_capacity_validation_test.go:193: accepted a package whose capacity report does not match its model
=== RUN   TestModelPackageCapacityValidationRejectsCorruptedOutputs/lif/save_bundle/mult_adds_per_step_changed
    package_capacity_validation_test.go:193: accepted a package whose capacity report does not match its model
=== RUN   TestModelPackageCapacityValidationRejectsCorruptedOutputs/lif/seed_individual
=== RUN   TestModelPackageCapacityValidationRejectsCorruptedOutputs/lif/seed_individual/nodes_zero
    package_capacity_validation_test.go:200: accepted a package whose capacity report does not match its model
=== RUN   TestModelPackageCapacityValidationRejectsCorruptedOutputs/lif/seed_individual/edges_negative
    package_capacity_validation_test.go:200: accepted a package whose capacity report does not match its model
=== RUN   TestModelPackageCapacityValidationRejectsCorruptedOutputs/lif/seed_individual/state_dimension_changed
    package_capacity_validation_test.go:200: accepted a package whose capacity report does not match its model
=== RUN   TestModelPackageCapacityValidationRejectsCorruptedOutputs/lif/seed_individual/parameter_count_zero
    package_capacity_validation_test.go:200: accepted a package whose capacity report does not match its model
=== RUN   TestModelPackageCapacityValidationRejectsCorruptedOutputs/lif/seed_individual/free_parameter_count_negative
    package_capacity_validation_test.go:200: accepted a package whose capacity report does not match its model
=== RUN   TestModelPackageCapacityValidationRejectsCorruptedOutputs/lif/seed_individual/mult_adds_per_step_changed
    package_capacity_validation_test.go:200: accepted a package whose capacity report does not match its model
=== RUN   TestModelPackageCapacityValidationRejectsCorruptedOutputs/lif/load_forged_bundle
=== RUN   TestModelPackageCapacityValidationRejectsCorruptedOutputs/lif/load_forged_bundle/nodes_zero
    package_capacity_validation_test.go:212: accepted a package whose capacity report does not match its model
=== RUN   TestModelPackageCapacityValidationRejectsCorruptedOutputs/lif/load_forged_bundle/edges_negative
    package_capacity_validation_test.go:212: accepted a package whose capacity report does not match its model
=== RUN   TestModelPackageCapacityValidationRejectsCorruptedOutputs/lif/load_forged_bundle/state_dimension_changed
    package_capacity_validation_test.go:212: accepted a package whose capacity report does not match its model
=== RUN   TestModelPackageCapacityValidationRejectsCorruptedOutputs/lif/load_forged_bundle/parameter_count_zero
    package_capacity_validation_test.go:212: accepted a package whose capacity report does not match its model
=== RUN   TestModelPackageCapacityValidationRejectsCorruptedOutputs/lif/load_forged_bundle/free_parameter_count_negative
    package_capacity_validation_test.go:212: accepted a package whose capacity report does not match its model
=== RUN   TestModelPackageCapacityValidationRejectsCorruptedOutputs/lif/load_forged_bundle/mult_adds_per_step_changed
    package_capacity_validation_test.go:212: accepted a package whose capacity report does not match its model
=== RUN   TestModelPackageCapacityValidationRejectsCorruptedOutputs/vector
=== RUN   TestModelPackageCapacityValidationRejectsCorruptedOutputs/vector/save_single
=== RUN   TestModelPackageCapacityValidationRejectsCorruptedOutputs/vector/save_single/nodes_zero
    package_capacity_validation_test.go:185: accepted a package whose capacity report does not match its model
=== RUN   TestModelPackageCapacityValidationRejectsCorruptedOutputs/vector/save_single/edges_negative
    package_capacity_validation_test.go:185: accepted a package whose capacity report does not match its model
=== RUN   TestModelPackageCapacityValidationRejectsCorruptedOutputs/vector/save_single/state_dimension_changed
    package_capacity_validation_test.go:185: accepted a package whose capacity report does not match its model
=== RUN   TestModelPackageCapacityValidationRejectsCorruptedOutputs/vector/save_single/parameter_count_zero
    package_capacity_validation_test.go:185: accepted a package whose capacity report does not match its model
=== RUN   TestModelPackageCapacityValidationRejectsCorruptedOutputs/vector/save_single/free_parameter_count_negative
    package_capacity_validation_test.go:185: accepted a package whose capacity report does not match its model
=== RUN   TestModelPackageCapacityValidationRejectsCorruptedOutputs/vector/save_single/mult_adds_per_step_changed
    package_capacity_validation_test.go:185: accepted a package whose capacity report does not match its model
=== RUN   TestModelPackageCapacityValidationRejectsCorruptedOutputs/vector/save_bundle
=== RUN   TestModelPackageCapacityValidationRejectsCorruptedOutputs/vector/save_bundle/nodes_zero
    package_capacity_validation_test.go:193: accepted a package whose capacity report does not match its model
=== RUN   TestModelPackageCapacityValidationRejectsCorruptedOutputs/vector/save_bundle/edges_negative
    package_capacity_validation_test.go:193: accepted a package whose capacity report does not match its model
=== RUN   TestModelPackageCapacityValidationRejectsCorruptedOutputs/vector/save_bundle/state_dimension_changed
    package_capacity_validation_test.go:193: accepted a package whose capacity report does not match its model
=== RUN   TestModelPackageCapacityValidationRejectsCorruptedOutputs/vector/save_bundle/parameter_count_zero
    package_capacity_validation_test.go:193: accepted a package whose capacity report does not match its model
=== RUN   TestModelPackageCapacityValidationRejectsCorruptedOutputs/vector/save_bundle/free_parameter_count_negative
    package_capacity_validation_test.go:193: accepted a package whose capacity report does not match its model
=== RUN   TestModelPackageCapacityValidationRejectsCorruptedOutputs/vector/save_bundle/mult_adds_per_step_changed
    package_capacity_validation_test.go:193: accepted a package whose capacity report does not match its model
=== RUN   TestModelPackageCapacityValidationRejectsCorruptedOutputs/vector/seed_individual
=== RUN   TestModelPackageCapacityValidationRejectsCorruptedOutputs/vector/seed_individual/nodes_zero
    package_capacity_validation_test.go:200: rejection does not mention capacity: vector core persistent state arrives with the next ticket
=== RUN   TestModelPackageCapacityValidationRejectsCorruptedOutputs/vector/seed_individual/edges_negative
    package_capacity_validation_test.go:200: rejection does not mention capacity: vector core persistent state arrives with the next ticket
=== RUN   TestModelPackageCapacityValidationRejectsCorruptedOutputs/vector/seed_individual/state_dimension_changed
    package_capacity_validation_test.go:200: rejection does not mention capacity: vector core persistent state arrives with the next ticket
=== RUN   TestModelPackageCapacityValidationRejectsCorruptedOutputs/vector/seed_individual/parameter_count_zero
    package_capacity_validation_test.go:200: rejection does not mention capacity: vector core persistent state arrives with the next ticket
=== RUN   TestModelPackageCapacityValidationRejectsCorruptedOutputs/vector/seed_individual/free_parameter_count_negative
    package_capacity_validation_test.go:200: rejection does not mention capacity: vector core persistent state arrives with the next ticket
=== RUN   TestModelPackageCapacityValidationRejectsCorruptedOutputs/vector/seed_individual/mult_adds_per_step_changed
    package_capacity_validation_test.go:200: rejection does not mention capacity: vector core persistent state arrives with the next ticket
=== RUN   TestModelPackageCapacityValidationRejectsCorruptedOutputs/vector/load_forged_bundle
=== RUN   TestModelPackageCapacityValidationRejectsCorruptedOutputs/vector/load_forged_bundle/nodes_zero
    package_capacity_validation_test.go:212: accepted a package whose capacity report does not match its model
=== RUN   TestModelPackageCapacityValidationRejectsCorruptedOutputs/vector/load_forged_bundle/edges_negative
    package_capacity_validation_test.go:212: accepted a package whose capacity report does not match its model
=== RUN   TestModelPackageCapacityValidationRejectsCorruptedOutputs/vector/load_forged_bundle/state_dimension_changed
    package_capacity_validation_test.go:212: accepted a package whose capacity report does not match its model
=== RUN   TestModelPackageCapacityValidationRejectsCorruptedOutputs/vector/load_forged_bundle/parameter_count_zero
    package_capacity_validation_test.go:212: accepted a package whose capacity report does not match its model
=== RUN   TestModelPackageCapacityValidationRejectsCorruptedOutputs/vector/load_forged_bundle/free_parameter_count_negative
    package_capacity_validation_test.go:212: accepted a package whose capacity report does not match its model
=== RUN   TestModelPackageCapacityValidationRejectsCorruptedOutputs/vector/load_forged_bundle/mult_adds_per_step_changed
    package_capacity_validation_test.go:212: accepted a package whose capacity report does not match its model
--- FAIL: TestModelPackageCapacityValidationRejectsCorruptedOutputs (0.74s)
    --- FAIL: TestModelPackageCapacityValidationRejectsCorruptedOutputs/continuous (0.23s)
        --- FAIL: TestModelPackageCapacityValidationRejectsCorruptedOutputs/continuous/save_single (0.04s)
            --- FAIL: TestModelPackageCapacityValidationRejectsCorruptedOutputs/continuous/save_single/nodes_zero (0.01s)
            --- FAIL: TestModelPackageCapacityValidationRejectsCorruptedOutputs/continuous/save_single/edges_negative (0.01s)
            --- FAIL: TestModelPackageCapacityValidationRejectsCorruptedOutputs/continuous/save_single/state_dimension_changed (0.01s)
            --- FAIL: TestModelPackageCapacityValidationRejectsCorruptedOutputs/continuous/save_single/parameter_count_zero (0.01s)
            --- FAIL: TestModelPackageCapacityValidationRejectsCorruptedOutputs/continuous/save_single/free_parameter_count_negative (0.01s)
            --- FAIL: TestModelPackageCapacityValidationRejectsCorruptedOutputs/continuous/save_single/mult_adds_per_step_changed (0.01s)
        --- FAIL: TestModelPackageCapacityValidationRejectsCorruptedOutputs/continuous/save_bundle (0.08s)
            --- FAIL: TestModelPackageCapacityValidationRejectsCorruptedOutputs/continuous/save_bundle/nodes_zero (0.01s)
            --- FAIL: TestModelPackageCapacityValidationRejectsCorruptedOutputs/continuous/save_bundle/edges_negative (0.01s)
            --- FAIL: TestModelPackageCapacityValidationRejectsCorruptedOutputs/continuous/save_bundle/state_dimension_changed (0.01s)
            --- FAIL: TestModelPackageCapacityValidationRejectsCorruptedOutputs/continuous/save_bundle/parameter_count_zero (0.01s)
            --- FAIL: TestModelPackageCapacityValidationRejectsCorruptedOutputs/continuous/save_bundle/free_parameter_count_negative (0.01s)
            --- FAIL: TestModelPackageCapacityValidationRejectsCorruptedOutputs/continuous/save_bundle/mult_adds_per_step_changed (0.01s)
        --- FAIL: TestModelPackageCapacityValidationRejectsCorruptedOutputs/continuous/seed_individual (0.00s)
            --- FAIL: TestModelPackageCapacityValidationRejectsCorruptedOutputs/continuous/seed_individual/nodes_zero (0.00s)
            --- FAIL: TestModelPackageCapacityValidationRejectsCorruptedOutputs/continuous/seed_individual/edges_negative (0.00s)
            --- FAIL: TestModelPackageCapacityValidationRejectsCorruptedOutputs/continuous/seed_individual/state_dimension_changed (0.00s)
            --- FAIL: TestModelPackageCapacityValidationRejectsCorruptedOutputs/continuous/seed_individual/parameter_count_zero (0.00s)
            --- FAIL: TestModelPackageCapacityValidationRejectsCorruptedOutputs/continuous/seed_individual/free_parameter_count_negative (0.00s)
            --- FAIL: TestModelPackageCapacityValidationRejectsCorruptedOutputs/continuous/seed_individual/mult_adds_per_step_changed (0.00s)
        --- FAIL: TestModelPackageCapacityValidationRejectsCorruptedOutputs/continuous/load_forged_bundle (0.09s)
            --- FAIL: TestModelPackageCapacityValidationRejectsCorruptedOutputs/continuous/load_forged_bundle/nodes_zero (0.02s)
            --- FAIL: TestModelPackageCapacityValidationRejectsCorruptedOutputs/continuous/load_forged_bundle/edges_negative (0.01s)
            --- FAIL: TestModelPackageCapacityValidationRejectsCorruptedOutputs/continuous/load_forged_bundle/state_dimension_changed (0.01s)
            --- FAIL: TestModelPackageCapacityValidationRejectsCorruptedOutputs/continuous/load_forged_bundle/parameter_count_zero (0.02s)
            --- FAIL: TestModelPackageCapacityValidationRejectsCorruptedOutputs/continuous/load_forged_bundle/free_parameter_count_negative (0.02s)
            --- FAIL: TestModelPackageCapacityValidationRejectsCorruptedOutputs/continuous/load_forged_bundle/mult_adds_per_step_changed (0.01s)
    --- FAIL: TestModelPackageCapacityValidationRejectsCorruptedOutputs/lif (0.25s)
        --- FAIL: TestModelPackageCapacityValidationRejectsCorruptedOutputs/lif/save_single (0.04s)
            --- FAIL: TestModelPackageCapacityValidationRejectsCorruptedOutputs/lif/save_single/nodes_zero (0.01s)
            --- FAIL: TestModelPackageCapacityValidationRejectsCorruptedOutputs/lif/save_single/edges_negative (0.01s)
            --- FAIL: TestModelPackageCapacityValidationRejectsCorruptedOutputs/lif/save_single/state_dimension_changed (0.01s)
            --- FAIL: TestModelPackageCapacityValidationRejectsCorruptedOutputs/lif/save_single/parameter_count_zero (0.01s)
            --- FAIL: TestModelPackageCapacityValidationRejectsCorruptedOutputs/lif/save_single/free_parameter_count_negative (0.01s)
            --- FAIL: TestModelPackageCapacityValidationRejectsCorruptedOutputs/lif/save_single/mult_adds_per_step_changed (0.01s)
        --- FAIL: TestModelPackageCapacityValidationRejectsCorruptedOutputs/lif/save_bundle (0.08s)
            --- FAIL: TestModelPackageCapacityValidationRejectsCorruptedOutputs/lif/save_bundle/nodes_zero (0.01s)
            --- FAIL: TestModelPackageCapacityValidationRejectsCorruptedOutputs/lif/save_bundle/edges_negative (0.01s)
            --- FAIL: TestModelPackageCapacityValidationRejectsCorruptedOutputs/lif/save_bundle/state_dimension_changed (0.01s)
            --- FAIL: TestModelPackageCapacityValidationRejectsCorruptedOutputs/lif/save_bundle/parameter_count_zero (0.01s)
            --- FAIL: TestModelPackageCapacityValidationRejectsCorruptedOutputs/lif/save_bundle/free_parameter_count_negative (0.01s)
            --- FAIL: TestModelPackageCapacityValidationRejectsCorruptedOutputs/lif/save_bundle/mult_adds_per_step_changed (0.01s)
        --- FAIL: TestModelPackageCapacityValidationRejectsCorruptedOutputs/lif/seed_individual (0.00s)
            --- FAIL: TestModelPackageCapacityValidationRejectsCorruptedOutputs/lif/seed_individual/nodes_zero (0.00s)
            --- FAIL: TestModelPackageCapacityValidationRejectsCorruptedOutputs/lif/seed_individual/edges_negative (0.00s)
            --- FAIL: TestModelPackageCapacityValidationRejectsCorruptedOutputs/lif/seed_individual/state_dimension_changed (0.00s)
            --- FAIL: TestModelPackageCapacityValidationRejectsCorruptedOutputs/lif/seed_individual/parameter_count_zero (0.00s)
            --- FAIL: TestModelPackageCapacityValidationRejectsCorruptedOutputs/lif/seed_individual/free_parameter_count_negative (0.00s)
            --- FAIL: TestModelPackageCapacityValidationRejectsCorruptedOutputs/lif/seed_individual/mult_adds_per_step_changed (0.00s)
        --- FAIL: TestModelPackageCapacityValidationRejectsCorruptedOutputs/lif/load_forged_bundle (0.10s)
            --- FAIL: TestModelPackageCapacityValidationRejectsCorruptedOutputs/lif/load_forged_bundle/nodes_zero (0.02s)
            --- FAIL: TestModelPackageCapacityValidationRejectsCorruptedOutputs/lif/load_forged_bundle/edges_negative (0.02s)
            --- FAIL: TestModelPackageCapacityValidationRejectsCorruptedOutputs/lif/load_forged_bundle/state_dimension_changed (0.02s)
            --- FAIL: TestModelPackageCapacityValidationRejectsCorruptedOutputs/lif/load_forged_bundle/parameter_count_zero (0.01s)
            --- FAIL: TestModelPackageCapacityValidationRejectsCorruptedOutputs/lif/load_forged_bundle/free_parameter_count_negative (0.02s)
            --- FAIL: TestModelPackageCapacityValidationRejectsCorruptedOutputs/lif/load_forged_bundle/mult_adds_per_step_changed (0.01s)
    --- FAIL: TestModelPackageCapacityValidationRejectsCorruptedOutputs/vector (0.26s)
        --- FAIL: TestModelPackageCapacityValidationRejectsCorruptedOutputs/vector/save_single (0.05s)
            --- FAIL: TestModelPackageCapacityValidationRejectsCorruptedOutputs/vector/save_single/nodes_zero (0.01s)
            --- FAIL: TestModelPackageCapacityValidationRejectsCorruptedOutputs/vector/save_single/edges_negative (0.01s)
            --- FAIL: TestModelPackageCapacityValidationRejectsCorruptedOutputs/vector/save_single/state_dimension_changed (0.01s)
            --- FAIL: TestModelPackageCapacityValidationRejectsCorruptedOutputs/vector/save_single/parameter_count_zero (0.01s)
            --- FAIL: TestModelPackageCapacityValidationRejectsCorruptedOutputs/vector/save_single/free_parameter_count_negative (0.01s)
            --- FAIL: TestModelPackageCapacityValidationRejectsCorruptedOutputs/vector/save_single/mult_adds_per_step_changed (0.01s)
        --- FAIL: TestModelPackageCapacityValidationRejectsCorruptedOutputs/vector/save_bundle (0.09s)
            --- FAIL: TestModelPackageCapacityValidationRejectsCorruptedOutputs/vector/save_bundle/nodes_zero (0.01s)
            --- FAIL: TestModelPackageCapacityValidationRejectsCorruptedOutputs/vector/save_bundle/edges_negative (0.01s)
            --- FAIL: TestModelPackageCapacityValidationRejectsCorruptedOutputs/vector/save_bundle/state_dimension_changed (0.01s)
            --- FAIL: TestModelPackageCapacityValidationRejectsCorruptedOutputs/vector/save_bundle/parameter_count_zero (0.01s)
            --- FAIL: TestModelPackageCapacityValidationRejectsCorruptedOutputs/vector/save_bundle/free_parameter_count_negative (0.02s)
            --- FAIL: TestModelPackageCapacityValidationRejectsCorruptedOutputs/vector/save_bundle/mult_adds_per_step_changed (0.01s)
        --- FAIL: TestModelPackageCapacityValidationRejectsCorruptedOutputs/vector/seed_individual (0.00s)
            --- FAIL: TestModelPackageCapacityValidationRejectsCorruptedOutputs/vector/seed_individual/nodes_zero (0.00s)
            --- FAIL: TestModelPackageCapacityValidationRejectsCorruptedOutputs/vector/seed_individual/edges_negative (0.00s)
            --- FAIL: TestModelPackageCapacityValidationRejectsCorruptedOutputs/vector/seed_individual/state_dimension_changed (0.00s)
            --- FAIL: TestModelPackageCapacityValidationRejectsCorruptedOutputs/vector/seed_individual/parameter_count_zero (0.00s)
            --- FAIL: TestModelPackageCapacityValidationRejectsCorruptedOutputs/vector/seed_individual/free_parameter_count_negative (0.00s)
            --- FAIL: TestModelPackageCapacityValidationRejectsCorruptedOutputs/vector/seed_individual/mult_adds_per_step_changed (0.00s)
        --- FAIL: TestModelPackageCapacityValidationRejectsCorruptedOutputs/vector/load_forged_bundle (0.10s)
            --- FAIL: TestModelPackageCapacityValidationRejectsCorruptedOutputs/vector/load_forged_bundle/nodes_zero (0.02s)
            --- FAIL: TestModelPackageCapacityValidationRejectsCorruptedOutputs/vector/load_forged_bundle/edges_negative (0.02s)
            --- FAIL: TestModelPackageCapacityValidationRejectsCorruptedOutputs/vector/load_forged_bundle/state_dimension_changed (0.02s)
            --- FAIL: TestModelPackageCapacityValidationRejectsCorruptedOutputs/vector/load_forged_bundle/parameter_count_zero (0.02s)
            --- FAIL: TestModelPackageCapacityValidationRejectsCorruptedOutputs/vector/load_forged_bundle/free_parameter_count_negative (0.02s)
            --- FAIL: TestModelPackageCapacityValidationRejectsCorruptedOutputs/vector/load_forged_bundle/mult_adds_per_step_changed (0.02s)
=== RUN   TestModelPackageCapacityValidationKeepsValidReportsExact
=== RUN   TestModelPackageCapacityValidationKeepsValidReportsExact/continuous
=== RUN   TestModelPackageCapacityValidationKeepsValidReportsExact/lif
=== RUN   TestModelPackageCapacityValidationKeepsValidReportsExact/vector
--- PASS: TestModelPackageCapacityValidationKeepsValidReportsExact (0.10s)
    --- PASS: TestModelPackageCapacityValidationKeepsValidReportsExact/continuous (0.03s)
    --- PASS: TestModelPackageCapacityValidationKeepsValidReportsExact/lif (0.03s)
    --- PASS: TestModelPackageCapacityValidationKeepsValidReportsExact/vector (0.03s)
=== RUN   TestModelPackageCapacityValidationKeepsNilCapacity
    package_capacity_validation_test.go:376: fixture ../evidence/OPS-03/fixture/tiny.coimpkg sha256:d1ffbb9fe06996622d4ddf0b635128f86dddbef6093a09803350455a889caab0
--- PASS: TestModelPackageCapacityValidationKeepsNilCapacity (0.03s)
=== RUN   TestModelPackageCapacityValidationPreservesExistingDestinations
=== RUN   TestModelPackageCapacityValidationPreservesExistingDestinations/continuous
    package_capacity_validation_test.go:401: rejection does not mention capacity: publish checkpoint without overwrite: link /var/folders/1m/qxhd6mg10158sb5ft6bltlwc0000gn/T/TestModelPackageCapacityValidationPreservesExistingDestinations2427054470/001/.existing.json.tmp-3691343332 /var/folders/1m/qxhd6mg10158sb5ft6bltlwc0000gn/T/TestModelPackageCapacityValidationPreservesExistingDestinations2427054470/001/existing.json: file exists
=== RUN   TestModelPackageCapacityValidationPreservesExistingDestinations/lif
    package_capacity_validation_test.go:401: rejection does not mention capacity: publish checkpoint without overwrite: link /var/folders/1m/qxhd6mg10158sb5ft6bltlwc0000gn/T/TestModelPackageCapacityValidationPreservesExistingDestinations4289673235/001/.existing.json.tmp-3517369943 /var/folders/1m/qxhd6mg10158sb5ft6bltlwc0000gn/T/TestModelPackageCapacityValidationPreservesExistingDestinations4289673235/001/existing.json: file exists
=== RUN   TestModelPackageCapacityValidationPreservesExistingDestinations/vector
    package_capacity_validation_test.go:401: rejection does not mention capacity: publish checkpoint without overwrite: link /var/folders/1m/qxhd6mg10158sb5ft6bltlwc0000gn/T/TestModelPackageCapacityValidationPreservesExistingDestinations1587820485/001/.existing.json.tmp-145507365 /var/folders/1m/qxhd6mg10158sb5ft6bltlwc0000gn/T/TestModelPackageCapacityValidationPreservesExistingDestinations1587820485/001/existing.json: file exists
--- FAIL: TestModelPackageCapacityValidationPreservesExistingDestinations (0.02s)
    --- FAIL: TestModelPackageCapacityValidationPreservesExistingDestinations/continuous (0.01s)
    --- FAIL: TestModelPackageCapacityValidationPreservesExistingDestinations/lif (0.01s)
    --- FAIL: TestModelPackageCapacityValidationPreservesExistingDestinations/vector (0.00s)
FAIL
FAIL	github.com/TimLai666/coimnet/checkpoint	1.423s
FAIL
