=== RUN   TestModelPackageCapacityValidationRejectsCorruptedSingleFile
=== RUN   TestModelPackageCapacityValidationRejectsCorruptedSingleFile/continuous
=== RUN   TestModelPackageCapacityValidationRejectsCorruptedSingleFile/continuous/nodes_zero
=== RUN   TestModelPackageCapacityValidationRejectsCorruptedSingleFile/continuous/nodes_zero/load
=== RUN   TestModelPackageCapacityValidationRejectsCorruptedSingleFile/continuous/nodes_zero/migrate
=== RUN   TestModelPackageCapacityValidationRejectsCorruptedSingleFile/continuous/edges_negative
=== RUN   TestModelPackageCapacityValidationRejectsCorruptedSingleFile/continuous/edges_negative/load
=== RUN   TestModelPackageCapacityValidationRejectsCorruptedSingleFile/continuous/edges_negative/migrate
=== RUN   TestModelPackageCapacityValidationRejectsCorruptedSingleFile/continuous/state_dimension_changed
=== RUN   TestModelPackageCapacityValidationRejectsCorruptedSingleFile/continuous/state_dimension_changed/load
=== RUN   TestModelPackageCapacityValidationRejectsCorruptedSingleFile/continuous/state_dimension_changed/migrate
=== RUN   TestModelPackageCapacityValidationRejectsCorruptedSingleFile/continuous/parameter_count_zero
=== RUN   TestModelPackageCapacityValidationRejectsCorruptedSingleFile/continuous/parameter_count_zero/load
=== RUN   TestModelPackageCapacityValidationRejectsCorruptedSingleFile/continuous/parameter_count_zero/migrate
=== RUN   TestModelPackageCapacityValidationRejectsCorruptedSingleFile/continuous/free_parameter_count_negative
=== RUN   TestModelPackageCapacityValidationRejectsCorruptedSingleFile/continuous/free_parameter_count_negative/load
=== RUN   TestModelPackageCapacityValidationRejectsCorruptedSingleFile/continuous/free_parameter_count_negative/migrate
=== RUN   TestModelPackageCapacityValidationRejectsCorruptedSingleFile/continuous/mult_adds_per_step_changed
=== RUN   TestModelPackageCapacityValidationRejectsCorruptedSingleFile/continuous/mult_adds_per_step_changed/load
=== RUN   TestModelPackageCapacityValidationRejectsCorruptedSingleFile/continuous/mult_adds_per_step_changed/migrate
=== RUN   TestModelPackageCapacityValidationRejectsCorruptedSingleFile/lif
=== RUN   TestModelPackageCapacityValidationRejectsCorruptedSingleFile/lif/nodes_zero
=== RUN   TestModelPackageCapacityValidationRejectsCorruptedSingleFile/lif/nodes_zero/load
=== RUN   TestModelPackageCapacityValidationRejectsCorruptedSingleFile/lif/nodes_zero/migrate
=== RUN   TestModelPackageCapacityValidationRejectsCorruptedSingleFile/lif/edges_negative
=== RUN   TestModelPackageCapacityValidationRejectsCorruptedSingleFile/lif/edges_negative/load
=== RUN   TestModelPackageCapacityValidationRejectsCorruptedSingleFile/lif/edges_negative/migrate
=== RUN   TestModelPackageCapacityValidationRejectsCorruptedSingleFile/lif/state_dimension_changed
=== RUN   TestModelPackageCapacityValidationRejectsCorruptedSingleFile/lif/state_dimension_changed/load
=== RUN   TestModelPackageCapacityValidationRejectsCorruptedSingleFile/lif/state_dimension_changed/migrate
=== RUN   TestModelPackageCapacityValidationRejectsCorruptedSingleFile/lif/parameter_count_zero
=== RUN   TestModelPackageCapacityValidationRejectsCorruptedSingleFile/lif/parameter_count_zero/load
=== RUN   TestModelPackageCapacityValidationRejectsCorruptedSingleFile/lif/parameter_count_zero/migrate
=== RUN   TestModelPackageCapacityValidationRejectsCorruptedSingleFile/lif/free_parameter_count_negative
=== RUN   TestModelPackageCapacityValidationRejectsCorruptedSingleFile/lif/free_parameter_count_negative/load
=== RUN   TestModelPackageCapacityValidationRejectsCorruptedSingleFile/lif/free_parameter_count_negative/migrate
=== RUN   TestModelPackageCapacityValidationRejectsCorruptedSingleFile/lif/mult_adds_per_step_changed
=== RUN   TestModelPackageCapacityValidationRejectsCorruptedSingleFile/lif/mult_adds_per_step_changed/load
=== RUN   TestModelPackageCapacityValidationRejectsCorruptedSingleFile/lif/mult_adds_per_step_changed/migrate
=== RUN   TestModelPackageCapacityValidationRejectsCorruptedSingleFile/vector
=== RUN   TestModelPackageCapacityValidationRejectsCorruptedSingleFile/vector/nodes_zero
=== RUN   TestModelPackageCapacityValidationRejectsCorruptedSingleFile/vector/nodes_zero/load
=== RUN   TestModelPackageCapacityValidationRejectsCorruptedSingleFile/vector/nodes_zero/migrate
=== RUN   TestModelPackageCapacityValidationRejectsCorruptedSingleFile/vector/edges_negative
=== RUN   TestModelPackageCapacityValidationRejectsCorruptedSingleFile/vector/edges_negative/load
=== RUN   TestModelPackageCapacityValidationRejectsCorruptedSingleFile/vector/edges_negative/migrate
=== RUN   TestModelPackageCapacityValidationRejectsCorruptedSingleFile/vector/state_dimension_changed
=== RUN   TestModelPackageCapacityValidationRejectsCorruptedSingleFile/vector/state_dimension_changed/load
=== RUN   TestModelPackageCapacityValidationRejectsCorruptedSingleFile/vector/state_dimension_changed/migrate
=== RUN   TestModelPackageCapacityValidationRejectsCorruptedSingleFile/vector/parameter_count_zero
=== RUN   TestModelPackageCapacityValidationRejectsCorruptedSingleFile/vector/parameter_count_zero/load
=== RUN   TestModelPackageCapacityValidationRejectsCorruptedSingleFile/vector/parameter_count_zero/migrate
=== RUN   TestModelPackageCapacityValidationRejectsCorruptedSingleFile/vector/free_parameter_count_negative
=== RUN   TestModelPackageCapacityValidationRejectsCorruptedSingleFile/vector/free_parameter_count_negative/load
=== RUN   TestModelPackageCapacityValidationRejectsCorruptedSingleFile/vector/free_parameter_count_negative/migrate
=== RUN   TestModelPackageCapacityValidationRejectsCorruptedSingleFile/vector/mult_adds_per_step_changed
=== RUN   TestModelPackageCapacityValidationRejectsCorruptedSingleFile/vector/mult_adds_per_step_changed/load
=== RUN   TestModelPackageCapacityValidationRejectsCorruptedSingleFile/vector/mult_adds_per_step_changed/migrate
--- PASS: TestModelPackageCapacityValidationRejectsCorruptedSingleFile (0.01s)
    --- PASS: TestModelPackageCapacityValidationRejectsCorruptedSingleFile/continuous (0.00s)
        --- PASS: TestModelPackageCapacityValidationRejectsCorruptedSingleFile/continuous/nodes_zero (0.00s)
            --- PASS: TestModelPackageCapacityValidationRejectsCorruptedSingleFile/continuous/nodes_zero/load (0.00s)
            --- PASS: TestModelPackageCapacityValidationRejectsCorruptedSingleFile/continuous/nodes_zero/migrate (0.00s)
        --- PASS: TestModelPackageCapacityValidationRejectsCorruptedSingleFile/continuous/edges_negative (0.00s)
            --- PASS: TestModelPackageCapacityValidationRejectsCorruptedSingleFile/continuous/edges_negative/load (0.00s)
            --- PASS: TestModelPackageCapacityValidationRejectsCorruptedSingleFile/continuous/edges_negative/migrate (0.00s)
        --- PASS: TestModelPackageCapacityValidationRejectsCorruptedSingleFile/continuous/state_dimension_changed (0.00s)
            --- PASS: TestModelPackageCapacityValidationRejectsCorruptedSingleFile/continuous/state_dimension_changed/load (0.00s)
            --- PASS: TestModelPackageCapacityValidationRejectsCorruptedSingleFile/continuous/state_dimension_changed/migrate (0.00s)
        --- PASS: TestModelPackageCapacityValidationRejectsCorruptedSingleFile/continuous/parameter_count_zero (0.00s)
            --- PASS: TestModelPackageCapacityValidationRejectsCorruptedSingleFile/continuous/parameter_count_zero/load (0.00s)
            --- PASS: TestModelPackageCapacityValidationRejectsCorruptedSingleFile/continuous/parameter_count_zero/migrate (0.00s)
        --- PASS: TestModelPackageCapacityValidationRejectsCorruptedSingleFile/continuous/free_parameter_count_negative (0.00s)
            --- PASS: TestModelPackageCapacityValidationRejectsCorruptedSingleFile/continuous/free_parameter_count_negative/load (0.00s)
            --- PASS: TestModelPackageCapacityValidationRejectsCorruptedSingleFile/continuous/free_parameter_count_negative/migrate (0.00s)
        --- PASS: TestModelPackageCapacityValidationRejectsCorruptedSingleFile/continuous/mult_adds_per_step_changed (0.00s)
            --- PASS: TestModelPackageCapacityValidationRejectsCorruptedSingleFile/continuous/mult_adds_per_step_changed/load (0.00s)
            --- PASS: TestModelPackageCapacityValidationRejectsCorruptedSingleFile/continuous/mult_adds_per_step_changed/migrate (0.00s)
    --- PASS: TestModelPackageCapacityValidationRejectsCorruptedSingleFile/lif (0.00s)
        --- PASS: TestModelPackageCapacityValidationRejectsCorruptedSingleFile/lif/nodes_zero (0.00s)
            --- PASS: TestModelPackageCapacityValidationRejectsCorruptedSingleFile/lif/nodes_zero/load (0.00s)
            --- PASS: TestModelPackageCapacityValidationRejectsCorruptedSingleFile/lif/nodes_zero/migrate (0.00s)
        --- PASS: TestModelPackageCapacityValidationRejectsCorruptedSingleFile/lif/edges_negative (0.00s)
            --- PASS: TestModelPackageCapacityValidationRejectsCorruptedSingleFile/lif/edges_negative/load (0.00s)
            --- PASS: TestModelPackageCapacityValidationRejectsCorruptedSingleFile/lif/edges_negative/migrate (0.00s)
        --- PASS: TestModelPackageCapacityValidationRejectsCorruptedSingleFile/lif/state_dimension_changed (0.00s)
            --- PASS: TestModelPackageCapacityValidationRejectsCorruptedSingleFile/lif/state_dimension_changed/load (0.00s)
            --- PASS: TestModelPackageCapacityValidationRejectsCorruptedSingleFile/lif/state_dimension_changed/migrate (0.00s)
        --- PASS: TestModelPackageCapacityValidationRejectsCorruptedSingleFile/lif/parameter_count_zero (0.00s)
            --- PASS: TestModelPackageCapacityValidationRejectsCorruptedSingleFile/lif/parameter_count_zero/load (0.00s)
            --- PASS: TestModelPackageCapacityValidationRejectsCorruptedSingleFile/lif/parameter_count_zero/migrate (0.00s)
        --- PASS: TestModelPackageCapacityValidationRejectsCorruptedSingleFile/lif/free_parameter_count_negative (0.00s)
            --- PASS: TestModelPackageCapacityValidationRejectsCorruptedSingleFile/lif/free_parameter_count_negative/load (0.00s)
            --- PASS: TestModelPackageCapacityValidationRejectsCorruptedSingleFile/lif/free_parameter_count_negative/migrate (0.00s)
        --- PASS: TestModelPackageCapacityValidationRejectsCorruptedSingleFile/lif/mult_adds_per_step_changed (0.00s)
            --- PASS: TestModelPackageCapacityValidationRejectsCorruptedSingleFile/lif/mult_adds_per_step_changed/load (0.00s)
            --- PASS: TestModelPackageCapacityValidationRejectsCorruptedSingleFile/lif/mult_adds_per_step_changed/migrate (0.00s)
    --- PASS: TestModelPackageCapacityValidationRejectsCorruptedSingleFile/vector (0.00s)
        --- PASS: TestModelPackageCapacityValidationRejectsCorruptedSingleFile/vector/nodes_zero (0.00s)
            --- PASS: TestModelPackageCapacityValidationRejectsCorruptedSingleFile/vector/nodes_zero/load (0.00s)
            --- PASS: TestModelPackageCapacityValidationRejectsCorruptedSingleFile/vector/nodes_zero/migrate (0.00s)
        --- PASS: TestModelPackageCapacityValidationRejectsCorruptedSingleFile/vector/edges_negative (0.00s)
            --- PASS: TestModelPackageCapacityValidationRejectsCorruptedSingleFile/vector/edges_negative/load (0.00s)
            --- PASS: TestModelPackageCapacityValidationRejectsCorruptedSingleFile/vector/edges_negative/migrate (0.00s)
        --- PASS: TestModelPackageCapacityValidationRejectsCorruptedSingleFile/vector/state_dimension_changed (0.00s)
            --- PASS: TestModelPackageCapacityValidationRejectsCorruptedSingleFile/vector/state_dimension_changed/load (0.00s)
            --- PASS: TestModelPackageCapacityValidationRejectsCorruptedSingleFile/vector/state_dimension_changed/migrate (0.00s)
        --- PASS: TestModelPackageCapacityValidationRejectsCorruptedSingleFile/vector/parameter_count_zero (0.00s)
            --- PASS: TestModelPackageCapacityValidationRejectsCorruptedSingleFile/vector/parameter_count_zero/load (0.00s)
            --- PASS: TestModelPackageCapacityValidationRejectsCorruptedSingleFile/vector/parameter_count_zero/migrate (0.00s)
        --- PASS: TestModelPackageCapacityValidationRejectsCorruptedSingleFile/vector/free_parameter_count_negative (0.00s)
            --- PASS: TestModelPackageCapacityValidationRejectsCorruptedSingleFile/vector/free_parameter_count_negative/load (0.00s)
            --- PASS: TestModelPackageCapacityValidationRejectsCorruptedSingleFile/vector/free_parameter_count_negative/migrate (0.00s)
        --- PASS: TestModelPackageCapacityValidationRejectsCorruptedSingleFile/vector/mult_adds_per_step_changed (0.00s)
            --- PASS: TestModelPackageCapacityValidationRejectsCorruptedSingleFile/vector/mult_adds_per_step_changed/load (0.00s)
            --- PASS: TestModelPackageCapacityValidationRejectsCorruptedSingleFile/vector/mult_adds_per_step_changed/migrate (0.00s)
=== RUN   TestModelPackageCapacityValidationRejectsCorruptedOutputs
=== RUN   TestModelPackageCapacityValidationRejectsCorruptedOutputs/continuous
=== RUN   TestModelPackageCapacityValidationRejectsCorruptedOutputs/continuous/save_single
=== RUN   TestModelPackageCapacityValidationRejectsCorruptedOutputs/continuous/save_single/nodes_zero
=== RUN   TestModelPackageCapacityValidationRejectsCorruptedOutputs/continuous/save_single/edges_negative
=== RUN   TestModelPackageCapacityValidationRejectsCorruptedOutputs/continuous/save_single/state_dimension_changed
=== RUN   TestModelPackageCapacityValidationRejectsCorruptedOutputs/continuous/save_single/parameter_count_zero
=== RUN   TestModelPackageCapacityValidationRejectsCorruptedOutputs/continuous/save_single/free_parameter_count_negative
=== RUN   TestModelPackageCapacityValidationRejectsCorruptedOutputs/continuous/save_single/mult_adds_per_step_changed
=== RUN   TestModelPackageCapacityValidationRejectsCorruptedOutputs/continuous/save_bundle
=== RUN   TestModelPackageCapacityValidationRejectsCorruptedOutputs/continuous/save_bundle/nodes_zero
=== RUN   TestModelPackageCapacityValidationRejectsCorruptedOutputs/continuous/save_bundle/edges_negative
=== RUN   TestModelPackageCapacityValidationRejectsCorruptedOutputs/continuous/save_bundle/state_dimension_changed
=== RUN   TestModelPackageCapacityValidationRejectsCorruptedOutputs/continuous/save_bundle/parameter_count_zero
=== RUN   TestModelPackageCapacityValidationRejectsCorruptedOutputs/continuous/save_bundle/free_parameter_count_negative
=== RUN   TestModelPackageCapacityValidationRejectsCorruptedOutputs/continuous/save_bundle/mult_adds_per_step_changed
=== RUN   TestModelPackageCapacityValidationRejectsCorruptedOutputs/continuous/seed_individual
=== RUN   TestModelPackageCapacityValidationRejectsCorruptedOutputs/continuous/seed_individual/nodes_zero
=== RUN   TestModelPackageCapacityValidationRejectsCorruptedOutputs/continuous/seed_individual/edges_negative
=== RUN   TestModelPackageCapacityValidationRejectsCorruptedOutputs/continuous/seed_individual/state_dimension_changed
=== RUN   TestModelPackageCapacityValidationRejectsCorruptedOutputs/continuous/seed_individual/parameter_count_zero
=== RUN   TestModelPackageCapacityValidationRejectsCorruptedOutputs/continuous/seed_individual/free_parameter_count_negative
=== RUN   TestModelPackageCapacityValidationRejectsCorruptedOutputs/continuous/seed_individual/mult_adds_per_step_changed
=== RUN   TestModelPackageCapacityValidationRejectsCorruptedOutputs/continuous/load_forged_bundle
=== RUN   TestModelPackageCapacityValidationRejectsCorruptedOutputs/continuous/load_forged_bundle/nodes_zero
=== RUN   TestModelPackageCapacityValidationRejectsCorruptedOutputs/continuous/load_forged_bundle/edges_negative
=== RUN   TestModelPackageCapacityValidationRejectsCorruptedOutputs/continuous/load_forged_bundle/state_dimension_changed
=== RUN   TestModelPackageCapacityValidationRejectsCorruptedOutputs/continuous/load_forged_bundle/parameter_count_zero
=== RUN   TestModelPackageCapacityValidationRejectsCorruptedOutputs/continuous/load_forged_bundle/free_parameter_count_negative
=== RUN   TestModelPackageCapacityValidationRejectsCorruptedOutputs/continuous/load_forged_bundle/mult_adds_per_step_changed
=== RUN   TestModelPackageCapacityValidationRejectsCorruptedOutputs/lif
=== RUN   TestModelPackageCapacityValidationRejectsCorruptedOutputs/lif/save_single
=== RUN   TestModelPackageCapacityValidationRejectsCorruptedOutputs/lif/save_single/nodes_zero
=== RUN   TestModelPackageCapacityValidationRejectsCorruptedOutputs/lif/save_single/edges_negative
=== RUN   TestModelPackageCapacityValidationRejectsCorruptedOutputs/lif/save_single/state_dimension_changed
=== RUN   TestModelPackageCapacityValidationRejectsCorruptedOutputs/lif/save_single/parameter_count_zero
=== RUN   TestModelPackageCapacityValidationRejectsCorruptedOutputs/lif/save_single/free_parameter_count_negative
=== RUN   TestModelPackageCapacityValidationRejectsCorruptedOutputs/lif/save_single/mult_adds_per_step_changed
=== RUN   TestModelPackageCapacityValidationRejectsCorruptedOutputs/lif/save_bundle
=== RUN   TestModelPackageCapacityValidationRejectsCorruptedOutputs/lif/save_bundle/nodes_zero
=== RUN   TestModelPackageCapacityValidationRejectsCorruptedOutputs/lif/save_bundle/edges_negative
=== RUN   TestModelPackageCapacityValidationRejectsCorruptedOutputs/lif/save_bundle/state_dimension_changed
=== RUN   TestModelPackageCapacityValidationRejectsCorruptedOutputs/lif/save_bundle/parameter_count_zero
=== RUN   TestModelPackageCapacityValidationRejectsCorruptedOutputs/lif/save_bundle/free_parameter_count_negative
=== RUN   TestModelPackageCapacityValidationRejectsCorruptedOutputs/lif/save_bundle/mult_adds_per_step_changed
=== RUN   TestModelPackageCapacityValidationRejectsCorruptedOutputs/lif/seed_individual
=== RUN   TestModelPackageCapacityValidationRejectsCorruptedOutputs/lif/seed_individual/nodes_zero
=== RUN   TestModelPackageCapacityValidationRejectsCorruptedOutputs/lif/seed_individual/edges_negative
=== RUN   TestModelPackageCapacityValidationRejectsCorruptedOutputs/lif/seed_individual/state_dimension_changed
=== RUN   TestModelPackageCapacityValidationRejectsCorruptedOutputs/lif/seed_individual/parameter_count_zero
=== RUN   TestModelPackageCapacityValidationRejectsCorruptedOutputs/lif/seed_individual/free_parameter_count_negative
=== RUN   TestModelPackageCapacityValidationRejectsCorruptedOutputs/lif/seed_individual/mult_adds_per_step_changed
=== RUN   TestModelPackageCapacityValidationRejectsCorruptedOutputs/lif/load_forged_bundle
=== RUN   TestModelPackageCapacityValidationRejectsCorruptedOutputs/lif/load_forged_bundle/nodes_zero
=== RUN   TestModelPackageCapacityValidationRejectsCorruptedOutputs/lif/load_forged_bundle/edges_negative
=== RUN   TestModelPackageCapacityValidationRejectsCorruptedOutputs/lif/load_forged_bundle/state_dimension_changed
=== RUN   TestModelPackageCapacityValidationRejectsCorruptedOutputs/lif/load_forged_bundle/parameter_count_zero
=== RUN   TestModelPackageCapacityValidationRejectsCorruptedOutputs/lif/load_forged_bundle/free_parameter_count_negative
=== RUN   TestModelPackageCapacityValidationRejectsCorruptedOutputs/lif/load_forged_bundle/mult_adds_per_step_changed
=== RUN   TestModelPackageCapacityValidationRejectsCorruptedOutputs/vector
=== RUN   TestModelPackageCapacityValidationRejectsCorruptedOutputs/vector/save_single
=== RUN   TestModelPackageCapacityValidationRejectsCorruptedOutputs/vector/save_single/nodes_zero
=== RUN   TestModelPackageCapacityValidationRejectsCorruptedOutputs/vector/save_single/edges_negative
=== RUN   TestModelPackageCapacityValidationRejectsCorruptedOutputs/vector/save_single/state_dimension_changed
=== RUN   TestModelPackageCapacityValidationRejectsCorruptedOutputs/vector/save_single/parameter_count_zero
=== RUN   TestModelPackageCapacityValidationRejectsCorruptedOutputs/vector/save_single/free_parameter_count_negative
=== RUN   TestModelPackageCapacityValidationRejectsCorruptedOutputs/vector/save_single/mult_adds_per_step_changed
=== RUN   TestModelPackageCapacityValidationRejectsCorruptedOutputs/vector/save_bundle
=== RUN   TestModelPackageCapacityValidationRejectsCorruptedOutputs/vector/save_bundle/nodes_zero
=== RUN   TestModelPackageCapacityValidationRejectsCorruptedOutputs/vector/save_bundle/edges_negative
=== RUN   TestModelPackageCapacityValidationRejectsCorruptedOutputs/vector/save_bundle/state_dimension_changed
=== RUN   TestModelPackageCapacityValidationRejectsCorruptedOutputs/vector/save_bundle/parameter_count_zero
=== RUN   TestModelPackageCapacityValidationRejectsCorruptedOutputs/vector/save_bundle/free_parameter_count_negative
=== RUN   TestModelPackageCapacityValidationRejectsCorruptedOutputs/vector/save_bundle/mult_adds_per_step_changed
=== RUN   TestModelPackageCapacityValidationRejectsCorruptedOutputs/vector/seed_individual
=== RUN   TestModelPackageCapacityValidationRejectsCorruptedOutputs/vector/seed_individual/nodes_zero
=== RUN   TestModelPackageCapacityValidationRejectsCorruptedOutputs/vector/seed_individual/edges_negative
=== RUN   TestModelPackageCapacityValidationRejectsCorruptedOutputs/vector/seed_individual/state_dimension_changed
=== RUN   TestModelPackageCapacityValidationRejectsCorruptedOutputs/vector/seed_individual/parameter_count_zero
=== RUN   TestModelPackageCapacityValidationRejectsCorruptedOutputs/vector/seed_individual/free_parameter_count_negative
=== RUN   TestModelPackageCapacityValidationRejectsCorruptedOutputs/vector/seed_individual/mult_adds_per_step_changed
=== RUN   TestModelPackageCapacityValidationRejectsCorruptedOutputs/vector/load_forged_bundle
=== RUN   TestModelPackageCapacityValidationRejectsCorruptedOutputs/vector/load_forged_bundle/nodes_zero
=== RUN   TestModelPackageCapacityValidationRejectsCorruptedOutputs/vector/load_forged_bundle/edges_negative
=== RUN   TestModelPackageCapacityValidationRejectsCorruptedOutputs/vector/load_forged_bundle/state_dimension_changed
=== RUN   TestModelPackageCapacityValidationRejectsCorruptedOutputs/vector/load_forged_bundle/parameter_count_zero
=== RUN   TestModelPackageCapacityValidationRejectsCorruptedOutputs/vector/load_forged_bundle/free_parameter_count_negative
=== RUN   TestModelPackageCapacityValidationRejectsCorruptedOutputs/vector/load_forged_bundle/mult_adds_per_step_changed
--- PASS: TestModelPackageCapacityValidationRejectsCorruptedOutputs (0.28s)
    --- PASS: TestModelPackageCapacityValidationRejectsCorruptedOutputs/continuous (0.11s)
        --- PASS: TestModelPackageCapacityValidationRejectsCorruptedOutputs/continuous/save_single (0.00s)
            --- PASS: TestModelPackageCapacityValidationRejectsCorruptedOutputs/continuous/save_single/nodes_zero (0.00s)
            --- PASS: TestModelPackageCapacityValidationRejectsCorruptedOutputs/continuous/save_single/edges_negative (0.00s)
            --- PASS: TestModelPackageCapacityValidationRejectsCorruptedOutputs/continuous/save_single/state_dimension_changed (0.00s)
            --- PASS: TestModelPackageCapacityValidationRejectsCorruptedOutputs/continuous/save_single/parameter_count_zero (0.00s)
            --- PASS: TestModelPackageCapacityValidationRejectsCorruptedOutputs/continuous/save_single/free_parameter_count_negative (0.00s)
            --- PASS: TestModelPackageCapacityValidationRejectsCorruptedOutputs/continuous/save_single/mult_adds_per_step_changed (0.00s)
        --- PASS: TestModelPackageCapacityValidationRejectsCorruptedOutputs/continuous/save_bundle (0.00s)
            --- PASS: TestModelPackageCapacityValidationRejectsCorruptedOutputs/continuous/save_bundle/nodes_zero (0.00s)
            --- PASS: TestModelPackageCapacityValidationRejectsCorruptedOutputs/continuous/save_bundle/edges_negative (0.00s)
            --- PASS: TestModelPackageCapacityValidationRejectsCorruptedOutputs/continuous/save_bundle/state_dimension_changed (0.00s)
            --- PASS: TestModelPackageCapacityValidationRejectsCorruptedOutputs/continuous/save_bundle/parameter_count_zero (0.00s)
            --- PASS: TestModelPackageCapacityValidationRejectsCorruptedOutputs/continuous/save_bundle/free_parameter_count_negative (0.00s)
            --- PASS: TestModelPackageCapacityValidationRejectsCorruptedOutputs/continuous/save_bundle/mult_adds_per_step_changed (0.00s)
        --- PASS: TestModelPackageCapacityValidationRejectsCorruptedOutputs/continuous/seed_individual (0.00s)
            --- PASS: TestModelPackageCapacityValidationRejectsCorruptedOutputs/continuous/seed_individual/nodes_zero (0.00s)
            --- PASS: TestModelPackageCapacityValidationRejectsCorruptedOutputs/continuous/seed_individual/edges_negative (0.00s)
            --- PASS: TestModelPackageCapacityValidationRejectsCorruptedOutputs/continuous/seed_individual/state_dimension_changed (0.00s)
            --- PASS: TestModelPackageCapacityValidationRejectsCorruptedOutputs/continuous/seed_individual/parameter_count_zero (0.00s)
            --- PASS: TestModelPackageCapacityValidationRejectsCorruptedOutputs/continuous/seed_individual/free_parameter_count_negative (0.00s)
            --- PASS: TestModelPackageCapacityValidationRejectsCorruptedOutputs/continuous/seed_individual/mult_adds_per_step_changed (0.00s)
        --- PASS: TestModelPackageCapacityValidationRejectsCorruptedOutputs/continuous/load_forged_bundle (0.08s)
            --- PASS: TestModelPackageCapacityValidationRejectsCorruptedOutputs/continuous/load_forged_bundle/nodes_zero (0.01s)
            --- PASS: TestModelPackageCapacityValidationRejectsCorruptedOutputs/continuous/load_forged_bundle/edges_negative (0.01s)
            --- PASS: TestModelPackageCapacityValidationRejectsCorruptedOutputs/continuous/load_forged_bundle/state_dimension_changed (0.01s)
            --- PASS: TestModelPackageCapacityValidationRejectsCorruptedOutputs/continuous/load_forged_bundle/parameter_count_zero (0.01s)
            --- PASS: TestModelPackageCapacityValidationRejectsCorruptedOutputs/continuous/load_forged_bundle/free_parameter_count_negative (0.01s)
            --- PASS: TestModelPackageCapacityValidationRejectsCorruptedOutputs/continuous/load_forged_bundle/mult_adds_per_step_changed (0.01s)
    --- PASS: TestModelPackageCapacityValidationRejectsCorruptedOutputs/lif (0.10s)
        --- PASS: TestModelPackageCapacityValidationRejectsCorruptedOutputs/lif/save_single (0.00s)
            --- PASS: TestModelPackageCapacityValidationRejectsCorruptedOutputs/lif/save_single/nodes_zero (0.00s)
            --- PASS: TestModelPackageCapacityValidationRejectsCorruptedOutputs/lif/save_single/edges_negative (0.00s)
            --- PASS: TestModelPackageCapacityValidationRejectsCorruptedOutputs/lif/save_single/state_dimension_changed (0.00s)
            --- PASS: TestModelPackageCapacityValidationRejectsCorruptedOutputs/lif/save_single/parameter_count_zero (0.00s)
            --- PASS: TestModelPackageCapacityValidationRejectsCorruptedOutputs/lif/save_single/free_parameter_count_negative (0.00s)
            --- PASS: TestModelPackageCapacityValidationRejectsCorruptedOutputs/lif/save_single/mult_adds_per_step_changed (0.00s)
        --- PASS: TestModelPackageCapacityValidationRejectsCorruptedOutputs/lif/save_bundle (0.00s)
            --- PASS: TestModelPackageCapacityValidationRejectsCorruptedOutputs/lif/save_bundle/nodes_zero (0.00s)
            --- PASS: TestModelPackageCapacityValidationRejectsCorruptedOutputs/lif/save_bundle/edges_negative (0.00s)
            --- PASS: TestModelPackageCapacityValidationRejectsCorruptedOutputs/lif/save_bundle/state_dimension_changed (0.00s)
            --- PASS: TestModelPackageCapacityValidationRejectsCorruptedOutputs/lif/save_bundle/parameter_count_zero (0.00s)
            --- PASS: TestModelPackageCapacityValidationRejectsCorruptedOutputs/lif/save_bundle/free_parameter_count_negative (0.00s)
            --- PASS: TestModelPackageCapacityValidationRejectsCorruptedOutputs/lif/save_bundle/mult_adds_per_step_changed (0.00s)
        --- PASS: TestModelPackageCapacityValidationRejectsCorruptedOutputs/lif/seed_individual (0.00s)
            --- PASS: TestModelPackageCapacityValidationRejectsCorruptedOutputs/lif/seed_individual/nodes_zero (0.00s)
            --- PASS: TestModelPackageCapacityValidationRejectsCorruptedOutputs/lif/seed_individual/edges_negative (0.00s)
            --- PASS: TestModelPackageCapacityValidationRejectsCorruptedOutputs/lif/seed_individual/state_dimension_changed (0.00s)
            --- PASS: TestModelPackageCapacityValidationRejectsCorruptedOutputs/lif/seed_individual/parameter_count_zero (0.00s)
            --- PASS: TestModelPackageCapacityValidationRejectsCorruptedOutputs/lif/seed_individual/free_parameter_count_negative (0.00s)
            --- PASS: TestModelPackageCapacityValidationRejectsCorruptedOutputs/lif/seed_individual/mult_adds_per_step_changed (0.00s)
        --- PASS: TestModelPackageCapacityValidationRejectsCorruptedOutputs/lif/load_forged_bundle (0.08s)
            --- PASS: TestModelPackageCapacityValidationRejectsCorruptedOutputs/lif/load_forged_bundle/nodes_zero (0.01s)
            --- PASS: TestModelPackageCapacityValidationRejectsCorruptedOutputs/lif/load_forged_bundle/edges_negative (0.01s)
            --- PASS: TestModelPackageCapacityValidationRejectsCorruptedOutputs/lif/load_forged_bundle/state_dimension_changed (0.01s)
            --- PASS: TestModelPackageCapacityValidationRejectsCorruptedOutputs/lif/load_forged_bundle/parameter_count_zero (0.01s)
            --- PASS: TestModelPackageCapacityValidationRejectsCorruptedOutputs/lif/load_forged_bundle/free_parameter_count_negative (0.01s)
            --- PASS: TestModelPackageCapacityValidationRejectsCorruptedOutputs/lif/load_forged_bundle/mult_adds_per_step_changed (0.01s)
    --- PASS: TestModelPackageCapacityValidationRejectsCorruptedOutputs/vector (0.08s)
        --- PASS: TestModelPackageCapacityValidationRejectsCorruptedOutputs/vector/save_single (0.00s)
            --- PASS: TestModelPackageCapacityValidationRejectsCorruptedOutputs/vector/save_single/nodes_zero (0.00s)
            --- PASS: TestModelPackageCapacityValidationRejectsCorruptedOutputs/vector/save_single/edges_negative (0.00s)
            --- PASS: TestModelPackageCapacityValidationRejectsCorruptedOutputs/vector/save_single/state_dimension_changed (0.00s)
            --- PASS: TestModelPackageCapacityValidationRejectsCorruptedOutputs/vector/save_single/parameter_count_zero (0.00s)
            --- PASS: TestModelPackageCapacityValidationRejectsCorruptedOutputs/vector/save_single/free_parameter_count_negative (0.00s)
            --- PASS: TestModelPackageCapacityValidationRejectsCorruptedOutputs/vector/save_single/mult_adds_per_step_changed (0.00s)
        --- PASS: TestModelPackageCapacityValidationRejectsCorruptedOutputs/vector/save_bundle (0.00s)
            --- PASS: TestModelPackageCapacityValidationRejectsCorruptedOutputs/vector/save_bundle/nodes_zero (0.00s)
            --- PASS: TestModelPackageCapacityValidationRejectsCorruptedOutputs/vector/save_bundle/edges_negative (0.00s)
            --- PASS: TestModelPackageCapacityValidationRejectsCorruptedOutputs/vector/save_bundle/state_dimension_changed (0.00s)
            --- PASS: TestModelPackageCapacityValidationRejectsCorruptedOutputs/vector/save_bundle/parameter_count_zero (0.00s)
            --- PASS: TestModelPackageCapacityValidationRejectsCorruptedOutputs/vector/save_bundle/free_parameter_count_negative (0.00s)
            --- PASS: TestModelPackageCapacityValidationRejectsCorruptedOutputs/vector/save_bundle/mult_adds_per_step_changed (0.00s)
        --- PASS: TestModelPackageCapacityValidationRejectsCorruptedOutputs/vector/seed_individual (0.00s)
            --- PASS: TestModelPackageCapacityValidationRejectsCorruptedOutputs/vector/seed_individual/nodes_zero (0.00s)
            --- PASS: TestModelPackageCapacityValidationRejectsCorruptedOutputs/vector/seed_individual/edges_negative (0.00s)
            --- PASS: TestModelPackageCapacityValidationRejectsCorruptedOutputs/vector/seed_individual/state_dimension_changed (0.00s)
            --- PASS: TestModelPackageCapacityValidationRejectsCorruptedOutputs/vector/seed_individual/parameter_count_zero (0.00s)
            --- PASS: TestModelPackageCapacityValidationRejectsCorruptedOutputs/vector/seed_individual/free_parameter_count_negative (0.00s)
            --- PASS: TestModelPackageCapacityValidationRejectsCorruptedOutputs/vector/seed_individual/mult_adds_per_step_changed (0.00s)
        --- PASS: TestModelPackageCapacityValidationRejectsCorruptedOutputs/vector/load_forged_bundle (0.07s)
            --- PASS: TestModelPackageCapacityValidationRejectsCorruptedOutputs/vector/load_forged_bundle/nodes_zero (0.01s)
            --- PASS: TestModelPackageCapacityValidationRejectsCorruptedOutputs/vector/load_forged_bundle/edges_negative (0.01s)
            --- PASS: TestModelPackageCapacityValidationRejectsCorruptedOutputs/vector/load_forged_bundle/state_dimension_changed (0.01s)
            --- PASS: TestModelPackageCapacityValidationRejectsCorruptedOutputs/vector/load_forged_bundle/parameter_count_zero (0.01s)
            --- PASS: TestModelPackageCapacityValidationRejectsCorruptedOutputs/vector/load_forged_bundle/free_parameter_count_negative (0.01s)
            --- PASS: TestModelPackageCapacityValidationRejectsCorruptedOutputs/vector/load_forged_bundle/mult_adds_per_step_changed (0.01s)
=== RUN   TestModelPackageCapacityValidationKeepsValidReportsExact
=== RUN   TestModelPackageCapacityValidationKeepsValidReportsExact/continuous
=== RUN   TestModelPackageCapacityValidationKeepsValidReportsExact/lif
=== RUN   TestModelPackageCapacityValidationKeepsValidReportsExact/vector
--- PASS: TestModelPackageCapacityValidationKeepsValidReportsExact (0.09s)
    --- PASS: TestModelPackageCapacityValidationKeepsValidReportsExact/continuous (0.03s)
    --- PASS: TestModelPackageCapacityValidationKeepsValidReportsExact/lif (0.03s)
    --- PASS: TestModelPackageCapacityValidationKeepsValidReportsExact/vector (0.03s)
=== RUN   TestModelPackageCapacityValidationKeepsNilCapacity
    package_capacity_validation_test.go:376: fixture ../evidence/OPS-03/fixture/tiny.coimpkg sha256:d1ffbb9fe06996622d4ddf0b635128f86dddbef6093a09803350455a889caab0
--- PASS: TestModelPackageCapacityValidationKeepsNilCapacity (0.03s)
=== RUN   TestModelPackageCapacityValidationPreservesExistingDestinations
=== RUN   TestModelPackageCapacityValidationPreservesExistingDestinations/continuous
=== RUN   TestModelPackageCapacityValidationPreservesExistingDestinations/lif
=== RUN   TestModelPackageCapacityValidationPreservesExistingDestinations/vector
--- PASS: TestModelPackageCapacityValidationPreservesExistingDestinations (0.00s)
    --- PASS: TestModelPackageCapacityValidationPreservesExistingDestinations/continuous (0.00s)
    --- PASS: TestModelPackageCapacityValidationPreservesExistingDestinations/lif (0.00s)
    --- PASS: TestModelPackageCapacityValidationPreservesExistingDestinations/vector (0.00s)
PASS
ok  	github.com/TimLai666/coimnet/checkpoint	0.783s
