2026-09-15T01:42:00Z
COMMAND: bash scripts/check-target-flow.sh   (with a temporary modulation/zz_violation_probe.go that names signal.Target and imports learning)
repository: /Users/timlai/Developer/coimnet
go: go version go1.26.5 darwin/arm64

PASS dynamics: no signal.Target and no NewTarget( in 4 non-test Go files
PASS simulate: no signal.Target and no NewTarget( in 9 non-test Go files
FAIL modulation names a training target in a non-test file:
modulation/zz_violation_probe.go:9:var probeTarget signal.Target
PASS plasticity: no signal.Target and no NewTarget( in 1 non-test Go files
PASS learning: no signal.Target and no NewTarget( in 8 non-test Go files

PASS dynamics does not depend on github.com/TimLai666/coimnet/learning. Its github.com/TimLai666/coimnet dependencies are:
  github.com/TimLai666/coimnet/dynamics
PASS simulate does not depend on github.com/TimLai666/coimnet/learning. Its github.com/TimLai666/coimnet dependencies are:
  github.com/TimLai666/coimnet/internal/fileio
  github.com/TimLai666/coimnet/feather
  github.com/TimLai666/coimnet/internal/extsort
  github.com/TimLai666/coimnet/internal/jsonkey
  github.com/TimLai666/coimnet/internal/strictjson
  github.com/TimLai666/coimnet/signal
  github.com/TimLai666/coimnet/connectome
  github.com/TimLai666/coimnet/dynamics
  github.com/TimLai666/coimnet/params
  github.com/TimLai666/coimnet/simulate
FAIL modulation depends on github.com/TimLai666/coimnet/learning:
github.com/TimLai666/coimnet/dynamics
github.com/TimLai666/coimnet/plasticity
github.com/TimLai666/coimnet/internal/jsonkey
github.com/TimLai666/coimnet/internal/strictjson
github.com/TimLai666/coimnet/signal
github.com/TimLai666/coimnet/learning
github.com/TimLai666/coimnet/internal/fileio
github.com/TimLai666/coimnet/feather
github.com/TimLai666/coimnet/internal/extsort
github.com/TimLai666/coimnet/connectome
github.com/TimLai666/coimnet/params
github.com/TimLai666/coimnet/simulate
github.com/TimLai666/coimnet/modulation
PASS plasticity does not depend on github.com/TimLai666/coimnet/learning. Its github.com/TimLai666/coimnet dependencies are:
  github.com/TimLai666/coimnet/plasticity

RESULT: target flow violation
exit=1
