=== RUN   TestIntervalRandomizedAgainstCoverageReference
--- PASS: TestIntervalRandomizedAgainstCoverageReference (0.02s)
=== RUN   TestIntervalMetadataOwnershipAndKinds
--- PASS: TestIntervalMetadataOwnershipAndKinds (0.00s)
=== RUN   TestIntervalOverlapGapsAndAllPartitions
--- PASS: TestIntervalOverlapGapsAndAllPartitions (0.00s)
=== RUN   TestIntervalWatermarkAndExpiry
--- PASS: TestIntervalWatermarkAndExpiry (0.00s)
=== RUN   TestIntervalExactRationalReference
--- PASS: TestIntervalExactRationalReference (0.00s)
=== RUN   TestIntervalFailuresAreAtomic
--- PASS: TestIntervalFailuresAreAtomic (0.00s)
=== RUN   TestIntervalCapacityExpiryAndFinalizedSequence
--- PASS: TestIntervalCapacityExpiryAndFinalizedSequence (0.00s)
=== RUN   TestIntervalConfigurationEmptyAndOverflow
--- PASS: TestIntervalConfigurationEmptyAndOverflow (0.00s)
=== RUN   TestJSONRejectsNullNumbersWithoutChangingReceiver
=== RUN   TestJSONRejectsNullNumbersWithoutChangingReceiver/signal_value
=== RUN   TestJSONRejectsNullNumbersWithoutChangingReceiver/duration
=== RUN   TestJSONRejectsNullNumbersWithoutChangingReceiver/sequence
=== RUN   TestJSONRejectsNullNumbersWithoutChangingReceiver/timestamp
=== RUN   TestJSONRejectsNullNumbersWithoutChangingReceiver/version
=== RUN   TestJSONRejectsNullNumbersWithoutChangingReceiver/range_min
=== RUN   TestJSONRejectsNullNumbersWithoutChangingReceiver/range_max
=== RUN   TestJSONRejectsNullNumbersWithoutChangingReceiver/clock
=== RUN   TestJSONRejectsNullNumbersWithoutChangingReceiver/mapping_index
=== RUN   TestJSONRejectsNullNumbersWithoutChangingReceiver/feedback_score
--- PASS: TestJSONRejectsNullNumbersWithoutChangingReceiver (0.00s)
    --- PASS: TestJSONRejectsNullNumbersWithoutChangingReceiver/signal_value (0.00s)
    --- PASS: TestJSONRejectsNullNumbersWithoutChangingReceiver/duration (0.00s)
    --- PASS: TestJSONRejectsNullNumbersWithoutChangingReceiver/sequence (0.00s)
    --- PASS: TestJSONRejectsNullNumbersWithoutChangingReceiver/timestamp (0.00s)
    --- PASS: TestJSONRejectsNullNumbersWithoutChangingReceiver/version (0.00s)
    --- PASS: TestJSONRejectsNullNumbersWithoutChangingReceiver/range_min (0.00s)
    --- PASS: TestJSONRejectsNullNumbersWithoutChangingReceiver/range_max (0.00s)
    --- PASS: TestJSONRejectsNullNumbersWithoutChangingReceiver/clock (0.00s)
    --- PASS: TestJSONRejectsNullNumbersWithoutChangingReceiver/mapping_index (0.00s)
    --- PASS: TestJSONRejectsNullNumbersWithoutChangingReceiver/feedback_score (0.00s)
=== RUN   TestSignalJSONNumericValuesAndNullableMetadata
=== RUN   TestSignalJSONNumericValuesAndNullableMetadata/continuous
=== RUN   TestSignalJSONNumericValuesAndNullableMetadata/activity
=== RUN   TestSignalJSONNumericValuesAndNullableMetadata/pulse
=== RUN   TestSignalJSONNumericValuesAndNullableMetadata/modulation
--- PASS: TestSignalJSONNumericValuesAndNullableMetadata (0.00s)
    --- PASS: TestSignalJSONNumericValuesAndNullableMetadata/continuous (0.00s)
    --- PASS: TestSignalJSONNumericValuesAndNullableMetadata/activity (0.00s)
    --- PASS: TestSignalJSONNumericValuesAndNullableMetadata/pulse (0.00s)
    --- PASS: TestSignalJSONNumericValuesAndNullableMetadata/modulation (0.00s)
=== RUN   TestNestedSignalJSONRejectsNullAndPreservesOmittedDefaults
=== RUN   TestNestedSignalJSONRejectsNullAndPreservesOmittedDefaults/observation
=== RUN   TestNestedSignalJSONRejectsNullAndPreservesOmittedDefaults/target
--- PASS: TestNestedSignalJSONRejectsNullAndPreservesOmittedDefaults (0.00s)
    --- PASS: TestNestedSignalJSONRejectsNullAndPreservesOmittedDefaults/observation (0.00s)
    --- PASS: TestNestedSignalJSONRejectsNullAndPreservesOmittedDefaults/target (0.00s)
=== RUN   TestNamedSourceContracts
=== RUN   TestNamedSourceContracts/continuous
=== RUN   TestNamedSourceContracts/continuous/kind
=== RUN   TestNamedSourceContracts/continuous/unit
=== RUN   TestNamedSourceContracts/continuous/channel
=== RUN   TestNamedSourceContracts/continuous/shape
=== RUN   TestNamedSourceContracts/continuous/range
=== RUN   TestNamedSourceContracts/continuous/encoder
=== RUN   TestNamedSourceContracts/continuous/quality
=== RUN   TestNamedSourceContracts/activity
=== RUN   TestNamedSourceContracts/activity/kind
=== RUN   TestNamedSourceContracts/activity/unit
=== RUN   TestNamedSourceContracts/activity/channel
=== RUN   TestNamedSourceContracts/activity/shape
=== RUN   TestNamedSourceContracts/activity/range
=== RUN   TestNamedSourceContracts/activity/encoder
=== RUN   TestNamedSourceContracts/activity/quality
=== RUN   TestNamedSourceContracts/pulse
=== RUN   TestNamedSourceContracts/pulse/kind
=== RUN   TestNamedSourceContracts/pulse/unit
=== RUN   TestNamedSourceContracts/pulse/channel
=== RUN   TestNamedSourceContracts/pulse/shape
=== RUN   TestNamedSourceContracts/pulse/range
=== RUN   TestNamedSourceContracts/pulse/encoder
=== RUN   TestNamedSourceContracts/pulse/quality
=== RUN   TestNamedSourceContracts/modulation
=== RUN   TestNamedSourceContracts/modulation/kind
=== RUN   TestNamedSourceContracts/modulation/unit
=== RUN   TestNamedSourceContracts/modulation/channel
=== RUN   TestNamedSourceContracts/modulation/shape
=== RUN   TestNamedSourceContracts/modulation/range
=== RUN   TestNamedSourceContracts/modulation/encoder
=== RUN   TestNamedSourceContracts/modulation/quality
--- PASS: TestNamedSourceContracts (0.00s)
    --- PASS: TestNamedSourceContracts/continuous (0.00s)
        --- PASS: TestNamedSourceContracts/continuous/kind (0.00s)
        --- PASS: TestNamedSourceContracts/continuous/unit (0.00s)
        --- PASS: TestNamedSourceContracts/continuous/channel (0.00s)
        --- PASS: TestNamedSourceContracts/continuous/shape (0.00s)
        --- PASS: TestNamedSourceContracts/continuous/range (0.00s)
        --- PASS: TestNamedSourceContracts/continuous/encoder (0.00s)
        --- PASS: TestNamedSourceContracts/continuous/quality (0.00s)
    --- PASS: TestNamedSourceContracts/activity (0.00s)
        --- PASS: TestNamedSourceContracts/activity/kind (0.00s)
        --- PASS: TestNamedSourceContracts/activity/unit (0.00s)
        --- PASS: TestNamedSourceContracts/activity/channel (0.00s)
        --- PASS: TestNamedSourceContracts/activity/shape (0.00s)
        --- PASS: TestNamedSourceContracts/activity/range (0.00s)
        --- PASS: TestNamedSourceContracts/activity/encoder (0.00s)
        --- PASS: TestNamedSourceContracts/activity/quality (0.00s)
    --- PASS: TestNamedSourceContracts/pulse (0.00s)
        --- PASS: TestNamedSourceContracts/pulse/kind (0.00s)
        --- PASS: TestNamedSourceContracts/pulse/unit (0.00s)
        --- PASS: TestNamedSourceContracts/pulse/channel (0.00s)
        --- PASS: TestNamedSourceContracts/pulse/shape (0.00s)
        --- PASS: TestNamedSourceContracts/pulse/range (0.00s)
        --- PASS: TestNamedSourceContracts/pulse/encoder (0.00s)
        --- PASS: TestNamedSourceContracts/pulse/quality (0.00s)
    --- PASS: TestNamedSourceContracts/modulation (0.00s)
        --- PASS: TestNamedSourceContracts/modulation/kind (0.00s)
        --- PASS: TestNamedSourceContracts/modulation/unit (0.00s)
        --- PASS: TestNamedSourceContracts/modulation/channel (0.00s)
        --- PASS: TestNamedSourceContracts/modulation/shape (0.00s)
        --- PASS: TestNamedSourceContracts/modulation/range (0.00s)
        --- PASS: TestNamedSourceContracts/modulation/encoder (0.00s)
        --- PASS: TestNamedSourceContracts/modulation/quality (0.00s)
=== RUN   TestSignalJSONPreservesNumericExtremes
--- PASS: TestSignalJSONPreservesNumericExtremes (0.00s)
=== RUN   TestPulseAlignRetainsNonconsecutiveSequences
--- PASS: TestPulseAlignRetainsNonconsecutiveSequences (0.00s)
=== RUN   TestPulseAlignOverflowAndCapacityRetry
=== RUN   TestPulseAlignOverflowAndCapacityRetry/events
=== RUN   TestPulseAlignOverflowAndCapacityRetry/values
=== RUN   TestPulseAlignOverflowAndCapacityRetry/overflow
--- PASS: TestPulseAlignOverflowAndCapacityRetry (0.00s)
    --- PASS: TestPulseAlignOverflowAndCapacityRetry/events (0.00s)
    --- PASS: TestPulseAlignOverflowAndCapacityRetry/values (0.00s)
    --- PASS: TestPulseAlignOverflowAndCapacityRetry/overflow (0.00s)
=== RUN   TestPulseAlignCeilingPreservesEveryEvent
--- PASS: TestPulseAlignCeilingPreservesEveryEvent (0.00s)
=== RUN   TestPulseAlignAllChunkPartitions
--- PASS: TestPulseAlignAllChunkPartitions (0.00s)
=== RUN   TestPulseAlignHoldsWholeDestinationStep
--- PASS: TestPulseAlignHoldsWholeDestinationStep (0.00s)
=== RUN   TestPulseAlignExactRationalAndLimits
--- PASS: TestPulseAlignExactRationalAndLimits (0.00s)
=== RUN   TestPulseAlignErrorsAreAtomic
--- PASS: TestPulseAlignErrorsAreAtomic (0.00s)
=== RUN   TestPulseAlignRejectsConfigurationSemanticsAndCapacity
--- PASS: TestPulseAlignRejectsConfigurationSemanticsAndCapacity (0.00s)
=== RUN   TestResampleConstantRangeAndExtremeInterpolation
--- PASS: TestResampleConstantRangeAndExtremeInterpolation (0.00s)
=== RUN   TestResampleExactSelectionAgainstBigRational
--- PASS: TestResampleExactSelectionAgainstBigRational (0.03s)
=== RUN   TestResampleEveryChunkSplitMatchesHandValues
--- PASS: TestResampleEveryChunkSplitMatchesHandValues (0.00s)
=== RUN   TestResampleFinalizedSequenceAndWatermarkRejection
--- PASS: TestResampleFinalizedSequenceAndWatermarkRejection (0.00s)
=== RUN   TestResampleMultipleRatesShareNeuralClock
--- PASS: TestResampleMultipleRatesShareNeuralClock (0.00s)
=== RUN   TestResampleExclusiveEndNeedNotBeRepresentable
--- PASS: TestResampleExclusiveEndNeedNotBeRepresentable (0.00s)
=== RUN   TestResampleLargeIntervalDoesNotRoundToFutureEndpoint
--- PASS: TestResampleLargeIntervalDoesNotRoundToFutureEndpoint (0.00s)
=== RUN   TestResampleHandCalculatedModes
=== RUN   TestResampleHandCalculatedModes/causal_hold
=== RUN   TestResampleHandCalculatedModes/offline_linear
--- PASS: TestResampleHandCalculatedModes (0.00s)
    --- PASS: TestResampleHandCalculatedModes/causal_hold (0.00s)
    --- PASS: TestResampleHandCalculatedModes/offline_linear (0.00s)
=== RUN   TestResampleChunkBoundaryAndOverwrite
--- PASS: TestResampleChunkBoundaryAndOverwrite (0.00s)
=== RUN   TestResampleCausalPrefixIgnoresFutureValues
--- PASS: TestResampleCausalPrefixIgnoresFutureValues (0.00s)
=== RUN   TestResampleEmptyLeadingGapAndRationalBoundary
--- PASS: TestResampleEmptyLeadingGapAndRationalBoundary (0.00s)
=== RUN   TestResampleFailureIsAtomic
--- PASS: TestResampleFailureIsAtomic (0.00s)
=== RUN   TestResampleRejectsUnsupportedSemanticsAndLimits
--- PASS: TestResampleRejectsUnsupportedSemanticsAndLimits (0.00s)
=== RUN   TestDecodeSignalRejectsExcessiveJSONNestingWithLongKeys
--- PASS: TestDecodeSignalRejectsExcessiveJSONNestingWithLongKeys (0.00s)
=== RUN   TestDecodeSignalRejectsCaseFoldedDuplicateKeys
--- PASS: TestDecodeSignalRejectsCaseFoldedDuplicateKeys (0.00s)
=== RUN   TestDecodeSignalRejectsUnicodeCaseFoldedDuplicateKeys
--- PASS: TestDecodeSignalRejectsUnicodeCaseFoldedDuplicateKeys (0.00s)
=== RUN   TestNewSignalValidatesKindsShapeUnitsAndCopiesInputs
=== RUN   TestNewSignalValidatesKindsShapeUnitsAndCopiesInputs/continuous
=== RUN   TestNewSignalValidatesKindsShapeUnitsAndCopiesInputs/activity
=== RUN   TestNewSignalValidatesKindsShapeUnitsAndCopiesInputs/pulse
=== RUN   TestNewSignalValidatesKindsShapeUnitsAndCopiesInputs/modulation
=== RUN   TestNewSignalValidatesKindsShapeUnitsAndCopiesInputs/intervention
=== RUN   TestNewSignalValidatesKindsShapeUnitsAndCopiesInputs/unsupported_unit
=== RUN   TestNewSignalValidatesKindsShapeUnitsAndCopiesInputs/shape_mismatch
=== RUN   TestNewSignalValidatesKindsShapeUnitsAndCopiesInputs/negative_duration
=== RUN   TestNewSignalValidatesKindsShapeUnitsAndCopiesInputs/non-finite_value
=== RUN   TestNewSignalValidatesKindsShapeUnitsAndCopiesInputs/intervention_target_missing
--- PASS: TestNewSignalValidatesKindsShapeUnitsAndCopiesInputs (0.00s)
    --- PASS: TestNewSignalValidatesKindsShapeUnitsAndCopiesInputs/continuous (0.00s)
    --- PASS: TestNewSignalValidatesKindsShapeUnitsAndCopiesInputs/activity (0.00s)
    --- PASS: TestNewSignalValidatesKindsShapeUnitsAndCopiesInputs/pulse (0.00s)
    --- PASS: TestNewSignalValidatesKindsShapeUnitsAndCopiesInputs/modulation (0.00s)
    --- PASS: TestNewSignalValidatesKindsShapeUnitsAndCopiesInputs/intervention (0.00s)
    --- PASS: TestNewSignalValidatesKindsShapeUnitsAndCopiesInputs/unsupported_unit (0.00s)
    --- PASS: TestNewSignalValidatesKindsShapeUnitsAndCopiesInputs/shape_mismatch (0.00s)
    --- PASS: TestNewSignalValidatesKindsShapeUnitsAndCopiesInputs/negative_duration (0.00s)
    --- PASS: TestNewSignalValidatesKindsShapeUnitsAndCopiesInputs/non-finite_value (0.00s)
    --- PASS: TestNewSignalValidatesKindsShapeUnitsAndCopiesInputs/intervention_target_missing (0.00s)
=== RUN   TestSignalJSONIsStrictAndRoundTrips
--- PASS: TestSignalJSONIsStrictAndRoundTrips (0.05s)
=== RUN   TestSchemaVersionIsSupportedSeparatelyFromUserVersions
--- PASS: TestSchemaVersionIsSupportedSeparatelyFromUserVersions (0.00s)
=== RUN   TestSignalOrderingAndStreamValidation
--- PASS: TestSignalOrderingAndStreamValidation (0.00s)
=== RUN   TestClockUsesIntegerTimeAndRejectsOverflowOrMisalignment
--- PASS: TestClockUsesIntegerTimeAndRejectsOverflowOrMisalignment (0.00s)
=== RUN   TestObservationTargetFeedbackAreSeparateAndCausal
--- PASS: TestObservationTargetFeedbackAreSeparateAndCausal (0.00s)
=== RUN   TestMappingPersistsLosslessIDsAndValidatesGraphBoundary
--- PASS: TestMappingPersistsLosslessIDsAndValidatesGraphBoundary (0.00s)
=== RUN   ExampleNewIntervalResampler
--- PASS: ExampleNewIntervalResampler (0.00s)
=== RUN   ExampleNewPulseAligner
--- PASS: ExampleNewPulseAligner (0.00s)
=== RUN   ExampleNewStreamingResampler
--- PASS: ExampleNewStreamingResampler (0.00s)
=== RUN   ExampleNewSignal
--- PASS: ExampleNewSignal (0.00s)
PASS
ok  	github.com/TimLai666/coimnet/signal	0.117s
