2026/09/16 19:38:09 [insyra - Info] Welcome to Insyra Huashan(v0.3.2)!!
Official website: https://insyra.hazelnut-paradise.com

     1217.28 real       874.65 user       254.32 sys
          6558416896  maximum resident set size
                   0  average shared memory size
                   0  average unshared data size
                   0  average unshared stack size
            81960835  page reclaims
                 298  page faults
                   0  swaps
                   0  block input operations
                   0  block output operations
                   0  messages sent
                   0  messages received
               63393  signals received
                2322  voluntary context switches
             4874899  involuntary context switches
      19850738137892  instructions retired
       4172742476213  cycles elapsed
         14069049880  peak memory footprint
exit=0
