COMMAND: go run ./cmd/coimnet data import --manifest examples/realsubgraph/malecns-alin.json --max-memory-bytes 2147483648 --sort-buffer-bytes 536870912 --out-store /Users/timlai/Developer/coimnet/runs/OPS-10/work/alin.coimgraph
2026/09/24 03:47:21 [insyra - Info] Welcome to Insyra Huashan(v0.3.2)!!
Official website: https://insyra.hazelnut-paradise.com

{
  "schema_version": "coimnet-graph-import/v1",
  "report": {
    "schema_version": "coimnet-graph-report/v1",
    "converter_version": "coimnet-connectome-builder/v1",
    "dataset": "MaleCNS",
    "namespace": "malecns-v1.0",
    "source_version": "v1.0",
    "license": {
      "name": "CC-BY-4.0",
      "url": "https://creativecommons.org/licenses/by/4.0/"
    },
    "acquired_at": "2026-09-13T08:52:37.650737Z",
    "manifest_hash": "22fdd85f1ebbf78e0ce3639ba97d46cc4e840ed0102347f33aaa710cd61dce0c",
    "edge_view": "rows",
    "sources": [
      {
        "role": "weights",
        "path": "data/malecns-v1.0/connectome-weights-male-cns-v1.0-minconf-0.5.feather",
        "url": "https://storage.googleapis.com/flyem-male-cns/v1.0/connectome-data/flat-connectome/connectome-weights-male-cns-v1.0-minconf-0.5.feather",
        "etag": "\"f30e9dcca25cfd021bf1e7b3d975599e\"",
        "bytes": 1051241946,
        "sha256": "e35da783d1c686b2b58b3b87cd6a403ae43bfcfba8bff28e08ef752c1a56afc1",
        "sha256_after": "e35da783d1c686b2b58b3b87cd6a403ae43bfcfba8bff28e08ef752c1a56afc1",
        "hash_status": "upstream_verified",
        "fingerprint_stable": true,
        "record_batches": 2318,
        "rows": 151856684
      },
      {
        "role": "annotations",
        "path": "data/malecns-v1.0/body-annotations-male-cns-v1.0-minconf-0.5.feather",
        "url": "https://storage.googleapis.com/flyem-male-cns/v1.0/connectome-data/flat-connectome/body-annotations-male-cns-v1.0-minconf-0.5.feather",
        "etag": "\"50a7718770c57220f160ba4f431ab89e\"",
        "bytes": 14483314,
        "sha256": "2177e246113e4cfbf1e7772ec37c6da1955ff22e8063d0b1f833101f99a9a3b2",
        "sha256_after": "2177e246113e4cfbf1e7772ec37c6da1955ff22e8063d0b1f833101f99a9a3b2",
        "hash_status": "upstream_verified",
        "fingerprint_stable": true,
        "record_batches": 4,
        "rows": 211577
      },
      {
        "role": "neurotransmitters",
        "path": "data/malecns-v1.0/body-neurotransmitters-male-cns-v1.0.feather",
        "url": "https://storage.googleapis.com/flyem-male-cns/v1.0/connectome-data/flat-connectome/body-neurotransmitters-male-cns-v1.0.feather",
        "etag": "\"3d842b12fe5c49eefade528d7dd24a1f\"",
        "bytes": 43282834,
        "sha256": "95c9289220663abeb3409f3ad9e5a7f8a53f8093f5139d15502cd08da8879621",
        "sha256_after": "95c9289220663abeb3409f3ad9e5a7f8a53f8093f5139d15502cd08da8879621",
        "hash_status": "upstream_verified",
        "fingerprint_stable": true,
        "record_batches": 29,
        "rows": 1835518
      }
    ],
    "predicate": {
      "canonical": "annotations.class == \"ALIN\"",
      "hash": "4565f8edcd638de884b6ecbf90b6300d478772ef4b5ff8407b69fb976490d063",
      "label": "real-subgraph example: annotation class exactly ALIN; no status filter; all matching nodes retained, not a complete biological circuit claim"
    },
    "identity": {
      "weights_endpoints_are_annotation_ids": true,
      "neurotransmitter_ids_are_annotation_ids": true,
      "evidence": "Engineering identity assumption: the official MaleCNS download page (https://male-cns.janelia.org/download/, checked 2026-09-13) describes the weights file as segment-to-segment connection strengths of the same v1.0 minconf-0.5 release whose per-body annotations and per-neuron aggregate neurotransmitter predictions are the other two files; body_pre/body_post, bodyId and body are all signed int64 body identifiers. The source value audit (evidence/malecns-source-20260913/graph-values-audit.json) found 165,122 status==Traced bodies with unique IDs and 25,563,197 weights rows whose two endpoints are both Traced bodies. This is not a measured biological mapping."
    },
    "raw_segments": {
      "name": "raw_segments",
      "rows": 151856684,
      "source": {
        "null_rows": 0,
        "negative_rows": 0,
        "zero_rows": 0
      },
      "target": {
        "null_rows": 0,
        "negative_rows": 0,
        "zero_rows": 0
      },
      "weight": {
        "null_rows": 0,
        "negative_rows": 0,
        "zero_rows": 0
      },
      "self_loop_rows": 123,
      "unique_endpoints": 88384522,
      "unannotated_unique_endpoints": 88192826,
      "unannotated_endpoint_occurrences": 133806112,
      "valid_pair_rows": 151856684,
      "unique_pairs": 151856684,
      "duplicate_pairs": 0,
      "duplicate_rows": 0,
      "weight_sum": {
        "value": 311833243,
        "rows": 151856684,
        "null_rows": 0,
        "valid": true,
        "basis": "weight"
      },
      "duplicate_semantics": "unknown",
      "aggregation": "not_permitted",
      "transmitter": {
        "rows": 1835518,
        "unique_ids": 1835518,
        "duplicate_rows": 0,
        "null_ids": 0,
        "invalid_ids": 0,
        "consensus_status": "mapped",
        "unknown_rows": 1671117,
        "unknown_ratio": {
          "numerator": 1671117,
          "denominator": 1835518,
          "value": 0.9104334580211145,
          "defined": true,
          "basis": "consensus_nt"
        },
        "unknown_definition": "null, empty or the token 'unclear' (case-insensitive) in the consensus column; nodes without a prediction row count as unknown in the annotated view"
      }
    },
    "annotated_neurons": {
      "name": "annotated_neurons",
      "annotation_rows": 211577,
      "nodes": 24,
      "edges": 110,
      "annotation_exclusions": {
        "null_id": 0,
        "invalid_id": 0,
        "duplicate_id": 0,
        "predicate_false": 211553,
        "predicate_field_null": 185064
      },
      "weight_exclusions": {
        "null_endpoint": 0,
        "invalid_id": 0,
        "missing_annotation": 125828298,
        "predicate_false": 26028276
      },
      "unique_pairs": 110,
      "duplicate_pairs": 0,
      "duplicate_rows": 0,
      "self_loops": 0,
      "isolated_nodes": 0,
      "weight_sum": {
        "value": 1514,
        "rows": 110,
        "null_rows": 0,
        "valid": true,
        "basis": "weight"
      },
      "transmitter": {
        "status": "mapped",
        "predicted": 20,
        "unknown": 4,
        "unknown_ratio": {
          "numerator": 4,
          "denominator": 24,
          "value": 0.16666666666666666,
          "defined": true,
          "basis": "consensus_nt"
        },
        "unknown_definition": "null, empty or the token 'unclear' (case-insensitive) in the consensus column; nodes without a prediction row count as unknown in the annotated view",
        "measured": "not_available"
      },
      "receptor": {
        "status": "not_derived",
        "label_status": "mapped",
        "label_null_ratio": {
          "numerator": 24,
          "denominator": 24,
          "value": 1,
          "defined": true,
          "basis": "receptorType"
        }
      }
    },
    "hashes": {
      "node_index": "270799e51f5972888c8de398bfd0477c9cd5a7694403dccedf326c5c5457ec5d",
      "edge_order": "f3d1c57bd484d04adf8be450307000168032c418245c019bf9d1ffe9fa99fef9",
      "report": "e0a1b1051f9b5c04117231f612b600dfe852d8e1d9de91dab4cb3e308881ecdb"
    },
    "limits": {
      "max_memory_bytes": 2147483648,
      "max_temp_bytes": 17179869184,
      "max_run_files": 256,
      "max_arrow_bytes": 134217728,
      "max_footer_bytes": 16777216,
      "max_rows": 250000000,
      "sort_buffer_bytes": 536870912
    },
    "sort": {
      "runs": 14,
      "temp_bytes": 3339130942,
      "reserved_peak_bytes": 1612313992,
      "buffered_peak_bytes": 1075447130
    },
    "limitations": [
      "weight_sum and edge weights are the source raw values under the official column name; they are not synapse or contact count claims",
      "the selection predicate is an explicit engineering rule recorded in the report; it does not establish biological completeness",
      "duplicate pair semantics come from the manifest declaration; in rows mode no rows were merged, and aggregation is refused without additive evidence",
      "transmitter fields are source predictions; no measured synaptic action, sign or receptor evidence is derived",
      "endpoint identity between weights, annotations and predictions is a declared assumption with the cited evidence, not a verified biological mapping",
      "memory accounting covers builder structures and sort buffers only, not process RSS; Arrow allocations are bounded separately by max_arrow_bytes"
    ]
  },
  "store": {
    "path": "/Users/timlai/Developer/coimnet/runs/OPS-10/work/alin.coimgraph",
    "bytes": 33857,
    "sha256": "61dac4f35cd5c0be438712f5e0176e40d5b3fd0554626c6b0a7ba9e3203a8ba7",
    "footer_sha256": "5402d08bb4d2f2bd8a50c894499839969bb3c034c95f0344e5e569d24e80b135",
    "node_count": 24,
    "edge_count": 110,
    "sections": [
      {
        "name": "node_ids",
        "offset": 8,
        "length": 192,
        "sha256": "f63aff2f03da28a03b42deeaf8eeb99830ac99517ba710cf2aeaa25e4e85b42b"
      },
      {
        "name": "node_meta",
        "offset": 200,
        "length": 3564,
        "sha256": "73ed0091fb04a3adcc12662dabc9e1e3c4e987789bfe3fff3bb8163c11946ad2"
      },
      {
        "name": "edges",
        "offset": 3764,
        "length": 2750,
        "sha256": "1e27b0443538e9b2c11728346e690d682158efeabcf0d0f614d6dd627b78f99e"
      },
      {
        "name": "batch_starts",
        "offset": 6514,
        "length": 18544,
        "sha256": "989809c33dc4d8d15272d6855f3f9746f2321d5346799fe2b6b246fb2359495f"
      },
      {
        "name": "report",
        "offset": 25058,
        "length": 6639,
        "sha256": "dc5505528898873e6789d142272da81afb47b6ee04c2565883a1044d501d73e3"
      }
    ],
    "durability_confirmed": true
  }
}
EXIT: 0
