=== RUN   TestAttributionComparisonFinite
=== RUN   TestAttributionComparisonFinite/NaN
=== RUN   TestAttributionComparisonFinite/+Inf
=== RUN   TestAttributionComparisonFinite/-Inf
=== RUN   TestAttributionComparisonFinite/zero
=== RUN   TestAttributionComparisonFinite/one
=== RUN   TestAttributionComparisonFinite/negative
=== RUN   TestAttributionComparisonFinite/above_one
--- PASS: TestAttributionComparisonFinite (0.00s)
    --- PASS: TestAttributionComparisonFinite/NaN (0.00s)
    --- PASS: TestAttributionComparisonFinite/+Inf (0.00s)
    --- PASS: TestAttributionComparisonFinite/-Inf (0.00s)
    --- PASS: TestAttributionComparisonFinite/zero (0.00s)
    --- PASS: TestAttributionComparisonFinite/one (0.00s)
    --- PASS: TestAttributionComparisonFinite/negative (0.00s)
    --- PASS: TestAttributionComparisonFinite/above_one (0.00s)
=== RUN   TestContinualComparisonFinite
=== RUN   TestContinualComparisonFinite/NaN
=== RUN   TestContinualComparisonFinite/+Inf
=== RUN   TestContinualComparisonFinite/-Inf
=== RUN   TestContinualComparisonFinite/zero
=== RUN   TestContinualComparisonFinite/one
=== RUN   TestContinualComparisonFinite/negative
=== RUN   TestContinualComparisonFinite/above_one
--- PASS: TestContinualComparisonFinite (0.00s)
    --- PASS: TestContinualComparisonFinite/NaN (0.00s)
    --- PASS: TestContinualComparisonFinite/+Inf (0.00s)
    --- PASS: TestContinualComparisonFinite/-Inf (0.00s)
    --- PASS: TestContinualComparisonFinite/zero (0.00s)
    --- PASS: TestContinualComparisonFinite/one (0.00s)
    --- PASS: TestContinualComparisonFinite/negative (0.00s)
    --- PASS: TestContinualComparisonFinite/above_one (0.00s)
=== RUN   TestComparisonFiniteValidControls
=== RUN   TestComparisonFiniteValidControls/attribution/5e-324
=== RUN   TestComparisonFiniteValidControls/continual/5e-324
=== RUN   TestComparisonFiniteValidControls/attribution/0.5
=== RUN   TestComparisonFiniteValidControls/continual/0.5
=== RUN   TestComparisonFiniteValidControls/attribution/0.95
=== RUN   TestComparisonFiniteValidControls/continual/0.95
=== RUN   TestComparisonFiniteValidControls/attribution/0.9999999999999999
=== RUN   TestComparisonFiniteValidControls/continual/0.9999999999999999
=== RUN   TestComparisonFiniteValidControls/default_attribution
=== RUN   TestComparisonFiniteValidControls/continual_nil_comparison
--- PASS: TestComparisonFiniteValidControls (0.00s)
    --- PASS: TestComparisonFiniteValidControls/attribution/5e-324 (0.00s)
    --- PASS: TestComparisonFiniteValidControls/continual/5e-324 (0.00s)
    --- PASS: TestComparisonFiniteValidControls/attribution/0.5 (0.00s)
    --- PASS: TestComparisonFiniteValidControls/continual/0.5 (0.00s)
    --- PASS: TestComparisonFiniteValidControls/attribution/0.95 (0.00s)
    --- PASS: TestComparisonFiniteValidControls/continual/0.95 (0.00s)
    --- PASS: TestComparisonFiniteValidControls/attribution/0.9999999999999999 (0.00s)
    --- PASS: TestComparisonFiniteValidControls/continual/0.9999999999999999 (0.00s)
    --- PASS: TestComparisonFiniteValidControls/default_attribution (0.00s)
    --- PASS: TestComparisonFiniteValidControls/continual_nil_comparison (0.00s)
PASS
ok  	github.com/TimLai666/coimnet/experiment	0.443s
