ok  	github.com/TimLai666/coimnet	14.571s
ok  	github.com/TimLai666/coimnet/backend	0.266s
ok  	github.com/TimLai666/coimnet/backend/webgpu	1.014s
ok  	github.com/TimLai666/coimnet/checkpoint	51.628s
?   	github.com/TimLai666/coimnet/cmd/coimnet	[no test files]
ok  	github.com/TimLai666/coimnet/config	0.784s
ok  	github.com/TimLai666/coimnet/connectome	5.110s
ok  	github.com/TimLai666/coimnet/connectome/flywire	0.465s
ok  	github.com/TimLai666/coimnet/distill	0.402s
ok  	github.com/TimLai666/coimnet/download	1.926s
ok  	github.com/TimLai666/coimnet/dynamics	1.505s
ok  	github.com/TimLai666/coimnet/examples/lifthreshold	1.762s
ok  	github.com/TimLai666/coimnet/examples/multichannel	0.760s
ok  	github.com/TimLai666/coimnet/examples/realasr	0.606s
ok  	github.com/TimLai666/coimnet/examples/realmedia	1.787s
ok  	github.com/TimLai666/coimnet/examples/realnav	1.079s
ok  	github.com/TimLai666/coimnet/examples/realnavmemory	0.918s
ok  	github.com/TimLai666/coimnet/examples/realocr	0.435s
ok  	github.com/TimLai666/coimnet/examples/realsubgraph	1.414s
ok  	github.com/TimLai666/coimnet/examples/realtext	23.041s
ok  	github.com/TimLai666/coimnet/experiment	238.047s
ok  	github.com/TimLai666/coimnet/experiment/fullgraph	2.016s
ok  	github.com/TimLai666/coimnet/experiment/gridnav	0.252s
ok  	github.com/TimLai666/coimnet/experiment/multimodaleval	219.466s
ok  	github.com/TimLai666/coimnet/experiment/nav2d	0.293s
ok  	github.com/TimLai666/coimnet/experiment/studenteval	3.632s
ok  	github.com/TimLai666/coimnet/feather	0.770s
ok  	github.com/TimLai666/coimnet/internal/cli	195.499s
ok  	github.com/TimLai666/coimnet/internal/delayedfixture	0.396s
ok  	github.com/TimLai666/coimnet/internal/extsort	0.611s
ok  	github.com/TimLai666/coimnet/internal/fileio	0.272s
ok  	github.com/TimLai666/coimnet/internal/jsonkey	0.240s
ok  	github.com/TimLai666/coimnet/internal/redact	0.238s
ok  	github.com/TimLai666/coimnet/internal/sparse	0.617s
ok  	github.com/TimLai666/coimnet/internal/strictjson	0.633s
ok  	github.com/TimLai666/coimnet/learning	5.244s
ok  	github.com/TimLai666/coimnet/learning/rl	0.600s
ok  	github.com/TimLai666/coimnet/modulation	0.954s
ok  	github.com/TimLai666/coimnet/multimodal	0.352s
ok  	github.com/TimLai666/coimnet/multimodal/synthetic	0.306s
ok  	github.com/TimLai666/coimnet/params	3.738s
ok  	github.com/TimLai666/coimnet/plasticity	0.270s
ok  	github.com/TimLai666/coimnet/replay	0.291s
ok  	github.com/TimLai666/coimnet/resources	0.263s
ok  	github.com/TimLai666/coimnet/signal	0.388s
ok  	github.com/TimLai666/coimnet/simulate	5.396s
ok  	github.com/TimLai666/coimnet/tasks/asr	18.649s
ok  	github.com/TimLai666/coimnet/tasks/asr/audio	0.276s
ok  	github.com/TimLai666/coimnet/tasks/media	159.488s
ok  	github.com/TimLai666/coimnet/tasks/media/realdata	5.338s
ok  	github.com/TimLai666/coimnet/tasks/nav2d/trajectory	0.480s
ok  	github.com/TimLai666/coimnet/tasks/ocr	2.913s
ok  	github.com/TimLai666/coimnet/tasks/ocr/ctc	0.235s
ok  	github.com/TimLai666/coimnet/tasks/ocr/glyphs	0.243s
ok  	github.com/TimLai666/coimnet/tasks/textgen	170.835s
ok  	github.com/TimLai666/coimnet/tasks/textgen/tokenizer	0.242s
ok  	github.com/TimLai666/coimnet/teacher	0.755s
ok  	github.com/TimLai666/coimnet/teacher/tool	0.245s
