ok  	github.com/TimLai666/coimnet	74.305s
ok  	github.com/TimLai666/coimnet/backend	1.292s
ok  	github.com/TimLai666/coimnet/backend/webgpu	2.174s
ok  	github.com/TimLai666/coimnet/checkpoint	28.541s
?   	github.com/TimLai666/coimnet/cmd/coimnet	[no test files]
ok  	github.com/TimLai666/coimnet/config	1.856s
ok  	github.com/TimLai666/coimnet/connectome	10.055s
ok  	github.com/TimLai666/coimnet/connectome/flywire	2.362s
ok  	github.com/TimLai666/coimnet/distill	2.361s
ok  	github.com/TimLai666/coimnet/download	3.290s
ok  	github.com/TimLai666/coimnet/dynamics	13.262s
ok  	github.com/TimLai666/coimnet/examples/lifthreshold	3.751s
ok  	github.com/TimLai666/coimnet/examples/multichannel	1.738s
ok  	github.com/TimLai666/coimnet/examples/realasr	1.927s
ok  	github.com/TimLai666/coimnet/examples/realmedia	20.867s
ok  	github.com/TimLai666/coimnet/examples/realnav	7.631s
ok  	github.com/TimLai666/coimnet/examples/realnavmemory	10.532s
ok  	github.com/TimLai666/coimnet/examples/realocr	1.579s
ok  	github.com/TimLai666/coimnet/examples/realsubgraph	4.936s
ok  	github.com/TimLai666/coimnet/examples/realtext	358.160s
ok  	github.com/TimLai666/coimnet/experiment	1955.638s
ok  	github.com/TimLai666/coimnet/experiment/fullgraph	3.779s
ok  	github.com/TimLai666/coimnet/experiment/gridnav	1.293s
ok  	github.com/TimLai666/coimnet/experiment/multimodaleval	1692.050s
ok  	github.com/TimLai666/coimnet/experiment/nav2d	1.305s
ok  	github.com/TimLai666/coimnet/experiment/studenteval	5.526s
ok  	github.com/TimLai666/coimnet/feather	1.443s
ok  	github.com/TimLai666/coimnet/internal/cli	1156.813s
ok  	github.com/TimLai666/coimnet/internal/delayedfixture	1.504s
ok  	github.com/TimLai666/coimnet/internal/extsort	2.128s
ok  	github.com/TimLai666/coimnet/internal/fileio	1.487s
ok  	github.com/TimLai666/coimnet/internal/jsonkey	1.286s
ok  	github.com/TimLai666/coimnet/internal/redact	1.314s
ok  	github.com/TimLai666/coimnet/internal/sparse	1.281s
ok  	github.com/TimLai666/coimnet/internal/strictjson	1.310s
ok  	github.com/TimLai666/coimnet/learning	10.313s
ok  	github.com/TimLai666/coimnet/learning/rl	5.277s
ok  	github.com/TimLai666/coimnet/modulation	2.107s
ok  	github.com/TimLai666/coimnet/multimodal	1.271s
ok  	github.com/TimLai666/coimnet/multimodal/synthetic	1.262s
ok  	github.com/TimLai666/coimnet/params	3.538s
ok  	github.com/TimLai666/coimnet/plasticity	1.254s
ok  	github.com/TimLai666/coimnet/replay	1.270s
ok  	github.com/TimLai666/coimnet/resources	1.255s
ok  	github.com/TimLai666/coimnet/signal	2.327s
ok  	github.com/TimLai666/coimnet/simulate	7.704s
ok  	github.com/TimLai666/coimnet/tasks/asr	267.306s
ok  	github.com/TimLai666/coimnet/tasks/asr/audio	2.493s
ok  	github.com/TimLai666/coimnet/tasks/media	1360.617s
ok  	github.com/TimLai666/coimnet/tasks/media/realdata	5.013s
ok  	github.com/TimLai666/coimnet/tasks/nav2d/trajectory	1.520s
ok  	github.com/TimLai666/coimnet/tasks/ocr	65.304s
ok  	github.com/TimLai666/coimnet/tasks/ocr/ctc	1.261s
ok  	github.com/TimLai666/coimnet/tasks/ocr/glyphs	1.267s
ok  	github.com/TimLai666/coimnet/tasks/textgen	1895.526s
ok  	github.com/TimLai666/coimnet/tasks/textgen/tokenizer	1.403s
ok  	github.com/TimLai666/coimnet/teacher	2.019s
ok  	github.com/TimLai666/coimnet/teacher/tool	1.277s
