=== RUN   TestAttributionEvidence
    attribution_evidence_test.go:22: COIMNET_TSK12_EVIDENCE is not set
--- SKIP: TestAttributionEvidence (0.00s)
=== RUN   TestAttributionGroupsParameterTable
    attribution_models_test.go:132: group	nodes	edges	params	free	mod	addon		trainable
    attribution_models_test.go:135: normal	60	928	2728	2608	0	0		[weights encoder readout]
    attribution_models_test.go:135: frozen_core	60	928	2728	1680	0	0		[encoder readout]
    attribution_models_test.go:135: core_only	60	928	2728	928	0	0		[weights]
    attribution_models_test.go:135: generic_matched	60	928	2728	2608	0	0		[weights encoder readout]
    attribution_models_test.go:135: rewired	60	928	2728	2608	0	0		[weights encoder readout]
    attribution_models_test.go:135: ablated_retrained	4	0	184	176	0	0		[encoder readout]
    attribution_models_test.go:135: capacity_matched_modulator	60	928	2752	2632	21	24		[weights encoder readout]
--- PASS: TestAttributionGroupsParameterTable (0.01s)
=== RUN   TestAttributionGenericMatchedShape
--- PASS: TestAttributionGenericMatchedShape (0.01s)
=== RUN   TestAttributionTrainableGroupsHold
--- PASS: TestAttributionTrainableGroupsHold (0.04s)
=== RUN   TestAttributionAddOnStartsSilent
--- PASS: TestAttributionAddOnStartsSilent (0.00s)
=== RUN   TestAttributionGroupsShareTheLearningRate
--- PASS: TestAttributionGroupsShareTheLearningRate (0.01s)
=== RUN   TestAttributionRejects
--- PASS: TestAttributionRejects (0.00s)
=== RUN   TestRunAttributionReportsEveryGroupAndSeed
    attribution_test.go:84: normal seed 1: unseen success 0.000 agreement 0.500 updates 4
    attribution_test.go:84: normal seed 2: unseen success 0.000 agreement 0.500 updates 4
    attribution_test.go:84: normal seed 3: unseen success 0.000 agreement 0.022 updates 4
    attribution_test.go:84: frozen_core seed 1: unseen success 0.000 agreement 0.456 updates 4
    attribution_test.go:84: frozen_core seed 2: unseen success 0.333 agreement 0.130 updates 4
    attribution_test.go:84: frozen_core seed 3: unseen success 0.000 agreement 0.022 updates 4
    attribution_test.go:84: core_only seed 1: unseen success 0.000 agreement 0.022 updates 4
    attribution_test.go:84: core_only seed 2: unseen success 0.000 agreement 0.150 updates 4
    attribution_test.go:84: core_only seed 3: unseen success 0.000 agreement 0.161 updates 4
    attribution_test.go:84: generic_matched seed 1: unseen success 0.000 agreement 0.500 updates 4
    attribution_test.go:84: generic_matched seed 2: unseen success 0.000 agreement 0.022 updates 4
    attribution_test.go:84: generic_matched seed 3: unseen success 0.000 agreement 0.022 updates 4
    attribution_test.go:84: rewired seed 1: unseen success 0.000 agreement 0.500 updates 4
    attribution_test.go:84: rewired seed 2: unseen success 0.000 agreement 0.500 updates 4
    attribution_test.go:84: rewired seed 3: unseen success 0.000 agreement 0.022 updates 4
    attribution_test.go:84: ablated_retrained seed 1: unseen success 0.000 agreement 0.022 updates 4
    attribution_test.go:84: ablated_retrained seed 2: unseen success 0.000 agreement 0.344 updates 4
    attribution_test.go:84: ablated_retrained seed 3: unseen success 0.000 agreement 0.189 updates 4
    attribution_test.go:84: capacity_matched_modulator seed 1: unseen success 0.000 agreement 0.417 updates 4
    attribution_test.go:84: capacity_matched_modulator seed 2: unseen success 0.000 agreement 0.500 updates 4
    attribution_test.go:84: capacity_matched_modulator seed 3: unseen success 0.000 agreement 0.022 updates 4
    attribution_test.go:108: frozen_core unseen_success_rate: mean +0.1111 CI [0.0000, 0.3333] dropped 0 diffs [0 0.3333333333333333 0]
    attribution_test.go:108: frozen_core unseen_expert_agreement: mean -0.1383 CI [-0.3704, -0.0148] dropped 0 diffs [-0.04444444444444445 -0.37037037037037035 0]
    attribution_test.go:108: core_only unseen_success_rate: mean +0.0000 CI [0.0000, 0.0000] dropped 0 diffs [0 0 0]
    attribution_test.go:108: core_only unseen_expert_agreement: mean -0.2296 CI [-0.4778, -0.0241] dropped 0 diffs [-0.4777777777777778 -0.35 0.1388888888888889]
    attribution_test.go:108: generic_matched unseen_success_rate: mean +0.0000 CI [0.0000, 0.0000] dropped 0 diffs [0 0 0]
    attribution_test.go:108: generic_matched unseen_expert_agreement: mean -0.1593 CI [-0.4778, 0.0000] dropped 0 diffs [0 -0.4777777777777778 0]
    attribution_test.go:108: rewired unseen_success_rate: mean +0.0000 CI [0.0000, 0.0000] dropped 0 diffs [0 0 0]
    attribution_test.go:108: rewired unseen_expert_agreement: mean +0.0000 CI [0.0000, 0.0000] dropped 0 diffs [0 0 0]
    attribution_test.go:108: ablated_retrained unseen_success_rate: mean +0.0000 CI [0.0000, 0.0000] dropped 0 diffs [0 0 0]
    attribution_test.go:108: ablated_retrained unseen_expert_agreement: mean -0.1556 CI [-0.4778, 0.0593] dropped 0 diffs [-0.4777777777777778 -0.15555555555555556 0.16666666666666666]
    attribution_test.go:108: capacity_matched_modulator unseen_success_rate: mean +0.0000 CI [0.0000, 0.0000] dropped 0 diffs [0 0 0]
    attribution_test.go:108: capacity_matched_modulator unseen_expert_agreement: mean -0.0278 CI [-0.0833, 0.0000] dropped 0 diffs [-0.08333333333333331 0 0]
--- PASS: TestRunAttributionReportsEveryGroupAndSeed (48.56s)
=== RUN   TestAttributionCoreOnlyChecks
--- PASS: TestAttributionCoreOnlyChecks (0.00s)
=== RUN   TestAttributionNeverEnlargesThePeriphery
--- PASS: TestAttributionNeverEnlargesThePeriphery (33.82s)
=== RUN   TestRunAttributionIsDeterministic
--- PASS: TestRunAttributionIsDeterministic (75.75s)
=== RUN   TestAttributionConfigValidate
--- PASS: TestAttributionConfigValidate (0.00s)
=== RUN   TestRunAttributionHonoursCancellation
--- PASS: TestRunAttributionHonoursCancellation (0.00s)
=== RUN   TestAttributionReadoutScaleUsesActionNodes
--- PASS: TestAttributionReadoutScaleUsesActionNodes (0.01s)
=== RUN   TestAttributionComparisonFinite
=== RUN   TestAttributionComparisonFinite/NaN
=== RUN   TestAttributionComparisonFinite/+Inf
=== RUN   TestAttributionComparisonFinite/-Inf
=== RUN   TestAttributionComparisonFinite/zero
=== RUN   TestAttributionComparisonFinite/one
=== RUN   TestAttributionComparisonFinite/negative
=== RUN   TestAttributionComparisonFinite/above_one
--- PASS: TestAttributionComparisonFinite (0.00s)
    --- PASS: TestAttributionComparisonFinite/NaN (0.00s)
    --- PASS: TestAttributionComparisonFinite/+Inf (0.00s)
    --- PASS: TestAttributionComparisonFinite/-Inf (0.00s)
    --- PASS: TestAttributionComparisonFinite/zero (0.00s)
    --- PASS: TestAttributionComparisonFinite/one (0.00s)
    --- PASS: TestAttributionComparisonFinite/negative (0.00s)
    --- PASS: TestAttributionComparisonFinite/above_one (0.00s)
=== RUN   TestContinualComparisonFinite
=== RUN   TestContinualComparisonFinite/NaN
=== RUN   TestContinualComparisonFinite/+Inf
=== RUN   TestContinualComparisonFinite/-Inf
=== RUN   TestContinualComparisonFinite/zero
=== RUN   TestContinualComparisonFinite/one
=== RUN   TestContinualComparisonFinite/negative
=== RUN   TestContinualComparisonFinite/above_one
--- PASS: TestContinualComparisonFinite (0.00s)
    --- PASS: TestContinualComparisonFinite/NaN (0.00s)
    --- PASS: TestContinualComparisonFinite/+Inf (0.00s)
    --- PASS: TestContinualComparisonFinite/-Inf (0.00s)
    --- PASS: TestContinualComparisonFinite/zero (0.00s)
    --- PASS: TestContinualComparisonFinite/one (0.00s)
    --- PASS: TestContinualComparisonFinite/negative (0.00s)
    --- PASS: TestContinualComparisonFinite/above_one (0.00s)
=== RUN   TestComparisonFiniteValidControls
=== RUN   TestComparisonFiniteValidControls/attribution/5e-324
=== RUN   TestComparisonFiniteValidControls/continual/5e-324
=== RUN   TestComparisonFiniteValidControls/attribution/0.5
=== RUN   TestComparisonFiniteValidControls/continual/0.5
=== RUN   TestComparisonFiniteValidControls/attribution/0.95
=== RUN   TestComparisonFiniteValidControls/continual/0.95
=== RUN   TestComparisonFiniteValidControls/attribution/0.9999999999999999
=== RUN   TestComparisonFiniteValidControls/continual/0.9999999999999999
=== RUN   TestComparisonFiniteValidControls/default_attribution
=== RUN   TestComparisonFiniteValidControls/continual_nil_comparison
--- PASS: TestComparisonFiniteValidControls (0.00s)
    --- PASS: TestComparisonFiniteValidControls/attribution/5e-324 (0.00s)
    --- PASS: TestComparisonFiniteValidControls/continual/5e-324 (0.00s)
    --- PASS: TestComparisonFiniteValidControls/attribution/0.5 (0.00s)
    --- PASS: TestComparisonFiniteValidControls/continual/0.5 (0.00s)
    --- PASS: TestComparisonFiniteValidControls/attribution/0.95 (0.00s)
    --- PASS: TestComparisonFiniteValidControls/continual/0.95 (0.00s)
    --- PASS: TestComparisonFiniteValidControls/attribution/0.9999999999999999 (0.00s)
    --- PASS: TestComparisonFiniteValidControls/continual/0.9999999999999999 (0.00s)
    --- PASS: TestComparisonFiniteValidControls/default_attribution (0.00s)
    --- PASS: TestComparisonFiniteValidControls/continual_nil_comparison (0.00s)
=== RUN   TestComparisonAbsentWithoutDeclaration
--- PASS: TestComparisonAbsentWithoutDeclaration (0.02s)
=== RUN   TestComparisonUsesOnlyPairsWhereBothSucceeded
--- PASS: TestComparisonUsesOnlyPairsWhereBothSucceeded (0.00s)
=== RUN   TestContinualFixtureShape
--- PASS: TestContinualFixtureShape (0.00s)
=== RUN   TestContinualMatrixUntrainedCellsMatchDirectScores
--- PASS: TestContinualMatrixUntrainedCellsMatchDirectScores (0.01s)
=== RUN   TestContinualMatrixTrainsAndKeepsEveryRecord
    continual_run_test.go:141: seed 7 scores=[[-0.05988871976099566 -0.03944798311446511] [-0.03132802665617636 -0.011401685945988923] [-0.1410963631139751 -0.011401685945988923]] failed=[[false false] [false false] [false false]] forgetting=[[0 0] [0 0] [0.10976833645779875 0]]
    continual_run_test.go:141: seed 42 scores=[[-0.06510242430357843 -0.0494798181735517] [-0.035271626671576385 -0.016422384753911043] [-0.1403428813333713 -0.016422384753911043]] failed=[[false false] [false false] [false false]] forgetting=[[0 0] [0 0] [0.10507125466179493 0]]
    continual_run_test.go:141: seed 123 scores=[[-0.0706412377595995 -0.05910399925391928] [-0.035584999492793264 -0.016249686372598215] [-0.16653023809008743 -0.016249686372598215]] failed=[[false false] [false false] [false false]] forgetting=[[0 0] [0 0] [0.13094523859729418 0]]
--- PASS: TestContinualMatrixTrainsAndKeepsEveryRecord (0.21s)
=== RUN   TestContinualMatrixKeepsFailedRuns
--- PASS: TestContinualMatrixKeepsFailedRuns (0.03s)
=== RUN   TestContinualMatrixIsDeterministic
--- PASS: TestContinualMatrixIsDeterministic (0.17s)
=== RUN   TestContinualMatrixRejects
--- PASS: TestContinualMatrixRejects (0.01s)
=== RUN   TestAttributionEffectiveConfigReport
=== RUN   TestAttributionEffectiveConfigReport/errors
--- PASS: TestAttributionEffectiveConfigReport (7.47s)
    --- PASS: TestAttributionEffectiveConfigReport/errors (0.00s)
=== RUN   TestContinualEpisodeMatchesDelayedEpisodeAtDelayThree
--- PASS: TestContinualEpisodeMatchesDelayedEpisodeAtDelayThree (0.00s)
=== RUN   TestContinualEpisodeChannelAndFlip
--- PASS: TestContinualEpisodeChannelAndFlip (0.00s)
=== RUN   TestContinualProtocolValidateAcceptsTheFixture
--- PASS: TestContinualProtocolValidateAcceptsTheFixture (0.00s)
=== RUN   TestContinualProtocolValidateRejects
=== RUN   TestContinualProtocolValidateRejects/no_tasks
=== RUN   TestContinualProtocolValidateRejects/empty_task_name
=== RUN   TestContinualProtocolValidateRejects/duplicate_task_name
=== RUN   TestContinualProtocolValidateRejects/unknown_generator
=== RUN   TestContinualProtocolValidateRejects/unknown_param_key
=== RUN   TestContinualProtocolValidateRejects/missing_delay
=== RUN   TestContinualProtocolValidateRejects/missing_channel
=== RUN   TestContinualProtocolValidateRejects/delay_too_large
=== RUN   TestContinualProtocolValidateRejects/delay_too_small
=== RUN   TestContinualProtocolValidateRejects/delay_not_integer
=== RUN   TestContinualProtocolValidateRejects/channel_too_large
=== RUN   TestContinualProtocolValidateRejects/channel_not_integer
=== RUN   TestContinualProtocolValidateRejects/zero_gain
=== RUN   TestContinualProtocolValidateRejects/gain_above_one
=== RUN   TestContinualProtocolValidateRejects/no_stages
=== RUN   TestContinualProtocolValidateRejects/unknown_stage_kind
=== RUN   TestContinualProtocolValidateRejects/unknown_task_in_stage
=== RUN   TestContinualProtocolValidateRejects/rule_change_with_budget
=== RUN   TestContinualProtocolValidateRejects/train_task_budget_too_high
=== RUN   TestContinualProtocolValidateRejects/too_few_seeds
=== RUN   TestContinualProtocolValidateRejects/duplicate_seed
=== RUN   TestContinualProtocolValidateRejects/zero_episodes
=== RUN   TestContinualProtocolValidateRejects/episodes_too_high
=== RUN   TestContinualProtocolValidateRejects/unknown_metric
=== RUN   TestContinualProtocolValidateRejects/state_switch_empty_concentration
=== RUN   TestContinualProtocolValidateRejects/state_switch_ragged_rows
=== RUN   TestContinualProtocolValidateRejects/state_switch_non-finite_value
=== RUN   TestContinualProtocolValidateRejects/state_switch_negative_value
=== RUN   TestContinualProtocolValidateRejects/comparison_unknown_method
=== RUN   TestContinualProtocolValidateRejects/comparison_interval_at_zero
=== RUN   TestContinualProtocolValidateRejects/comparison_interval_at_one
=== RUN   TestContinualProtocolValidateRejects/comparison_unknown_baseline
=== RUN   TestContinualProtocolValidateRejects/comparison_too_few_resamples
=== RUN   TestContinualProtocolValidateRejects/comparison_too_many_resamples
--- PASS: TestContinualProtocolValidateRejects (0.00s)
    --- PASS: TestContinualProtocolValidateRejects/no_tasks (0.00s)
    --- PASS: TestContinualProtocolValidateRejects/empty_task_name (0.00s)
    --- PASS: TestContinualProtocolValidateRejects/duplicate_task_name (0.00s)
    --- PASS: TestContinualProtocolValidateRejects/unknown_generator (0.00s)
    --- PASS: TestContinualProtocolValidateRejects/unknown_param_key (0.00s)
    --- PASS: TestContinualProtocolValidateRejects/missing_delay (0.00s)
    --- PASS: TestContinualProtocolValidateRejects/missing_channel (0.00s)
    --- PASS: TestContinualProtocolValidateRejects/delay_too_large (0.00s)
    --- PASS: TestContinualProtocolValidateRejects/delay_too_small (0.00s)
    --- PASS: TestContinualProtocolValidateRejects/delay_not_integer (0.00s)
    --- PASS: TestContinualProtocolValidateRejects/channel_too_large (0.00s)
    --- PASS: TestContinualProtocolValidateRejects/channel_not_integer (0.00s)
    --- PASS: TestContinualProtocolValidateRejects/zero_gain (0.00s)
    --- PASS: TestContinualProtocolValidateRejects/gain_above_one (0.00s)
    --- PASS: TestContinualProtocolValidateRejects/no_stages (0.00s)
    --- PASS: TestContinualProtocolValidateRejects/unknown_stage_kind (0.00s)
    --- PASS: TestContinualProtocolValidateRejects/unknown_task_in_stage (0.00s)
    --- PASS: TestContinualProtocolValidateRejects/rule_change_with_budget (0.00s)
    --- PASS: TestContinualProtocolValidateRejects/train_task_budget_too_high (0.00s)
    --- PASS: TestContinualProtocolValidateRejects/too_few_seeds (0.00s)
    --- PASS: TestContinualProtocolValidateRejects/duplicate_seed (0.00s)
    --- PASS: TestContinualProtocolValidateRejects/zero_episodes (0.00s)
    --- PASS: TestContinualProtocolValidateRejects/episodes_too_high (0.00s)
    --- PASS: TestContinualProtocolValidateRejects/unknown_metric (0.00s)
    --- PASS: TestContinualProtocolValidateRejects/state_switch_empty_concentration (0.00s)
    --- PASS: TestContinualProtocolValidateRejects/state_switch_ragged_rows (0.00s)
    --- PASS: TestContinualProtocolValidateRejects/state_switch_non-finite_value (0.00s)
    --- PASS: TestContinualProtocolValidateRejects/state_switch_negative_value (0.00s)
    --- PASS: TestContinualProtocolValidateRejects/comparison_unknown_method (0.00s)
    --- PASS: TestContinualProtocolValidateRejects/comparison_interval_at_zero (0.00s)
    --- PASS: TestContinualProtocolValidateRejects/comparison_interval_at_one (0.00s)
    --- PASS: TestContinualProtocolValidateRejects/comparison_unknown_baseline (0.00s)
    --- PASS: TestContinualProtocolValidateRejects/comparison_too_few_resamples (0.00s)
    --- PASS: TestContinualProtocolValidateRejects/comparison_too_many_resamples (0.00s)
PASS
ok  	github.com/TimLai666/coimnet/experiment	166.554s
=== RUN   TestExamplesRunAttributionWritesReport
--- PASS: TestExamplesRunAttributionWritesReport (32.10s)
=== RUN   TestExamplesRunAttributionGroupsSubset
--- PASS: TestExamplesRunAttributionGroupsSubset (7.42s)
=== RUN   TestExamplesRunAttributionRejects
=== RUN   TestExamplesRunAttributionRejects/too_few_seeds
=== RUN   TestExamplesRunAttributionRejects/groups_lack_normal
=== RUN   TestExamplesRunAttributionRejects/unknown_group
=== RUN   TestExamplesRunAttributionRejects/invalid_interval
=== RUN   TestExamplesRunAttributionRejects/too_few_resamples
=== RUN   TestExamplesRunAttributionRejects/zero_eval_episodes
=== RUN   TestExamplesRunAttributionRejects/zero_training_episodes
=== RUN   TestExamplesRunAttributionRejects/existing_output
--- PASS: TestExamplesRunAttributionRejects (0.00s)
    --- PASS: TestExamplesRunAttributionRejects/too_few_seeds (0.00s)
    --- PASS: TestExamplesRunAttributionRejects/groups_lack_normal (0.00s)
    --- PASS: TestExamplesRunAttributionRejects/unknown_group (0.00s)
    --- PASS: TestExamplesRunAttributionRejects/invalid_interval (0.00s)
    --- PASS: TestExamplesRunAttributionRejects/too_few_resamples (0.00s)
    --- PASS: TestExamplesRunAttributionRejects/zero_eval_episodes (0.00s)
    --- PASS: TestExamplesRunAttributionRejects/zero_training_episodes (0.00s)
    --- PASS: TestExamplesRunAttributionRejects/existing_output (0.00s)
=== RUN   TestExamplesHelpWrapsAttributionOverview
--- PASS: TestExamplesHelpWrapsAttributionOverview (0.00s)
=== RUN   TestExamplesListIncludesAttribution
--- PASS: TestExamplesListIncludesAttribution (0.00s)
=== RUN   TestContinualMatrixWritesAReport
--- PASS: TestContinualMatrixWritesAReport (0.02s)
=== RUN   TestContinualMatrixWithChemistry
--- PASS: TestContinualMatrixWithChemistry (0.07s)
=== RUN   TestContinualMatrixRejects
--- PASS: TestContinualMatrixRejects (0.00s)
PASS
ok  	github.com/TimLai666/coimnet/internal/cli	40.167s
