2026/09/15 00:18:17 [insyra - Info] Welcome to Insyra Huashan(v0.3.2)!!
Official website: https://insyra.hazelnut-paradise.com

       93.08 real        85.09 user         6.35 sys
          4378574848  maximum resident set size
                   0  average shared memory size
                   0  average unshared data size
                   0  average unshared stack size
             1792861  page reclaims
                   0  page faults
                   0  swaps
                   0  block input operations
                   0  block output operations
                   0  messages sent
                   0  messages received
                4625  signals received
                 224  voluntary context switches
              316552  involuntary context switches
       1694702436845  instructions retired
        339319928753  cycles elapsed
          5192913168  peak memory footprint
exit=0
state snapshot hashed and removed; only its size and SHA-256 are kept
