2026/09/13 22:11:41 [insyra - Info] Welcome to Insyra Huashan(v0.3.2)!!
Official website: https://insyra.hazelnut-paradise.com

      410.19 real       276.71 user        13.05 sys
          3396730880  maximum resident set size
                   0  average shared memory size
                   0  average unshared data size
                   0  average unshared stack size
             2009962  page reclaims
                 187  page faults
                   0  swaps
                   0  block input operations
                   0  block output operations
                   0  messages sent
                   0  messages received
               15853  signals received
                2240  voluntary context switches
              427073  involuntary context switches
       1685512285561  instructions retired
        687038873525  cycles elapsed
          7991417096  peak memory footprint
exit=0
