=== RUN   TestEnvironmentEffectiveConfig
=== RUN   TestEnvironmentEffectiveConfig/defaults
=== RUN   TestEnvironmentEffectiveConfig/partial
=== RUN   TestEnvironmentEffectiveConfig/explicit
--- PASS: TestEnvironmentEffectiveConfig (0.00s)
    --- PASS: TestEnvironmentEffectiveConfig/defaults (0.00s)
    --- PASS: TestEnvironmentEffectiveConfig/partial (0.00s)
    --- PASS: TestEnvironmentEffectiveConfig/explicit (0.00s)
=== RUN   TestEnvironmentEffectiveConfigRejects
--- PASS: TestEnvironmentEffectiveConfigRejects (0.00s)
=== RUN   TestEnvironmentNonFiniteConfig
=== RUN   TestEnvironmentNonFiniteConfig/wall_density/NaN
=== RUN   TestEnvironmentNonFiniteConfig/wall_density/+Inf
=== RUN   TestEnvironmentNonFiniteConfig/wall_density/-Inf
=== RUN   TestEnvironmentNonFiniteConfig/step_penalty/NaN
=== RUN   TestEnvironmentNonFiniteConfig/step_penalty/+Inf
=== RUN   TestEnvironmentNonFiniteConfig/step_penalty/-Inf
=== RUN   TestEnvironmentNonFiniteConfig/collision_penalty/NaN
=== RUN   TestEnvironmentNonFiniteConfig/collision_penalty/+Inf
=== RUN   TestEnvironmentNonFiniteConfig/collision_penalty/-Inf
=== RUN   TestEnvironmentNonFiniteConfig/goal_reward/NaN
=== RUN   TestEnvironmentNonFiniteConfig/goal_reward/+Inf
=== RUN   TestEnvironmentNonFiniteConfig/goal_reward/-Inf
--- PASS: TestEnvironmentNonFiniteConfig (0.00s)
    --- PASS: TestEnvironmentNonFiniteConfig/wall_density/NaN (0.00s)
    --- PASS: TestEnvironmentNonFiniteConfig/wall_density/+Inf (0.00s)
    --- PASS: TestEnvironmentNonFiniteConfig/wall_density/-Inf (0.00s)
    --- PASS: TestEnvironmentNonFiniteConfig/step_penalty/NaN (0.00s)
    --- PASS: TestEnvironmentNonFiniteConfig/step_penalty/+Inf (0.00s)
    --- PASS: TestEnvironmentNonFiniteConfig/step_penalty/-Inf (0.00s)
    --- PASS: TestEnvironmentNonFiniteConfig/collision_penalty/NaN (0.00s)
    --- PASS: TestEnvironmentNonFiniteConfig/collision_penalty/+Inf (0.00s)
    --- PASS: TestEnvironmentNonFiniteConfig/collision_penalty/-Inf (0.00s)
    --- PASS: TestEnvironmentNonFiniteConfig/goal_reward/NaN (0.00s)
    --- PASS: TestEnvironmentNonFiniteConfig/goal_reward/+Inf (0.00s)
    --- PASS: TestEnvironmentNonFiniteConfig/goal_reward/-Inf (0.00s)
=== RUN   TestEnvironmentFiniteConfigControls
--- PASS: TestEnvironmentFiniteConfigControls (0.00s)
PASS
ok  	github.com/TimLai666/coimnet/experiment/nav2d	0.289s
=== RUN   TestNav2DEffectiveConfigReport
=== RUN   TestNav2DEffectiveConfigReport/errors
--- PASS: TestNav2DEffectiveConfigReport (0.12s)
    --- PASS: TestNav2DEffectiveConfigReport/errors (0.00s)
=== RUN   TestNav2DSuiteEffectiveConfigReport
--- PASS: TestNav2DSuiteEffectiveConfigReport (0.00s)
=== RUN   TestAttributionEffectiveConfigReport
=== RUN   TestAttributionEffectiveConfigReport/errors
--- PASS: TestAttributionEffectiveConfigReport (0.69s)
    --- PASS: TestAttributionEffectiveConfigReport/errors (0.00s)
=== RUN   TestReportNonFiniteEnvironment
=== RUN   TestReportNonFiniteEnvironment/wall_density/NaN
=== RUN   TestReportNonFiniteEnvironment/wall_density/+Inf
=== RUN   TestReportNonFiniteEnvironment/wall_density/-Inf
=== RUN   TestReportNonFiniteEnvironment/step_penalty/NaN
=== RUN   TestReportNonFiniteEnvironment/step_penalty/+Inf
=== RUN   TestReportNonFiniteEnvironment/step_penalty/-Inf
=== RUN   TestReportNonFiniteEnvironment/collision_penalty/NaN
=== RUN   TestReportNonFiniteEnvironment/collision_penalty/+Inf
=== RUN   TestReportNonFiniteEnvironment/collision_penalty/-Inf
=== RUN   TestReportNonFiniteEnvironment/goal_reward/NaN
=== RUN   TestReportNonFiniteEnvironment/goal_reward/+Inf
=== RUN   TestReportNonFiniteEnvironment/goal_reward/-Inf
--- PASS: TestReportNonFiniteEnvironment (0.00s)
    --- PASS: TestReportNonFiniteEnvironment/wall_density/NaN (0.00s)
    --- PASS: TestReportNonFiniteEnvironment/wall_density/+Inf (0.00s)
    --- PASS: TestReportNonFiniteEnvironment/wall_density/-Inf (0.00s)
    --- PASS: TestReportNonFiniteEnvironment/step_penalty/NaN (0.00s)
    --- PASS: TestReportNonFiniteEnvironment/step_penalty/+Inf (0.00s)
    --- PASS: TestReportNonFiniteEnvironment/step_penalty/-Inf (0.00s)
    --- PASS: TestReportNonFiniteEnvironment/collision_penalty/NaN (0.00s)
    --- PASS: TestReportNonFiniteEnvironment/collision_penalty/+Inf (0.00s)
    --- PASS: TestReportNonFiniteEnvironment/collision_penalty/-Inf (0.00s)
    --- PASS: TestReportNonFiniteEnvironment/goal_reward/NaN (0.00s)
    --- PASS: TestReportNonFiniteEnvironment/goal_reward/+Inf (0.00s)
    --- PASS: TestReportNonFiniteEnvironment/goal_reward/-Inf (0.00s)
=== RUN   TestReportNonFiniteValidControl
--- PASS: TestReportNonFiniteValidControl (0.42s)
PASS
ok  	github.com/TimLai666/coimnet/experiment	1.630s
=== RUN   TestEqualFloat32RejectsNonFinite
--- PASS: TestEqualFloat32RejectsNonFinite (0.00s)
=== RUN   TestExamplesEffectiveConfigReports
=== RUN   TestExamplesEffectiveConfigReports/single
=== RUN   TestExamplesEffectiveConfigReports/suite
=== RUN   TestExamplesEffectiveConfigReports/attribution
--- PASS: TestExamplesEffectiveConfigReports (0.19s)
    --- PASS: TestExamplesEffectiveConfigReports/single (0.00s)
    --- PASS: TestExamplesEffectiveConfigReports/suite (0.01s)
    --- PASS: TestExamplesEffectiveConfigReports/attribution (0.18s)
PASS
ok  	github.com/TimLai666/coimnet/internal/cli	0.577s
