ok  	github.com/TimLai666/coimnet	38.925s
ok  	github.com/TimLai666/coimnet/backend	1.280s
ok  	github.com/TimLai666/coimnet/backend/webgpu	1.475s
ok  	github.com/TimLai666/coimnet/checkpoint	18.352s
?   	github.com/TimLai666/coimnet/cmd/coimnet	[no test files]
ok  	github.com/TimLai666/coimnet/config	1.765s
ok  	github.com/TimLai666/coimnet/connectome	4.174s
ok  	github.com/TimLai666/coimnet/connectome/flywire	1.515s
ok  	github.com/TimLai666/coimnet/distill	1.483s
ok  	github.com/TimLai666/coimnet/download	2.049s
ok  	github.com/TimLai666/coimnet/dynamics	6.770s
ok  	github.com/TimLai666/coimnet/examples/lifthreshold	2.035s
ok  	github.com/TimLai666/coimnet/examples/multichannel	1.557s
ok  	github.com/TimLai666/coimnet/examples/realasr	1.536s
ok  	github.com/TimLai666/coimnet/examples/realmedia	10.405s
ok  	github.com/TimLai666/coimnet/examples/realnav	4.434s
ok  	github.com/TimLai666/coimnet/examples/realnavmemory	4.786s
ok  	github.com/TimLai666/coimnet/examples/realocr	1.503s
ok  	github.com/TimLai666/coimnet/examples/realsubgraph	2.272s
ok  	github.com/TimLai666/coimnet/examples/realtext	194.373s
ok  	github.com/TimLai666/coimnet/experiment	1219.147s
ok  	github.com/TimLai666/coimnet/experiment/fullgraph	3.440s
ok  	github.com/TimLai666/coimnet/experiment/gridnav	1.282s
ok  	github.com/TimLai666/coimnet/experiment/multimodaleval	973.655s
ok  	github.com/TimLai666/coimnet/experiment/nav2d	1.269s
ok  	github.com/TimLai666/coimnet/experiment/studenteval	4.158s
ok  	github.com/TimLai666/coimnet/feather	1.391s
ok  	github.com/TimLai666/coimnet/internal/cli	603.901s
ok  	github.com/TimLai666/coimnet/internal/delayedfixture	1.501s
ok  	github.com/TimLai666/coimnet/internal/extsort	1.563s
ok  	github.com/TimLai666/coimnet/internal/fileio	1.282s
ok  	github.com/TimLai666/coimnet/internal/jsonkey	1.271s
ok  	github.com/TimLai666/coimnet/internal/redact	1.322s
ok  	github.com/TimLai666/coimnet/internal/sparse	1.289s
ok  	github.com/TimLai666/coimnet/internal/strictjson	1.297s
ok  	github.com/TimLai666/coimnet/learning	6.708s
ok  	github.com/TimLai666/coimnet/learning/rl	3.947s
ok  	github.com/TimLai666/coimnet/modulation	2.085s
ok  	github.com/TimLai666/coimnet/multimodal	1.276s
ok  	github.com/TimLai666/coimnet/multimodal/synthetic	1.310s
ok  	github.com/TimLai666/coimnet/params	2.930s
ok  	github.com/TimLai666/coimnet/plasticity	1.262s
ok  	github.com/TimLai666/coimnet/replay	1.264s
ok  	github.com/TimLai666/coimnet/resources	1.260s
ok  	github.com/TimLai666/coimnet/signal	1.904s
ok  	github.com/TimLai666/coimnet/simulate	3.858s
ok  	github.com/TimLai666/coimnet/tasks/asr	123.462s
ok  	github.com/TimLai666/coimnet/tasks/asr/audio	1.705s
ok  	github.com/TimLai666/coimnet/tasks/media	755.958s
ok  	github.com/TimLai666/coimnet/tasks/media/realdata	2.231s
ok  	github.com/TimLai666/coimnet/tasks/nav2d/trajectory	1.697s
ok  	github.com/TimLai666/coimnet/tasks/ocr	25.327s
ok  	github.com/TimLai666/coimnet/tasks/ocr/ctc	1.244s
ok  	github.com/TimLai666/coimnet/tasks/ocr/glyphs	1.256s
ok  	github.com/TimLai666/coimnet/tasks/textgen	1232.827s
ok  	github.com/TimLai666/coimnet/tasks/textgen/tokenizer	1.266s
ok  	github.com/TimLai666/coimnet/teacher	1.726s
ok  	github.com/TimLai666/coimnet/teacher/tool	1.260s
