2026/09/25 01:47:02 [insyra - Info] Welcome to Insyra Huashan(v0.3.2)!!
Official website: https://insyra.hazelnut-paradise.com

        0.75 real         0.70 user         0.05 sys
           349208576  maximum resident set size
                   0  average shared memory size
                   0  average unshared data size
                   0  average unshared stack size
               21235  page reclaims
                 383  page faults
                   0  swaps
                   0  block input operations
                   0  block output operations
                   0  messages sent
                   0  messages received
                  92  signals received
                  26  voluntary context switches
                2307  involuntary context switches
         10470211516  instructions retired
          2822726565  cycles elapsed
           340706192  peak memory footprint
