2026/09/25 01:47:19 [insyra - Info] Welcome to Insyra Huashan(v0.3.2)!!
Official website: https://insyra.hazelnut-paradise.com

        1.20 real         1.23 user         0.07 sys
           420216832  maximum resident set size
                   0  average shared memory size
                   0  average unshared data size
                   0  average unshared stack size
               25576  page reclaims
                 389  page faults
                   0  swaps
                   0  block input operations
                   0  block output operations
                   0  messages sent
                   0  messages received
                 123  signals received
                  21  voluntary context switches
                5028  involuntary context switches
         19591746420  instructions retired
          4720382908  cycles elapsed
           411632552  peak memory footprint
