2026/09/25 01:45:24 [insyra - Info] Welcome to Insyra Huashan(v0.3.2)!!
Official website: https://insyra.hazelnut-paradise.com

        1.50 real         1.18 user         0.05 sys
           422641664  maximum resident set size
                   0  average shared memory size
                   0  average unshared data size
                   0  average unshared stack size
               26115  page reclaims
                   0  page faults
                   0  swaps
                   0  block input operations
                   0  block output operations
                   0  messages sent
                   0  messages received
                 126  signals received
                  19  voluntary context switches
                2930  involuntary context switches
         19528176789  instructions retired
          4617030383  cycles elapsed
           414073792  peak memory footprint
