2026/09/24 03:20:26 [insyra - Info] Welcome to Insyra Huashan(v0.3.2)!!
Official website: https://insyra.hazelnut-paradise.com

       25.16 real        21.27 user         3.25 sys
          7570210816  maximum resident set size
                   0  average shared memory size
                   0  average unshared data size
                   0  average unshared stack size
             1470119  page reclaims
                  13  page faults
                   0  swaps
                   0  block input operations
                   0  block output operations
                   0  messages sent
                   0  messages received
                1228  signals received
                  74  voluntary context switches
               78945  involuntary context switches
        471835910999  instructions retired
         91166984303  cycles elapsed
         10733478072  peak memory footprint
