2026/09/24 03:19:01 [insyra - Info] Welcome to Insyra Huashan(v0.3.2)!!
Official website: https://insyra.hazelnut-paradise.com

       85.47 real        67.42 user        12.31 sys
          7234748416  maximum resident set size
                   0  average shared memory size
                   0  average unshared data size
                   0  average unshared stack size
             4620135  page reclaims
                   0  page faults
                   0  swaps
                   0  block input operations
                   0  block output operations
                   0  messages sent
                   0  messages received
                3952  signals received
                2586  voluntary context switches
              295603  involuntary context switches
       1469367791929  instructions retired
        297486693289  cycles elapsed
         13119104816  peak memory footprint
