2026/09/22 19:30:08 [insyra - Info] Welcome to Insyra Huashan(v0.3.2)!!
Official website: https://insyra.hazelnut-paradise.com

=== RUN   TestPPOCollectRecordsReplayAndTimeoutBootstrap
--- PASS: TestPPOCollectRecordsReplayAndTimeoutBootstrap (0.00s)
=== RUN   TestPPOCollectDistinguishesTrueTerminationFromTimeout
--- PASS: TestPPOCollectDistinguishesTrueTerminationFromTimeout (0.00s)
=== RUN   TestPPOCollectSamplesPolicyAndRNGChangesAction
--- PASS: TestPPOCollectSamplesPolicyAndRNGChangesAction (0.00s)
=== RUN   TestPPOCollectRejectsInvalidInputAndUnsupportedMechanism
=== RUN   TestPPOCollectRejectsInvalidInputAndUnsupportedMechanism/nil_context
=== RUN   TestPPOCollectRejectsInvalidInputAndUnsupportedMechanism/nil_individual
=== RUN   TestPPOCollectRejectsInvalidInputAndUnsupportedMechanism/nil_rng
=== RUN   TestPPOCollectRejectsInvalidInputAndUnsupportedMechanism/nonfinite_step_penalty
=== RUN   TestPPOCollectRejectsInvalidInputAndUnsupportedMechanism/nonfinite_goal_reward
--- PASS: TestPPOCollectRejectsInvalidInputAndUnsupportedMechanism (0.00s)
    --- PASS: TestPPOCollectRejectsInvalidInputAndUnsupportedMechanism/nil_context (0.00s)
    --- PASS: TestPPOCollectRejectsInvalidInputAndUnsupportedMechanism/nil_individual (0.00s)
    --- PASS: TestPPOCollectRejectsInvalidInputAndUnsupportedMechanism/nil_rng (0.00s)
    --- PASS: TestPPOCollectRejectsInvalidInputAndUnsupportedMechanism/nonfinite_step_penalty (0.00s)
    --- PASS: TestPPOCollectRejectsInvalidInputAndUnsupportedMechanism/nonfinite_goal_reward (0.00s)
=== RUN   TestPPOCollectResetsOnlyTheEpisodeCopy
--- PASS: TestPPOCollectResetsOnlyTheEpisodeCopy (0.00s)
PASS
ok  	command-line-arguments	1.494s
