2026/09/22 19:53:57 [insyra - Info] Welcome to Insyra Huashan(v0.3.2)!!
Official website: https://insyra.hazelnut-paradise.com

=== RUN   TestGovernanceRequirementIDsMatchHandoff
--- PASS: TestGovernanceRequirementIDsMatchHandoff (0.00s)
=== RUN   TestGovernanceStatusValuesAreDeclared
--- PASS: TestGovernanceStatusValuesAreDeclared (0.00s)
=== RUN   TestGovernancePassedRequirementsHaveEvidence
--- PASS: TestGovernancePassedRequirementsHaveEvidence (0.01s)
=== RUN   TestGovernanceTicketsHaveDatedRootDecisions
    governance_test.go:301: no Root 決策 section: 01-environment.md
    governance_test.go:301: no Root 決策 section: 02-sparse.md
    governance_test.go:301: no Root 決策 section: 03-signals.md
    governance_test.go:301: no Root 決策 section: 04-continuous-training.md
    governance_test.go:301: no Root 決策 section: 05-resume.md
    governance_test.go:301: no Root 決策 section: 06-source-download.md
    governance_test.go:301: no Root 決策 section: 07-feather-reader.md
    governance_test.go:301: no Root 決策 section: 10-real-subgraph-example.md
--- PASS: TestGovernanceTicketsHaveDatedRootDecisions (0.00s)
PASS
ok  	github.com/TimLai666/coimnet	0.359s
