2026/09/24 23:22:13 [insyra - Info] Welcome to Insyra Huashan(v0.3.2)!!
Official website: https://insyra.hazelnut-paradise.com

elapsed_ms=1057
        1.47 real         1.10 user         0.04 sys
           133070848  maximum resident set size
                   0  average shared memory size
                   0  average unshared data size
                   0  average unshared stack size
                8408  page reclaims
                   0  page faults
                   0  swaps
                   0  block input operations
                   0  block output operations
                   0  messages sent
                   0  messages received
                 786  signals received
                  79  voluntary context switches
                5083  involuntary context switches
         19453682238  instructions retired
          4214411637  cycles elapsed
           123945656  peak memory footprint
