=== RUN   TestSparseBackwardGPUMatchesFloat32Reference
    sparse_backward_test.go:67: adapter="Apple M3" backend="Metal" vendor="Apple" driver="Metal" device_type="DiscreteGPU" initialization=337.348542ms compilation=61.913041ms topology_transfer=2.5095ms warmup=5.362625ms transfer=100.292µs dispatch=432.5µs readback=4.265459ms cpu_reference_max_abs_diff=0
--- PASS: TestSparseBackwardGPUMatchesFloat32Reference (0.34s)
=== RUN   TestSparseBackwardSingleEdgeRepeatedInputs
    sparse_backward_test.go:137: adapter="Apple M3" backend="Metal" repeated_inputs=12
--- PASS: TestSparseBackwardSingleEdgeRepeatedInputs (0.39s)
=== RUN   TestSparseBackwardZeroEdges
--- PASS: TestSparseBackwardZeroEdges (0.01s)
=== RUN   TestSparseBackwardCrossesWorkgroupBoundaries
    sparse_backward_test.go:227: adapter="Apple M3" backend="Metal" device_type="DiscreteGPU" nodes=130 edges=910 initialization=4.870333ms compilation=619.458µs topology_transfer=191.208µs warmup=3.376417ms transfer=61.958µs dispatch=136.75µs readback=696.709µs max_abs_diff=0
--- PASS: TestSparseBackwardCrossesWorkgroupBoundaries (0.01s)
=== RUN   TestSparseBackwardRejectsInvalidInputs
=== RUN   TestSparseBackwardRejectsInvalidInputs/upstream_shape
=== RUN   TestSparseBackwardRejectsInvalidInputs/source_shape
=== RUN   TestSparseBackwardRejectsInvalidInputs/weight_shape
=== RUN   TestSparseBackwardRejectsInvalidInputs/non-finite_upstream
=== RUN   TestSparseBackwardRejectsInvalidInputs/non-finite_source
=== RUN   TestSparseBackwardRejectsInvalidInputs/non-finite_weight
--- PASS: TestSparseBackwardRejectsInvalidInputs (0.03s)
    --- PASS: TestSparseBackwardRejectsInvalidInputs/upstream_shape (0.00s)
    --- PASS: TestSparseBackwardRejectsInvalidInputs/source_shape (0.00s)
    --- PASS: TestSparseBackwardRejectsInvalidInputs/weight_shape (0.00s)
    --- PASS: TestSparseBackwardRejectsInvalidInputs/non-finite_upstream (0.00s)
    --- PASS: TestSparseBackwardRejectsInvalidInputs/non-finite_source (0.00s)
    --- PASS: TestSparseBackwardRejectsInvalidInputs/non-finite_weight (0.00s)
=== RUN   TestSparseDriveGPUMatchesFloat32Reference
    sparse_drive_test.go:99: adapter="Apple M3" backend="Metal" vendor="Apple" driver="Metal" device_type="DiscreteGPU" initialization=50.51525ms compilation=28.832542ms topology_transfer=267.917µs warmup=20.237584ms transfer=199.792µs dispatch=136.958µs readback=569µs cpu_reference_max_abs_diff=0
--- PASS: TestSparseDriveGPUMatchesFloat32Reference (0.07s)
=== RUN   TestSparseDriveCrossesWorkgroupBoundaries
    sparse_drive_test.go:182: adapter="Apple M3" backend="Metal" nodes=130 edges=910
--- PASS: TestSparseDriveCrossesWorkgroupBoundaries (0.03s)
=== RUN   TestSparseDriveRejectsInvalidExecuteInputs
=== RUN   TestSparseDriveRejectsInvalidExecuteInputs/input_shape
=== RUN   TestSparseDriveRejectsInvalidExecuteInputs/source_shape
=== RUN   TestSparseDriveRejectsInvalidExecuteInputs/weights_shape
=== RUN   TestSparseDriveRejectsInvalidExecuteInputs/non-finite_input
=== RUN   TestSparseDriveRejectsInvalidExecuteInputs/non-finite_output
=== RUN   TestSparseDriveRejectsInvalidExecuteInputs/non-finite_weight
--- PASS: TestSparseDriveRejectsInvalidExecuteInputs (0.02s)
    --- PASS: TestSparseDriveRejectsInvalidExecuteInputs/input_shape (0.00s)
    --- PASS: TestSparseDriveRejectsInvalidExecuteInputs/source_shape (0.00s)
    --- PASS: TestSparseDriveRejectsInvalidExecuteInputs/weights_shape (0.00s)
    --- PASS: TestSparseDriveRejectsInvalidExecuteInputs/non-finite_input (0.00s)
    --- PASS: TestSparseDriveRejectsInvalidExecuteInputs/non-finite_output (0.00s)
    --- PASS: TestSparseDriveRejectsInvalidExecuteInputs/non-finite_weight (0.00s)
=== RUN   TestSparseDriveExecuteHonorsCancellation
--- PASS: TestSparseDriveExecuteHonorsCancellation (0.10s)
PASS
ok  	github.com/TimLai666/coimnet/backend/webgpu	1.092s
=== RUN   TestGPUTrainerMatchesCPUUpdatesAndMoments
    gpu_trainer_test.go:37: GPU adapters: forward={Adapter:Apple M3 Backend:Metal Vendor:Apple Driver:Metal DeviceType:DiscreteGPU} backward={Adapter:Apple M3 Backend:Metal Vendor:Apple Driver:Metal DeviceType:DiscreteGPU}
--- PASS: TestGPUTrainerMatchesCPUUpdatesAndMoments (0.32s)
=== RUN   TestGPUTrainerStepFromMatchesCPU
--- PASS: TestGPUTrainerStepFromMatchesCPU (0.17s)
=== RUN   TestGPUTrainerRestoreContinuesWithoutInterruption
--- PASS: TestGPUTrainerRestoreContinuesWithoutInterruption (0.13s)
=== RUN   TestGPUTrainerPersistedSnapshotResumesInNewProcess
--- PASS: TestGPUTrainerPersistedSnapshotResumesInNewProcess (0.27s)
=== RUN   TestGPUTrainerSubprocessRestoreHelper
--- PASS: TestGPUTrainerSubprocessRestoreHelper (0.00s)
=== RUN   TestNewGPUTrainerRejectsUnsupportedConfigurations
=== RUN   TestNewGPUTrainerRejectsUnsupportedConfigurations/LIF
=== RUN   TestNewGPUTrainerRejectsUnsupportedConfigurations/mixed
=== RUN   TestNewGPUTrainerRejectsUnsupportedConfigurations/positive_delay
=== RUN   TestNewGPUTrainerRejectsUnsupportedConfigurations/vector_state
=== RUN   TestNewGPUTrainerRejectsUnsupportedConfigurations/matrix_edge
=== RUN   TestNewGPUTrainerRejectsUnsupportedConfigurations/recompute
--- PASS: TestNewGPUTrainerRejectsUnsupportedConfigurations (0.00s)
    --- PASS: TestNewGPUTrainerRejectsUnsupportedConfigurations/LIF (0.00s)
    --- PASS: TestNewGPUTrainerRejectsUnsupportedConfigurations/mixed (0.00s)
    --- PASS: TestNewGPUTrainerRejectsUnsupportedConfigurations/positive_delay (0.00s)
    --- PASS: TestNewGPUTrainerRejectsUnsupportedConfigurations/vector_state (0.00s)
    --- PASS: TestNewGPUTrainerRejectsUnsupportedConfigurations/matrix_edge (0.00s)
    --- PASS: TestNewGPUTrainerRejectsUnsupportedConfigurations/recompute (0.00s)
=== RUN   TestGPUTrainerCloseRefusesFurtherExecutionAndCPUCloseIsNoop
--- PASS: TestGPUTrainerCloseRefusesFurtherExecutionAndCPUCloseIsNoop (0.03s)
=== RUN   TestGPUContinuousCoreRejectsPersistentStateOperations
--- PASS: TestGPUContinuousCoreRejectsPersistentStateOperations (0.03s)
=== RUN   TestUpstreamBaseline
    upstream_baseline_test.go:162: baseline comparison exact=true (reference darwin/arm64 go1.26.5, current darwin/arm64 go1.26.5)
=== RUN   TestUpstreamBaseline/continuous/readout-every-step=false/window=0
=== RUN   TestUpstreamBaseline/continuous/readout-every-step=false/window=5
=== RUN   TestUpstreamBaseline/continuous/readout-every-step=true/window=0
=== RUN   TestUpstreamBaseline/continuous/readout-every-step=true/window=5
=== RUN   TestUpstreamBaseline/lif/readout-every-step=false/window=0
=== RUN   TestUpstreamBaseline/lif/readout-every-step=false/window=5
=== RUN   TestUpstreamBaseline/lif/readout-every-step=true/window=0
=== RUN   TestUpstreamBaseline/lif/readout-every-step=true/window=5
=== RUN   TestUpstreamBaseline/vector-selected-input-nodes/signed-zero-negative-upstream
--- PASS: TestUpstreamBaseline (0.01s)
    --- PASS: TestUpstreamBaseline/continuous/readout-every-step=false/window=0 (0.00s)
    --- PASS: TestUpstreamBaseline/continuous/readout-every-step=false/window=5 (0.00s)
    --- PASS: TestUpstreamBaseline/continuous/readout-every-step=true/window=0 (0.00s)
    --- PASS: TestUpstreamBaseline/continuous/readout-every-step=true/window=5 (0.00s)
    --- PASS: TestUpstreamBaseline/lif/readout-every-step=false/window=0 (0.00s)
    --- PASS: TestUpstreamBaseline/lif/readout-every-step=false/window=5 (0.00s)
    --- PASS: TestUpstreamBaseline/lif/readout-every-step=true/window=0 (0.00s)
    --- PASS: TestUpstreamBaseline/lif/readout-every-step=true/window=5 (0.00s)
    --- PASS: TestUpstreamBaseline/vector-selected-input-nodes/signed-zero-negative-upstream (0.00s)
PASS
ok  	github.com/TimLai666/coimnet/learning	1.185s
