=== RUN   TestUpstreamBaseline
    upstream_baseline_test.go:162: baseline comparison exact=true (reference darwin/arm64 go1.26.5, current darwin/arm64 go1.26.5)
=== RUN   TestUpstreamBaseline/continuous/readout-every-step=false/window=0
=== RUN   TestUpstreamBaseline/continuous/readout-every-step=false/window=5
=== RUN   TestUpstreamBaseline/continuous/readout-every-step=true/window=0
=== RUN   TestUpstreamBaseline/continuous/readout-every-step=true/window=5
=== RUN   TestUpstreamBaseline/lif/readout-every-step=false/window=0
    upstream_baseline_test.go:181: core.weights[1] = 3.416049442102631e-06 (bits 0x3ecca7e90a9442c4), want 3.4160494421026307e-06 (bits 0x3ecca7e90a9442c3)
=== RUN   TestUpstreamBaseline/lif/readout-every-step=false/window=5
    upstream_baseline_test.go:181: core.bias[1] = -0.0015106324591601494 (bits 0xbf58c00d40891db3), want -0.001510632459160149 (bits 0xbf58c00d40891db1)
=== RUN   TestUpstreamBaseline/lif/readout-every-step=true/window=0
    upstream_baseline_test.go:181: core.weights[1] = 3.416049442102631e-06 (bits 0x3ecca7e90a9442c4), want 3.4160494421026307e-06 (bits 0x3ecca7e90a9442c3)
=== RUN   TestUpstreamBaseline/lif/readout-every-step=true/window=5
    upstream_baseline_test.go:181: core.weights[5] = 0.0011089760834950054 (bits 0x3f522b6200ae9b98), want 0.0011089760834950052 (bits 0x3f522b6200ae9b97)
=== RUN   TestUpstreamBaseline/vector-selected-input-nodes/signed-zero-negative-upstream
--- FAIL: TestUpstreamBaseline (0.01s)
    --- PASS: TestUpstreamBaseline/continuous/readout-every-step=false/window=0 (0.00s)
    --- PASS: TestUpstreamBaseline/continuous/readout-every-step=false/window=5 (0.00s)
    --- PASS: TestUpstreamBaseline/continuous/readout-every-step=true/window=0 (0.00s)
    --- PASS: TestUpstreamBaseline/continuous/readout-every-step=true/window=5 (0.00s)
    --- FAIL: TestUpstreamBaseline/lif/readout-every-step=false/window=0 (0.00s)
    --- FAIL: TestUpstreamBaseline/lif/readout-every-step=false/window=5 (0.00s)
    --- FAIL: TestUpstreamBaseline/lif/readout-every-step=true/window=0 (0.00s)
    --- FAIL: TestUpstreamBaseline/lif/readout-every-step=true/window=5 (0.00s)
    --- PASS: TestUpstreamBaseline/vector-selected-input-nodes/signed-zero-negative-upstream (0.00s)
FAIL
FAIL	github.com/TimLai666/coimnet/learning	0.453s
FAIL
