ok  	github.com/TimLai666/coimnet	10.675s
ok  	github.com/TimLai666/coimnet/backend	(cached)
ok  	github.com/TimLai666/coimnet/backend/webgpu	(cached)
ok  	github.com/TimLai666/coimnet/checkpoint	(cached)
?   	github.com/TimLai666/coimnet/cmd/coimnet	[no test files]
ok  	github.com/TimLai666/coimnet/config	(cached)
ok  	github.com/TimLai666/coimnet/connectome	(cached)
ok  	github.com/TimLai666/coimnet/connectome/flywire	(cached)
ok  	github.com/TimLai666/coimnet/distill	(cached)
ok  	github.com/TimLai666/coimnet/download	(cached)
ok  	github.com/TimLai666/coimnet/dynamics	(cached)
ok  	github.com/TimLai666/coimnet/examples/lifthreshold	(cached)
ok  	github.com/TimLai666/coimnet/examples/multichannel	(cached)
ok  	github.com/TimLai666/coimnet/examples/realasr	(cached)
ok  	github.com/TimLai666/coimnet/examples/realmedia	(cached)
ok  	github.com/TimLai666/coimnet/examples/realnav	(cached)
ok  	github.com/TimLai666/coimnet/examples/realocr	(cached)
ok  	github.com/TimLai666/coimnet/examples/realsubgraph	(cached)
ok  	github.com/TimLai666/coimnet/examples/realtext	(cached)
ok  	github.com/TimLai666/coimnet/experiment	(cached)
ok  	github.com/TimLai666/coimnet/experiment/fullgraph	(cached)
ok  	github.com/TimLai666/coimnet/experiment/gridnav	(cached)
ok  	github.com/TimLai666/coimnet/experiment/multimodaleval	1040.090s
ok  	github.com/TimLai666/coimnet/experiment/nav2d	(cached)
ok  	github.com/TimLai666/coimnet/experiment/studenteval	2.852s
ok  	github.com/TimLai666/coimnet/feather	1.468s
ok  	github.com/TimLai666/coimnet/internal/cli	709.075s
ok  	github.com/TimLai666/coimnet/internal/delayedfixture	1.454s
ok  	github.com/TimLai666/coimnet/internal/extsort	1.550s
ok  	github.com/TimLai666/coimnet/internal/fileio	1.680s
ok  	github.com/TimLai666/coimnet/internal/jsonkey	1.651s
ok  	github.com/TimLai666/coimnet/internal/redact	1.645s
ok  	github.com/TimLai666/coimnet/internal/sparse	1.699s
ok  	github.com/TimLai666/coimnet/internal/strictjson	1.289s
ok  	github.com/TimLai666/coimnet/learning	4.623s
ok  	github.com/TimLai666/coimnet/learning/rl	1.892s
ok  	github.com/TimLai666/coimnet/modulation	1.534s
ok  	github.com/TimLai666/coimnet/multimodal	1.271s
ok  	github.com/TimLai666/coimnet/multimodal/synthetic	1.276s
ok  	github.com/TimLai666/coimnet/params	2.340s
ok  	github.com/TimLai666/coimnet/plasticity	1.289s
ok  	github.com/TimLai666/coimnet/replay	1.273s
ok  	github.com/TimLai666/coimnet/resources	1.270s
ok  	github.com/TimLai666/coimnet/signal	1.599s
ok  	github.com/TimLai666/coimnet/simulate	3.506s
ok  	github.com/TimLai666/coimnet/tasks/asr	54.026s
ok  	github.com/TimLai666/coimnet/tasks/asr/audio	1.464s
ok  	github.com/TimLai666/coimnet/tasks/media	844.263s
ok  	github.com/TimLai666/coimnet/tasks/media/realdata	2.484s
ok  	github.com/TimLai666/coimnet/tasks/nav2d/trajectory	1.301s
ok  	github.com/TimLai666/coimnet/tasks/ocr	13.940s
ok  	github.com/TimLai666/coimnet/tasks/ocr/ctc	1.283s
ok  	github.com/TimLai666/coimnet/tasks/ocr/glyphs	1.275s
ok  	github.com/TimLai666/coimnet/tasks/textgen	1256.620s
ok  	github.com/TimLai666/coimnet/tasks/textgen/tokenizer	1.291s
ok  	github.com/TimLai666/coimnet/teacher	1.691s
ok  	github.com/TimLai666/coimnet/teacher/tool	1.263s
