ok  	github.com/TimLai666/coimnet	8.383s
ok  	github.com/TimLai666/coimnet/backend	(cached)
ok  	github.com/TimLai666/coimnet/backend/webgpu	1.443s
ok  	github.com/TimLai666/coimnet/checkpoint	11.867s
?   	github.com/TimLai666/coimnet/cmd/coimnet	[no test files]
ok  	github.com/TimLai666/coimnet/config	1.284s
ok  	github.com/TimLai666/coimnet/connectome	2.362s
ok  	github.com/TimLai666/coimnet/connectome/flywire	1.203s
ok  	github.com/TimLai666/coimnet/distill	1.272s
ok  	github.com/TimLai666/coimnet/download	1.695s
ok  	github.com/TimLai666/coimnet/dynamics	1.806s
ok  	github.com/TimLai666/coimnet/examples/lifthreshold	1.590s
ok  	github.com/TimLai666/coimnet/examples/multichannel	1.240s
ok  	github.com/TimLai666/coimnet/examples/realasr	1.212s
ok  	github.com/TimLai666/coimnet/examples/realmedia	4.122s
ok  	github.com/TimLai666/coimnet/examples/realnav	2.337s
ok  	github.com/TimLai666/coimnet/examples/realocr	1.265s
ok  	github.com/TimLai666/coimnet/examples/realsubgraph	1.528s
ok  	github.com/TimLai666/coimnet/examples/realtext	93.363s
ok  	github.com/TimLai666/coimnet/experiment	980.222s
ok  	github.com/TimLai666/coimnet/experiment/fullgraph	3.877s
ok  	github.com/TimLai666/coimnet/experiment/gridnav	(cached)
