ok  	github.com/TimLai666/coimnet	30.299s
ok  	github.com/TimLai666/coimnet/backend	1.360s
ok  	github.com/TimLai666/coimnet/backend/webgpu	1.861s
ok  	github.com/TimLai666/coimnet/checkpoint	20.604s
?   	github.com/TimLai666/coimnet/cmd/coimnet	[no test files]
ok  	github.com/TimLai666/coimnet/config	1.509s
ok  	github.com/TimLai666/coimnet/connectome	5.205s
ok  	github.com/TimLai666/coimnet/connectome/flywire	1.563s
ok  	github.com/TimLai666/coimnet/distill	1.566s
ok  	github.com/TimLai666/coimnet/download	2.657s
ok  	github.com/TimLai666/coimnet/dynamics	3.371s
ok  	github.com/TimLai666/coimnet/examples/lifthreshold	2.605s
ok  	github.com/TimLai666/coimnet/examples/multichannel	1.764s
ok  	github.com/TimLai666/coimnet/examples/realasr	1.656s
ok  	github.com/TimLai666/coimnet/examples/realmedia	11.274s
ok  	github.com/TimLai666/coimnet/examples/realnav	3.124s
ok  	github.com/TimLai666/coimnet/examples/realocr	1.564s
ok  	github.com/TimLai666/coimnet/examples/realsubgraph	2.496s
ok  	github.com/TimLai666/coimnet/examples/realtext	210.183s
ok  	github.com/TimLai666/coimnet/experiment	1168.486s
ok  	github.com/TimLai666/coimnet/experiment/fullgraph	6.739s
ok  	github.com/TimLai666/coimnet/experiment/gridnav	1.527s
ok  	github.com/TimLai666/coimnet/experiment/multimodaleval	1044.495s
ok  	github.com/TimLai666/coimnet/experiment/nav2d	1.289s
ok  	github.com/TimLai666/coimnet/experiment/studenteval	4.946s
ok  	github.com/TimLai666/coimnet/feather	1.540s
ok  	github.com/TimLai666/coimnet/internal/cli	669.208s
ok  	github.com/TimLai666/coimnet/internal/delayedfixture	1.546s
ok  	github.com/TimLai666/coimnet/internal/extsort	1.563s
ok  	github.com/TimLai666/coimnet/internal/fileio	1.302s
ok  	github.com/TimLai666/coimnet/internal/jsonkey	1.268s
ok  	github.com/TimLai666/coimnet/internal/redact	1.280s
ok  	github.com/TimLai666/coimnet/internal/sparse	1.275s
ok  	github.com/TimLai666/coimnet/internal/strictjson	1.288s
--- FAIL: TestUpstreamBaseline (0.01s)
    upstream_baseline_test.go:162: baseline comparison exact=true (reference darwin/arm64 go1.26.5, current darwin/arm64 go1.26.5)
    --- FAIL: TestUpstreamBaseline/lif/readout-every-step=false/window=0 (0.00s)
        upstream_baseline_test.go:181: core.weights[1] = 3.416049442102631e-06 (bits 0x3ecca7e90a9442c4), want 3.4160494421026307e-06 (bits 0x3ecca7e90a9442c3)
    --- FAIL: TestUpstreamBaseline/lif/readout-every-step=false/window=5 (0.00s)
        upstream_baseline_test.go:181: core.bias[1] = -0.0015106324591601494 (bits 0xbf58c00d40891db3), want -0.001510632459160149 (bits 0xbf58c00d40891db1)
    --- FAIL: TestUpstreamBaseline/lif/readout-every-step=true/window=0 (0.00s)
        upstream_baseline_test.go:181: core.weights[1] = 3.416049442102631e-06 (bits 0x3ecca7e90a9442c4), want 3.4160494421026307e-06 (bits 0x3ecca7e90a9442c3)
    --- FAIL: TestUpstreamBaseline/lif/readout-every-step=true/window=5 (0.00s)
        upstream_baseline_test.go:181: core.weights[5] = 0.0011089760834950054 (bits 0x3f522b6200ae9b98), want 0.0011089760834950052 (bits 0x3f522b6200ae9b97)
FAIL
FAIL	github.com/TimLai666/coimnet/learning	5.387s
ok  	github.com/TimLai666/coimnet/learning/rl	2.242s
ok  	github.com/TimLai666/coimnet/modulation	1.640s
ok  	github.com/TimLai666/coimnet/multimodal	1.268s
ok  	github.com/TimLai666/coimnet/multimodal/synthetic	1.274s
ok  	github.com/TimLai666/coimnet/params	2.679s
ok  	github.com/TimLai666/coimnet/plasticity	1.259s
ok  	github.com/TimLai666/coimnet/replay	1.261s
ok  	github.com/TimLai666/coimnet/resources	1.268s
ok  	github.com/TimLai666/coimnet/signal	1.880s
ok  	github.com/TimLai666/coimnet/simulate	6.253s
ok  	github.com/TimLai666/coimnet/tasks/asr	137.058s
ok  	github.com/TimLai666/coimnet/tasks/asr/audio	2.615s
ok  	github.com/TimLai666/coimnet/tasks/media	811.549s
ok  	github.com/TimLai666/coimnet/tasks/media/realdata	4.692s
ok  	github.com/TimLai666/coimnet/tasks/nav2d/trajectory	1.388s
ok  	github.com/TimLai666/coimnet/tasks/ocr	24.042s
ok  	github.com/TimLai666/coimnet/tasks/ocr/ctc	1.261s
ok  	github.com/TimLai666/coimnet/tasks/ocr/glyphs	1.257s
ok  	github.com/TimLai666/coimnet/tasks/textgen	1188.565s
ok  	github.com/TimLai666/coimnet/tasks/textgen/tokenizer	1.436s
ok  	github.com/TimLai666/coimnet/teacher	1.713s
ok  	github.com/TimLai666/coimnet/teacher/tool	1.283s
FAIL
