=== RUN   TestUpstreamBaseline
    upstream_baseline_test.go:162: baseline comparison exact=true (reference darwin/arm64 go1.26.5, current darwin/arm64 go1.26.5)
=== RUN   TestUpstreamBaseline/continuous/readout-every-step=false/window=0
=== RUN   TestUpstreamBaseline/continuous/readout-every-step=false/window=5
=== RUN   TestUpstreamBaseline/continuous/readout-every-step=true/window=0
=== RUN   TestUpstreamBaseline/continuous/readout-every-step=true/window=5
=== RUN   TestUpstreamBaseline/lif/readout-every-step=false/window=0
=== RUN   TestUpstreamBaseline/lif/readout-every-step=false/window=5
=== RUN   TestUpstreamBaseline/lif/readout-every-step=true/window=0
=== RUN   TestUpstreamBaseline/lif/readout-every-step=true/window=5
=== RUN   TestUpstreamBaseline/vector-selected-input-nodes/signed-zero-negative-upstream
--- PASS: TestUpstreamBaseline (0.01s)
    --- PASS: TestUpstreamBaseline/continuous/readout-every-step=false/window=0 (0.00s)
    --- PASS: TestUpstreamBaseline/continuous/readout-every-step=false/window=5 (0.00s)
    --- PASS: TestUpstreamBaseline/continuous/readout-every-step=true/window=0 (0.00s)
    --- PASS: TestUpstreamBaseline/continuous/readout-every-step=true/window=5 (0.00s)
    --- PASS: TestUpstreamBaseline/lif/readout-every-step=false/window=0 (0.00s)
    --- PASS: TestUpstreamBaseline/lif/readout-every-step=false/window=5 (0.00s)
    --- PASS: TestUpstreamBaseline/lif/readout-every-step=true/window=0 (0.00s)
    --- PASS: TestUpstreamBaseline/lif/readout-every-step=true/window=5 (0.00s)
    --- PASS: TestUpstreamBaseline/vector-selected-input-nodes/signed-zero-negative-upstream (0.00s)
PASS
ok  	github.com/TimLai666/coimnet/learning	0.591s
