=== RUN   TestReadoutEveryStepLastRowMatchesPredict
--- PASS: TestReadoutEveryStepLastRowMatchesPredict (0.00s)
=== RUN   TestReadoutEveryStepLossGradientMatchesLastStepMode
    readout_every_step_test.go:150: largest gradient difference between the two modes: 0 ()
--- PASS: TestReadoutEveryStepLossGradientMatchesLastStepMode (0.00s)
=== RUN   TestReadoutEveryStepGradientMatchesFiniteDifference
    readout_every_step_test.go:230: largest relative finite-difference error: 6.2142498791217804e-06 (encoder)
--- PASS: TestReadoutEveryStepGradientMatchesFiniteDifference (0.00s)
=== RUN   TestReadoutEveryStepOffRejectsPredictAll
--- PASS: TestReadoutEveryStepOffRejectsPredictAll (0.00s)
=== RUN   TestReadoutEveryStepOffKeepsConfigJSON
--- PASS: TestReadoutEveryStepOffKeepsConfigJSON (0.01s)
=== RUN   TestUpstreamBaseline
    upstream_baseline_test.go:169: baseline profile=normal comparison exact=true (reference darwin/arm64 go1.26.5, current darwin/arm64 go1.26.5)
=== RUN   TestUpstreamBaseline/continuous/readout-every-step=false/window=0
=== RUN   TestUpstreamBaseline/continuous/readout-every-step=false/window=5
=== RUN   TestUpstreamBaseline/continuous/readout-every-step=true/window=0
=== RUN   TestUpstreamBaseline/continuous/readout-every-step=true/window=5
=== RUN   TestUpstreamBaseline/lif/readout-every-step=false/window=0
=== RUN   TestUpstreamBaseline/lif/readout-every-step=false/window=5
=== RUN   TestUpstreamBaseline/lif/readout-every-step=true/window=0
=== RUN   TestUpstreamBaseline/lif/readout-every-step=true/window=5
=== RUN   TestUpstreamBaseline/vector-selected-input-nodes/signed-zero-negative-upstream
--- PASS: TestUpstreamBaseline (0.00s)
    --- PASS: TestUpstreamBaseline/continuous/readout-every-step=false/window=0 (0.00s)
    --- PASS: TestUpstreamBaseline/continuous/readout-every-step=false/window=5 (0.00s)
    --- PASS: TestUpstreamBaseline/continuous/readout-every-step=true/window=0 (0.00s)
    --- PASS: TestUpstreamBaseline/continuous/readout-every-step=true/window=5 (0.00s)
    --- PASS: TestUpstreamBaseline/lif/readout-every-step=false/window=0 (0.00s)
    --- PASS: TestUpstreamBaseline/lif/readout-every-step=false/window=5 (0.00s)
    --- PASS: TestUpstreamBaseline/lif/readout-every-step=true/window=0 (0.00s)
    --- PASS: TestUpstreamBaseline/lif/readout-every-step=true/window=5 (0.00s)
    --- PASS: TestUpstreamBaseline/vector-selected-input-nodes/signed-zero-negative-upstream (0.00s)
=== RUN   TestLossGradientFromMatchesLossGradient
--- PASS: TestLossGradientFromMatchesLossGradient (0.00s)
=== RUN   TestLossGradientFromRejectsBadUpstream
--- PASS: TestLossGradientFromRejectsBadUpstream (0.00s)
=== RUN   TestStepFromMatchesStep
--- PASS: TestStepFromMatchesStep (0.00s)
=== RUN   TestStepFromRespectsMasksAndAccumulation
--- PASS: TestStepFromRespectsMasksAndAccumulation (0.00s)
=== RUN   TestVectorCoreReadoutEveryStepFiniteDifference
    vector_readout_test.go:81: vector core C=2 readout-every-step worst relative finite-difference error: 2.23e-06 (core.bias)
--- PASS: TestVectorCoreReadoutEveryStepFiniteDifference (0.00s)
PASS
ok  	github.com/TimLai666/coimnet/learning	0.473s
