=== after mutation metadata (final review fixes) ===
2026-10-01T14:46:17Z
58c97b6a9f96bba0d07cf8acc0a9cdb8e00e3f9a
e337771b4c08fdc6eb7cc45a05264c63c8e17d5a4861a704e7cba3760e84a9b3  learning/network.go
d658ed4fd15e93923446991880b41de2877f87e8ba22830ae8124adb6d4e4402  learning/upstream_baseline_test.go
1b24dbed62149e9c4aadd6a6a42a193839727dbe222a3c41efb2b0b9131d8c74  learning/testdata/upstream-baseline.json
   12452 learning/testdata/upstream-baseline.json
## main...origin/main
 M ENG.md
 M delivery-status.md
 M docs/insyra-integration.md
 M learning/network.go
?? docs/tickets/31-direct-upstream-gradient.md
?? learning/testdata/
?? learning/upstream_baseline_test.go
go version go1.26.5 darwin/arm64
darwin
arm64
github.com/HazelnutParadise/insyra v0.3.4
=== required targeted test ===
=== RUN   TestRecomputeObserveMatchesForward
--- PASS: TestRecomputeObserveMatchesForward (0.00s)
=== RUN   TestRecomputeBackwardMatchesFullHistory
--- PASS: TestRecomputeBackwardMatchesFullHistory (0.00s)
=== RUN   TestRecomputeRejects
=== RUN   TestRecomputeRejects/zero_segment
=== RUN   TestRecomputeRejects/vector_core
=== RUN   TestRecomputeRejects/mixed_core
=== RUN   TestRecomputeRejects/continuous_theta_raw
--- PASS: TestRecomputeRejects (0.00s)
    --- PASS: TestRecomputeRejects/zero_segment (0.00s)
    --- PASS: TestRecomputeRejects/vector_core (0.00s)
    --- PASS: TestRecomputeRejects/mixed_core (0.00s)
    --- PASS: TestRecomputeRejects/continuous_theta_raw (0.00s)
=== RUN   TestInsyraBridgeFullGradient
--- PASS: TestInsyraBridgeFullGradient (0.00s)
=== RUN   TestReadoutEveryStepLastRowMatchesPredict
--- PASS: TestReadoutEveryStepLastRowMatchesPredict (0.00s)
=== RUN   TestReadoutEveryStepLossGradientMatchesLastStepMode
    readout_every_step_test.go:150: largest gradient difference between the two modes: 0 ()
--- PASS: TestReadoutEveryStepLossGradientMatchesLastStepMode (0.00s)
=== RUN   TestReadoutEveryStepGradientMatchesFiniteDifference
    readout_every_step_test.go:230: largest relative finite-difference error: 6.2142498791217804e-06 (encoder)
--- PASS: TestReadoutEveryStepGradientMatchesFiniteDifference (0.00s)
=== RUN   TestReadoutEveryStepOffRejectsPredictAll
--- PASS: TestReadoutEveryStepOffRejectsPredictAll (0.00s)
=== RUN   TestReadoutEveryStepOffKeepsConfigJSON
--- PASS: TestReadoutEveryStepOffKeepsConfigJSON (0.00s)
=== RUN   TestRecomputeResetOptimizerRefusesUnsupportedCore
--- PASS: TestRecomputeResetOptimizerRefusesUnsupportedCore (0.00s)
=== RUN   TestRecomputeOnlineLearnerMakesNoExtraCalls
--- PASS: TestRecomputeOnlineLearnerMakesNoExtraCalls (0.00s)
=== RUN   TestRecomputeChemistryUnchanged
--- PASS: TestRecomputeChemistryUnchanged (0.00s)
=== RUN   TestRecomputeRSSHelper
    recompute_rss_test.go:58: COIMNET_RECOMPUTE_RSS is not set; scripts/recompute-evidence.sh runs this helper
--- SKIP: TestRecomputeRSSHelper (0.00s)
=== RUN   TestRecomputeTrainerMatchesFullHistory
=== RUN   TestRecomputeTrainerMatchesFullHistory/continuous/segment=1/truncation=0
=== RUN   TestRecomputeTrainerMatchesFullHistory/continuous/segment=1/truncation=3
=== RUN   TestRecomputeTrainerMatchesFullHistory/continuous/segment=4/truncation=0
=== RUN   TestRecomputeTrainerMatchesFullHistory/continuous/segment=4/truncation=3
=== RUN   TestRecomputeTrainerMatchesFullHistory/continuous/segment=7/truncation=0
=== RUN   TestRecomputeTrainerMatchesFullHistory/continuous/segment=7/truncation=3
=== RUN   TestRecomputeTrainerMatchesFullHistory/lif/segment=1/truncation=0
=== RUN   TestRecomputeTrainerMatchesFullHistory/lif/segment=1/truncation=3
=== RUN   TestRecomputeTrainerMatchesFullHistory/lif/segment=4/truncation=0
=== RUN   TestRecomputeTrainerMatchesFullHistory/lif/segment=4/truncation=3
=== RUN   TestRecomputeTrainerMatchesFullHistory/lif/segment=7/truncation=0
=== RUN   TestRecomputeTrainerMatchesFullHistory/lif/segment=7/truncation=3
=== RUN   TestRecomputeTrainerMatchesFullHistory/continuous-fixed-signs/segment=1/truncation=0
=== RUN   TestRecomputeTrainerMatchesFullHistory/continuous-fixed-signs/segment=1/truncation=3
=== RUN   TestRecomputeTrainerMatchesFullHistory/continuous-fixed-signs/segment=4/truncation=0
=== RUN   TestRecomputeTrainerMatchesFullHistory/continuous-fixed-signs/segment=4/truncation=3
=== RUN   TestRecomputeTrainerMatchesFullHistory/continuous-fixed-signs/segment=7/truncation=0
=== RUN   TestRecomputeTrainerMatchesFullHistory/continuous-fixed-signs/segment=7/truncation=3
--- PASS: TestRecomputeTrainerMatchesFullHistory (0.05s)
    --- PASS: TestRecomputeTrainerMatchesFullHistory/continuous/segment=1/truncation=0 (0.00s)
    --- PASS: TestRecomputeTrainerMatchesFullHistory/continuous/segment=1/truncation=3 (0.00s)
    --- PASS: TestRecomputeTrainerMatchesFullHistory/continuous/segment=4/truncation=0 (0.00s)
    --- PASS: TestRecomputeTrainerMatchesFullHistory/continuous/segment=4/truncation=3 (0.00s)
    --- PASS: TestRecomputeTrainerMatchesFullHistory/continuous/segment=7/truncation=0 (0.00s)
    --- PASS: TestRecomputeTrainerMatchesFullHistory/continuous/segment=7/truncation=3 (0.00s)
    --- PASS: TestRecomputeTrainerMatchesFullHistory/lif/segment=1/truncation=0 (0.00s)
    --- PASS: TestRecomputeTrainerMatchesFullHistory/lif/segment=1/truncation=3 (0.00s)
    --- PASS: TestRecomputeTrainerMatchesFullHistory/lif/segment=4/truncation=0 (0.00s)
    --- PASS: TestRecomputeTrainerMatchesFullHistory/lif/segment=4/truncation=3 (0.00s)
    --- PASS: TestRecomputeTrainerMatchesFullHistory/lif/segment=7/truncation=0 (0.00s)
    --- PASS: TestRecomputeTrainerMatchesFullHistory/lif/segment=7/truncation=3 (0.00s)
    --- PASS: TestRecomputeTrainerMatchesFullHistory/continuous-fixed-signs/segment=1/truncation=0 (0.00s)
    --- PASS: TestRecomputeTrainerMatchesFullHistory/continuous-fixed-signs/segment=1/truncation=3 (0.00s)
    --- PASS: TestRecomputeTrainerMatchesFullHistory/continuous-fixed-signs/segment=4/truncation=0 (0.00s)
    --- PASS: TestRecomputeTrainerMatchesFullHistory/continuous-fixed-signs/segment=4/truncation=3 (0.00s)
    --- PASS: TestRecomputeTrainerMatchesFullHistory/continuous-fixed-signs/segment=7/truncation=0 (0.00s)
    --- PASS: TestRecomputeTrainerMatchesFullHistory/continuous-fixed-signs/segment=7/truncation=3 (0.00s)
=== RUN   TestRecomputeGradientHorizon
=== RUN   TestRecomputeGradientHorizon/continuous/truncation=0/recompute=false/accumulate=0
=== RUN   TestRecomputeGradientHorizon/continuous/truncation=0/recompute=false/accumulate=2
=== RUN   TestRecomputeGradientHorizon/continuous/truncation=0/recompute=true/accumulate=0
=== RUN   TestRecomputeGradientHorizon/continuous/truncation=0/recompute=true/accumulate=2
=== RUN   TestRecomputeGradientHorizon/continuous/truncation=3/recompute=false/accumulate=0
=== RUN   TestRecomputeGradientHorizon/continuous/truncation=3/recompute=false/accumulate=2
=== RUN   TestRecomputeGradientHorizon/continuous/truncation=3/recompute=true/accumulate=0
=== RUN   TestRecomputeGradientHorizon/continuous/truncation=3/recompute=true/accumulate=2
=== RUN   TestRecomputeGradientHorizon/continuous/truncation=50/recompute=false/accumulate=0
=== RUN   TestRecomputeGradientHorizon/continuous/truncation=50/recompute=false/accumulate=2
=== RUN   TestRecomputeGradientHorizon/continuous/truncation=50/recompute=true/accumulate=0
=== RUN   TestRecomputeGradientHorizon/continuous/truncation=50/recompute=true/accumulate=2
=== RUN   TestRecomputeGradientHorizon/lif/truncation=0/recompute=false/accumulate=0
=== RUN   TestRecomputeGradientHorizon/lif/truncation=0/recompute=false/accumulate=2
=== RUN   TestRecomputeGradientHorizon/lif/truncation=0/recompute=true/accumulate=0
=== RUN   TestRecomputeGradientHorizon/lif/truncation=0/recompute=true/accumulate=2
=== RUN   TestRecomputeGradientHorizon/lif/truncation=3/recompute=false/accumulate=0
=== RUN   TestRecomputeGradientHorizon/lif/truncation=3/recompute=false/accumulate=2
=== RUN   TestRecomputeGradientHorizon/lif/truncation=3/recompute=true/accumulate=0
=== RUN   TestRecomputeGradientHorizon/lif/truncation=3/recompute=true/accumulate=2
=== RUN   TestRecomputeGradientHorizon/lif/truncation=50/recompute=false/accumulate=0
=== RUN   TestRecomputeGradientHorizon/lif/truncation=50/recompute=false/accumulate=2
=== RUN   TestRecomputeGradientHorizon/lif/truncation=50/recompute=true/accumulate=0
=== RUN   TestRecomputeGradientHorizon/lif/truncation=50/recompute=true/accumulate=2
--- PASS: TestRecomputeGradientHorizon (0.01s)
    --- PASS: TestRecomputeGradientHorizon/continuous/truncation=0/recompute=false/accumulate=0 (0.00s)
    --- PASS: TestRecomputeGradientHorizon/continuous/truncation=0/recompute=false/accumulate=2 (0.00s)
    --- PASS: TestRecomputeGradientHorizon/continuous/truncation=0/recompute=true/accumulate=0 (0.00s)
    --- PASS: TestRecomputeGradientHorizon/continuous/truncation=0/recompute=true/accumulate=2 (0.00s)
    --- PASS: TestRecomputeGradientHorizon/continuous/truncation=3/recompute=false/accumulate=0 (0.00s)
    --- PASS: TestRecomputeGradientHorizon/continuous/truncation=3/recompute=false/accumulate=2 (0.00s)
    --- PASS: TestRecomputeGradientHorizon/continuous/truncation=3/recompute=true/accumulate=0 (0.00s)
    --- PASS: TestRecomputeGradientHorizon/continuous/truncation=3/recompute=true/accumulate=2 (0.00s)
    --- PASS: TestRecomputeGradientHorizon/continuous/truncation=50/recompute=false/accumulate=0 (0.00s)
    --- PASS: TestRecomputeGradientHorizon/continuous/truncation=50/recompute=false/accumulate=2 (0.00s)
    --- PASS: TestRecomputeGradientHorizon/continuous/truncation=50/recompute=true/accumulate=0 (0.00s)
    --- PASS: TestRecomputeGradientHorizon/continuous/truncation=50/recompute=true/accumulate=2 (0.00s)
    --- PASS: TestRecomputeGradientHorizon/lif/truncation=0/recompute=false/accumulate=0 (0.00s)
    --- PASS: TestRecomputeGradientHorizon/lif/truncation=0/recompute=false/accumulate=2 (0.00s)
    --- PASS: TestRecomputeGradientHorizon/lif/truncation=0/recompute=true/accumulate=0 (0.00s)
    --- PASS: TestRecomputeGradientHorizon/lif/truncation=0/recompute=true/accumulate=2 (0.00s)
    --- PASS: TestRecomputeGradientHorizon/lif/truncation=3/recompute=false/accumulate=0 (0.00s)
    --- PASS: TestRecomputeGradientHorizon/lif/truncation=3/recompute=false/accumulate=2 (0.00s)
    --- PASS: TestRecomputeGradientHorizon/lif/truncation=3/recompute=true/accumulate=0 (0.00s)
    --- PASS: TestRecomputeGradientHorizon/lif/truncation=3/recompute=true/accumulate=2 (0.00s)
    --- PASS: TestRecomputeGradientHorizon/lif/truncation=50/recompute=false/accumulate=0 (0.00s)
    --- PASS: TestRecomputeGradientHorizon/lif/truncation=50/recompute=false/accumulate=2 (0.00s)
    --- PASS: TestRecomputeGradientHorizon/lif/truncation=50/recompute=true/accumulate=0 (0.00s)
    --- PASS: TestRecomputeGradientHorizon/lif/truncation=50/recompute=true/accumulate=2 (0.00s)
=== RUN   TestRecomputeOptionsValidation
=== RUN   TestRecomputeOptionsValidation/segment_below_one
=== RUN   TestRecomputeOptionsValidation/mixed_core
=== RUN   TestRecomputeOptionsValidation/restore
=== RUN   TestRecomputeOptionsValidation/default_options_json
=== RUN   TestRecomputeOptionsValidation/snapshot_copies
--- PASS: TestRecomputeOptionsValidation (0.00s)
    --- PASS: TestRecomputeOptionsValidation/segment_below_one (0.00s)
    --- PASS: TestRecomputeOptionsValidation/mixed_core (0.00s)
    --- PASS: TestRecomputeOptionsValidation/restore (0.00s)
    --- PASS: TestRecomputeOptionsValidation/default_options_json (0.00s)
    --- PASS: TestRecomputeOptionsValidation/snapshot_copies (0.00s)
=== RUN   TestRecomputePredictUnchanged
=== RUN   TestRecomputePredictUnchanged/continuous
=== RUN   TestRecomputePredictUnchanged/lif
--- PASS: TestRecomputePredictUnchanged (0.00s)
    --- PASS: TestRecomputePredictUnchanged/continuous (0.00s)
    --- PASS: TestRecomputePredictUnchanged/lif (0.00s)
=== RUN   TestUpstreamBaseline
    upstream_baseline_test.go:162: baseline comparison exact=true (reference darwin/arm64 go1.26.5, current darwin/arm64 go1.26.5)
=== RUN   TestUpstreamBaseline/continuous/readout-every-step=false/window=0
=== RUN   TestUpstreamBaseline/continuous/readout-every-step=false/window=5
=== RUN   TestUpstreamBaseline/continuous/readout-every-step=true/window=0
=== RUN   TestUpstreamBaseline/continuous/readout-every-step=true/window=5
=== RUN   TestUpstreamBaseline/lif/readout-every-step=false/window=0
=== RUN   TestUpstreamBaseline/lif/readout-every-step=false/window=5
=== RUN   TestUpstreamBaseline/lif/readout-every-step=true/window=0
=== RUN   TestUpstreamBaseline/lif/readout-every-step=true/window=5
=== RUN   TestUpstreamBaseline/vector-selected-input-nodes/signed-zero-negative-upstream
--- PASS: TestUpstreamBaseline (0.00s)
    --- PASS: TestUpstreamBaseline/continuous/readout-every-step=false/window=0 (0.00s)
    --- PASS: TestUpstreamBaseline/continuous/readout-every-step=false/window=5 (0.00s)
    --- PASS: TestUpstreamBaseline/continuous/readout-every-step=true/window=0 (0.00s)
    --- PASS: TestUpstreamBaseline/continuous/readout-every-step=true/window=5 (0.00s)
    --- PASS: TestUpstreamBaseline/lif/readout-every-step=false/window=0 (0.00s)
    --- PASS: TestUpstreamBaseline/lif/readout-every-step=false/window=5 (0.00s)
    --- PASS: TestUpstreamBaseline/lif/readout-every-step=true/window=0 (0.00s)
    --- PASS: TestUpstreamBaseline/lif/readout-every-step=true/window=5 (0.00s)
    --- PASS: TestUpstreamBaseline/vector-selected-input-nodes/signed-zero-negative-upstream (0.00s)
=== RUN   TestLossGradientFromMatchesLossGradient
--- PASS: TestLossGradientFromMatchesLossGradient (0.00s)
=== RUN   TestLossGradientFromRejectsBadUpstream
--- PASS: TestLossGradientFromRejectsBadUpstream (0.00s)
=== RUN   TestVectorCoreReadoutEveryStepFiniteDifference
    vector_readout_test.go:81: vector core C=2 readout-every-step worst relative finite-difference error: 2.23e-06 (core.bias)
--- PASS: TestVectorCoreReadoutEveryStepFiniteDifference (0.00s)
PASS
ok  	github.com/TimLai666/coimnet/learning	0.459s
test_exit_code=0
