=== RUN   TestProjectionRejectsNoncanonicalMetadataOrder
    projection_review_test.go:41: accepted noncanonical metadata order with a matching hash
--- FAIL: TestProjectionRejectsNoncanonicalMetadataOrder (0.00s)
=== RUN   TestProjectionRejectsLossyUnicode
=== RUN   TestProjectionRejectsLossyUnicode/"source":"replacement:/ff
    projection_review_test.go:73: accepted lossy Unicode ff
=== RUN   TestProjectionRejectsLossyUnicode/"source":"replacement:/5c7564383030
    projection_review_test.go:73: accepted lossy Unicode 5c7564383030
=== RUN   TestProjectionRejectsLossyUnicode/"source":"replacement:/5c7564666666
    projection_review_test.go:73: accepted lossy Unicode 5c7564666666
=== RUN   TestProjectionRejectsLossyUnicode/"source":"replacement:/5c75643830305c7530303431
    projection_review_test.go:73: accepted lossy Unicode 5c75643830305c7530303431
=== RUN   TestProjectionRejectsLossyUnicode/"external_id":"/ff
    projection_review_test.go:73: accepted lossy Unicode ff
=== RUN   TestProjectionRejectsLossyUnicode/"external_id":"/5c7564383030
    projection_review_test.go:73: accepted lossy Unicode 5c7564383030
=== RUN   TestProjectionRejectsLossyUnicode/"external_id":"/5c7564666666
    projection_review_test.go:73: accepted lossy Unicode 5c7564666666
=== RUN   TestProjectionRejectsLossyUnicode/"external_id":"/5c75643830305c7530303431
--- FAIL: TestProjectionRejectsLossyUnicode (0.00s)
    --- FAIL: TestProjectionRejectsLossyUnicode/"source":"replacement:/ff (0.00s)
    --- FAIL: TestProjectionRejectsLossyUnicode/"source":"replacement:/5c7564383030 (0.00s)
    --- FAIL: TestProjectionRejectsLossyUnicode/"source":"replacement:/5c7564666666 (0.00s)
    --- FAIL: TestProjectionRejectsLossyUnicode/"source":"replacement:/5c75643830305c7530303431 (0.00s)
    --- FAIL: TestProjectionRejectsLossyUnicode/"external_id":"/ff (0.00s)
    --- FAIL: TestProjectionRejectsLossyUnicode/"external_id":"/5c7564383030 (0.00s)
    --- FAIL: TestProjectionRejectsLossyUnicode/"external_id":"/5c7564666666 (0.00s)
    --- PASS: TestProjectionRejectsLossyUnicode/"external_id":"/5c75643830305c7530303431 (0.00s)
FAIL
FAIL	github.com/TimLai666/coimnet/signal	0.442s
FAIL
