ok  	github.com/TimLai666/coimnet	6.720s
ok  	github.com/TimLai666/coimnet/backend	1.255s
ok  	github.com/TimLai666/coimnet/backend/webgpu	1.397s
ok  	github.com/TimLai666/coimnet/checkpoint	11.158s
?   	github.com/TimLai666/coimnet/cmd/coimnet	[no test files]
ok  	github.com/TimLai666/coimnet/config	1.441s
ok  	github.com/TimLai666/coimnet/connectome	2.398s
ok  	github.com/TimLai666/coimnet/connectome/flywire	1.375s
ok  	github.com/TimLai666/coimnet/distill	1.520s
ok  	github.com/TimLai666/coimnet/download	1.819s
ok  	github.com/TimLai666/coimnet/dynamics	1.937s
ok  	github.com/TimLai666/coimnet/examples/lifthreshold	1.648s
ok  	github.com/TimLai666/coimnet/examples/multichannel	1.430s
ok  	github.com/TimLai666/coimnet/examples/realasr	1.417s
ok  	github.com/TimLai666/coimnet/examples/realmedia	4.181s
ok  	github.com/TimLai666/coimnet/examples/realnav	2.718s
ok  	github.com/TimLai666/coimnet/examples/realnavmemory	1.655s
ok  	github.com/TimLai666/coimnet/examples/realocr	1.403s
ok  	github.com/TimLai666/coimnet/examples/realsubgraph	1.747s
ok  	github.com/TimLai666/coimnet/examples/realtext	98.222s
ok  	github.com/TimLai666/coimnet/experiment	1004.616s
ok  	github.com/TimLai666/coimnet/experiment/fullgraph	3.067s
ok  	github.com/TimLai666/coimnet/experiment/gridnav	1.259s
ok  	github.com/TimLai666/coimnet/experiment/multimodaleval	888.372s
ok  	github.com/TimLai666/coimnet/experiment/nav2d	1.256s
ok  	github.com/TimLai666/coimnet/experiment/studenteval	2.660s
ok  	github.com/TimLai666/coimnet/feather	1.355s
ok  	github.com/TimLai666/coimnet/internal/cli	482.771s
ok  	github.com/TimLai666/coimnet/internal/delayedfixture	1.596s
ok  	github.com/TimLai666/coimnet/internal/extsort	1.585s
ok  	github.com/TimLai666/coimnet/internal/fileio	1.280s
ok  	github.com/TimLai666/coimnet/internal/jsonkey	1.275s
ok  	github.com/TimLai666/coimnet/internal/redact	1.272s
ok  	github.com/TimLai666/coimnet/internal/sparse	1.272s
ok  	github.com/TimLai666/coimnet/internal/strictjson	1.277s
ok  	github.com/TimLai666/coimnet/learning	5.031s
ok  	github.com/TimLai666/coimnet/learning/rl	1.827s
ok  	github.com/TimLai666/coimnet/modulation	1.620s
ok  	github.com/TimLai666/coimnet/multimodal	1.285s
ok  	github.com/TimLai666/coimnet/multimodal/synthetic	1.278s
ok  	github.com/TimLai666/coimnet/params	2.527s
ok  	github.com/TimLai666/coimnet/plasticity	1.276s
ok  	github.com/TimLai666/coimnet/replay	1.282s
ok  	github.com/TimLai666/coimnet/resources	1.272s
ok  	github.com/TimLai666/coimnet/signal	1.573s
ok  	github.com/TimLai666/coimnet/simulate	3.939s
ok  	github.com/TimLai666/coimnet/tasks/asr	47.664s
ok  	github.com/TimLai666/coimnet/tasks/asr/audio	1.490s
ok  	github.com/TimLai666/coimnet/tasks/media	643.377s
ok  	github.com/TimLai666/coimnet/tasks/media/realdata	2.400s
ok  	github.com/TimLai666/coimnet/tasks/nav2d/trajectory	1.326s
ok  	github.com/TimLai666/coimnet/tasks/ocr	10.630s
ok  	github.com/TimLai666/coimnet/tasks/ocr/ctc	1.264s
ok  	github.com/TimLai666/coimnet/tasks/ocr/glyphs	1.266s
