=== RUN   TestBuildHistoryKeepsEveryRowAndUsesOnlyPastCausalValues
--- PASS: TestBuildHistoryKeepsEveryRowAndUsesOnlyPastCausalValues (0.00s)
=== RUN   TestBuildHistoryRejectsMalformedRowsStimuliAndTrials
=== RUN   TestBuildHistoryRejectsMalformedRowsStimuliAndTrials/stimulus_length
=== RUN   TestBuildHistoryRejectsMalformedRowsStimuliAndTrials/stimulus_trial_mismatch
=== RUN   TestBuildHistoryRejectsMalformedRowsStimuliAndTrials/stimulus_time_mismatch
=== RUN   TestBuildHistoryRejectsMalformedRowsStimuliAndTrials/non-finite_point
=== RUN   TestBuildHistoryRejectsMalformedRowsStimuliAndTrials/negative_time
=== RUN   TestBuildHistoryRejectsMalformedRowsStimuliAndTrials/time_rollback
=== RUN   TestBuildHistoryRejectsMalformedRowsStimuliAndTrials/interleaved_trials
=== RUN   TestBuildHistoryRejectsMalformedRowsStimuliAndTrials/unknown_condition
=== RUN   TestBuildHistoryRejectsMalformedRowsStimuliAndTrials/fabricated_delivered_zero
=== RUN   TestBuildHistoryRejectsMalformedRowsStimuliAndTrials/no_legal_after_relocation
=== RUN   TestBuildHistoryRejectsMalformedRowsStimuliAndTrials/trial_capacity
--- PASS: TestBuildHistoryRejectsMalformedRowsStimuliAndTrials (0.01s)
    --- PASS: TestBuildHistoryRejectsMalformedRowsStimuliAndTrials/stimulus_length (0.00s)
    --- PASS: TestBuildHistoryRejectsMalformedRowsStimuliAndTrials/stimulus_trial_mismatch (0.00s)
    --- PASS: TestBuildHistoryRejectsMalformedRowsStimuliAndTrials/stimulus_time_mismatch (0.00s)
    --- PASS: TestBuildHistoryRejectsMalformedRowsStimuliAndTrials/non-finite_point (0.00s)
    --- PASS: TestBuildHistoryRejectsMalformedRowsStimuliAndTrials/negative_time (0.00s)
    --- PASS: TestBuildHistoryRejectsMalformedRowsStimuliAndTrials/time_rollback (0.00s)
    --- PASS: TestBuildHistoryRejectsMalformedRowsStimuliAndTrials/interleaved_trials (0.00s)
    --- PASS: TestBuildHistoryRejectsMalformedRowsStimuliAndTrials/unknown_condition (0.00s)
    --- PASS: TestBuildHistoryRejectsMalformedRowsStimuliAndTrials/fabricated_delivered_zero (0.00s)
    --- PASS: TestBuildHistoryRejectsMalformedRowsStimuliAndTrials/no_legal_after_relocation (0.00s)
    --- PASS: TestBuildHistoryRejectsMalformedRowsStimuliAndTrials/trial_capacity (0.01s)
=== RUN   TestImportHistoryRejectsNilContext
--- PASS: TestImportHistoryRejectsNilContext (0.00s)
=== RUN   TestRealSourceIsFixed
--- PASS: TestRealSourceIsFixed (0.00s)
=== RUN   TestMemoryHelpDiscoversAllCommands
--- PASS: TestMemoryHelpDiscoversAllCommands (0.00s)
=== RUN   TestMemoryUnknownCommandAndPositionalArgumentsFail
--- PASS: TestMemoryUnknownCommandAndPositionalArgumentsFail (0.00s)
=== RUN   TestNewModelContract
--- PASS: TestNewModelContract (0.00s)
=== RUN   TestMaskedMSEUsesOnlyScoredRows
--- PASS: TestMaskedMSEUsesOnlyScoredRows (0.00s)
=== RUN   TestTrialInputsControlsAreCausalAndDoNotAlias
--- PASS: TestTrialInputsControlsAreCausalAndDoNotAlias (0.00s)
=== RUN   TestEarlierStimulusChangesLaterOutput
--- PASS: TestEarlierStimulusChangesLaterOutput (0.00s)
=== RUN   TestFullHistoryStepFromReachesEarlyStimulus
--- PASS: TestFullHistoryStepFromReachesEarlyStimulus (0.02s)
=== RUN   TestEarlyStimulusGradientMatchesFiniteDifference
--- PASS: TestEarlyStimulusGradientMatchesFiniteDifference (0.00s)
=== RUN   TestFitModelAndEvaluateAllControlsUseMatchedUpdates
=== RUN   TestFitModelAndEvaluateAllControlsUseMatchedUpdates/delivered
=== RUN   TestFitModelAndEvaluateAllControlsUseMatchedUpdates/no_stimulus
=== RUN   TestFitModelAndEvaluateAllControlsUseMatchedUpdates/shuffled_stimulus
--- PASS: TestFitModelAndEvaluateAllControlsUseMatchedUpdates (0.01s)
    --- PASS: TestFitModelAndEvaluateAllControlsUseMatchedUpdates/delivered (0.00s)
    --- PASS: TestFitModelAndEvaluateAllControlsUseMatchedUpdates/no_stimulus (0.00s)
    --- PASS: TestFitModelAndEvaluateAllControlsUseMatchedUpdates/shuffled_stimulus (0.00s)
=== RUN   TestFitModelUsesLexicalTrialOrder
--- PASS: TestFitModelUsesLexicalTrialOrder (0.01s)
=== RUN   TestTrainingAndEvaluationRespectCancellation
--- PASS: TestTrainingAndEvaluationRespectCancellation (0.00s)
=== RUN   TestMemoryArenaRejectsOutsideStepAndPreservesPosition
--- PASS: TestMemoryArenaRejectsOutsideStepAndPreservesPosition (0.00s)
=== RUN   TestMemoryBaselinesDoNotReadGoalForActionPath
--- PASS: TestMemoryBaselinesDoNotReadGoalForActionPath (0.00s)
=== RUN   TestMemoryModelRolloutDoesNotReadFutureRowsAndFreezesSnapshot
--- PASS: TestMemoryModelRolloutDoesNotReadFutureRowsAndFreezesSnapshot (0.06s)
=== RUN   TestMemoryRolloutCancellationDoesNotProducePartialTrial
--- PASS: TestMemoryRolloutCancellationDoesNotProducePartialTrial (0.00s)
=== RUN   TestMemoryModelRolloutResetsStateForEachTrial
--- PASS: TestMemoryModelRolloutResetsStateForEachTrial (0.12s)
=== RUN   TestMemoryShuffledRolloutContinuesCausallyAfterPrefix
--- PASS: TestMemoryShuffledRolloutContinuesCausallyAfterPrefix (0.06s)
=== RUN   TestMemoryShuffledRolloutMatchesRawCausalBlocksAfterGeneratedExtension
--- PASS: TestMemoryShuffledRolloutMatchesRawCausalBlocksAfterGeneratedExtension (0.03s)
=== RUN   TestMemoryShuffledRolloutPreservesRawCurrentRowStimulus
--- PASS: TestMemoryShuffledRolloutPreservesRawCurrentRowStimulus (0.03s)
=== RUN   TestMakeSplitStratifiesTrainAndPreservesOriginalTestOrder
--- PASS: TestMakeSplitStratifiesTrainAndPreservesOriginalTestOrder (0.00s)
=== RUN   TestMakeSplitUsesLargestRemainderAndHashOrderDeterministically
--- PASS: TestMakeSplitUsesLargestRemainderAndHashOrderDeterministically (0.00s)
=== RUN   TestMakeSplitSupportsSmallFixtureWithOneValidationAndOneTrain
--- PASS: TestMakeSplitSupportsSmallFixtureWithOneValidationAndOneTrain (0.00s)
=== RUN   TestMakeSplitAndValidateRejectBadMembership
=== RUN   TestMakeSplitAndValidateRejectBadMembership/empty_original_train
=== RUN   TestMakeSplitAndValidateRejectBadMembership/empty_original_test
=== RUN   TestMakeSplitAndValidateRejectBadMembership/duplicate_original
=== RUN   TestMakeSplitAndValidateRejectBadMembership/cross_group
=== RUN   TestMakeSplitAndValidateRejectBadMembership/unknown_original
=== RUN   TestMakeSplitAndValidateRejectBadMembership/omitted_original
--- PASS: TestMakeSplitAndValidateRejectBadMembership (0.00s)
    --- PASS: TestMakeSplitAndValidateRejectBadMembership/empty_original_train (0.00s)
    --- PASS: TestMakeSplitAndValidateRejectBadMembership/empty_original_test (0.00s)
    --- PASS: TestMakeSplitAndValidateRejectBadMembership/duplicate_original (0.00s)
    --- PASS: TestMakeSplitAndValidateRejectBadMembership/cross_group (0.00s)
    --- PASS: TestMakeSplitAndValidateRejectBadMembership/unknown_original (0.00s)
    --- PASS: TestMakeSplitAndValidateRejectBadMembership/omitted_original (0.00s)
=== RUN   TestSelectTrialsFollowsRequestedIDsAndCopiesSteps
--- PASS: TestSelectTrialsFollowsRequestedIDsAndCopiesSteps (0.00s)
=== RUN   TestMemoryPlanRejectsSplitPollutionAndMissingCoverage
--- PASS: TestMemoryPlanRejectsSplitPollutionAndMissingCoverage (0.00s)
=== RUN   TestMemoryPlanRejectsFakeSeedAndBudget
--- PASS: TestMemoryPlanRejectsFakeSeedAndBudget (0.00s)
=== RUN   TestMemoryBundleRejectsUnknownVersionAndMissingContract
--- PASS: TestMemoryBundleRejectsUnknownVersionAndMissingContract (0.00s)
=== RUN   TestMemoryStrictJSONRejectsUnknownAndDuplicateKeys
--- PASS: TestMemoryStrictJSONRejectsUnknownAndDuplicateKeys (0.00s)
=== RUN   TestMemoryStrictJSONRequiresZeroValuedConfigFields
--- PASS: TestMemoryStrictJSONRequiresZeroValuedConfigFields (0.00s)
=== RUN   TestMemorySnapshotPresenceRejectsMissingZeroOption
--- PASS: TestMemorySnapshotPresenceRejectsMissingZeroOption (0.00s)
=== RUN   TestMemoryRunRejectsForgedAfterSnapshotWithoutFullBudget
--- PASS: TestMemoryRunRejectsForgedAfterSnapshotWithoutFullBudget (0.00s)
=== RUN   TestMemoryOutputExistingDirectoryIsUntouched
--- PASS: TestMemoryOutputExistingDirectoryIsUntouched (0.00s)
=== RUN   TestMemoryCleanupLeavesUnexpectedFiles
--- PASS: TestMemoryCleanupLeavesUnexpectedFiles (0.00s)
PASS
ok  	github.com/TimLai666/coimnet/examples/realnavmemory	1.591s
=== RUN   TestConvertAdapterSamplesKeepsCausalFeaturesAndTargetSeparate
--- PASS: TestConvertAdapterSamplesKeepsCausalFeaturesAndTargetSeparate (0.00s)
=== RUN   TestConvertSamplesRejectsMissingTrialConditionAndNonFiniteValues
--- PASS: TestConvertSamplesRejectsMissingTrialConditionAndNonFiniteValues (0.00s)
=== RUN   TestRealSourceRecordsPinnedFileAndDryadCC0Terms
--- PASS: TestRealSourceRecordsPinnedFileAndDryadCC0Terms (0.00s)
=== RUN   TestOnlyAfterRelocationDropsOtherSegments
--- PASS: TestOnlyAfterRelocationDropsOtherSegments (0.00s)
=== RUN   TestSnapshotRejectsPreprocessingContractMismatch
=== RUN   TestSnapshotRejectsPreprocessingContractMismatch/version
=== RUN   TestSnapshotRejectsPreprocessingContractMismatch/segment
=== RUN   TestSnapshotRejectsPreprocessingContractMismatch/max_delta
=== RUN   TestSnapshotRejectsPreprocessingContractMismatch/max_step
=== RUN   TestSnapshotRejectsPreprocessingContractMismatch/pose_scale
=== RUN   TestSnapshotRejectsPreprocessingContractMismatch/displacement_scale
=== RUN   TestSnapshotRejectsPreprocessingContractMismatch/time_scale
--- PASS: TestSnapshotRejectsPreprocessingContractMismatch (0.00s)
    --- PASS: TestSnapshotRejectsPreprocessingContractMismatch/version (0.00s)
    --- PASS: TestSnapshotRejectsPreprocessingContractMismatch/segment (0.00s)
    --- PASS: TestSnapshotRejectsPreprocessingContractMismatch/max_delta (0.00s)
    --- PASS: TestSnapshotRejectsPreprocessingContractMismatch/max_step (0.00s)
    --- PASS: TestSnapshotRejectsPreprocessingContractMismatch/pose_scale (0.00s)
    --- PASS: TestSnapshotRejectsPreprocessingContractMismatch/displacement_scale (0.00s)
    --- PASS: TestSnapshotRejectsPreprocessingContractMismatch/time_scale (0.00s)
=== RUN   TestRunHelpDescribesModesAndCausalBoundary
--- PASS: TestRunHelpDescribesModesAndCausalBoundary (0.00s)
=== RUN   TestReadJSONRejectsTrailingValue
--- PASS: TestReadJSONRejectsTrailingValue (0.00s)
=== RUN   TestInferReportDoesNotClaimPreTrainingEvidence
--- PASS: TestInferReportDoesNotClaimPreTrainingEvidence (0.00s)
=== RUN   TestInferenceRebuildsTrainAndTestSplitMetadata
--- PASS: TestInferenceRebuildsTrainAndTestSplitMetadata (0.00s)
=== RUN   TestInferenceRebuildRejectsInvalidSplits
=== RUN   TestInferenceRebuildRejectsInvalidSplits/cross-list_overlap
=== RUN   TestInferenceRebuildRejectsInvalidSplits/omitted_trial
=== RUN   TestInferenceRebuildRejectsInvalidSplits/duplicate_training_ID
=== RUN   TestInferenceRebuildRejectsInvalidSplits/unknown_ID
=== RUN   TestInferenceRebuildRejectsInvalidSplits/empty_ID
--- PASS: TestInferenceRebuildRejectsInvalidSplits (0.00s)
    --- PASS: TestInferenceRebuildRejectsInvalidSplits/cross-list_overlap (0.00s)
    --- PASS: TestInferenceRebuildRejectsInvalidSplits/omitted_trial (0.00s)
    --- PASS: TestInferenceRebuildRejectsInvalidSplits/duplicate_training_ID (0.00s)
    --- PASS: TestInferenceRebuildRejectsInvalidSplits/unknown_ID (0.00s)
    --- PASS: TestInferenceRebuildRejectsInvalidSplits/empty_ID (0.00s)
=== RUN   TestRunInferRejectsInvalidSnapshotsWithoutOutputDirectory
    main_test.go:130: set COIMNET_TSK11_TRAJECTORY and COIMNET_TSK11_SNAPSHOT to run the real inference CLI regression
--- SKIP: TestRunInferRejectsInvalidSnapshotsWithoutOutputDirectory (0.00s)
=== RUN   TestPrepareOutputDirectoryRejectsDanglingSymlinkEscape
--- PASS: TestPrepareOutputDirectoryRejectsDanglingSymlinkEscape (0.00s)
=== RUN   TestPrepareOutputDirectoryAllowsSafeSymlinkParent
--- PASS: TestPrepareOutputDirectoryAllowsSafeSymlinkParent (0.00s)
=== RUN   TestPrepareOutputDirectoryRejectsSymlinkParentIntoSource
--- PASS: TestPrepareOutputDirectoryRejectsSymlinkParentIntoSource (0.00s)
=== RUN   TestRunRejectsMissingOrUnknownModeWithoutJSON
--- PASS: TestRunRejectsMissingOrUnknownModeWithoutJSON (0.00s)
=== RUN   TestFitSamplesPerformsTrueGradientUpdates
--- PASS: TestFitSamplesPerformsTrueGradientUpdates (0.06s)
=== RUN   TestDirectionBaselineUsesOnlyPreviousDisplacement
--- PASS: TestDirectionBaselineUsesOnlyPreviousDisplacement (0.00s)
=== RUN   TestSnapshotFingerprintAndFreshTrainerPredictionsMatch
--- PASS: TestSnapshotFingerprintAndFreshTrainerPredictionsMatch (0.01s)
=== RUN   TestPredictionsAddCausalDirectionBeforeLearnedResidual
--- PASS: TestPredictionsAddCausalDirectionBeforeLearnedResidual (0.00s)
=== RUN   TestRestoredSnapshotInferenceMatchesFreshProcess
--- PASS: TestRestoredSnapshotInferenceMatchesFreshProcess (1.05s)
=== RUN   TestInferenceEvaluationDoesNotAdvanceTrainer
--- PASS: TestInferenceEvaluationDoesNotAdvanceTrainer (0.01s)
=== RUN   TestRealnavInferenceHelper
--- PASS: TestRealnavInferenceHelper (0.00s)
=== RUN   TestRolloutNonzeroReadoutMatchesChunkOracleAndFreezesWholeSnapshot
--- PASS: TestRolloutNonzeroReadoutMatchesChunkOracleAndFreezesWholeSnapshot (0.12s)
=== RUN   TestRolloutAllActionsIgnoreTargetsAndFutureRecordedPositions
--- PASS: TestRolloutAllActionsIgnoreTargetsAndFutureRecordedPositions (0.02s)
=== RUN   TestRolloutInitialHitHonorsCancellation
--- PASS: TestRolloutInitialHitHonorsCancellation (0.00s)
=== RUN   TestRolloutInitialHitStillValidatesStartAndStrategy
--- PASS: TestRolloutInitialHitStillValidatesStartAndStrategy (0.00s)
=== RUN   TestRolloutOutputRejectsRepositoryAndSymlink
--- PASS: TestRolloutOutputRejectsRepositoryAndSymlink (0.00s)
=== RUN   TestRolloutExtremeFiniteActionRetainsDirectionWhenClipped
--- PASS: TestRolloutExtremeFiniteActionRetainsDirectionWhenClipped (0.00s)
=== RUN   TestRolloutProductionStopsAtTheFirstOffOriginHit
--- PASS: TestRolloutProductionStopsAtTheFirstOffOriginHit (0.00s)
=== RUN   TestRolloutLineIntersectionHandCalculated
=== RUN   TestRolloutLineIntersectionHandCalculated/crosses
=== RUN   TestRolloutLineIntersectionHandCalculated/tangent
=== RUN   TestRolloutLineIntersectionHandCalculated/misses
=== RUN   TestRolloutLineIntersectionHandCalculated/zero
--- PASS: TestRolloutLineIntersectionHandCalculated (0.00s)
    --- PASS: TestRolloutLineIntersectionHandCalculated/crosses (0.00s)
    --- PASS: TestRolloutLineIntersectionHandCalculated/tangent (0.00s)
    --- PASS: TestRolloutLineIntersectionHandCalculated/misses (0.00s)
    --- PASS: TestRolloutLineIntersectionHandCalculated/zero (0.00s)
=== RUN   TestRolloutInitialSuccessIsSeparateFromLearnedSteps
--- PASS: TestRolloutInitialSuccessIsSeparateFromLearnedSteps (0.00s)
=== RUN   TestRolloutScoresThePerTrialTargetCenterAndKeepsItOutOfPolicyInput
--- PASS: TestRolloutScoresThePerTrialTargetCenterAndKeepsItOutOfPolicyInput (0.00s)
=== RUN   TestRolloutCollisionUsesRealizedZeroForNextObservation
--- PASS: TestRolloutCollisionUsesRealizedZeroForNextObservation (0.00s)
=== RUN   TestRolloutClipsLongActionAndCountsZeroActionSeparately
--- PASS: TestRolloutClipsLongActionAndCountsZeroActionSeparately (0.00s)
=== RUN   TestRolloutModelAdvanceMatchesExistingPredictAllResidual
--- PASS: TestRolloutModelAdvanceMatchesExistingPredictAllResidual (0.00s)
=== RUN   TestRolloutResetsNeuralEveryTrainingChunkWithoutOptimizerUpdate
--- PASS: TestRolloutResetsNeuralEveryTrainingChunkWithoutOptimizerUpdate (0.10s)
=== RUN   TestRolloutTargetAndFutureTrajectoryCannotAffectModelAction
--- PASS: TestRolloutTargetAndFutureTrajectoryCannotAffectModelAction (0.00s)
=== RUN   TestRolloutTrialOrderAndStrategyIsolationAreDeterministic
--- PASS: TestRolloutTrialOrderAndStrategyIsolationAreDeterministic (0.01s)
=== RUN   TestRolloutRejectsInvalidLimitsContextAndTargetMetadata
--- PASS: TestRolloutRejectsInvalidLimitsContextAndTargetMetadata (0.00s)
=== RUN   TestRolloutCLIHelpAndArgumentErrors
--- PASS: TestRolloutCLIHelpAndArgumentErrors (0.00s)
=== RUN   TestRolloutExcludesTrialWithoutLegalPair
--- PASS: TestRolloutExcludesTrialWithoutLegalPair (0.00s)
=== RUN   TestRolloutReportsValidPairWhenHeldOutSampleHasNoThirdRow
--- PASS: TestRolloutReportsValidPairWhenHeldOutSampleHasNoThirdRow (0.00s)
=== RUN   TestRolloutProtocolHashRoundTrips
--- PASS: TestRolloutProtocolHashRoundTrips (0.00s)
PASS
ok  	github.com/TimLai666/coimnet/examples/realnav	2.787s
=== RUN   TestReturnTargetContractAndGzipReadSharesDatasetContract
--- PASS: TestReturnTargetContractAndGzipReadSharesDatasetContract (0.00s)
=== RUN   TestReadWithReturnTargetsRequiresBothTargetColumns
=== RUN   TestReadWithReturnTargetsRequiresBothTargetColumns/estimated_food_x_cm
=== RUN   TestReadWithReturnTargetsRequiresBothTargetColumns/estimated_food_y_cm
--- PASS: TestReadWithReturnTargetsRequiresBothTargetColumns (0.00s)
    --- PASS: TestReadWithReturnTargetsRequiresBothTargetColumns/estimated_food_x_cm (0.00s)
    --- PASS: TestReadWithReturnTargetsRequiresBothTargetColumns/estimated_food_y_cm (0.00s)
=== RUN   TestReadWithReturnTargetsRejectsInvalidAfterRelocationCenters
=== RUN   TestReadWithReturnTargetsRejectsInvalidAfterRelocationCenters/nan_x
=== RUN   TestReadWithReturnTargetsRejectsInvalidAfterRelocationCenters/positive_infinity_x
=== RUN   TestReadWithReturnTargetsRejectsInvalidAfterRelocationCenters/negative_infinity_y
=== RUN   TestReadWithReturnTargetsRejectsInvalidAfterRelocationCenters/empty_x
=== RUN   TestReadWithReturnTargetsRejectsInvalidAfterRelocationCenters/malformed_y
--- PASS: TestReadWithReturnTargetsRejectsInvalidAfterRelocationCenters (0.00s)
    --- PASS: TestReadWithReturnTargetsRejectsInvalidAfterRelocationCenters/nan_x (0.00s)
    --- PASS: TestReadWithReturnTargetsRejectsInvalidAfterRelocationCenters/positive_infinity_x (0.00s)
    --- PASS: TestReadWithReturnTargetsRejectsInvalidAfterRelocationCenters/negative_infinity_y (0.00s)
    --- PASS: TestReadWithReturnTargetsRejectsInvalidAfterRelocationCenters/empty_x (0.00s)
    --- PASS: TestReadWithReturnTargetsRejectsInvalidAfterRelocationCenters/malformed_y (0.00s)
=== RUN   TestReadWithReturnTargetsRejectsConflictingAfterRelocationCenters
--- PASS: TestReadWithReturnTargetsRejectsConflictingAfterRelocationCenters (0.00s)
=== RUN   TestReadWithReturnTargetsIgnoresNonAfterRelocationCentersAndMissingTargets
--- PASS: TestReadWithReturnTargetsIgnoresNonAfterRelocationCentersAndMissingTargets (0.00s)
=== RUN   TestReadWithReturnTargetsReturnsNoTargetForTrialsWithoutAfterRelocation
--- PASS: TestReadWithReturnTargetsReturnsNoTargetForTrialsWithoutAfterRelocation (0.00s)
=== RUN   TestReadWithReturnTargetsCancellationReturnsNoPartialResults
--- PASS: TestReadWithReturnTargetsCancellationReturnsNoPartialResults (0.00s)
=== RUN   TestReadWithReturnTargetsEarlyErrorsReturnNoPartialResults
=== RUN   TestReadWithReturnTargetsEarlyErrorsReturnNoPartialResults/nil_context
=== RUN   TestReadWithReturnTargetsEarlyErrorsReturnNoPartialResults/hash_mismatch
=== RUN   TestReadWithReturnTargetsEarlyErrorsReturnNoPartialResults/row_limit
--- PASS: TestReadWithReturnTargetsEarlyErrorsReturnNoPartialResults (0.00s)
    --- PASS: TestReadWithReturnTargetsEarlyErrorsReturnNoPartialResults/nil_context (0.00s)
    --- PASS: TestReadWithReturnTargetsEarlyErrorsReturnNoPartialResults/hash_mismatch (0.00s)
    --- PASS: TestReadWithReturnTargetsEarlyErrorsReturnNoPartialResults/row_limit (0.00s)
=== RUN   TestReturnTargetMetadataDoesNotEnterInput
--- PASS: TestReturnTargetMetadataDoesNotEnterInput (0.00s)
=== RUN   TestReadWithStimulusHistoryAlignsFlagsAndDatasetRows
--- PASS: TestReadWithStimulusHistoryAlignsFlagsAndDatasetRows (0.00s)
=== RUN   TestReadKeepsLegacyRowsWithUnknownLEDColumn
--- PASS: TestReadKeepsLegacyRowsWithUnknownLEDColumn (0.00s)
=== RUN   TestReadWithStimulusHistoryRejectsInvalidLEDAndCondition
=== RUN   TestReadWithStimulusHistoryRejectsInvalidLEDAndCondition/missing_LED
=== RUN   TestReadWithStimulusHistoryRejectsInvalidLEDAndCondition/empty_LED
=== RUN   TestReadWithStimulusHistoryRejectsInvalidLEDAndCondition/NaN_LED
=== RUN   TestReadWithStimulusHistoryRejectsInvalidLEDAndCondition/infinite_LED
=== RUN   TestReadWithStimulusHistoryRejectsInvalidLEDAndCondition/negative_LED
=== RUN   TestReadWithStimulusHistoryRejectsInvalidLEDAndCondition/unknown_condition
=== RUN   TestReadWithStimulusHistoryRejectsInvalidLEDAndCondition/condition_conflict
--- PASS: TestReadWithStimulusHistoryRejectsInvalidLEDAndCondition (0.00s)
    --- PASS: TestReadWithStimulusHistoryRejectsInvalidLEDAndCondition/missing_LED (0.00s)
    --- PASS: TestReadWithStimulusHistoryRejectsInvalidLEDAndCondition/empty_LED (0.00s)
    --- PASS: TestReadWithStimulusHistoryRejectsInvalidLEDAndCondition/NaN_LED (0.00s)
    --- PASS: TestReadWithStimulusHistoryRejectsInvalidLEDAndCondition/infinite_LED (0.00s)
    --- PASS: TestReadWithStimulusHistoryRejectsInvalidLEDAndCondition/negative_LED (0.00s)
    --- PASS: TestReadWithStimulusHistoryRejectsInvalidLEDAndCondition/unknown_condition (0.00s)
    --- PASS: TestReadWithStimulusHistoryRejectsInvalidLEDAndCondition/condition_conflict (0.00s)
=== RUN   TestReadWithStimulusHistoryInheritsOrderingFingerprintCancellationAndCapacityChecks
=== RUN   TestReadWithStimulusHistoryInheritsOrderingFingerprintCancellationAndCapacityChecks/time_rollback
=== RUN   TestReadWithStimulusHistoryInheritsOrderingFingerprintCancellationAndCapacityChecks/duplicate_time
=== RUN   TestReadWithStimulusHistoryInheritsOrderingFingerprintCancellationAndCapacityChecks/fingerprint_mismatch
=== RUN   TestReadWithStimulusHistoryInheritsOrderingFingerprintCancellationAndCapacityChecks/canceled
=== RUN   TestReadWithStimulusHistoryInheritsOrderingFingerprintCancellationAndCapacityChecks/row_capacity
--- PASS: TestReadWithStimulusHistoryInheritsOrderingFingerprintCancellationAndCapacityChecks (0.00s)
    --- PASS: TestReadWithStimulusHistoryInheritsOrderingFingerprintCancellationAndCapacityChecks/time_rollback (0.00s)
    --- PASS: TestReadWithStimulusHistoryInheritsOrderingFingerprintCancellationAndCapacityChecks/duplicate_time (0.00s)
    --- PASS: TestReadWithStimulusHistoryInheritsOrderingFingerprintCancellationAndCapacityChecks/fingerprint_mismatch (0.00s)
    --- PASS: TestReadWithStimulusHistoryInheritsOrderingFingerprintCancellationAndCapacityChecks/canceled (0.00s)
    --- PASS: TestReadWithStimulusHistoryInheritsOrderingFingerprintCancellationAndCapacityChecks/row_capacity (0.00s)
=== RUN   TestReadGzipVerifiesSourceAndPreservesOnlyTrajectoryColumns
--- PASS: TestReadGzipVerifiesSourceAndPreservesOnlyTrajectoryColumns (0.00s)
=== RUN   TestReadRejectsInvalidSourceAndRows
=== RUN   TestReadRejectsInvalidSourceAndRows/sha_mismatch
=== RUN   TestReadRejectsInvalidSourceAndRows/license_missing
=== RUN   TestReadRejectsInvalidSourceAndRows/non_finite
=== RUN   TestReadRejectsInvalidSourceAndRows/duplicate_time
=== RUN   TestReadRejectsInvalidSourceAndRows/malformed_float
--- PASS: TestReadRejectsInvalidSourceAndRows (0.01s)
    --- PASS: TestReadRejectsInvalidSourceAndRows/sha_mismatch (0.00s)
    --- PASS: TestReadRejectsInvalidSourceAndRows/license_missing (0.00s)
    --- PASS: TestReadRejectsInvalidSourceAndRows/non_finite (0.00s)
    --- PASS: TestReadRejectsInvalidSourceAndRows/duplicate_time (0.00s)
    --- PASS: TestReadRejectsInvalidSourceAndRows/malformed_float (0.00s)
=== RUN   TestReadRejectsSizeAndDuplicateHeaderLimits
--- PASS: TestReadRejectsSizeAndDuplicateHeaderLimits (0.00s)
=== RUN   TestReadRejectsUnorderedOrInterleavedSourceRows
=== RUN   TestReadRejectsUnorderedOrInterleavedSourceRows/time_out_of_order
=== RUN   TestReadRejectsUnorderedOrInterleavedSourceRows/trial_interleaved
--- PASS: TestReadRejectsUnorderedOrInterleavedSourceRows (0.00s)
    --- PASS: TestReadRejectsUnorderedOrInterleavedSourceRows/time_out_of_order (0.00s)
    --- PASS: TestReadRejectsUnorderedOrInterleavedSourceRows/trial_interleaved (0.00s)
=== RUN   TestSplitByTrialIsDeterministicAndLeakFree
--- PASS: TestSplitByTrialIsDeterministicAndLeakFree (0.00s)
=== RUN   TestBuildSamplesUsesOnlyCausalHistoryAndHandCalculatedTarget
--- PASS: TestBuildSamplesUsesOnlyCausalHistoryAndHandCalculatedTarget (0.00s)
=== RUN   TestBuildSamplesSkipsGapsRelocationsAndCrossTrialWindows
--- PASS: TestBuildSamplesSkipsGapsRelocationsAndCrossTrialWindows (0.00s)
=== RUN   TestBuildSamplesSkipsExplicitRelocationSegment
--- PASS: TestBuildSamplesSkipsExplicitRelocationSegment (0.00s)
=== RUN   TestBuildSamplesRejectsInvalidConfigAndDataset
--- PASS: TestBuildSamplesRejectsInvalidConfigAndDataset (0.00s)
=== RUN   TestSampleInputHasNoForbiddenMetadataFields
--- PASS: TestSampleInputHasNoForbiddenMetadataFields (0.00s)
=== RUN   TestTrialIDsAreStableAndSortedForInspection
--- PASS: TestTrialIDsAreStableAndSortedForInspection (0.00s)
=== RUN   TestSplitByTrialKeepsAllSegmentsOfOneFlyTogether
--- PASS: TestSplitByTrialKeepsAllSegmentsOfOneFlyTogether (0.00s)
=== RUN   TestReadTitovaSourceWhenConfigured
    trajectory_test.go:409: set COIMNET_TSK11_TRAJECTORY to run the Git-out real-data check
--- SKIP: TestReadTitovaSourceWhenConfigured (0.00s)
PASS
ok  	github.com/TimLai666/coimnet/tasks/nav2d/trajectory	1.295s
