=== RUN   TestContinualOwnershipCallerMutationDoesNotRewriteReport
=== RUN   TestContinualOwnershipCallerMutationDoesNotRewriteReport/tasks-element
    continual_ownership_test.go:114: report JSON changed after mutating the caller
=== RUN   TestContinualOwnershipCallerMutationDoesNotRewriteReport/task-params-value
    continual_ownership_test.go:114: report JSON changed after mutating the caller
=== RUN   TestContinualOwnershipCallerMutationDoesNotRewriteReport/task-params-map-insert
    continual_ownership_test.go:114: report JSON changed after mutating the caller
=== RUN   TestContinualOwnershipCallerMutationDoesNotRewriteReport/task-params-map-delete
    continual_ownership_test.go:114: report JSON changed after mutating the caller
=== RUN   TestContinualOwnershipCallerMutationDoesNotRewriteReport/stages-element
    continual_ownership_test.go:114: report JSON changed after mutating the caller
=== RUN   TestContinualOwnershipCallerMutationDoesNotRewriteReport/seeds-element
    continual_ownership_test.go:114: report JSON changed after mutating the caller
=== RUN   TestContinualOwnershipCallerMutationDoesNotRewriteReport/comparison-field
    continual_ownership_test.go:114: report JSON changed after mutating the caller
=== RUN   TestContinualOwnershipCallerMutationDoesNotRewriteReport/state-switch-value
    continual_ownership_test.go:114: report JSON changed after mutating the caller
=== RUN   TestContinualOwnershipCallerMutationDoesNotRewriteReport/state-switch-outer
    continual_ownership_test.go:114: report JSON changed after mutating the caller
=== RUN   TestContinualOwnershipCallerMutationDoesNotRewriteReport/state-switch-inner
    continual_ownership_test.go:114: report JSON changed after mutating the caller
--- FAIL: TestContinualOwnershipCallerMutationDoesNotRewriteReport (0.02s)
    --- FAIL: TestContinualOwnershipCallerMutationDoesNotRewriteReport/tasks-element (0.00s)
    --- FAIL: TestContinualOwnershipCallerMutationDoesNotRewriteReport/task-params-value (0.00s)
    --- FAIL: TestContinualOwnershipCallerMutationDoesNotRewriteReport/task-params-map-insert (0.00s)
    --- FAIL: TestContinualOwnershipCallerMutationDoesNotRewriteReport/task-params-map-delete (0.00s)
    --- FAIL: TestContinualOwnershipCallerMutationDoesNotRewriteReport/stages-element (0.00s)
    --- FAIL: TestContinualOwnershipCallerMutationDoesNotRewriteReport/seeds-element (0.00s)
    --- FAIL: TestContinualOwnershipCallerMutationDoesNotRewriteReport/comparison-field (0.00s)
    --- FAIL: TestContinualOwnershipCallerMutationDoesNotRewriteReport/state-switch-value (0.00s)
    --- FAIL: TestContinualOwnershipCallerMutationDoesNotRewriteReport/state-switch-outer (0.00s)
    --- FAIL: TestContinualOwnershipCallerMutationDoesNotRewriteReport/state-switch-inner (0.00s)
=== RUN   TestContinualOwnershipReportMutationDoesNotRewriteCallerOrSecondReport
=== RUN   TestContinualOwnershipReportMutationDoesNotRewriteCallerOrSecondReport/tasks-element
    continual_ownership_test.go:152: caller changed after mutating report
=== RUN   TestContinualOwnershipReportMutationDoesNotRewriteCallerOrSecondReport/task-params-value
    continual_ownership_test.go:152: caller changed after mutating report
=== RUN   TestContinualOwnershipReportMutationDoesNotRewriteCallerOrSecondReport/task-params-map-insert-delete
    continual_ownership_test.go:152: caller changed after mutating report
=== RUN   TestContinualOwnershipReportMutationDoesNotRewriteCallerOrSecondReport/stages-element
    continual_ownership_test.go:152: caller changed after mutating report
=== RUN   TestContinualOwnershipReportMutationDoesNotRewriteCallerOrSecondReport/seeds-element
    continual_ownership_test.go:152: caller changed after mutating report
=== RUN   TestContinualOwnershipReportMutationDoesNotRewriteCallerOrSecondReport/comparison-field
    continual_ownership_test.go:152: caller changed after mutating report
=== RUN   TestContinualOwnershipReportMutationDoesNotRewriteCallerOrSecondReport/state-switch-value
    continual_ownership_test.go:152: caller changed after mutating report
=== RUN   TestContinualOwnershipReportMutationDoesNotRewriteCallerOrSecondReport/state-switch-outer
    continual_ownership_test.go:152: caller changed after mutating report
=== RUN   TestContinualOwnershipReportMutationDoesNotRewriteCallerOrSecondReport/state-switch-inner
    continual_ownership_test.go:152: caller changed after mutating report
--- FAIL: TestContinualOwnershipReportMutationDoesNotRewriteCallerOrSecondReport (0.02s)
    --- FAIL: TestContinualOwnershipReportMutationDoesNotRewriteCallerOrSecondReport/tasks-element (0.00s)
    --- FAIL: TestContinualOwnershipReportMutationDoesNotRewriteCallerOrSecondReport/task-params-value (0.00s)
    --- FAIL: TestContinualOwnershipReportMutationDoesNotRewriteCallerOrSecondReport/task-params-map-insert-delete (0.00s)
    --- FAIL: TestContinualOwnershipReportMutationDoesNotRewriteCallerOrSecondReport/stages-element (0.00s)
    --- FAIL: TestContinualOwnershipReportMutationDoesNotRewriteCallerOrSecondReport/seeds-element (0.00s)
    --- FAIL: TestContinualOwnershipReportMutationDoesNotRewriteCallerOrSecondReport/comparison-field (0.00s)
    --- FAIL: TestContinualOwnershipReportMutationDoesNotRewriteCallerOrSecondReport/state-switch-value (0.00s)
    --- FAIL: TestContinualOwnershipReportMutationDoesNotRewriteCallerOrSecondReport/state-switch-outer (0.00s)
    --- FAIL: TestContinualOwnershipReportMutationDoesNotRewriteCallerOrSecondReport/state-switch-inner (0.00s)
=== RUN   TestContinualOwnershipReportAppendDoesNotUseCallerCapacity
=== RUN   TestContinualOwnershipReportAppendDoesNotUseCallerCapacity/tasks
    continual_ownership_test.go:245: caller task spare slot = {Name:report-only Generator: Params:map[]}, want zero
=== RUN   TestContinualOwnershipReportAppendDoesNotUseCallerCapacity/stages
    continual_ownership_test.go:245: caller stage spare slot = {Kind:train_task Task:A Budget:9}, want zero
=== RUN   TestContinualOwnershipReportAppendDoesNotUseCallerCapacity/seeds
    continual_ownership_test.go:245: caller seed spare slot = 999, want zero
=== RUN   TestContinualOwnershipReportAppendDoesNotUseCallerCapacity/state-switch-outer
    continual_ownership_test.go:240: caller JSON changed after report append
=== RUN   TestContinualOwnershipReportAppendDoesNotUseCallerCapacity/state-switch-inner
    continual_ownership_test.go:240: caller JSON changed after report append
--- FAIL: TestContinualOwnershipReportAppendDoesNotUseCallerCapacity (0.01s)
    --- FAIL: TestContinualOwnershipReportAppendDoesNotUseCallerCapacity/tasks (0.00s)
    --- FAIL: TestContinualOwnershipReportAppendDoesNotUseCallerCapacity/stages (0.00s)
    --- FAIL: TestContinualOwnershipReportAppendDoesNotUseCallerCapacity/seeds (0.00s)
    --- FAIL: TestContinualOwnershipReportAppendDoesNotUseCallerCapacity/state-switch-outer (0.00s)
    --- FAIL: TestContinualOwnershipReportAppendDoesNotUseCallerCapacity/state-switch-inner (0.00s)
=== RUN   TestContinualOwnershipBuilderUsesSnapshotBeforeCallback
    continual_ownership_test.go:271: RunContinualMatrix with builder mutation: comparison: task "A" has no independent score for seed 7
--- FAIL: TestContinualOwnershipBuilderUsesSnapshotBeforeCallback (0.00s)
=== RUN   TestContinualOwnershipNilOptionalFieldsStayNil
=== RUN   TestContinualOwnershipNilOptionalFieldsStayNil/nil-both
=== RUN   TestContinualOwnershipNilOptionalFieldsStayNil/nil-comparison
=== RUN   TestContinualOwnershipNilOptionalFieldsStayNil/nil-state-switch
--- PASS: TestContinualOwnershipNilOptionalFieldsStayNil (0.00s)
    --- PASS: TestContinualOwnershipNilOptionalFieldsStayNil/nil-both (0.00s)
    --- PASS: TestContinualOwnershipNilOptionalFieldsStayNil/nil-comparison (0.00s)
    --- PASS: TestContinualOwnershipNilOptionalFieldsStayNil/nil-state-switch (0.00s)
=== RUN   TestContinualOwnershipPreservesNilAndEmptyStateSwitchRows
--- PASS: TestContinualOwnershipPreservesNilAndEmptyStateSwitchRows (0.00s)
=== RUN   TestContinualOwnershipBuilderFailureKeepsErrorAndReportIsolation
    continual_ownership_test.go:401: report JSON changed after mutating the caller
--- FAIL: TestContinualOwnershipBuilderFailureKeepsErrorAndReportIsolation (0.00s)
=== RUN   TestContinualOwnershipCancellationKeepsErrorAndPartialReportIsolation
    continual_ownership_test.go:434: report JSON changed after mutating the caller
--- FAIL: TestContinualOwnershipCancellationKeepsErrorAndPartialReportIsolation (0.00s)
FAIL
FAIL	github.com/TimLai666/coimnet/experiment	0.490s
FAIL
