{
  "retained_files_verified_after_all_cleanup": 479,
  "retained_bytes": 36155856373,
  "removed_regular_files": 9151,
  "removed_bytes": 714124927,
  "source_copy_symlinks_unlinked_without_following": 2,
  "ignored_paths_verified": [
    "data/TSK-11",
    "data/malecns-v1.0",
    "runs/TSK-11",
    "runs/OPS-07",
    "runs/OPS-10",
    "runs/.tools/TSK-11"
  ],
  "absent_paths_verified": [
    "/Users/timlai/Developer/coimnet/runs/.tmp",
    "/Users/timlai/Developer/coimnet/runs/OPS-10/work/src",
    "/Users/timlai/Developer/coimnet/runs/OPS-10/attempt1-bcc0053-work/src",
    "/Users/timlai/Developer/coimnet-data",
    "/Users/timlai/Developer/coimnet-runs",
    "/private/tmp/coimnet-continual-ownership-test.log",
    "/private/tmp/coimnet-ownership-opencode-20261009",
    "/private/tmp/coimnet-ownership-valid-20261009.go",
    "/private/tmp/coimnet-related-ownership-20261009.go",
    "/private/tmp/coimnet-gocache-bio-finite-20261010"
  ],
  "result": "passed"
}
