=== RUN   TestLocalRunsAcceptsNewProjectAndExternalOutputs
    local_runs_test.go:55: new output under repository runs was rejected: realnav: output directory must be outside the repository
--- FAIL: TestLocalRunsAcceptsNewProjectAndExternalOutputs (0.00s)
=== RUN   TestLocalRunsRejectsRepositoryBoundariesWithoutCreatingOutput
=== RUN   TestLocalRunsRejectsRepositoryBoundariesWithoutCreatingOutput/tracked_repository_path
=== RUN   TestLocalRunsRejectsRepositoryBoundariesWithoutCreatingOutput/repository_root
=== RUN   TestLocalRunsRejectsRepositoryBoundariesWithoutCreatingOutput/runs_root
=== RUN   TestLocalRunsRejectsRepositoryBoundariesWithoutCreatingOutput/runs_prefix_sibling
--- PASS: TestLocalRunsRejectsRepositoryBoundariesWithoutCreatingOutput (0.00s)
    --- PASS: TestLocalRunsRejectsRepositoryBoundariesWithoutCreatingOutput/tracked_repository_path (0.00s)
    --- PASS: TestLocalRunsRejectsRepositoryBoundariesWithoutCreatingOutput/repository_root (0.00s)
    --- PASS: TestLocalRunsRejectsRepositoryBoundariesWithoutCreatingOutput/runs_root (0.00s)
    --- PASS: TestLocalRunsRejectsRepositoryBoundariesWithoutCreatingOutput/runs_prefix_sibling (0.00s)
=== RUN   TestLocalRunsRejectsResolvedTrackedAndSourceOverlaps
--- PASS: TestLocalRunsRejectsResolvedTrackedAndSourceOverlaps (0.00s)
=== RUN   TestLocalRunsRejectsExistingOutputsWithoutMutation
=== RUN   TestLocalRunsRejectsExistingOutputsWithoutMutation/file
=== RUN   TestLocalRunsRejectsExistingOutputsWithoutMutation/directory
=== RUN   TestLocalRunsRejectsExistingOutputsWithoutMutation/symlink
--- PASS: TestLocalRunsRejectsExistingOutputsWithoutMutation (0.00s)
    --- PASS: TestLocalRunsRejectsExistingOutputsWithoutMutation/file (0.00s)
    --- PASS: TestLocalRunsRejectsExistingOutputsWithoutMutation/directory (0.00s)
    --- PASS: TestLocalRunsRejectsExistingOutputsWithoutMutation/symlink (0.00s)
FAIL
FAIL	github.com/TimLai666/coimnet/examples/realnav	0.150s
FAIL
