2026/09/15 04:47:10 [insyra - Info] Welcome to Insyra Huashan(v0.3.2)!!
Official website: https://insyra.hazelnut-paradise.com

      207.31 real       186.56 user        14.76 sys
          3870539776  maximum resident set size
                   0  average shared memory size
                   0  average unshared data size
                   0  average unshared stack size
             2562341  page reclaims
                 100  page faults
                   0  swaps
                   0  block input operations
                   0  block output operations
                   0  messages sent
                   0  messages received
                7577  signals received
               10349  voluntary context switches
              205221  involuntary context switches
       1956211508817  instructions retired
        749606744870  cycles elapsed
          6473929912  peak memory footprint
exit=0
