2026/09/13 17:43:46 [insyra - Info] Welcome to Insyra Huashan(v0.3.2)!!
Official website: https://insyra.hazelnut-paradise.com

        2.23 real         2.68 user         0.53 sys
            80674816  maximum resident set size
                   0  average shared memory size
                   0  average unshared data size
                   0  average unshared stack size
                5234  page reclaims
                   6  page faults
                   0  swaps
                   0  block input operations
                   0  block output operations
                   0  messages sent
                   0  messages received
               10066  signals received
                 809  voluntary context switches
               85959  involuntary context switches
         29217386950  instructions retired
         10910148423  cycles elapsed
            70189752  peak memory footprint
