2026/09/13 17:43:44 [insyra - Info] Welcome to Insyra Huashan(v0.3.2)!!
Official website: https://insyra.hazelnut-paradise.com

        2.05 real         2.62 user         0.55 sys
            39845888  maximum resident set size
                   0  average shared memory size
                   0  average unshared data size
                   0  average unshared stack size
                2692  page reclaims
                  60  page faults
                   0  swaps
                   0  block input operations
                   0  block output operations
                   0  messages sent
                   0  messages received
               10358  signals received
                 889  voluntary context switches
               87780  involuntary context switches
         29636897489  instructions retired
         10897675154  cycles elapsed
            29278880  peak memory footprint
