2026/09/13 17:43:48 [insyra - Info] Welcome to Insyra Huashan(v0.3.2)!!
Official website: https://insyra.hazelnut-paradise.com

        2.02 real         2.72 user         0.57 sys
            44367872  maximum resident set size
                   0  average shared memory size
                   0  average unshared data size
                   0  average unshared stack size
                3021  page reclaims
                   1  page faults
                   0  swaps
                   0  block input operations
                   0  block output operations
                   0  messages sent
                   0  messages received
               10107  signals received
                 793  voluntary context switches
               90221  involuntary context switches
         29361369543  instructions retired
         11142827116  cycles elapsed
            33915552  peak memory footprint
