2026/09/13 17:43:44 [insyra - Info] Welcome to Insyra Huashan(v0.3.2)!!
Official website: https://insyra.hazelnut-paradise.com

        0.10 real         0.05 user         0.01 sys
            23691264  maximum resident set size
                   0  average shared memory size
                   0  average unshared data size
                   0  average unshared stack size
                1286  page reclaims
                 483  page faults
                   0  swaps
                   0  block input operations
                   0  block output operations
                   0  messages sent
                   0  messages received
                  98  signals received
                  26  voluntary context switches
                5915  involuntary context switches
           539901523  instructions retired
           270500605  cycles elapsed
            13828744  peak memory footprint
