2026/09/13 17:43:44 [insyra - Info] Welcome to Insyra Huashan(v0.3.2)!!
Official website: https://insyra.hazelnut-paradise.com

        0.04 real         0.04 user         0.00 sys
            23658496  maximum resident set size
                   0  average shared memory size
                   0  average unshared data size
                   0  average unshared stack size
                1761  page reclaims
                   0  page faults
                   0  swaps
                   0  block input operations
                   0  block output operations
                   0  messages sent
                   0  messages received
                  96  signals received
                  15  voluntary context switches
                 718  involuntary context switches
           410384846  instructions retired
           179108634  cycles elapsed
            13812384  peak memory footprint
