2026/09/13 17:43:44 [insyra - Info] Welcome to Insyra Huashan(v0.3.2)!!
Official website: https://insyra.hazelnut-paradise.com

        0.04 real         0.04 user         0.00 sys
            24035328  maximum resident set size
                   0  average shared memory size
                   0  average unshared data size
                   0  average unshared stack size
                1780  page reclaims
                   0  page faults
                   0  swaps
                   0  block input operations
                   0  block output operations
                   0  messages sent
                   0  messages received
                 118  signals received
                  18  voluntary context switches
                 710  involuntary context switches
           413587650  instructions retired
           180492681  cycles elapsed
            14189216  peak memory footprint
